Archive member included because of file (symbol)

c:/program files (x86)/microchip/xc32/v2.30/bin/bin/../../lib/gcc/pic32mx/4.8.3/../../../../pic32mx/lib\libmchp_peripheral.a(read_core_timer_lib.o)
                              output\NVMem.o (ReadCoreTimer)
c:/program files (x86)/microchip/xc32/v2.30/bin/bin/../../lib/gcc/pic32mx/4.8.3/../../../../pic32mx/lib\libmchp_peripheral.a(write_core_timer_lib.o)
                              output\NVMem.o (WriteCoreTimer)
c:/program files (x86)/microchip/xc32/v2.30/bin/bin/../../lib/gcc/pic32mx/4.8.3/../../../../pic32mx/lib\libmchp_peripheral_32MX440F256H.a(soft_reset_lib.o)
                              output\BootLoader.o (SoftReset)
c:/program files (x86)/microchip/xc32/v2.30/bin/bin/../../lib/gcc/pic32mx/4.8.3/../../../../pic32mx/lib\libmchp_peripheral_32MX440F256H.a(pcache.o)
                              output\BootLoader.o (CheKseg0CacheOn)
c:/program files (x86)/microchip/xc32/v2.30/bin/bin/../../lib/gcc/pic32mx/4.8.3/../../../../pic32mx/lib\libmchp_peripheral_32MX440F256H.a(int_disable_interrupts_lib.o)
                              output\BootLoader.o (INTDisableInterrupts)
c:/program files (x86)/microchip/xc32/v2.30/bin/bin/../../lib/gcc/pic32mx/4.8.3/../../../../pic32mx/lib\libmchp_peripheral_32MX440F256H.a(int_restore_interrupts_lib.o)
                              output\BootLoader.o (INTRestoreInterrupts)
c:/program files (x86)/microchip/xc32/v2.30/bin/bin/../../lib/gcc/pic32mx/4.8.3/../../../../pic32mx/lib\libmchp_peripheral_32MX440F256H.a(int_enable_mv_int_lib.o)
                              output\EthernetTasks.o (INTEnableSystemMultiVectoredInt)
c:/program files (x86)/microchip/xc32/v2.30/bin/bin/../../lib/gcc/pic32mx/4.8.3/../../../../pic32mx/lib\libmchp_peripheral_32MX440F256H.a(int_enable_interrupts_lib.o)
                              c:/program files (x86)/microchip/xc32/v2.30/bin/bin/../../lib/gcc/pic32mx/4.8.3/../../../../pic32mx/lib\libmchp_peripheral_32MX440F256H.a(int_enable_mv_int_lib.o) (INTEnableInterrupts)
c:/program files (x86)/microchip/xc32/v2.30/bin/bin/../../lib/gcc/pic32mx/4.8.3\libgcc.a(_udivdi3.o)
                              output\tick.o (__udivdi3)
c:/program files (x86)/microchip/xc32/v2.30/bin/bin/../../lib/gcc/pic32mx/4.8.3\libgcc.a(_umoddi3.o)
                              output\dhcp_client.o (__umoddi3)
c:/program files (x86)/microchip/xc32/v2.30/bin/bin/../../lib/gcc/pic32mx/4.8.3/../../../../pic32mx/lib\libpic32.a(memcmp.o)
                              output\stack_task.o (memcmp)
c:/program files (x86)/microchip/xc32/v2.30/bin/bin/../../lib/gcc/pic32mx/4.8.3/../../../../pic32mx/lib\libpic32.a(memcpy.o)
                              output\rtc.o (memcpy)
c:/program files (x86)/microchip/xc32/v2.30/bin/bin/../../lib/gcc/pic32mx/4.8.3/../../../../pic32mx/lib\libpic32.a(memset.o)
                              output\EthernetTasks.o (memset)
c:/program files (x86)/microchip/xc32/v2.30/bin/bin/../../lib/gcc/pic32mx/4.8.3/../../../../pic32mx/lib\libpic32.a(strlen.o)
                              output\udp.o (strlen)
c:/program files (x86)/microchip/xc32/v2.30/bin/bin/../../lib/gcc/pic32mx/4.8.3/../../../../pic32mx/lib\libpic32.a(default-bootstrap-exception-handler.o)
                              C:\Users\kyrk\AppData\Local\Temp\ccWveslx.o (_bootstrap_exception_handler)
c:/program files (x86)/microchip/xc32/v2.30/bin/bin/../../lib/gcc/pic32mx/4.8.3/../../../../pic32mx/lib\libpic32.a(default-on-reset.o)
                              C:\Users\kyrk\AppData\Local\Temp\ccWveslx.o (_on_reset)
c:/program files (x86)/microchip/xc32/v2.30/bin/bin/../../lib/gcc/pic32mx/4.8.3/../../../../pic32mx/lib\libpic32.a(default-on-bootstrap.o)
                              C:\Users\kyrk\AppData\Local\Temp\ccWveslx.o (_on_bootstrap)
c:/program files (x86)/microchip/xc32/v2.30/bin/bin/../../lib/gcc/pic32mx/4.8.3/../../../../pic32mx/lib\libpic32.a(default-nmi-handler.o)
                              C:\Users\kyrk\AppData\Local\Temp\ccWveslx.o (_nmi_handler)
c:/program files (x86)/microchip/xc32/v2.30/bin/bin/../../lib/gcc/pic32mx/4.8.3/../../../../pic32mx/lib\libpic32.a(pic32_data_init.o)
                              C:\Users\kyrk\AppData\Local\Temp\ccWveslx.o (__pic32_data_init)
c:/program files (x86)/microchip/xc32/v2.30/bin/bin/../../lib/gcc/pic32mx/4.8.3/../../../../pic32mx/lib\libpic32.a(general-exception.o)
                              C:\Users\kyrk\AppData\Local\Temp\ccWveslx.o (_general_exception_context)
c:/program files (x86)/microchip/xc32/v2.30/bin/bin/../../lib/gcc/pic32mx/4.8.3/../../../../pic32mx/lib\libpic32.a(vector0.o)
                              C:\Users\kyrk\AppData\Local\Temp\cciI4nta.o (__vector_dispatch_0)
c:/program files (x86)/microchip/xc32/v2.30/bin/bin/../../lib/gcc/pic32mx/4.8.3/../../../../pic32mx/lib\libpic32.a(vector1.o)
                              C:\Users\kyrk\AppData\Local\Temp\cciI4nta.o (__vector_dispatch_1)
[...]
Memory Configuration

Name             Origin             Length             Attributes
kseg0_program_mem 0x9d011490         0x0002eb70         xr
kseg0_boot_mem   0x9d010000         0x00000000
exception_mem    0x9d010000         0x00001000
kseg1_boot_mem   0x9d011000         0x00000490
debug_exec_mem   0xbfc02000         0x00000ff0
config3          0xbfc02ff0         0x00000004
config2          0xbfc02ff4         0x00000004
config1          0xbfc02ff8         0x00000004
config0          0xbfc02ffc         0x00000004
kseg1_shared_mem 0xa0000000         0x00001000         w !x
kseg1_data_mem   0xa0001000         0x00007000         w !x
sfrs             0xbf800000         0x00100000
configsfrs       0xbfc02ff0         0x00000010
*default*        0x00000000         0xffffffff

Linker script and memory map

LOAD c:/program files (x86)/microchip/xc32/v2.30/bin/bin/../../lib/gcc/pic32mx/4.8.3/../../../../pic32mx/lib\debug-exception-return.o
LOAD output\daylight.o
LOAD output\rtc.o
LOAD output\rtcconverter.o
LOAD output\udp.o
LOAD output\tick.o
LOAD output\stack_task.o
LOAD output\rsa.o
LOAD output\nbns.o
LOAD output\ip.o
LOAD output\icmp.o
LOAD output\helpers.o
LOAD output\hashes.o
LOAD output\Framework.o
LOAD output\EthernetTasks.o
LOAD output\drv_wifi_spi.o
LOAD output\drv_wifi_pbkdf2.o
LOAD output\drv_wifi_init.o
LOAD output\drv_wifi_event_handler.o
LOAD output\drv_wifi_param_msg.o
LOAD output\drv_wifi_eint.o
LOAD output\drv_wifi_mgmt_msg.o
LOAD output\drv_wifi_debug_strings.o
LOAD output\dhcp_client.o
LOAD output\drv_wifi_connection_manager.o
LOAD output\drv_wifi_raw.o
LOAD output\drv_wifi_connection_algorithm.o
LOAD output\drv_wifi_config.o
LOAD output\drv_wifi_connection_profile.o
LOAD output\drv_wifi_mac.o
LOAD output\BootLoader.o
LOAD output\dns_client.o
LOAD output\big_int_helper_pic32.o
LOAD output\big_int.o
LOAD output\arp.o
LOAD output\announce.o
LOAD output\drv_wifi_com.o
LOAD output\arc4.o
LOAD output\drv_wifi_power_save.o
LOAD output\NVMem.o
LOAD output\Delay.o
                0x00000400                PROVIDE (_min_stack_size, 0x400)
LOAD c:/program files (x86)/microchip/xc32/v2.30/bin/bin/../../lib/gcc/pic32mx/4.8.3/../../../../pic32mx/lib/./proc/32MX440F256H\processor.o
START GROUP
LOAD c:/program files (x86)/microchip/xc32/v2.30/bin/bin/../../lib/gcc/pic32mx/4.8.3/../../../../pic32mx/lib\libmchp_peripheral.a
END GROUP
START GROUP
LOAD c:/program files (x86)/microchip/xc32/v2.30/bin/bin/../../lib/gcc/pic32mx/4.8.3/../../../../pic32mx/lib\libmchp_peripheral_32MX440F256H.a
END GROUP
                0x00000001                PROVIDE (_vector_spacing, 0x1)
                0x9d010000                _ebase_address = 0x9d010000
                0x9d011000                _RESET_ADDR = 0x9d011000
                0x9d011380                _BEV_EXCPT_ADDR = 0x9d011380
                0x9d011480                _DBG_EXCPT_ADDR = 0x9d011480
                0xbfc02000                _DBG_CODE_ADDR = 0xbfc02000
                0x00000ff0                _DBG_CODE_SIZE = 0xff0
                0x9d010180                _GEN_EXCPT_ADDR = (_ebase_address + 0x180)

.config_BFC02FF0
 *(.config_BFC02FF0)

.config_BFC02FF4
 *(.config_BFC02FF4)

.config_BFC02FF8
 *(.config_BFC02FF8)

.config_BFC02FFC
 *(.config_BFC02FFC)
                0xbfc02000                PROVIDE (_DBG_CODE_ADDR, 0xbfc02000)
                0x00000ff0                PROVIDE (_DBG_CODE_SIZE, 0xff0)

.reset          0x9d011000      0x19c
 *(.reset)
 .reset         0x9d011000        0x8 C:\Users\kyrk\AppData\Local\Temp\ccWveslx.o
                0x9d011000                _reset
 *(.reset.startup)
 .reset.startup
                0x9d011008      0x194 C:\Users\kyrk\AppData\Local\Temp\ccWveslx.o
                0x9d011008                _startup

.bev_excpt      0x9d011380       0x10
 *(.bev_handler)
 .bev_handler   0x9d011380       0x10 C:\Users\kyrk\AppData\Local\Temp\ccWveslx.o

.dbg_excpt      0x9d011480        0x0
                0x9d011480                . = (. + DEFINED (_DEBUGGER)?0x8:0x0)

.dbg_code       0xbfc02000        0x0
                0xbfc02000                . = (. + DEFINED (_DEBUGGER)?_DBG_CODE_SIZE:0x0)

.app_excpt      0x9d010180       0x10
 *(.gen_handler)
 .gen_handler   0x9d010180       0x10 C:\Users\kyrk\AppData\Local\Temp\ccWveslx.o

.vector_0       0x9d010200        0x8
 *(.vector_0)
 .vector_0      0x9d010200        0x8 c:/program files (x86)/microchip/xc32/v2.30/bin/bin/../../lib/gcc/pic32mx/4.8.3/../../../../pic32mx/lib\libpic32.a(vector0.o)
                0x9d010200                __vector_dispatch_0
                0x00000001                ASSERT (((_vector_spacing == 0x0) || (SIZEOF (.vector_0) <= (_vector_spacing << 0x5))), function at exception vector 0 too large)

.vector_1       0x9d010220        0x8
 *(.vector_1)
 .vector_1      0x9d010220        0x8 c:/program files (x86)/microchip/xc32/v2.30/bin/bin/../../lib/gcc/pic32mx/4.8.3/../../../../pic32mx/lib\libpic32.a(vector1.o)
                0x9d010220                __vector_dispatch_1
                0x00000001                ASSERT (((_vector_spacing == 0x0) || (SIZEOF (.vector_1) <= (_vector_spacing << 0x5))), function at exception vector 1 too large)

.vector_2       0x9d010240        0x8
 *(.vector_2)
 .vector_2      0x9d010240        0x8 c:/program files (x86)/microchip/xc32/v2.30/bin/bin/../../lib/gcc/pic32mx/4.8.3/../../../../pic32mx/lib\libpic32.a(vector2.o)
                0x9d010240                __vector_dispatch_2
                0x00000001                ASSERT (((_vector_spacing == 0x0) || (SIZEOF (.vector_2) <= (_vector_spacing << 0x5))), function at exception vector 2 too large)

.vector_3       0x9d010260        0x8
 *(.vector_3)
 .vector_3      0x9d010260        0x8 c:/program files (x86)/microchip/xc32/v2.30/bin/bin/../../lib/gcc/pic32mx/4.8.3/../../../../pic32mx/lib\libpic32.a(vector3.o)
                0x9d010260                __vector_dispatch_3
                0x00000001                ASSERT (((_vector_spacing == 0x0) || (SIZEOF (.vector_3) <= (_vector_spacing << 0x5))), function at exception vector 3 too large)

.vector_4       0x9d010280        0x8
 *(.vector_4)
 .vector_4      0x9d010280        0x8 output\tick.o
                0x9d010280                __vector_dispatch_4
                0x00000001                ASSERT (((_vector_spacing == 0x0) || (SIZEOF (.vector_4) <= (_vector_spacing << 0x5))), function at exception vector 4 too large)

.vector_5       0x9d0102a0        0x8
 *(.vector_5)
 .vector_5      0x9d0102a0        0x8 c:/program files (x86)/microchip/xc32/v2.30/bin/bin/../../lib/gcc/pic32mx/4.8.3/../../../../pic32mx/lib\libpic32.a(vector5.o)
                0x9d0102a0                __vector_dispatch_5
                0x00000001                ASSERT (((_vector_spacing == 0x0) || (SIZEOF (.vector_5) <= (_vector_spacing << 0x5))), function at exception vector 5 too large)

.vector_6       0x9d0102c0        0x8
 *(.vector_6)
 .vector_6      0x9d0102c0        0x8 c:/program files (x86)/microchip/xc32/v2.30/bin/bin/../../lib/gcc/pic32mx/4.8.3/../../../../pic32mx/lib\libpic32.a(vector6.o)
                0x9d0102c0                __vector_dispatch_6
                0x00000001                ASSERT (((_vector_spacing == 0x0) || (SIZEOF (.vector_6) <= (_vector_spacing << 0x5))), function at exception vector 6 too large)

.vector_7       0x9d0102e0        0x8
 *(.vector_7)
 .vector_7      0x9d0102e0        0x8 c:/program files (x86)/microchip/xc32/v2.30/bin/bin/../../lib/gcc/pic32mx/4.8.3/../../../../pic32mx/lib\libpic32.a(vector7.o)
                0x9d0102e0                __vector_dispatch_7
                0x00000001                ASSERT (((_vector_spacing == 0x0) || (SIZEOF (.vector_7) <= (_vector_spacing << 0x5))), function at exception vector 7 too large)

.vector_8       0x9d010300        0x8
 *(.vector_8)
 .vector_8      0x9d010300        0x8 c:/program files (x86)/microchip/xc32/v2.30/bin/bin/../../lib/gcc/pic32mx/4.8.3/../../../../pic32mx/lib\libpic32.a(vector8.o)
                0x9d010300                __vector_dispatch_8
                0x00000001                ASSERT (((_vector_spacing == 0x0) || (SIZEOF (.vector_8) <= (_vector_spacing << 0x5))), function at exception vector 8 too large)

.vector_9       0x9d010320        0x8
 *(.vector_9)
 .vector_9      0x9d010320        0x8 c:/program files (x86)/microchip/xc32/v2.30/bin/bin/../../lib/gcc/pic32mx/4.8.3/../../../../pic32mx/lib\libpic32.a(vector9.o)
                0x9d010320                __vector_dispatch_9
                0x00000001                ASSERT (((_vector_spacing == 0x0) || (SIZEOF (.vector_9) <= (_vector_spacing << 0x5))), function at exception vector 9 too large)

.vector_10      0x9d010340        0x8
 *(.vector_10)
 .vector_10     0x9d010340        0x8 c:/program files (x86)/microchip/xc32/v2.30/bin/bin/../../lib/gcc/pic32mx/4.8.3/../../../../pic32mx/lib\libpic32.a(vector10.o)
                0x9d010340                __vector_dispatch_10
                0x00000001                ASSERT (((_vector_spacing == 0x0) || (SIZEOF (.vector_10) <= (_vector_spacing << 0x5))), function at exception vector 10 too large)

.vector_11      0x9d010360        0x8
 *(.vector_11)
 .vector_11     0x9d010360        0x8 c:/program files (x86)/microchip/xc32/v2.30/bin/bin/../../lib/gcc/pic32mx/4.8.3/../../../../pic32mx/lib\libpic32.a(vector11.o)
                0x9d010360                __vector_dispatch_11
                0x00000001                ASSERT (((_vector_spacing == 0x0) || (SIZEOF (.vector_11) <= (_vector_spacing << 0x5))), function at exception vector 11 too large)

.vector_12      0x9d010380        0x8
 *(.vector_12)
 .vector_12     0x9d010380        0x8 c:/program files (x86)/microchip/xc32/v2.30/bin/bin/../../lib/gcc/pic32mx/4.8.3/../../../../pic32mx/lib\libpic32.a(vector12.o)
                0x9d010380                __vector_dispatch_12
                0x00000001                ASSERT (((_vector_spacing == 0x0) || (SIZEOF (.vector_12) <= (_vector_spacing << 0x5))), function at exception vector 12 too large)

.vector_13      0x9d0103a0        0x8
 *(.vector_13)
 .vector_13     0x9d0103a0        0x8 c:/program files (x86)/microchip/xc32/v2.30/bin/bin/../../lib/gcc/pic32mx/4.8.3/../../../../pic32mx/lib\libpic32.a(vector13.o)
                0x9d0103a0                __vector_dispatch_13
                0x00000001                ASSERT (((_vector_spacing == 0x0) || (SIZEOF (.vector_13) <= (_vector_spacing << 0x5))), function at exception vector 13 too large)

.vector_14      0x9d0103c0        0x8
 *(.vector_14)
 .vector_14     0x9d0103c0        0x8 c:/program files (x86)/microchip/xc32/v2.30/bin/bin/../../lib/gcc/pic32mx/4.8.3/../../../../pic32mx/lib\libpic32.a(vector14.o)
                0x9d0103c0                __vector_dispatch_14
                0x00000001                ASSERT (((_vector_spacing == 0x0) || (SIZEOF (.vector_14) <= (_vector_spacing << 0x5))), function at exception vector 14 too large)

.vector_15      0x9d0103e0        0x8
 *(.vector_15)
 .vector_15     0x9d0103e0        0x8 output\drv_wifi_eint.o
                0x9d0103e0                __vector_dispatch_15
                0x00000001                ASSERT (((_vector_spacing == 0x0) || (SIZEOF (.vector_15) <= (_vector_spacing << 0x5))), function at exception vector 15 too large)

.vector_16      0x9d010400        0x8
 *(.vector_16)
 .vector_16     0x9d010400        0x8 c:/program files (x86)/microchip/xc32/v2.30/bin/bin/../../lib/gcc/pic32mx/4.8.3/../../../../pic32mx/lib\libpic32.a(vector16.o)
                0x9d010400                __vector_dispatch_16
                0x00000001                ASSERT (((_vector_spacing == 0x0) || (SIZEOF (.vector_16) <= (_vector_spacing << 0x5))), function at exception vector 16 too large)

.vector_17      0x9d010420        0x8
 *(.vector_17)
 .vector_17     0x9d010420        0x8 c:/program files (x86)/microchip/xc32/v2.30/bin/bin/../../lib/gcc/pic32mx/4.8.3/../../../../pic32mx/lib\libpic32.a(vector17.o)
                0x9d010420                __vector_dispatch_17
                0x00000001                ASSERT (((_vector_spacing == 0x0) || (SIZEOF (.vector_17) <= (_vector_spacing << 0x5))), function at exception vector 17 too large)

.vector_18      0x9d010440        0x8
 *(.vector_18)
 .vector_18     0x9d010440        0x8 c:/program files (x86)/microchip/xc32/v2.30/bin/bin/../../lib/gcc/pic32mx/4.8.3/../../../../pic32mx/lib\libpic32.a(vector18.o)
                0x9d010440                __vector_dispatch_18
                0x00000001                ASSERT (((_vector_spacing == 0x0) || (SIZEOF (.vector_18) <= (_vector_spacing << 0x5))), function at exception vector 18 too large)

.vector_19      0x9d010460        0x8
 *(.vector_19)
 .vector_19     0x9d010460        0x8 c:/program files (x86)/microchip/xc32/v2.30/bin/bin/../../lib/gcc/pic32mx/4.8.3/../../../../pic32mx/lib\libpic32.a(vector19.o)
                0x9d010460                __vector_dispatch_19
                0x00000001                ASSERT (((_vector_spacing == 0x0) || (SIZEOF (.vector_19) <= (_vector_spacing << 0x5))), function at exception vector 19 too large)

.vector_20      0x9d010480        0x8
 *(.vector_20)
 .vector_20     0x9d010480        0x8 c:/program files (x86)/microchip/xc32/v2.30/bin/bin/../../lib/gcc/pic32mx/4.8.3/../../../../pic32mx/lib\libpic32.a(vector20.o)
                0x9d010480                __vector_dispatch_20
                0x00000001                ASSERT (((_vector_spacing == 0x0) || (SIZEOF (.vector_20) <= (_vector_spacing << 0x5))), function at exception vector 20 too large)

.vector_21      0x9d0104a0        0x8
 *(.vector_21)
 .vector_21     0x9d0104a0        0x8 c:/program files (x86)/microchip/xc32/v2.30/bin/bin/../../lib/gcc/pic32mx/4.8.3/../../../../pic32mx/lib\libpic32.a(vector21.o)
                0x9d0104a0                __vector_dispatch_21
                0x00000001                ASSERT (((_vector_spacing == 0x0) || (SIZEOF (.vector_21) <= (_vector_spacing << 0x5))), function at exception vector 21 too large)

.vector_22      0x9d0104c0        0x8
 *(.vector_22)
 .vector_22     0x9d0104c0        0x8 c:/program files (x86)/microchip/xc32/v2.30/bin/bin/../../lib/gcc/pic32mx/4.8.3/../../../../pic32mx/lib\libpic32.a(vector22.o)
                0x9d0104c0                __vector_dispatch_22
                0x00000001                ASSERT (((_vector_spacing == 0x0) || (SIZEOF (.vector_22) <= (_vector_spacing << 0x5))), function at exception vector 22 too large)

.vector_23      0x9d0104e0        0x8
 *(.vector_23)
 .vector_23     0x9d0104e0        0x8 c:/program files (x86)/microchip/xc32/v2.30/bin/bin/../../lib/gcc/pic32mx/4.8.3/../../../../pic32mx/lib\libpic32.a(vector23.o)
                0x9d0104e0                __vector_dispatch_23
                0x00000001                ASSERT (((_vector_spacing == 0x0) || (SIZEOF (.vector_23) <= (_vector_spacing << 0x5))), function at exception vector 23 too large)

.vector_24      0x9d010500        0x8
 *(.vector_24)
 .vector_24     0x9d010500        0x8 c:/program files (x86)/microchip/xc32/v2.30/bin/bin/../../lib/gcc/pic32mx/4.8.3/../../../../pic32mx/lib\libpic32.a(vector24.o)
                0x9d010500                __vector_dispatch_24
                0x00000001                ASSERT (((_vector_spacing == 0x0) || (SIZEOF (.vector_24) <= (_vector_spacing << 0x5))), function at exception vector 24 too large)

.vector_25      0x9d010520        0x8
 *(.vector_25)
 .vector_25     0x9d010520        0x8 c:/program files (x86)/microchip/xc32/v2.30/bin/bin/../../lib/gcc/pic32mx/4.8.3/../../../../pic32mx/lib\libpic32.a(vector25.o)
                0x9d010520                __vector_dispatch_25
                0x00000001                ASSERT (((_vector_spacing == 0x0) || (SIZEOF (.vector_25) <= (_vector_spacing << 0x5))), function at exception vector 25 too large)

.vector_26      0x9d010540        0x8
 *(.vector_26)
 .vector_26     0x9d010540        0x8 c:/program files (x86)/microchip/xc32/v2.30/bin/bin/../../lib/gcc/pic32mx/4.8.3/../../../../pic32mx/lib\libpic32.a(vector26.o)
                0x9d010540                __vector_dispatch_26
                0x00000001                ASSERT (((_vector_spacing == 0x0) || (SIZEOF (.vector_26) <= (_vector_spacing << 0x5))), function at exception vector 26 too large)

.vector_27      0x9d010560        0x8
 *(.vector_27)
 .vector_27     0x9d010560        0x8 c:/program files (x86)/microchip/xc32/v2.30/bin/bin/../../lib/gcc/pic32mx/4.8.3/../../../../pic32mx/lib\libpic32.a(vector27.o)
                0x9d010560                __vector_dispatch_27
                0x00000001                ASSERT (((_vector_spacing == 0x0) || (SIZEOF (.vector_27) <= (_vector_spacing << 0x5))), function at exception vector 27 too large)

.vector_28      0x9d010580        0x8
 *(.vector_28)
 .vector_28     0x9d010580        0x8 c:/program files (x86)/microchip/xc32/v2.30/bin/bin/../../lib/gcc/pic32mx/4.8.3/../../../../pic32mx/lib\libpic32.a(vector28.o)
                0x9d010580                __vector_dispatch_28
                0x00000001                ASSERT (((_vector_spacing == 0x0) || (SIZEOF (.vector_28) <= (_vector_spacing << 0x5))), function at exception vector 28 too large)

.vector_29      0x9d0105a0        0x8
 *(.vector_29)
 .vector_29     0x9d0105a0        0x8 c:/program files (x86)/microchip/xc32/v2.30/bin/bin/../../lib/gcc/pic32mx/4.8.3/../../../../pic32mx/lib\libpic32.a(vector29.o)
                0x9d0105a0                __vector_dispatch_29
                0x00000001                ASSERT (((_vector_spacing == 0x0) || (SIZEOF (.vector_29) <= (_vector_spacing << 0x5))), function at exception vector 29 too large)

.vector_30      0x9d0105c0        0x8
 *(.vector_30)
 .vector_30     0x9d0105c0        0x8 c:/program files (x86)/microchip/xc32/v2.30/bin/bin/../../lib/gcc/pic32mx/4.8.3/../../../../pic32mx/lib\libpic32.a(vector30.o)
                0x9d0105c0                __vector_dispatch_30
                0x00000001                ASSERT (((_vector_spacing == 0x0) || (SIZEOF (.vector_30) <= (_vector_spacing << 0x5))), function at exception vector 30 too large)

.vector_31      0x9d0105e0        0x8
 *(.vector_31)
 .vector_31     0x9d0105e0        0x8 c:/program files (x86)/microchip/xc32/v2.30/bin/bin/../../lib/gcc/pic32mx/4.8.3/../../../../pic32mx/lib\libpic32.a(vector31.o)
                0x9d0105e0                __vector_dispatch_31
                0x00000001                ASSERT (((_vector_spacing == 0x0) || (SIZEOF (.vector_31) <= (_vector_spacing << 0x5))), function at exception vector 31 too large)

.vector_32      0x9d010600        0x8
 *(.vector_32)
 .vector_32     0x9d010600        0x8 c:/program files (x86)/microchip/xc32/v2.30/bin/bin/../../lib/gcc/pic32mx/4.8.3/../../../../pic32mx/lib\libpic32.a(vector32.o)
                0x9d010600                __vector_dispatch_32
                0x00000001                ASSERT (((_vector_spacing == 0x0) || (SIZEOF (.vector_32) <= (_vector_spacing << 0x5))), function at exception vector 32 too large)

.vector_33      0x9d010620        0x8
 *(.vector_33)
 .vector_33     0x9d010620        0x8 c:/program files (x86)/microchip/xc32/v2.30/bin/bin/../../lib/gcc/pic32mx/4.8.3/../../../../pic32mx/lib\libpic32.a(vector33.o)
                0x9d010620                __vector_dispatch_33
                0x00000001                ASSERT (((_vector_spacing == 0x0) || (SIZEOF (.vector_33) <= (_vector_spacing << 0x5))), function at exception vector 33 too large)

.vector_34      0x9d010640        0x8
 *(.vector_34)
 .vector_34     0x9d010640        0x8 c:/program files (x86)/microchip/xc32/v2.30/bin/bin/../../lib/gcc/pic32mx/4.8.3/../../../../pic32mx/lib\libpic32.a(vector34.o)
                0x9d010640                __vector_dispatch_34
                0x00000001                ASSERT (((_vector_spacing == 0x0) || (SIZEOF (.vector_34) <= (_vector_spacing << 0x5))), function at exception vector 34 too large)

.vector_35      0x9d010660        0x8
 *(.vector_35)
 .vector_35     0x9d010660        0x8 c:/program files (x86)/microchip/xc32/v2.30/bin/bin/../../lib/gcc/pic32mx/4.8.3/../../../../pic32mx/lib\libpic32.a(vector35.o)
                0x9d010660                __vector_dispatch_35
                0x00000001                ASSERT (((_vector_spacing == 0x0) || (SIZEOF (.vector_35) <= (_vector_spacing << 0x5))), function at exception vector 35 too large)

.vector_36      0x9d010680        0x8
 *(.vector_36)
 .vector_36     0x9d010680        0x8 c:/program files (x86)/microchip/xc32/v2.30/bin/bin/../../lib/gcc/pic32mx/4.8.3/../../../../pic32mx/lib\libpic32.a(vector36.o)
                0x9d010680                __vector_dispatch_36
                0x00000001                ASSERT (((_vector_spacing == 0x0) || (SIZEOF (.vector_36) <= (_vector_spacing << 0x5))), function at exception vector 36 too large)

.vector_37      0x9d0106a0        0x8
 *(.vector_37)
 .vector_37     0x9d0106a0        0x8 c:/program files (x86)/microchip/xc32/v2.30/bin/bin/../../lib/gcc/pic32mx/4.8.3/../../../../pic32mx/lib\libpic32.a(vector37.o)
                0x9d0106a0                __vector_dispatch_37
                0x00000001                ASSERT (((_vector_spacing == 0x0) || (SIZEOF (.vector_37) <= (_vector_spacing << 0x5))), function at exception vector 37 too large)

.vector_38      0x9d0106c0        0x8
 *(.vector_38)
 .vector_38     0x9d0106c0        0x8 c:/program files (x86)/microchip/xc32/v2.30/bin/bin/../../lib/gcc/pic32mx/4.8.3/../../../../pic32mx/lib\libpic32.a(vector38.o)
                0x9d0106c0                __vector_dispatch_38
                0x00000001                ASSERT (((_vector_spacing == 0x0) || (SIZEOF (.vector_38) <= (_vector_spacing << 0x5))), function at exception vector 38 too large)

.vector_39      0x9d0106e0        0x8
 *(.vector_39)
 .vector_39     0x9d0106e0        0x8 c:/program files (x86)/microchip/xc32/v2.30/bin/bin/../../lib/gcc/pic32mx/4.8.3/../../../../pic32mx/lib\libpic32.a(vector39.o)
                0x9d0106e0                __vector_dispatch_39
                0x00000001                ASSERT (((_vector_spacing == 0x0) || (SIZEOF (.vector_39) <= (_vector_spacing << 0x5))), function at exception vector 39 too large)

.vector_40      0x9d010700        0x8
 *(.vector_40)
 .vector_40     0x9d010700        0x8 c:/program files (x86)/microchip/xc32/v2.30/bin/bin/../../lib/gcc/pic32mx/4.8.3/../../../../pic32mx/lib\libpic32.a(vector40.o)
                0x9d010700                __vector_dispatch_40
                0x00000001                ASSERT (((_vector_spacing == 0x0) || (SIZEOF (.vector_40) <= (_vector_spacing << 0x5))), function at exception vector 40 too large)

.vector_41      0x9d010720        0x8
 *(.vector_41)
 .vector_41     0x9d010720        0x8 c:/program files (x86)/microchip/xc32/v2.30/bin/bin/../../lib/gcc/pic32mx/4.8.3/../../../../pic32mx/lib\libpic32.a(vector41.o)
                0x9d010720                __vector_dispatch_41
                0x00000001                ASSERT (((_vector_spacing == 0x0) || (SIZEOF (.vector_41) <= (_vector_spacing << 0x5))), function at exception vector 41 too large)

.vector_42      0x9d010740        0x8
 *(.vector_42)
 .vector_42     0x9d010740        0x8 c:/program files (x86)/microchip/xc32/v2.30/bin/bin/../../lib/gcc/pic32mx/4.8.3/../../../../pic32mx/lib\libpic32.a(vector42.o)
                0x9d010740                __vector_dispatch_42
                0x00000001                ASSERT (((_vector_spacing == 0x0) || (SIZEOF (.vector_42) <= (_vector_spacing << 0x5))), function at exception vector 42 too large)

.vector_43      0x9d010760        0x8
 *(.vector_43)
 .vector_43     0x9d010760        0x8 c:/program files (x86)/microchip/xc32/v2.30/bin/bin/../../lib/gcc/pic32mx/4.8.3/../../../../pic32mx/lib\libpic32.a(vector43.o)
                0x9d010760                __vector_dispatch_43
                0x00000001                ASSERT (((_vector_spacing == 0x0) || (SIZEOF (.vector_43) <= (_vector_spacing << 0x5))), function at exception vector 43 too large)

.vector_44      0x9d010780        0x8
 *(.vector_44)
 .vector_44     0x9d010780        0x8 c:/program files (x86)/microchip/xc32/v2.30/bin/bin/../../lib/gcc/pic32mx/4.8.3/../../../../pic32mx/lib\libpic32.a(vector44.o)
                0x9d010780                __vector_dispatch_44
                0x00000001                ASSERT (((_vector_spacing == 0x0) || (SIZEOF (.vector_44) <= (_vector_spacing << 0x5))), function at exception vector 44 too large)

.vector_45      0x9d0107a0        0x8
 *(.vector_45)
 .vector_45     0x9d0107a0        0x8 c:/program files (x86)/microchip/xc32/v2.30/bin/bin/../../lib/gcc/pic32mx/4.8.3/../../../../pic32mx/lib\libpic32.a(vector45.o)
                0x9d0107a0                __vector_dispatch_45
                0x00000001                ASSERT (((_vector_spacing == 0x0) || (SIZEOF (.vector_45) <= (_vector_spacing << 0x5))), function at exception vector 45 too large)

.vector_46      0x9d0107c0        0x0
 *(.vector_46)
                0x00000001                ASSERT (((_vector_spacing == 0x0) || (SIZEOF (.vector_46) <= (_vector_spacing << 0x5))), function at exception vector 46 too large)

.vector_47      0x9d0107e0        0x0
 *(.vector_47)
                0x00000001                ASSERT (((_vector_spacing == 0x0) || (SIZEOF (.vector_47) <= (_vector_spacing << 0x5))), function at exception vector 47 too large)

.vector_48      0x9d010800        0x0
 *(.vector_48)
                0x00000001                ASSERT (((_vector_spacing == 0x0) || (SIZEOF (.vector_48) <= (_vector_spacing << 0x5))), function at exception vector 48 too large)

.vector_49      0x9d010820        0x0
 *(.vector_49)
                0x00000001                ASSERT (((_vector_spacing == 0x0) || (SIZEOF (.vector_49) <= (_vector_spacing << 0x5))), function at exception vector 49 too large)

.vector_50      0x9d010840        0x0
 *(.vector_50)
                0x00000001                ASSERT (((_vector_spacing == 0x0) || (SIZEOF (.vector_50) <= (_vector_spacing << 0x5))), function at exception vector 50 too large)

.vector_51      0x9d010860        0x0
 *(.vector_51)
                0x00000001                ASSERT (((_vector_spacing == 0x0) || (SIZEOF (.vector_51) <= (_vector_spacing << 0x5))), function at exception vector 51 too large)

.vector_52      0x9d010880        0x0
 *(.vector_52)
                0x00000001                ASSERT (((_vector_spacing == 0x0) || (SIZEOF (.vector_52) <= (_vector_spacing << 0x5))), function at exception vector 52 too large)

.vector_53      0x9d0108a0        0x0
 *(.vector_53)
                0x00000001                ASSERT (((_vector_spacing == 0x0) || (SIZEOF (.vector_53) <= (_vector_spacing << 0x5))), function at exception vector 53 too large)

.vector_54      0x9d0108c0        0x0
 *(.vector_54)
                0x00000001                ASSERT (((_vector_spacing == 0x0) || (SIZEOF (.vector_54) <= (_vector_spacing << 0x5))), function at exception vector 54 too large)

.vector_55      0x9d0108e0        0x0
 *(.vector_55)
                0x00000001                ASSERT (((_vector_spacing == 0x0) || (SIZEOF (.vector_55) <= (_vector_spacing << 0x5))), function at exception vector 55 too large)

.vector_56      0x9d010900        0x0
 *(.vector_56)
                0x00000001                ASSERT (((_vector_spacing == 0x0) || (SIZEOF (.vector_56) <= (_vector_spacing << 0x5))), function at exception vector 56 too large)

.vector_57      0x9d010920        0x0
 *(.vector_57)
                0x00000001                ASSERT (((_vector_spacing == 0x0) || (SIZEOF (.vector_57) <= (_vector_spacing << 0x5))), function at exception vector 57 too large)

.vector_58      0x9d010940        0x0
 *(.vector_58)
                0x00000001                ASSERT (((_vector_spacing == 0x0) || (SIZEOF (.vector_58) <= (_vector_spacing << 0x5))), function at exception vector 58 too large)

.vector_59      0x9d010960        0x0
 *(.vector_59)
                0x00000001                ASSERT (((_vector_spacing == 0x0) || (SIZEOF (.vector_59) <= (_vector_spacing << 0x5))), function at exception vector 59 too large)

.vector_60      0x9d010980        0x0
 *(.vector_60)
                0x00000001                ASSERT (((_vector_spacing == 0x0) || (SIZEOF (.vector_60) <= (_vector_spacing << 0x5))), function at exception vector 60 too large)

.vector_61      0x9d0109a0        0x0
 *(.vector_61)
                0x00000001                ASSERT (((_vector_spacing == 0x0) || (SIZEOF (.vector_61) <= (_vector_spacing << 0x5))), function at exception vector 61 too large)

.vector_62      0x9d0109c0        0x0
 *(.vector_62)
                0x00000001                ASSERT (((_vector_spacing == 0x0) || (SIZEOF (.vector_62) <= (_vector_spacing << 0x5))), function at exception vector 62 too large)

.vector_63      0x9d0109e0        0x0
 *(.vector_63)
                0x00000001                ASSERT (((_vector_spacing == 0x0) || (SIZEOF (.vector_63) <= (_vector_spacing << 0x5))), function at exception vector 63 too large)

.startup
 *(.startup)

.text           0x9d011490        0x0
 *(.stub .gnu.linkonce.t.*)
 *(.text.*personality*)
 *(.mips16.fn.*)
 *(.mips16.call.*)
 *(.gnu.warning)
                0x9d011490                . = ALIGN (0x4)

.init           0x9d011490        0x0
 *crti.o(.init)
 *crtbegin.o(.init)
 *(EXCLUDE_FILE(*crtn.o *crtend?.o *crtend.o) .init)
 *crtend.o(.init)
 *crtn.o(.init)
                0x9d011490                . = ALIGN (0x4)

.fini           0x9d011490        0x0
 *(.fini)
                0x9d011490                . = ALIGN (0x4)

.preinit_array  0x9d011490        0x0
                0x9d011490                PROVIDE (__preinit_array_start, .)
 *(.preinit_array)
                0x9d011490                PROVIDE (__preinit_array_end, .)
                0x9d011490                . = ALIGN (0x4)

.init_array     0x9d011490        0x0
                0x9d011490                PROVIDE (__init_array_start, .)
 *(SORT(.init_array.*))
 *(.init_array)
                0x9d011490                PROVIDE (__init_array_end, .)
                0x9d011490                . = ALIGN (0x4)

.fini_array     0x9d011490        0x0
                0x9d011490                PROVIDE (__fini_array_start, .)
 *(SORT(.fini_array.*))
 *(.fini_array)
                0x9d011490                PROVIDE (__fini_array_end, .)
                0x9d011490                . = ALIGN (0x4)

.ctors          0x9d011490        0x0
 *crtbegin.o(.ctors)
 *crtbegin?.o(.ctors)
 *(EXCLUDE_FILE(*crtend?.o *crtend.o) .ctors)
 *(SORT(.ctors.*))
 *(.ctors)
                0x9d011490                . = ALIGN (0x4)

.dtors          0x9d011490        0x0
 *crtbegin.o(.dtors)
 *crtbegin?.o(.dtors)
 *(EXCLUDE_FILE(*crtend?.o *crtend.o) .dtors)
 *(SORT(.dtors.*))
 *(.dtors)
                0x9d011490                . = ALIGN (0x4)

.rodata         0x9d011490        0x0
 *(.gnu.linkonce.r.*)
 *(.rodata1)
                0x9d011490                . = ALIGN (0x4)

.sdata2         0x9d010000        0x0
 *(.sdata2 .sdata2.* .gnu.linkonce.s2.*)
                0x9d010000                . = ALIGN (0x4)

.sbss2          0x9d010000        0x0
 *(.sbss2 .sbss2.* .gnu.linkonce.sb2.*)
                0x9d010000                . = ALIGN (0x4)

.eh_frame_hdr
 *(.eh_frame_hdr)
                0x9d010000                . = ALIGN (0x4)

.eh_frame
 *(.eh_frame)
                0x9d010000                . = ALIGN (0x4)

.gcc_except_table
 *(.gcc_except_table .gcc_except_table.*)
                0x9d010000                . = ALIGN (0x4)

.dbg_data       0xa0001000        0x0
                0xa0001000                . = (. + DEFINED (_DEBUGGER)?0x200:0x0)

.jcr            0xa0001000        0x0
 *(.jcr)
                0xa0001000                . = ALIGN (0x4)

.eh_frame
 *(.eh_frame)
                0xa0001000                . = ALIGN (0x4)

.gcc_except_table
 *(.gcc_except_table .gcc_except_table.*)
                0xa0001000                . = ALIGN (0x4)

.persist        0xa0001000        0x8
                0xa0001000                _persist_begin = .
 *(.persist .persist.*)
 *(.pbss .pbss.*)
 .pbss          0xa0001000        0x2 output\udp.o
 *fill*         0xa0001002        0x2 
 .pbss          0xa0001004        0x4 output\dns_client.o
                0xa0001008                . = ALIGN (0x4)
                0xa0001008                _persist_end = .

.data           0xa0001008        0x0
 *(.gnu.linkonce.d.*)
 *(.data1)
                0xa0001008                . = ALIGN (0x4)
                0xa0001008                . = .
                0xa0009000                _gp = (ALIGN (0x10) + 0x7ff0)

.got            0xa0001008        0x0
 *(.got.plt)
 *(.got)
                0xa0001008                . = ALIGN (0x4)

.sdata          0xa0001008       0x1c
                0xa0001008                _sdata_begin = .
 *(.sdata .sdata.* .gnu.linkonce.s.*)
 .sdata         0xa0001008        0x2 output\udp.o
 *fill*         0xa000100a        0x2 
 .sdata         0xa000100c        0x4 output\helpers.o
 .sdata         0xa0001010        0x4 output\Framework.o
 .sdata         0xa0001014        0x2 output\EthernetTasks.o
                0xa0001014                serverPort
 .sdata         0xa0001016        0x1 output\drv_wifi_connection_algorithm.o
 *fill*         0xa0001017        0x1 
 .sdata         0xa0001018        0x8 output\dns_client.o
 .sdata         0xa0001020        0x1 output\drv_wifi_power_save.o
                0xa0001024                . = ALIGN (0x4)
 *fill*         0xa0001021        0x3 
                0xa0001024                _sdata_end = .

.lit8
 *(.lit8)

.lit4
 *(.lit4)
                0xa0001024                . = ALIGN (0x4)
                0xa0001024                _data_end = .
                0xa0001024                _bss_begin = .

.sbss           0xa0001024       0xc8
                0xa0001024                _sbss_begin = .
 *(.dynsbss)
 *(.sbss .sbss.* .gnu.linkonce.sb.*)
 .sbss          0xa0001024        0x8 output\rtc.o
                0xa0001028                do_sec1s
 .sbss          0xa000102c        0x8 output\udp.o
 *fill*         0xa0001034        0x4 
 .sbss          0xa0001038       0x10 output\tick.o
 .sbss          0xa0001048       0x10 output\stack_task.o
                0xa000104c                g_DhcpRetryTimer
                0xa0001050                g_DhcpRenew
 .sbss          0xa0001058        0x8 output\nbns.o
 .sbss          0xa0001060        0x4 output\ip.o
 .sbss          0xa0001064       0x14 output\Framework.o
                0xa0001068                eraseErrorCounter
                0xa000106c                writeErrorCounter
 .sbss          0xa0001078        0x8 output\EthernetTasks.o
 .sbss          0xa0001080        0x1 output\drv_wifi_spi.o
 .sbss          0xa0001081        0x1 output\drv_wifi_init.o
                0xa0001081                gRFModuleVer1209orLater
 .sbss          0xa0001082        0x4 output\drv_wifi_mgmt_msg.o
                0xa0001083                g_WaitingForMgmtResponse
 .sbss          0xa0001086        0x1 output\dhcp_client.o
                0xa0001086                DHCPClientInitializedOnce
 .sbss          0xa0001087        0x1 output\drv_wifi_connection_manager.o
 .sbss          0xa0001088        0x2 output\drv_wifi_raw.o
                0xa0001088                gIntDisabled
                0xa0001089                g_HostRAWDataPacketReceived
 *fill*         0xa000108a        0x2 
 .sbss          0xa000108c       0x14 output\drv_wifi_mac.o
 .sbss          0xa00010a0       0x14 output\dns_client.o
 .sbss          0xa00010b4        0x4 output\arp.o
 .sbss          0xa00010b8        0x8 output\announce.o
 .sbss          0xa00010c0       0x14 output\drv_wifi_com.o
                0xa00010c0                g_dhcpInProgress
                0xa00010c1                g_WiFiConnection
                0xa00010c2                g_WiFiConnectionChanged
                0xa00010c3                g_DhcpSuccessful
 .sbss          0xa00010d4        0x3 output\drv_wifi_power_save.o
 *(.scommon)
 *fill*         0xa00010d7        0x1 
 .scommon       0xa00010d8        0x6 output\udp.o
                0xa00010d8                UDPTxCount
                0xa00010da                activeUDPSocket
                0xa00010dc                UDPRxCount
 .scommon       0xa00010de        0x2 output\EthernetTasks.o
                0xa00010de                udpSkt
                0xa00010df                ConnectionProfileID
 .scommon       0xa00010e0        0x6 output\drv_wifi_raw.o
                0xa00010e0                RawWindowState
                0xa00010e4                RawWindowReady
 .scommon       0xa00010e6        0x1 output\drv_wifi_mac.o
                0xa00010e6                g_rxIndexSetBeyondBuffer
 *fill*         0xa00010e7        0x1 
 .scommon       0xa00010e8        0x2 output\drv_wifi_com.o
                0xa00010e8                RawMoveState
 .scommon       0xa00010ea        0x1 output\drv_wifi_power_save.o
                0xa00010ea                g_rxDtim
                0xa00010eb                _sbss_end = .
                0xa00010ec                . = ALIGN (0x4)
 *fill*         0xa00010eb        0x1 

.bss            0xa00010ec      0x69c
 *(.dynbss)
 *(COMMON)
 COMMON         0xa00010ec       0xe0 output\udp.o
                0xa00010ec                UDPSocketInfo
 COMMON         0xa00011cc        0xa output\stack_task.o
                0xa00011cc                remoteNode
 *fill*         0xa00011d6        0x2 
 COMMON         0xa00011d8      0x5af output\EthernetTasks.o
                0xa00011d8                rxData
                0xa00015c0                txData
                0xa0001688                AppConfig
                0xa0001724                g_WpsPassphrase
                0xa0001788                . = ALIGN ((. != 0x0)?0x4:0x1)
 *fill*         0xa0001787        0x1 
                0xa0001788                . = ALIGN (0x4)
                0xa0001788                _end = .
                0xa0001788                _bss_end = .
                0x00007000                _bmxdudba_address = 0x7000
                0x00007000                _bmxdupba_address = 0x7000

/DISCARD/
 *(.pdr)
 *(.rel.dyn)
 *(.note.GNU-stack)
 *(.note.GNU-stack)
 *(.gnu_debuglink)
 *(.gnu.lto_*)
 *(.discard)
 *(._debug_exception)

.gptab.sdata
 *(.gptab.data)
 *(.gptab.sdata)

.gptab.sbss
 *(.gptab.bss)
 *(.gptab.sbss)

.mdebug.abi32   0xa0000000        0x0
 *(.mdebug.abi32)
 .mdebug.abi32  0xa0000000        0x0 output\daylight.o
 .mdebug.abi32  0xa0000000        0x0 output\rtc.o
 .mdebug.abi32  0xa0000000        0x0 output\rtcconverter.o
 .mdebug.abi32  0xa0000000        0x0 output\udp.o
 .mdebug.abi32  0xa0000000        0x0 output\tick.o
 .mdebug.abi32  0xa0000000        0x0 output\stack_task.o
 .mdebug.abi32  0xa0000000        0x0 output\rsa.o
 .mdebug.abi32  0xa0000000        0x0 output\nbns.o
 .mdebug.abi32  0xa0000000        0x0 output\ip.o
 .mdebug.abi32  0xa0000000        0x0 output\icmp.o
 .mdebug.abi32  0xa0000000        0x0 output\helpers.o
 .mdebug.abi32  0xa0000000        0x0 output\hashes.o
 .mdebug.abi32  0xa0000000        0x0 output\Framework.o
 .mdebug.abi32  0xa0000000        0x0 output\EthernetTasks.o
 .mdebug.abi32  0xa0000000        0x0 output\drv_wifi_spi.o
 .mdebug.abi32  0xa0000000        0x0 output\drv_wifi_pbkdf2.o
 .mdebug.abi32  0xa0000000        0x0 output\drv_wifi_init.o
 .mdebug.abi32  0xa0000000        0x0 output\drv_wifi_event_handler.o
 .mdebug.abi32  0xa0000000        0x0 output\drv_wifi_param_msg.o
 .mdebug.abi32  0xa0000000        0x0 output\drv_wifi_eint.o
 .mdebug.abi32  0xa0000000        0x0 output\drv_wifi_mgmt_msg.o
 .mdebug.abi32  0xa0000000        0x0 output\drv_wifi_debug_strings.o
 .mdebug.abi32  0xa0000000        0x0 output\dhcp_client.o
 .mdebug.abi32  0xa0000000        0x0 output\drv_wifi_connection_manager.o
 .mdebug.abi32  0xa0000000        0x0 output\drv_wifi_raw.o
 .mdebug.abi32  0xa0000000        0x0 output\drv_wifi_connection_algorithm.o
 .mdebug.abi32  0xa0000000        0x0 output\drv_wifi_config.o
 .mdebug.abi32  0xa0000000        0x0 output\drv_wifi_connection_profile.o
 .mdebug.abi32  0xa0000000        0x0 output\drv_wifi_mac.o
 .mdebug.abi32  0xa0000000        0x0 output\BootLoader.o
 .mdebug.abi32  0xa0000000        0x0 output\dns_client.o
 .mdebug.abi32  0xa0000000        0x0 output\big_int.o
 .mdebug.abi32  0xa0000000        0x0 output\arp.o
 .mdebug.abi32  0xa0000000        0x0 output\announce.o
 .mdebug.abi32  0xa0000000        0x0 output\drv_wifi_com.o
 .mdebug.abi32  0xa0000000        0x0 output\arc4.o
 .mdebug.abi32  0xa0000000        0x0 output\drv_wifi_power_save.o
 .mdebug.abi32  0xa0000000        0x0 output\NVMem.o
 .mdebug.abi32  0xa0000000        0x0 output\Delay.o
 .mdebug.abi32  0xa0000000        0x0 c:/program files (x86)/microchip/xc32/v2.30/bin/bin/../../lib/gcc/pic32mx/4.8.3/../../../../pic32mx/lib\libmchp_peripheral.a(read_core_timer_lib.o)
 .mdebug.abi32  0xa0000000        0x0 c:/program files (x86)/microchip/xc32/v2.30/bin/bin/../../lib/gcc/pic32mx/4.8.3/../../../../pic32mx/lib\libmchp_peripheral.a(write_core_timer_lib.o)
 .mdebug.abi32  0xa0000000        0x0 c:/program files (x86)/microchip/xc32/v2.30/bin/bin/../../lib/gcc/pic32mx/4.8.3/../../../../pic32mx/lib\libmchp_peripheral_32MX440F256H.a(soft_reset_lib.o)
 .mdebug.abi32  0xa0000000        0x0 c:/program files (x86)/microchip/xc32/v2.30/bin/bin/../../lib/gcc/pic32mx/4.8.3/../../../../pic32mx/lib\libmchp_peripheral_32MX440F256H.a(pcache.o)
 .mdebug.abi32  0xa0000000        0x0 c:/program files (x86)/microchip/xc32/v2.30/bin/bin/../../lib/gcc/pic32mx/4.8.3/../../../../pic32mx/lib\libmchp_peripheral_32MX440F256H.a(int_disable_interrupts_lib.o)
 .mdebug.abi32  0xa0000000        0x0 c:/program files (x86)/microchip/xc32/v2.30/bin/bin/../../lib/gcc/pic32mx/4.8.3/../../../../pic32mx/lib\libmchp_peripheral_32MX440F256H.a(int_restore_interrupts_lib.o)
 .mdebug.abi32  0xa0000000        0x0 c:/program files (x86)/microchip/xc32/v2.30/bin/bin/../../lib/gcc/pic32mx/4.8.3/../../../../pic32mx/lib\libmchp_peripheral_32MX440F256H.a(int_enable_mv_int_lib.o)
 .mdebug.abi32  0xa0000000        0x0 c:/program files (x86)/microchip/xc32/v2.30/bin/bin/../../lib/gcc/pic32mx/4.8.3/../../../../pic32mx/lib\libmchp_peripheral_32MX440F256H.a(int_enable_interrupts_lib.o)
 .mdebug.abi32  0xa0000000        0x0 c:/program files (x86)/microchip/xc32/v2.30/bin/bin/../../lib/gcc/pic32mx/4.8.3\libgcc.a(_udivdi3.o)
 .mdebug.abi32  0xa0000000        0x0 c:/program files (x86)/microchip/xc32/v2.30/bin/bin/../../lib/gcc/pic32mx/4.8.3\libgcc.a(_umoddi3.o)
 .mdebug.abi32  0xa0000000        0x0 c:/program files (x86)/microchip/xc32/v2.30/bin/bin/../../lib/gcc/pic32mx/4.8.3/../../../../pic32mx/lib\libpic32.a(default-bootstrap-exception-handler.o)
 .mdebug.abi32  0xa0000000        0x0 c:/program files (x86)/microchip/xc32/v2.30/bin/bin/../../lib/gcc/pic32mx/4.8.3/../../../../pic32mx/lib\libpic32.a(default-on-reset.o)
 .mdebug.abi32  0xa0000000        0x0 c:/program files (x86)/microchip/xc32/v2.30/bin/bin/../../lib/gcc/pic32mx/4.8.3/../../../../pic32mx/lib\libpic32.a(default-on-bootstrap.o)
 .mdebug.abi32  0xa0000000        0x0 c:/program files (x86)/microchip/xc32/v2.30/bin/bin/../../lib/gcc/pic32mx/4.8.3/../../../../pic32mx/lib\libpic32.a(default-general-exception-handler.o)
 .mdebug.abi32  0xa0000000        0x0 c:/program files (x86)/microchip/xc32/v2.30/bin/bin/../../lib/gcc/pic32mx/4.8.3/../../../../pic32mx/lib\libpic32.a(defaultinterrupt.o)
 .mdebug.abi32  0xa0000000        0x0 c:/program files (x86)/microchip/xc32/v2.30/bin/bin/../../lib/gcc/pic32mx/4.8.3/../../../../pic32mx/lib\liblega-c.a(strncpy.o)

.mdebug.abiN32
 *(.mdebug.abiN32)

.mdebug.abi64
 *(.mdebug.abi64)

.mdebug.abiO64
 *(.mdebug.abiO64)

.mdebug.eabi32
 *(.mdebug.eabi32)

.mdebug.eabi64
 *(.mdebug.eabi64)

.gcc_compiled_long32
 *(.gcc_compiled_long32)

.gcc_compiled_long64
 *(.gcc_compiled_long64)

.stab
 *(.stab)

.stabstr
 *(.stabstr)

.stab.excl
 *(.stab.excl)

.stab.exclstr
 *(.stab.exclstr)

.stab.index
 *(.stab.index)

.stab.indexstr
 *(.stab.indexstr)

.comment        0x00000000      0x111
 *(.comment)
 .comment       0x00000000       0x3c output\daylight.o
                                 0x3d (size before relaxing)
 .comment       0x00000000       0x3d output\rtc.o
 .comment       0x00000000       0x3d output\rtcconverter.o
 .comment       0x00000000       0x3d output\udp.o
 .comment       0x00000000       0x3d output\tick.o
 .comment       0x00000000       0x3d output\stack_task.o
 .comment       0x00000000       0x3d output\rsa.o
 .comment       0x00000000       0x3d output\nbns.o
 .comment       0x00000000       0x3d output\ip.o
 .comment       0x00000000       0x3d output\icmp.o
 .comment       0x00000000       0x3d output\helpers.o
 .comment       0x00000000       0x3d output\hashes.o
 .comment       0x00000000       0x3d output\Framework.o
 .comment       0x00000000       0x3d output\EthernetTasks.o
 .comment       0x00000000       0x3d output\drv_wifi_spi.o
 .comment       0x00000000       0x3d output\drv_wifi_pbkdf2.o
 .comment       0x00000000       0x3d output\drv_wifi_init.o
 .comment       0x00000000       0x3d output\drv_wifi_event_handler.o
 .comment       0x00000000       0x3d output\drv_wifi_param_msg.o
 .comment       0x00000000       0x3d output\drv_wifi_eint.o
 .comment       0x00000000       0x3d output\drv_wifi_mgmt_msg.o
 .comment       0x00000000       0x3d output\drv_wifi_debug_strings.o
 .comment       0x00000000       0x3d output\dhcp_client.o
 .comment       0x00000000       0x3d output\drv_wifi_connection_manager.o
 .comment       0x00000000       0x3d output\drv_wifi_raw.o
 .comment       0x00000000       0x3d output\drv_wifi_connection_algorithm.o
 .comment       0x00000000       0x3d output\drv_wifi_config.o
 .comment       0x00000000       0x3d output\drv_wifi_connection_profile.o
 .comment       0x00000000       0x3d output\drv_wifi_mac.o
 .comment       0x00000000       0x3d output\BootLoader.o
 .comment       0x00000000       0x3d output\dns_client.o
 .comment       0x00000000       0x3d output\big_int.o
 .comment       0x00000000       0x3d output\arp.o
 .comment       0x00000000       0x3d output\announce.o
 .comment       0x00000000       0x3d output\drv_wifi_com.o
 .comment       0x00000000       0x3d output\arc4.o
 .comment       0x00000000       0x3d output\drv_wifi_power_save.o
 .comment       0x00000000       0x3d output\NVMem.o
 .comment       0x00000000       0x3d output\Delay.o
 .comment       0x0000003c       0x3c c:/program files (x86)/microchip/xc32/v2.30/bin/bin/../../lib/gcc/pic32mx/4.8.3/../../../../pic32mx/lib\libmchp_peripheral.a(read_core_timer_lib.o)
                                 0x3d (size before relaxing)
 .comment       0x00000000       0x3d c:/program files (x86)/microchip/xc32/v2.30/bin/bin/../../lib/gcc/pic32mx/4.8.3/../../../../pic32mx/lib\libmchp_peripheral.a(write_core_timer_lib.o)
 .comment       0x00000000       0x3d c:/program files (x86)/microchip/xc32/v2.30/bin/bin/../../lib/gcc/pic32mx/4.8.3/../../../../pic32mx/lib\libmchp_peripheral_32MX440F256H.a(soft_reset_lib.o)
 .comment       0x00000000       0x3d c:/program files (x86)/microchip/xc32/v2.30/bin/bin/../../lib/gcc/pic32mx/4.8.3/../../../../pic32mx/lib\libmchp_peripheral_32MX440F256H.a(pcache.o)
 .comment       0x00000000       0x3d c:/program files (x86)/microchip/xc32/v2.30/bin/bin/../../lib/gcc/pic32mx/4.8.3/../../../../pic32mx/lib\libmchp_peripheral_32MX440F256H.a(int_disable_interrupts_lib.o)
 .comment       0x00000000       0x3d c:/program files (x86)/microchip/xc32/v2.30/bin/bin/../../lib/gcc/pic32mx/4.8.3/../../../../pic32mx/lib\libmchp_peripheral_32MX440F256H.a(int_restore_interrupts_lib.o)
 .comment       0x00000000       0x3d c:/program files (x86)/microchip/xc32/v2.30/bin/bin/../../lib/gcc/pic32mx/4.8.3/../../../../pic32mx/lib\libmchp_peripheral_32MX440F256H.a(int_enable_mv_int_lib.o)
 .comment       0x00000000       0x3d c:/program files (x86)/microchip/xc32/v2.30/bin/bin/../../lib/gcc/pic32mx/4.8.3/../../../../pic32mx/lib\libmchp_peripheral_32MX440F256H.a(int_enable_interrupts_lib.o)
 .comment       0x00000000       0x3d c:/program files (x86)/microchip/xc32/v2.30/bin/bin/../../lib/gcc/pic32mx/4.8.3\libgcc.a(_udivdi3.o)
 .comment       0x00000000       0x3d c:/program files (x86)/microchip/xc32/v2.30/bin/bin/../../lib/gcc/pic32mx/4.8.3\libgcc.a(_umoddi3.o)
 .comment       0x00000078       0x18 c:/program files (x86)/microchip/xc32/v2.30/bin/bin/../../lib/gcc/pic32mx/4.8.3/../../../../pic32mx/lib\libpic32.a(memcmp.o)
                                 0x19 (size before relaxing)
 .comment       0x00000090       0x18 c:/program files (x86)/microchip/xc32/v2.30/bin/bin/../../lib/gcc/pic32mx/4.8.3/../../../../pic32mx/lib\libpic32.a(memset.o)
                                 0x19 (size before relaxing)
 .comment       0x000000a8       0x19 c:/program files (x86)/microchip/xc32/v2.30/bin/bin/../../lib/gcc/pic32mx/4.8.3/../../../../pic32mx/lib\libpic32.a(strlen.o)
                                 0x1a (size before relaxing)
 .comment       0x00000000       0x3d c:/program files (x86)/microchip/xc32/v2.30/bin/bin/../../lib/gcc/pic32mx/4.8.3/../../../../pic32mx/lib\libpic32.a(default-bootstrap-exception-handler.o)
 .comment       0x00000000       0x3d c:/program files (x86)/microchip/xc32/v2.30/bin/bin/../../lib/gcc/pic32mx/4.8.3/../../../../pic32mx/lib\libpic32.a(default-on-reset.o)
 .comment       0x00000000       0x3d c:/program files (x86)/microchip/xc32/v2.30/bin/bin/../../lib/gcc/pic32mx/4.8.3/../../../../pic32mx/lib\libpic32.a(default-on-bootstrap.o)
 .comment       0x00000000       0x3d c:/program files (x86)/microchip/xc32/v2.30/bin/bin/../../lib/gcc/pic32mx/4.8.3/../../../../pic32mx/lib\libpic32.a(default-general-exception-handler.o)
 .comment       0x00000000       0x3d c:/program files (x86)/microchip/xc32/v2.30/bin/bin/../../lib/gcc/pic32mx/4.8.3/../../../../pic32mx/lib\libpic32.a(defaultinterrupt.o)
 .comment       0x000000c1       0x50 c:/program files (x86)/microchip/xc32/v2.30/bin/bin/../../lib/gcc/pic32mx/4.8.3/../../../../pic32mx/lib\liblega-c.a(strncpy.o)
                                 0x8d (size before relaxing)

.debug
 *(.debug)

.line
 *(.line)

.debug_srcinfo
 *(.debug_srcinfo)

.debug_sfnames
 *(.debug_sfnames)

.debug_aranges  0x00000000      0x6a8
 *(.debug_aranges)
 .debug_aranges
                0x00000000       0x20 output\daylight.o
 .debug_aranges
                0x00000020       0x20 output\rtc.o
 .debug_aranges
                0x00000040       0x20 output\rtcconverter.o
 .debug_aranges
                0x00000060       0x20 output\udp.o
 .debug_aranges
                0x00000080       0x20 output\tick.o
 .debug_aranges
                0x000000a0       0x20 output\stack_task.o
 .debug_aranges
                0x000000c0       0x18 output\rsa.o
 .debug_aranges
                0x000000d8       0x20 output\nbns.o
 .debug_aranges
                0x000000f8       0x20 output\ip.o
 .debug_aranges
                0x00000118       0x20 output\icmp.o
 .debug_aranges
                0x00000138       0x20 output\helpers.o
 .debug_aranges
                0x00000158       0x18 output\hashes.o
 .debug_aranges
                0x00000170       0x20 output\Framework.o
 .debug_aranges
                0x00000190       0x20 output\EthernetTasks.o
 .debug_aranges
                0x000001b0       0x20 output\drv_wifi_spi.o
 .debug_aranges
                0x000001d0       0x20 output\drv_wifi_pbkdf2.o
 .debug_aranges
                0x000001f0       0x20 output\drv_wifi_init.o
 .debug_aranges
                0x00000210       0x20 output\drv_wifi_event_handler.o
 .debug_aranges
                0x00000230       0x20 output\drv_wifi_param_msg.o
 .debug_aranges
                0x00000250       0x20 output\drv_wifi_eint.o
 .debug_aranges
                0x00000270       0x20 output\drv_wifi_mgmt_msg.o
 .debug_aranges
                0x00000290       0x20 output\drv_wifi_debug_strings.o
 .debug_aranges
                0x000002b0       0x20 output\dhcp_client.o
 .debug_aranges
                0x000002d0       0x20 output\drv_wifi_connection_manager.o
 .debug_aranges
                0x000002f0       0x20 output\drv_wifi_raw.o
 .debug_aranges
                0x00000310       0x20 output\drv_wifi_connection_algorithm.o
 .debug_aranges
                0x00000330       0x20 output\drv_wifi_config.o
 .debug_aranges
                0x00000350       0x20 output\drv_wifi_connection_profile.o
 .debug_aranges
                0x00000370       0x20 output\drv_wifi_mac.o
 .debug_aranges
                0x00000390       0x20 output\BootLoader.o
 .debug_aranges
                0x000003b0       0x20 output\dns_client.o
 .debug_aranges
                0x000003d0       0x18 output\big_int.o
 .debug_aranges
                0x000003e8       0x20 output\arp.o
 .debug_aranges
                0x00000408       0x20 output\announce.o
 .debug_aranges
                0x00000428       0x20 output\drv_wifi_com.o
 .debug_aranges
                0x00000448       0x18 output\arc4.o
 .debug_aranges
                0x00000460       0x20 output\drv_wifi_power_save.o
 .debug_aranges
                0x00000480       0x20 output\NVMem.o
 .debug_aranges
                0x000004a0       0x20 output\Delay.o
 .debug_aranges
                0x000004c0       0x20 c:/program files (x86)/microchip/xc32/v2.30/bin/bin/../../lib/gcc/pic32mx/4.8.3/../../../../pic32mx/lib\libmchp_peripheral.a(read_core_timer_lib.o)
 .debug_aranges
                0x000004e0       0x20 c:/program files (x86)/microchip/xc32/v2.30/bin/bin/../../lib/gcc/pic32mx/4.8.3/../../../../pic32mx/lib\libmchp_peripheral.a(write_core_timer_lib.o)
 .debug_aranges
                0x00000500       0x20 c:/program files (x86)/microchip/xc32/v2.30/bin/bin/../../lib/gcc/pic32mx/4.8.3/../../../../pic32mx/lib\libmchp_peripheral_32MX440F256H.a(soft_reset_lib.o)
 .debug_aranges
                0x00000520       0x28 c:/program files (x86)/microchip/xc32/v2.30/bin/bin/../../lib/gcc/pic32mx/4.8.3/../../../../pic32mx/lib\libmchp_peripheral_32MX440F256H.a(pcache.o)
 .debug_aranges
                0x00000548       0x20 c:/program files (x86)/microchip/xc32/v2.30/bin/bin/../../lib/gcc/pic32mx/4.8.3/../../../../pic32mx/lib\libmchp_peripheral_32MX440F256H.a(int_disable_interrupts_lib.o)
 .debug_aranges
                0x00000568       0x20 c:/program files (x86)/microchip/xc32/v2.30/bin/bin/../../lib/gcc/pic32mx/4.8.3/../../../../pic32mx/lib\libmchp_peripheral_32MX440F256H.a(int_restore_interrupts_lib.o)
 .debug_aranges
                0x00000588       0x20 c:/program files (x86)/microchip/xc32/v2.30/bin/bin/../../lib/gcc/pic32mx/4.8.3/../../../../pic32mx/lib\libmchp_peripheral_32MX440F256H.a(int_enable_mv_int_lib.o)
 .debug_aranges
                0x000005a8       0x20 c:/program files (x86)/microchip/xc32/v2.30/bin/bin/../../lib/gcc/pic32mx/4.8.3/../../../../pic32mx/lib\libmchp_peripheral_32MX440F256H.a(int_enable_interrupts_lib.o)
 .debug_aranges
                0x000005c8       0x20 c:/program files (x86)/microchip/xc32/v2.30/bin/bin/../../lib/gcc/pic32mx/4.8.3\libgcc.a(_udivdi3.o)
 .debug_aranges
                0x000005e8       0x20 c:/program files (x86)/microchip/xc32/v2.30/bin/bin/../../lib/gcc/pic32mx/4.8.3\libgcc.a(_umoddi3.o)
 .debug_aranges
                0x00000608       0x20 c:/program files (x86)/microchip/xc32/v2.30/bin/bin/../../lib/gcc/pic32mx/4.8.3/../../../../pic32mx/lib\libpic32.a(default-bootstrap-exception-handler.o)
 .debug_aranges
                0x00000628       0x20 c:/program files (x86)/microchip/xc32/v2.30/bin/bin/../../lib/gcc/pic32mx/4.8.3/../../../../pic32mx/lib\libpic32.a(default-on-reset.o)
 .debug_aranges
                0x00000648       0x20 c:/program files (x86)/microchip/xc32/v2.30/bin/bin/../../lib/gcc/pic32mx/4.8.3/../../../../pic32mx/lib\libpic32.a(default-on-bootstrap.o)
 .debug_aranges
                0x00000668       0x20 c:/program files (x86)/microchip/xc32/v2.30/bin/bin/../../lib/gcc/pic32mx/4.8.3/../../../../pic32mx/lib\libpic32.a(default-general-exception-handler.o)
 .debug_aranges
                0x00000688       0x20 c:/program files (x86)/microchip/xc32/v2.30/bin/bin/../../lib/gcc/pic32mx/4.8.3/../../../../pic32mx/lib\libpic32.a(defaultinterrupt.o)

.debug_pubnames
 *(.debug_pubnames)

.debug_info     0x00000000    0x3ef1e
 *(.debug_info .gnu.linkonce.wi.*)
 .debug_info    0x00000000      0x2af output\daylight.o
 .debug_info    0x000002af      0xb75 output\rtc.o
 .debug_info    0x00000e24      0x49f output\rtcconverter.o
 .debug_info    0x000012c3     0x2443 output\udp.o
 .debug_info    0x00003706     0x166b output\tick.o
 .debug_info    0x00004d71     0x1b75 output\stack_task.o
 .debug_info    0x000068e6      0xdcb output\rsa.o
 .debug_info    0x000076b1     0x1f69 output\nbns.o
 .debug_info    0x0000961a     0x1aaa output\ip.o
 .debug_info    0x0000b0c4     0x1578 output\icmp.o
 .debug_info    0x0000c63c     0x19f5 output\helpers.o
 .debug_info    0x0000e031      0xdce output\hashes.o
 .debug_info    0x0000edff     0x1b5a output\Framework.o
 .debug_info    0x00010959     0x2ad0 output\EthernetTasks.o
 .debug_info    0x00013429     0x1696 output\drv_wifi_spi.o
 .debug_info    0x00014abf     0x1cf2 output\drv_wifi_pbkdf2.o
 .debug_info    0x000167b1     0x1b00 output\drv_wifi_init.o
 .debug_info    0x000182b1     0x14f1 output\drv_wifi_event_handler.o
 .debug_info    0x000197a2     0x2350 output\drv_wifi_param_msg.o
 .debug_info    0x0001baf2     0x17d3 output\drv_wifi_eint.o
 .debug_info    0x0001d2c5     0x1b2b output\drv_wifi_mgmt_msg.o
 .debug_info    0x0001edf0      0xe5e output\drv_wifi_debug_strings.o
 .debug_info    0x0001fc4e     0x27c6 output\dhcp_client.o
 .debug_info    0x00022414     0x176a output\drv_wifi_connection_manager.o
 .debug_info    0x00023b7e     0x1e09 output\drv_wifi_raw.o
 .debug_info    0x00025987     0x286e output\drv_wifi_connection_algorithm.o
 .debug_info    0x000281f5     0x12d2 output\drv_wifi_config.o
 .debug_info    0x000294c7     0x25c7 output\drv_wifi_connection_profile.o
 .debug_info    0x0002ba8e     0x2b8a output\drv_wifi_mac.o
 .debug_info    0x0002e618     0x13a2 output\BootLoader.o
 .debug_info    0x0002f9ba     0x235f output\dns_client.o
 .debug_info    0x00031d19      0xdcf output\big_int.o
 .debug_info    0x00032ae8     0x1aed output\arp.o
 .debug_info    0x000345d5     0x1c4c output\announce.o
 .debug_info    0x00036221     0x2adc output\drv_wifi_com.o
 .debug_info    0x00038cfd      0xdcc output\arc4.o
 .debug_info    0x00039ac9     0x1a9f output\drv_wifi_power_save.o
 .debug_info    0x0003b568     0x1239 output\NVMem.o
 .debug_info    0x0003c7a1      0xea9 output\Delay.o
 .debug_info    0x0003d64a       0xa8 c:/program files (x86)/microchip/xc32/v2.30/bin/bin/../../lib/gcc/pic32mx/4.8.3/../../../../pic32mx/lib\libmchp_peripheral.a(read_core_timer_lib.o)
 .debug_info    0x0003d6f2       0xaa c:/program files (x86)/microchip/xc32/v2.30/bin/bin/../../lib/gcc/pic32mx/4.8.3/../../../../pic32mx/lib\libmchp_peripheral.a(write_core_timer_lib.o)
 .debug_info    0x0003d79c       0xb0 c:/program files (x86)/microchip/xc32/v2.30/bin/bin/../../lib/gcc/pic32mx/4.8.3/../../../../pic32mx/lib\libmchp_peripheral_32MX440F256H.a(soft_reset_lib.o)
 .debug_info    0x0003d84c       0xbe c:/program files (x86)/microchip/xc32/v2.30/bin/bin/../../lib/gcc/pic32mx/4.8.3/../../../../pic32mx/lib\libmchp_peripheral_32MX440F256H.a(pcache.o)
 .debug_info    0x0003d90a       0xb4 c:/program files (x86)/microchip/xc32/v2.30/bin/bin/../../lib/gcc/pic32mx/4.8.3/../../../../pic32mx/lib\libmchp_peripheral_32MX440F256H.a(int_disable_interrupts_lib.o)
 .debug_info    0x0003d9be       0xb4 c:/program files (x86)/microchip/xc32/v2.30/bin/bin/../../lib/gcc/pic32mx/4.8.3/../../../../pic32mx/lib\libmchp_peripheral_32MX440F256H.a(int_restore_interrupts_lib.o)
 .debug_info    0x0003da72       0xba c:/program files (x86)/microchip/xc32/v2.30/bin/bin/../../lib/gcc/pic32mx/4.8.3/../../../../pic32mx/lib\libmchp_peripheral_32MX440F256H.a(int_enable_mv_int_lib.o)
 .debug_info    0x0003db2c       0xb2 c:/program files (x86)/microchip/xc32/v2.30/bin/bin/../../lib/gcc/pic32mx/4.8.3/../../../../pic32mx/lib\libmchp_peripheral_32MX440F256H.a(int_enable_interrupts_lib.o)
 .debug_info    0x0003dbde      0x74b c:/program files (x86)/microchip/xc32/v2.30/bin/bin/../../lib/gcc/pic32mx/4.8.3\libgcc.a(_udivdi3.o)
 .debug_info    0x0003e329      0x788 c:/program files (x86)/microchip/xc32/v2.30/bin/bin/../../lib/gcc/pic32mx/4.8.3\libgcc.a(_umoddi3.o)
 .debug_info    0x0003eab1       0xf4 c:/program files (x86)/microchip/xc32/v2.30/bin/bin/../../lib/gcc/pic32mx/4.8.3/../../../../pic32mx/lib\libpic32.a(default-bootstrap-exception-handler.o)
 .debug_info    0x0003eba5       0xcd c:/program files (x86)/microchip/xc32/v2.30/bin/bin/../../lib/gcc/pic32mx/4.8.3/../../../../pic32mx/lib\libpic32.a(default-on-reset.o)
 .debug_info    0x0003ec72       0xd5 c:/program files (x86)/microchip/xc32/v2.30/bin/bin/../../lib/gcc/pic32mx/4.8.3/../../../../pic32mx/lib\libpic32.a(default-on-bootstrap.o)
 .debug_info    0x0003ed47       0xf0 c:/program files (x86)/microchip/xc32/v2.30/bin/bin/../../lib/gcc/pic32mx/4.8.3/../../../../pic32mx/lib\libpic32.a(default-general-exception-handler.o)
 .debug_info    0x0003ee37       0xe7 c:/program files (x86)/microchip/xc32/v2.30/bin/bin/../../lib/gcc/pic32mx/4.8.3/../../../../pic32mx/lib\libpic32.a(defaultinterrupt.o)

.debug_abbrev   0x00000000     0x6790
 *(.debug_abbrev)
 .debug_abbrev  0x00000000       0xcb output\daylight.o
 .debug_abbrev  0x000000cb      0x291 output\rtc.o
 .debug_abbrev  0x0000035c      0x127 output\rtcconverter.o
 .debug_abbrev  0x00000483      0x3c6 output\udp.o
 .debug_abbrev  0x00000849      0x21c output\tick.o
 .debug_abbrev  0x00000a65      0x266 output\stack_task.o
 .debug_abbrev  0x00000ccb      0x118 output\rsa.o
 .debug_abbrev  0x00000de3      0x2d4 output\nbns.o
 .debug_abbrev  0x000010b7      0x26c output\ip.o
 .debug_abbrev  0x00001323      0x1f6 output\icmp.o
 .debug_abbrev  0x00001519      0x280 output\helpers.o
 .debug_abbrev  0x00001799      0x118 output\hashes.o
 .debug_abbrev  0x000018b1      0x2f3 output\Framework.o
 .debug_abbrev  0x00001ba4      0x31f output\EthernetTasks.o
 .debug_abbrev  0x00001ec3      0x23f output\drv_wifi_spi.o
 .debug_abbrev  0x00002102      0x32d output\drv_wifi_pbkdf2.o
 .debug_abbrev  0x0000242f      0x249 output\drv_wifi_init.o
 .debug_abbrev  0x00002678      0x2b3 output\drv_wifi_event_handler.o
 .debug_abbrev  0x0000292b      0x28e output\drv_wifi_param_msg.o
 .debug_abbrev  0x00002bb9      0x184 output\drv_wifi_eint.o
 .debug_abbrev  0x00002d3d      0x30f output\drv_wifi_mgmt_msg.o
 .debug_abbrev  0x0000304c      0x145 output\drv_wifi_debug_strings.o
 .debug_abbrev  0x00003191      0x32b output\dhcp_client.o
 .debug_abbrev  0x000034bc      0x312 output\drv_wifi_connection_manager.o
 .debug_abbrev  0x000037ce      0x3ec output\drv_wifi_raw.o
 .debug_abbrev  0x00003bba      0x39c output\drv_wifi_connection_algorithm.o
 .debug_abbrev  0x00003f56      0x1f3 output\drv_wifi_config.o
 .debug_abbrev  0x00004149      0x341 output\drv_wifi_connection_profile.o
 .debug_abbrev  0x0000448a      0x43b output\drv_wifi_mac.o
 .debug_abbrev  0x000048c5      0x384 output\BootLoader.o
 .debug_abbrev  0x00004c49      0x2dc output\dns_client.o
 .debug_abbrev  0x00004f25      0x118 output\big_int.o
 .debug_abbrev  0x0000503d      0x2fa output\arp.o
 .debug_abbrev  0x00005337      0x287 output\announce.o
 .debug_abbrev  0x000055be      0x3b7 output\drv_wifi_com.o
 .debug_abbrev  0x00005975      0x118 output\arc4.o
 .debug_abbrev  0x00005a8d      0x3d0 output\drv_wifi_power_save.o
 .debug_abbrev  0x00005e5d      0x316 output\NVMem.o
 .debug_abbrev  0x00006173      0x187 output\Delay.o
 .debug_abbrev  0x000062fa       0x28 c:/program files (x86)/microchip/xc32/v2.30/bin/bin/../../lib/gcc/pic32mx/4.8.3/../../../../pic32mx/lib\libmchp_peripheral.a(read_core_timer_lib.o)
 .debug_abbrev  0x00006322       0x28 c:/program files (x86)/microchip/xc32/v2.30/bin/bin/../../lib/gcc/pic32mx/4.8.3/../../../../pic32mx/lib\libmchp_peripheral.a(write_core_timer_lib.o)
 .debug_abbrev  0x0000634a       0x37 c:/program files (x86)/microchip/xc32/v2.30/bin/bin/../../lib/gcc/pic32mx/4.8.3/../../../../pic32mx/lib\libmchp_peripheral_32MX440F256H.a(soft_reset_lib.o)
 .debug_abbrev  0x00006381       0x28 c:/program files (x86)/microchip/xc32/v2.30/bin/bin/../../lib/gcc/pic32mx/4.8.3/../../../../pic32mx/lib\libmchp_peripheral_32MX440F256H.a(pcache.o)
 .debug_abbrev  0x000063a9       0x28 c:/program files (x86)/microchip/xc32/v2.30/bin/bin/../../lib/gcc/pic32mx/4.8.3/../../../../pic32mx/lib\libmchp_peripheral_32MX440F256H.a(int_disable_interrupts_lib.o)
 .debug_abbrev  0x000063d1       0x28 c:/program files (x86)/microchip/xc32/v2.30/bin/bin/../../lib/gcc/pic32mx/4.8.3/../../../../pic32mx/lib\libmchp_peripheral_32MX440F256H.a(int_restore_interrupts_lib.o)
 .debug_abbrev  0x000063f9       0x28 c:/program files (x86)/microchip/xc32/v2.30/bin/bin/../../lib/gcc/pic32mx/4.8.3/../../../../pic32mx/lib\libmchp_peripheral_32MX440F256H.a(int_enable_mv_int_lib.o)
 .debug_abbrev  0x00006421       0x28 c:/program files (x86)/microchip/xc32/v2.30/bin/bin/../../lib/gcc/pic32mx/4.8.3/../../../../pic32mx/lib\libmchp_peripheral_32MX440F256H.a(int_enable_interrupts_lib.o)
 .debug_abbrev  0x00006449      0x138 c:/program files (x86)/microchip/xc32/v2.30/bin/bin/../../lib/gcc/pic32mx/4.8.3\libgcc.a(_udivdi3.o)
 .debug_abbrev  0x00006581      0x147 c:/program files (x86)/microchip/xc32/v2.30/bin/bin/../../lib/gcc/pic32mx/4.8.3\libgcc.a(_umoddi3.o)
 .debug_abbrev  0x000066c8       0x28 c:/program files (x86)/microchip/xc32/v2.30/bin/bin/../../lib/gcc/pic32mx/4.8.3/../../../../pic32mx/lib\libpic32.a(default-bootstrap-exception-handler.o)
 .debug_abbrev  0x000066f0       0x28 c:/program files (x86)/microchip/xc32/v2.30/bin/bin/../../lib/gcc/pic32mx/4.8.3/../../../../pic32mx/lib\libpic32.a(default-on-reset.o)
 .debug_abbrev  0x00006718       0x28 c:/program files (x86)/microchip/xc32/v2.30/bin/bin/../../lib/gcc/pic32mx/4.8.3/../../../../pic32mx/lib\libpic32.a(default-on-bootstrap.o)
 .debug_abbrev  0x00006740       0x28 c:/program files (x86)/microchip/xc32/v2.30/bin/bin/../../lib/gcc/pic32mx/4.8.3/../../../../pic32mx/lib\libpic32.a(default-general-exception-handler.o)
 .debug_abbrev  0x00006768       0x28 c:/program files (x86)/microchip/xc32/v2.30/bin/bin/../../lib/gcc/pic32mx/4.8.3/../../../../pic32mx/lib\libpic32.a(defaultinterrupt.o)

.debug_line     0x00000000     0x77b9
 *(.debug_line)
 .debug_line    0x00000000      0x10f output\daylight.o
 .debug_line    0x0000010f      0x273 output\rtc.o
 .debug_line    0x00000382      0x1a1 output\rtcconverter.o
 .debug_line    0x00000523      0x3de output\udp.o
 .debug_line    0x00000901      0x2a6 output\tick.o
 .debug_line    0x00000ba7      0x35c output\stack_task.o
 .debug_line    0x00000f03      0x17b output\rsa.o
 .debug_line    0x0000107e      0x2fa output\nbns.o
 .debug_line    0x00001378      0x2c4 output\ip.o
 .debug_line    0x0000163c      0x287 output\icmp.o
 .debug_line    0x000018c3      0x379 output\helpers.o
 .debug_line    0x00001c3c      0x17b output\hashes.o
 .debug_line    0x00001db7      0x346 output\Framework.o
 .debug_line    0x000020fd      0x457 output\EthernetTasks.o
 .debug_line    0x00002554      0x29d output\drv_wifi_spi.o
 .debug_line    0x000027f1      0x35b output\drv_wifi_pbkdf2.o
 .debug_line    0x00002b4c      0x2ec output\drv_wifi_init.o
 .debug_line    0x00002e38      0x2ec output\drv_wifi_event_handler.o
 .debug_line    0x00003124      0x308 output\drv_wifi_param_msg.o
 .debug_line    0x0000342c      0x28a output\drv_wifi_eint.o
 .debug_line    0x000036b6      0x305 output\drv_wifi_mgmt_msg.o
 .debug_line    0x000039bb      0x1fc output\drv_wifi_debug_strings.o
 .debug_line    0x00003bb7      0x40b output\dhcp_client.o
 .debug_line    0x00003fc2      0x2d9 output\drv_wifi_connection_manager.o
 .debug_line    0x0000429b      0x357 output\drv_wifi_raw.o
 .debug_line    0x000045f2      0x390 output\drv_wifi_connection_algorithm.o
 .debug_line    0x00004982      0x289 output\drv_wifi_config.o
 .debug_line    0x00004c0b      0x362 output\drv_wifi_connection_profile.o
 .debug_line    0x00004f6d      0x4d9 output\drv_wifi_mac.o
 .debug_line    0x00005446      0x2e5 output\BootLoader.o
 .debug_line    0x0000572b      0x39e output\dns_client.o
 .debug_line    0x00005ac9      0x17b output\big_int.o
 .debug_line    0x00005c44      0x300 output\arp.o
 .debug_line    0x00005f44      0x2dd output\announce.o
 .debug_line    0x00006221      0x3bf output\drv_wifi_com.o
 .debug_line    0x000065e0      0x17b output\arc4.o
 .debug_line    0x0000675b      0x2f8 output\drv_wifi_power_save.o
 .debug_line    0x00006a53      0x2be output\NVMem.o
 .debug_line    0x00006d11      0x1f8 output\Delay.o
 .debug_line    0x00006f09       0x6b c:/program files (x86)/microchip/xc32/v2.30/bin/bin/../../lib/gcc/pic32mx/4.8.3/../../../../pic32mx/lib\libmchp_peripheral.a(read_core_timer_lib.o)
 .debug_line    0x00006f74       0x6c c:/program files (x86)/microchip/xc32/v2.30/bin/bin/../../lib/gcc/pic32mx/4.8.3/../../../../pic32mx/lib\libmchp_peripheral.a(write_core_timer_lib.o)
 .debug_line    0x00006fe0       0xa7 c:/program files (x86)/microchip/xc32/v2.30/bin/bin/../../lib/gcc/pic32mx/4.8.3/../../../../pic32mx/lib\libmchp_peripheral_32MX440F256H.a(soft_reset_lib.o)
 .debug_line    0x00007087       0x5f c:/program files (x86)/microchip/xc32/v2.30/bin/bin/../../lib/gcc/pic32mx/4.8.3/../../../../pic32mx/lib\libmchp_peripheral_32MX440F256H.a(pcache.o)
 .debug_line    0x000070e6       0x70 c:/program files (x86)/microchip/xc32/v2.30/bin/bin/../../lib/gcc/pic32mx/4.8.3/../../../../pic32mx/lib\libmchp_peripheral_32MX440F256H.a(int_disable_interrupts_lib.o)
 .debug_line    0x00007156       0x70 c:/program files (x86)/microchip/xc32/v2.30/bin/bin/../../lib/gcc/pic32mx/4.8.3/../../../../pic32mx/lib\libmchp_peripheral_32MX440F256H.a(int_restore_interrupts_lib.o)
 .debug_line    0x000071c6       0x6b c:/program files (x86)/microchip/xc32/v2.30/bin/bin/../../lib/gcc/pic32mx/4.8.3/../../../../pic32mx/lib\libmchp_peripheral_32MX440F256H.a(int_enable_mv_int_lib.o)
 .debug_line    0x00007231       0x6f c:/program files (x86)/microchip/xc32/v2.30/bin/bin/../../lib/gcc/pic32mx/4.8.3/../../../../pic32mx/lib\libmchp_peripheral_32MX440F256H.a(int_enable_interrupts_lib.o)
 .debug_line    0x000072a0       0xf7 c:/program files (x86)/microchip/xc32/v2.30/bin/bin/../../lib/gcc/pic32mx/4.8.3\libgcc.a(_udivdi3.o)
 .debug_line    0x00007397      0x109 c:/program files (x86)/microchip/xc32/v2.30/bin/bin/../../lib/gcc/pic32mx/4.8.3\libgcc.a(_umoddi3.o)
 .debug_line    0x000074a0       0xa6 c:/program files (x86)/microchip/xc32/v2.30/bin/bin/../../lib/gcc/pic32mx/4.8.3/../../../../pic32mx/lib\libpic32.a(default-bootstrap-exception-handler.o)
 .debug_line    0x00007546       0x93 c:/program files (x86)/microchip/xc32/v2.30/bin/bin/../../lib/gcc/pic32mx/4.8.3/../../../../pic32mx/lib\libpic32.a(default-on-reset.o)
 .debug_line    0x000075d9       0x97 c:/program files (x86)/microchip/xc32/v2.30/bin/bin/../../lib/gcc/pic32mx/4.8.3/../../../../pic32mx/lib\libpic32.a(default-on-bootstrap.o)
 .debug_line    0x00007670       0xa4 c:/program files (x86)/microchip/xc32/v2.30/bin/bin/../../lib/gcc/pic32mx/4.8.3/../../../../pic32mx/lib\libpic32.a(default-general-exception-handler.o)
 .debug_line    0x00007714       0xa5 c:/program files (x86)/microchip/xc32/v2.30/bin/bin/../../lib/gcc/pic32mx/4.8.3/../../../../pic32mx/lib\libpic32.a(defaultinterrupt.o)

.debug_frame    0x00000000     0x24f8
 *(.debug_frame)
 .debug_frame   0x00000000       0x4c output\daylight.o
 .debug_frame   0x0000004c      0x234 output\rtc.o
 .debug_frame   0x00000280       0x68 output\rtcconverter.o
 .debug_frame   0x000002e8      0x1f4 output\udp.o
 .debug_frame   0x000004dc       0xc8 output\tick.o
 .debug_frame   0x000005a4       0x84 output\stack_task.o
 .debug_frame   0x00000628       0x4c output\nbns.o
 .debug_frame   0x00000674       0x84 output\ip.o
 .debug_frame   0x000006f8       0x30 output\icmp.o
 .debug_frame   0x00000728      0x150 output\helpers.o
 .debug_frame   0x00000878       0xf0 output\Framework.o
 .debug_frame   0x00000968       0xc0 output\EthernetTasks.o
 .debug_frame   0x00000a28       0x64 output\drv_wifi_spi.o
 .debug_frame   0x00000a8c      0x160 output\drv_wifi_pbkdf2.o
 .debug_frame   0x00000bec       0x2c output\drv_wifi_init.o
 .debug_frame   0x00000c18       0x30 output\drv_wifi_event_handler.o
 .debug_frame   0x00000c48      0x1c8 output\drv_wifi_param_msg.o
 .debug_frame   0x00000e10       0xb8 output\drv_wifi_eint.o
 .debug_frame   0x00000ec8       0x98 output\drv_wifi_mgmt_msg.o
 .debug_frame   0x00000f60       0x20 output\drv_wifi_debug_strings.o
 .debug_frame   0x00000f80      0x114 output\dhcp_client.o
 .debug_frame   0x00001094       0xc8 output\drv_wifi_connection_manager.o
 .debug_frame   0x0000115c      0x214 output\drv_wifi_raw.o
 .debug_frame   0x00001370      0x360 output\drv_wifi_connection_algorithm.o
 .debug_frame   0x000016d0       0x30 output\drv_wifi_config.o
 .debug_frame   0x00001700      0x2a0 output\drv_wifi_connection_profile.o
 .debug_frame   0x000019a0      0x324 output\drv_wifi_mac.o
 .debug_frame   0x00001cc4       0x64 output\BootLoader.o
 .debug_frame   0x00001d28       0xdc output\dns_client.o
 .debug_frame   0x00001e04       0xcc output\arp.o
 .debug_frame   0x00001ed0       0x68 output\announce.o
 .debug_frame   0x00001f38      0x194 output\drv_wifi_com.o
 .debug_frame   0x000020cc      0x13c output\drv_wifi_power_save.o
 .debug_frame   0x00002208       0x94 output\NVMem.o
 .debug_frame   0x0000229c       0x44 output\Delay.o
 .debug_frame   0x000022e0       0x20 c:/program files (x86)/microchip/xc32/v2.30/bin/bin/../../lib/gcc/pic32mx/4.8.3/../../../../pic32mx/lib\libmchp_peripheral.a(read_core_timer_lib.o)
 .debug_frame   0x00002300       0x20 c:/program files (x86)/microchip/xc32/v2.30/bin/bin/../../lib/gcc/pic32mx/4.8.3/../../../../pic32mx/lib\libmchp_peripheral.a(write_core_timer_lib.o)
 .debug_frame   0x00002320       0x28 c:/program files (x86)/microchip/xc32/v2.30/bin/bin/../../lib/gcc/pic32mx/4.8.3/../../../../pic32mx/lib\libmchp_peripheral_32MX440F256H.a(soft_reset_lib.o)
 .debug_frame   0x00002348       0x30 c:/program files (x86)/microchip/xc32/v2.30/bin/bin/../../lib/gcc/pic32mx/4.8.3/../../../../pic32mx/lib\libmchp_peripheral_32MX440F256H.a(pcache.o)
 .debug_frame   0x00002378       0x20 c:/program files (x86)/microchip/xc32/v2.30/bin/bin/../../lib/gcc/pic32mx/4.8.3/../../../../pic32mx/lib\libmchp_peripheral_32MX440F256H.a(int_disable_interrupts_lib.o)
 .debug_frame   0x00002398       0x20 c:/program files (x86)/microchip/xc32/v2.30/bin/bin/../../lib/gcc/pic32mx/4.8.3/../../../../pic32mx/lib\libmchp_peripheral_32MX440F256H.a(int_restore_interrupts_lib.o)
 .debug_frame   0x000023b8       0x28 c:/program files (x86)/microchip/xc32/v2.30/bin/bin/../../lib/gcc/pic32mx/4.8.3/../../../../pic32mx/lib\libmchp_peripheral_32MX440F256H.a(int_enable_mv_int_lib.o)
 .debug_frame   0x000023e0       0x20 c:/program files (x86)/microchip/xc32/v2.30/bin/bin/../../lib/gcc/pic32mx/4.8.3/../../../../pic32mx/lib\libmchp_peripheral_32MX440F256H.a(int_enable_interrupts_lib.o)
 .debug_frame   0x00002400       0x20 c:/program files (x86)/microchip/xc32/v2.30/bin/bin/../../lib/gcc/pic32mx/4.8.3\libgcc.a(_udivdi3.o)
 .debug_frame   0x00002420       0x20 c:/program files (x86)/microchip/xc32/v2.30/bin/bin/../../lib/gcc/pic32mx/4.8.3\libgcc.a(_umoddi3.o)
 .debug_frame   0x00002440       0x2c c:/program files (x86)/microchip/xc32/v2.30/bin/bin/../../lib/gcc/pic32mx/4.8.3/../../../../pic32mx/lib\libpic32.a(default-bootstrap-exception-handler.o)
 .debug_frame   0x0000246c       0x20 c:/program files (x86)/microchip/xc32/v2.30/bin/bin/../../lib/gcc/pic32mx/4.8.3/../../../../pic32mx/lib\libpic32.a(default-on-reset.o)
 .debug_frame   0x0000248c       0x20 c:/program files (x86)/microchip/xc32/v2.30/bin/bin/../../lib/gcc/pic32mx/4.8.3/../../../../pic32mx/lib\libpic32.a(default-on-bootstrap.o)
 .debug_frame   0x000024ac       0x2c c:/program files (x86)/microchip/xc32/v2.30/bin/bin/../../lib/gcc/pic32mx/4.8.3/../../../../pic32mx/lib\libpic32.a(default-general-exception-handler.o)
 .debug_frame   0x000024d8       0x20 c:/program files (x86)/microchip/xc32/v2.30/bin/bin/../../lib/gcc/pic32mx/4.8.3/../../../../pic32mx/lib\libpic32.a(defaultinterrupt.o)

.debug_str      0x00000000      0x39e
 *(.debug_str)
 .debug_str     0x00000000        0x7 output\daylight.o
 .debug_str     0x00000007       0x10 output\rtc.o
 .debug_str     0x00000017       0x29 output\rtcconverter.o
 .debug_str     0x00000040       0x34 output\udp.o
 .debug_str     0x00000074        0x0 output\tick.o
 .debug_str     0x00000074        0x0 output\stack_task.o
 .debug_str     0x00000074        0x0 output\rsa.o
 .debug_str     0x00000074        0xb output\nbns.o
 .debug_str     0x0000007f        0x9 output\ip.o
 .debug_str     0x00000088        0x0 output\icmp.o
 .debug_str     0x00000088        0x0 output\helpers.o
 .debug_str     0x00000088        0x0 output\hashes.o
 .debug_str     0x00000088        0x0 output\Framework.o
 .debug_str     0x00000088        0x0 output\EthernetTasks.o
 .debug_str     0x00000088        0x0 output\drv_wifi_spi.o
 .debug_str     0x00000088       0x52 output\drv_wifi_pbkdf2.o
 .debug_str     0x000000da        0x0 output\drv_wifi_init.o
 .debug_str     0x000000da        0xb output\drv_wifi_event_handler.o
 .debug_str     0x000000e5       0x49 output\drv_wifi_param_msg.o
 .debug_str     0x0000012e        0x0 output\drv_wifi_eint.o
 .debug_str     0x0000012e       0x10 output\drv_wifi_mgmt_msg.o
 .debug_str     0x0000013e        0x0 output\drv_wifi_debug_strings.o
 .debug_str     0x0000013e        0xb output\dhcp_client.o
 .debug_str     0x00000149       0x15 output\drv_wifi_connection_manager.o
 .debug_str     0x0000015e       0x5c output\drv_wifi_raw.o
 .debug_str     0x000001ba       0xe4 output\drv_wifi_connection_algorithm.o
 .debug_str     0x0000029e        0x0 output\drv_wifi_config.o
 .debug_str     0x0000029e       0xa6 output\drv_wifi_connection_profile.o
 .debug_str     0x00000344        0xa output\drv_wifi_mac.o
 .debug_str     0x0000034e       0x15 output\BootLoader.o
 .debug_str     0x00000363        0x0 output\dns_client.o
 .debug_str     0x00000363        0x0 output\big_int.o
 .debug_str     0x00000363        0xe output\arp.o
 .debug_str     0x00000371       0x14 output\announce.o
 .debug_str     0x00000385        0x6 output\drv_wifi_com.o
 .debug_str     0x0000038b        0x0 output\arc4.o
 .debug_str     0x0000038b        0xb output\drv_wifi_power_save.o
 .debug_str     0x00000396        0x8 output\NVMem.o
 .debug_str     0x0000039e        0x0 output\Delay.o
 .debug_str     0x0000039e        0x0 c:/program files (x86)/microchip/xc32/v2.30/bin/bin/../../lib/gcc/pic32mx/4.8.3/../../../../pic32mx/lib\libmchp_peripheral.a(read_core_timer_lib.o)
 .debug_str     0x0000039e        0x0 c:/program files (x86)/microchip/xc32/v2.30/bin/bin/../../lib/gcc/pic32mx/4.8.3/../../../../pic32mx/lib\libmchp_peripheral.a(write_core_timer_lib.o)
 .debug_str     0x0000039e        0x0 c:/program files (x86)/microchip/xc32/v2.30/bin/bin/../../lib/gcc/pic32mx/4.8.3/../../../../pic32mx/lib\libmchp_peripheral_32MX440F256H.a(soft_reset_lib.o)
 .debug_str     0x0000039e        0x0 c:/program files (x86)/microchip/xc32/v2.30/bin/bin/../../lib/gcc/pic32mx/4.8.3/../../../../pic32mx/lib\libmchp_peripheral_32MX440F256H.a(pcache.o)
 .debug_str     0x0000039e        0x0 c:/program files (x86)/microchip/xc32/v2.30/bin/bin/../../lib/gcc/pic32mx/4.8.3/../../../../pic32mx/lib\libmchp_peripheral_32MX440F256H.a(int_disable_interrupts_lib.o)
 .debug_str     0x0000039e        0x0 c:/program files (x86)/microchip/xc32/v2.30/bin/bin/../../lib/gcc/pic32mx/4.8.3/../../../../pic32mx/lib\libmchp_peripheral_32MX440F256H.a(int_restore_interrupts_lib.o)
 .debug_str     0x0000039e        0x0 c:/program files (x86)/microchip/xc32/v2.30/bin/bin/../../lib/gcc/pic32mx/4.8.3/../../../../pic32mx/lib\libmchp_peripheral_32MX440F256H.a(int_enable_mv_int_lib.o)
 .debug_str     0x0000039e        0x0 c:/program files (x86)/microchip/xc32/v2.30/bin/bin/../../lib/gcc/pic32mx/4.8.3/../../../../pic32mx/lib\libmchp_peripheral_32MX440F256H.a(int_enable_interrupts_lib.o)
 .debug_str     0x0000039e        0x0 c:/program files (x86)/microchip/xc32/v2.30/bin/bin/../../lib/gcc/pic32mx/4.8.3\libgcc.a(_udivdi3.o)
 .debug_str     0x0000039e        0x0 c:/program files (x86)/microchip/xc32/v2.30/bin/bin/../../lib/gcc/pic32mx/4.8.3\libgcc.a(_umoddi3.o)
 .debug_str     0x0000039e        0x0 c:/program files (x86)/microchip/xc32/v2.30/bin/bin/../../lib/gcc/pic32mx/4.8.3/../../../../pic32mx/lib\libpic32.a(default-bootstrap-exception-handler.o)
 .debug_str     0x0000039e        0x0 c:/program files (x86)/microchip/xc32/v2.30/bin/bin/../../lib/gcc/pic32mx/4.8.3/../../../../pic32mx/lib\libpic32.a(default-on-reset.o)
 .debug_str     0x0000039e        0x0 c:/program files (x86)/microchip/xc32/v2.30/bin/bin/../../lib/gcc/pic32mx/4.8.3/../../../../pic32mx/lib\libpic32.a(default-on-bootstrap.o)
 .debug_str     0x0000039e        0x0 c:/program files (x86)/microchip/xc32/v2.30/bin/bin/../../lib/gcc/pic32mx/4.8.3/../../../../pic32mx/lib\libpic32.a(default-general-exception-handler.o)
 .debug_str     0x0000039e        0x0 c:/program files (x86)/microchip/xc32/v2.30/bin/bin/../../lib/gcc/pic32mx/4.8.3/../../../../pic32mx/lib\libpic32.a(defaultinterrupt.o)

.debug_loc      0x00000000     0x82cd
 *(.debug_loc)
 .debug_loc     0x00000000      0x1ee output\daylight.o
 .debug_loc     0x000001ee      0x6f7 output\rtc.o
 .debug_loc     0x000008e5      0x2f4 output\rtcconverter.o
 .debug_loc     0x00000bd9      0x606 output\udp.o
 .debug_loc     0x000011df       0x3a output\tick.o
 .debug_loc     0x00001219       0x8c output\nbns.o
 .debug_loc     0x000012a5      0x1b7 output\ip.o
 .debug_loc     0x0000145c       0x4d output\icmp.o
 .debug_loc     0x000014a9      0x92e output\helpers.o
 .debug_loc     0x00001dd7      0x4ee output\Framework.o
 .debug_loc     0x000022c5      0x101 output\EthernetTasks.o
 .debug_loc     0x000023c6      0x11e output\drv_wifi_spi.o
 .debug_loc     0x000024e4     0x1435 output\drv_wifi_pbkdf2.o
 .debug_loc     0x00003919      0x1b2 output\drv_wifi_event_handler.o
 .debug_loc     0x00003acb      0x48e output\drv_wifi_param_msg.o
 .debug_loc     0x00003f59      0x19f output\drv_wifi_mgmt_msg.o
 .debug_loc     0x000040f8      0x1ff output\dhcp_client.o
 .debug_loc     0x000042f7      0x1aa output\drv_wifi_connection_manager.o
 .debug_loc     0x000044a1      0x65e output\drv_wifi_raw.o
 .debug_loc     0x00004aff      0x794 output\drv_wifi_connection_algorithm.o
 .debug_loc     0x00005293       0x6e output\drv_wifi_config.o
 .debug_loc     0x00005301      0x9d9 output\drv_wifi_connection_profile.o
 .debug_loc     0x00005cda      0x844 output\drv_wifi_mac.o
 .debug_loc     0x0000651e       0x7b output\BootLoader.o
 .debug_loc     0x00006599      0x14b output\dns_client.o
 .debug_loc     0x000066e4      0x129 output\arp.o
 .debug_loc     0x0000680d       0x3d output\announce.o
 .debug_loc     0x0000684a      0x282 output\drv_wifi_com.o
 .debug_loc     0x00006acc       0xbd output\drv_wifi_power_save.o
 .debug_loc     0x00006b89      0x1b2 output\NVMem.o
 .debug_loc     0x00006d3b       0x93 output\Delay.o
 .debug_loc     0x00006dce      0xa6a c:/program files (x86)/microchip/xc32/v2.30/bin/bin/../../lib/gcc/pic32mx/4.8.3\libgcc.a(_udivdi3.o)
 .debug_loc     0x00007838      0xa3d c:/program files (x86)/microchip/xc32/v2.30/bin/bin/../../lib/gcc/pic32mx/4.8.3\libgcc.a(_umoddi3.o)
 .debug_loc     0x00008275       0x2c c:/program files (x86)/microchip/xc32/v2.30/bin/bin/../../lib/gcc/pic32mx/4.8.3/../../../../pic32mx/lib\libpic32.a(default-bootstrap-exception-handler.o)
 .debug_loc     0x000082a1       0x2c c:/program files (x86)/microchip/xc32/v2.30/bin/bin/../../lib/gcc/pic32mx/4.8.3/../../../../pic32mx/lib\libpic32.a(default-general-exception-handler.o)

.debug_macinfo
 *(.debug_macinfo)

.debug_weaknames
 *(.debug_weaknames)

.debug_funcnames
 *(.debug_funcnames)

.debug_typenames
 *(.debug_typenames)

.debug_varnames
 *(.debug_varnames)

.debug_pubtypes
 *(.debug_pubtypes)

.debug_ranges   0x00000000      0x430
 *(.debug_ranges)
 .debug_ranges  0x00000000       0x90 output\rtc.o
 .debug_ranges  0x00000090       0x50 output\rtcconverter.o
 .debug_ranges  0x000000e0       0x18 output\udp.o
 .debug_ranges  0x000000f8       0x18 output\nbns.o
 .debug_ranges  0x00000110       0x58 output\drv_wifi_pbkdf2.o
 .debug_ranges  0x00000168       0x18 output\drv_wifi_init.o
 .debug_ranges  0x00000180       0x18 output\drv_wifi_event_handler.o
 .debug_ranges  0x00000198       0x18 output\drv_wifi_raw.o
 .debug_ranges  0x000001b0       0x20 output\drv_wifi_com.o
 .debug_ranges  0x000001d0       0x18 output\NVMem.o
 .debug_ranges  0x000001e8       0x10 c:/program files (x86)/microchip/xc32/v2.30/bin/bin/../../lib/gcc/pic32mx/4.8.3/../../../../pic32mx/lib\libmchp_peripheral.a(read_core_timer_lib.o)
 .debug_ranges  0x000001f8       0x10 c:/program files (x86)/microchip/xc32/v2.30/bin/bin/../../lib/gcc/pic32mx/4.8.3/../../../../pic32mx/lib\libmchp_peripheral.a(write_core_timer_lib.o)
 .debug_ranges  0x00000208       0x10 c:/program files (x86)/microchip/xc32/v2.30/bin/bin/../../lib/gcc/pic32mx/4.8.3/../../../../pic32mx/lib\libmchp_peripheral_32MX440F256H.a(soft_reset_lib.o)
 .debug_ranges  0x00000218       0x18 c:/program files (x86)/microchip/xc32/v2.30/bin/bin/../../lib/gcc/pic32mx/4.8.3/../../../../pic32mx/lib\libmchp_peripheral_32MX440F256H.a(pcache.o)
 .debug_ranges  0x00000230       0x10 c:/program files (x86)/microchip/xc32/v2.30/bin/bin/../../lib/gcc/pic32mx/4.8.3/../../../../pic32mx/lib\libmchp_peripheral_32MX440F256H.a(int_disable_interrupts_lib.o)
 .debug_ranges  0x00000240       0x10 c:/program files (x86)/microchip/xc32/v2.30/bin/bin/../../lib/gcc/pic32mx/4.8.3/../../../../pic32mx/lib\libmchp_peripheral_32MX440F256H.a(int_restore_interrupts_lib.o)
 .debug_ranges  0x00000250       0x10 c:/program files (x86)/microchip/xc32/v2.30/bin/bin/../../lib/gcc/pic32mx/4.8.3/../../../../pic32mx/lib\libmchp_peripheral_32MX440F256H.a(int_enable_mv_int_lib.o)
 .debug_ranges  0x00000260       0x10 c:/program files (x86)/microchip/xc32/v2.30/bin/bin/../../lib/gcc/pic32mx/4.8.3/../../../../pic32mx/lib\libmchp_peripheral_32MX440F256H.a(int_enable_interrupts_lib.o)
 .debug_ranges  0x00000270       0x98 c:/program files (x86)/microchip/xc32/v2.30/bin/bin/../../lib/gcc/pic32mx/4.8.3\libgcc.a(_udivdi3.o)
 .debug_ranges  0x00000308       0xd8 c:/program files (x86)/microchip/xc32/v2.30/bin/bin/../../lib/gcc/pic32mx/4.8.3\libgcc.a(_umoddi3.o)
 .debug_ranges  0x000003e0       0x10 c:/program files (x86)/microchip/xc32/v2.30/bin/bin/../../lib/gcc/pic32mx/4.8.3/../../../../pic32mx/lib\libpic32.a(default-bootstrap-exception-handler.o)
 .debug_ranges  0x000003f0       0x10 c:/program files (x86)/microchip/xc32/v2.30/bin/bin/../../lib/gcc/pic32mx/4.8.3/../../../../pic32mx/lib\libpic32.a(default-on-reset.o)
 .debug_ranges  0x00000400       0x10 c:/program files (x86)/microchip/xc32/v2.30/bin/bin/../../lib/gcc/pic32mx/4.8.3/../../../../pic32mx/lib\libpic32.a(default-on-bootstrap.o)
 .debug_ranges  0x00000410       0x10 c:/program files (x86)/microchip/xc32/v2.30/bin/bin/../../lib/gcc/pic32mx/4.8.3/../../../../pic32mx/lib\libpic32.a(default-general-exception-handler.o)
 .debug_ranges  0x00000420       0x10 c:/program files (x86)/microchip/xc32/v2.30/bin/bin/../../lib/gcc/pic32mx/4.8.3/../../../../pic32mx/lib\libpic32.a(defaultinterrupt.o)

.gnu.attributes
                0x00000000       0x10
 *(.gnu.attributes)
 .gnu.attributes
                0x00000000       0x10 output\daylight.o
 .gnu.attributes
                0x00000010       0x10 output\rtc.o
 .gnu.attributes
                0x00000020       0x10 output\rtcconverter.o
 .gnu.attributes
                0x00000030       0x10 output\udp.o
 .gnu.attributes
                0x00000040       0x10 output\tick.o
 .gnu.attributes
                0x00000050       0x10 output\stack_task.o
 .gnu.attributes
                0x00000060       0x10 output\rsa.o
 .gnu.attributes
                0x00000070       0x10 output\nbns.o
 .gnu.attributes
                0x00000080       0x10 output\ip.o
 .gnu.attributes
                0x00000090       0x10 output\icmp.o
 .gnu.attributes
                0x000000a0       0x10 output\helpers.o
 .gnu.attributes
                0x000000b0       0x10 output\hashes.o
 .gnu.attributes
                0x000000c0       0x10 output\Framework.o
 .gnu.attributes
                0x000000d0       0x10 output\EthernetTasks.o
 .gnu.attributes
                0x000000e0       0x10 output\drv_wifi_spi.o
 .gnu.attributes
                0x000000f0       0x10 output\drv_wifi_pbkdf2.o
 .gnu.attributes
                0x00000100       0x10 output\drv_wifi_init.o
 .gnu.attributes
                0x00000110       0x10 output\drv_wifi_event_handler.o
 .gnu.attributes
                0x00000120       0x10 output\drv_wifi_param_msg.o
 .gnu.attributes
                0x00000130       0x10 output\drv_wifi_eint.o
 .gnu.attributes
                0x00000140       0x10 output\drv_wifi_mgmt_msg.o
 .gnu.attributes
                0x00000150       0x10 output\drv_wifi_debug_strings.o
 .gnu.attributes
                0x00000160       0x10 output\dhcp_client.o
 .gnu.attributes
                0x00000170       0x10 output\drv_wifi_connection_manager.o
 .gnu.attributes
                0x00000180       0x10 output\drv_wifi_raw.o
 .gnu.attributes
                0x00000190       0x10 output\drv_wifi_connection_algorithm.o
 .gnu.attributes
                0x000001a0       0x10 output\drv_wifi_config.o
 .gnu.attributes
                0x000001b0       0x10 output\drv_wifi_connection_profile.o
 .gnu.attributes
                0x000001c0       0x10 output\drv_wifi_mac.o
 .gnu.attributes
                0x000001d0       0x10 output\BootLoader.o
 .gnu.attributes
                0x000001e0       0x10 output\dns_client.o
 .gnu.attributes
                0x000001f0       0x10 output\big_int.o
 .gnu.attributes
                0x00000200       0x10 output\arp.o
 .gnu.attributes
                0x00000210       0x10 output\announce.o
 .gnu.attributes
                0x00000220       0x10 output\drv_wifi_com.o
 .gnu.attributes
                0x00000230       0x10 output\arc4.o
 .gnu.attributes
                0x00000240       0x10 output\drv_wifi_power_save.o
 .gnu.attributes
                0x00000250       0x10 output\NVMem.o
 .gnu.attributes
                0x00000260       0x10 output\Delay.o
 .gnu.attributes
                0x00000270       0x10 c:/program files (x86)/microchip/xc32/v2.30/bin/bin/../../lib/gcc/pic32mx/4.8.3/../../../../pic32mx/lib\libmchp_peripheral.a(read_core_timer_lib.o)
 .gnu.attributes
                0x00000280       0x10 c:/program files (x86)/microchip/xc32/v2.30/bin/bin/../../lib/gcc/pic32mx/4.8.3/../../../../pic32mx/lib\libmchp_peripheral.a(write_core_timer_lib.o)
 .gnu.attributes
                0x00000290       0x10 c:/program files (x86)/microchip/xc32/v2.30/bin/bin/../../lib/gcc/pic32mx/4.8.3/../../../../pic32mx/lib\libmchp_peripheral_32MX440F256H.a(soft_reset_lib.o)
 .gnu.attributes
                0x000002a0       0x10 c:/program files (x86)/microchip/xc32/v2.30/bin/bin/../../lib/gcc/pic32mx/4.8.3/../../../../pic32mx/lib\libmchp_peripheral_32MX440F256H.a(pcache.o)
 .gnu.attributes
                0x000002b0       0x10 c:/program files (x86)/microchip/xc32/v2.30/bin/bin/../../lib/gcc/pic32mx/4.8.3/../../../../pic32mx/lib\libmchp_peripheral_32MX440F256H.a(int_disable_interrupts_lib.o)
 .gnu.attributes
                0x000002c0       0x10 c:/program files (x86)/microchip/xc32/v2.30/bin/bin/../../lib/gcc/pic32mx/4.8.3/../../../../pic32mx/lib\libmchp_peripheral_32MX440F256H.a(int_restore_interrupts_lib.o)
 .gnu.attributes
                0x000002d0       0x10 c:/program files (x86)/microchip/xc32/v2.30/bin/bin/../../lib/gcc/pic32mx/4.8.3/../../../../pic32mx/lib\libmchp_peripheral_32MX440F256H.a(int_enable_mv_int_lib.o)
 .gnu.attributes
                0x000002e0       0x10 c:/program files (x86)/microchip/xc32/v2.30/bin/bin/../../lib/gcc/pic32mx/4.8.3/../../../../pic32mx/lib\libmchp_peripheral_32MX440F256H.a(int_enable_interrupts_lib.o)
 .gnu.attributes
                0x000002f0       0x10 c:/program files (x86)/microchip/xc32/v2.30/bin/bin/../../lib/gcc/pic32mx/4.8.3\libgcc.a(_udivdi3.o)
 .gnu.attributes
                0x00000300       0x10 c:/program files (x86)/microchip/xc32/v2.30/bin/bin/../../lib/gcc/pic32mx/4.8.3\libgcc.a(_umoddi3.o)
 .gnu.attributes
                0x00000310       0x10 c:/program files (x86)/microchip/xc32/v2.30/bin/bin/../../lib/gcc/pic32mx/4.8.3/../../../../pic32mx/lib\libpic32.a(default-bootstrap-exception-handler.o)
 .gnu.attributes