Archive member included because of file (symbol)

c:/program files (x86)/microchip/xc32/v2.30/bin/bin/../../lib/gcc/pic32mx/4.8.3/../../../../pic32mx/lib\libmchp_peripheral_32MX795F512H.a(soft_reset_lib.o)
                              output\mal.o (SoftReset)
c:/program files (x86)/microchip/xc32/v2.30/bin/bin/../../lib/gcc/pic32mx/4.8.3/../../../../pic32mx/lib\libmchp_peripheral_32MX795F512H.a(pcache.o)
                              output\mal.o (CheKseg0CacheOn)
c:/program files (x86)/microchip/xc32/v2.30/bin/bin/../../lib/gcc/pic32mx/4.8.3/../../../../pic32mx/lib\libmchp_peripheral_32MX795F512H.a(int_disable_interrupts_lib.o)
                              c:/program files (x86)/microchip/xc32/v2.30/bin/bin/../../lib/gcc/pic32mx/4.8.3/../../../../pic32mx/lib\libmchp_peripheral_32MX795F512H.a(soft_reset_lib.o) (INTDisableInterrupts)
c:/program files (x86)/microchip/xc32/v2.30/bin/bin/../../lib/gcc/pic32mx/4.8.3/../../../../pic32mx/lib\libmchp_peripheral_32MX795F512H.a(power_idle_lib.o)
                              output\sleep.o (PowerSaveIdle)
c:/program files (x86)/microchip/xc32/v2.30/bin/bin/../../lib/gcc/pic32mx/4.8.3/../../../../pic32mx/lib\libmchp_peripheral_32MX795F512H.a(power_sleep_lib.o)
                              output\sleep.o (PowerSaveSleep)
c:/program files (x86)/microchip/xc32/v2.30/bin/bin/../../lib/gcc/pic32mx/4.8.3/../../../../pic32mx/lib\libmchp_peripheral_32MX795F512H.a(nvm_erase_page_lib.o)
                              output\dee_page.o (NVMErasePage)
c:/program files (x86)/microchip/xc32/v2.30/bin/bin/../../lib/gcc/pic32mx/4.8.3/../../../../pic32mx/lib\libmchp_peripheral_32MX795F512H.a(nvm_operation_lib.o)
                              c:/program files (x86)/microchip/xc32/v2.30/bin/bin/../../lib/gcc/pic32mx/4.8.3/../../../../pic32mx/lib\libmchp_peripheral_32MX795F512H.a(nvm_erase_page_lib.o) (_NVMOperation)
c:/program files (x86)/microchip/xc32/v2.30/bin/bin/../../lib/gcc/pic32mx/4.8.3/../../../../pic32mx/lib\libmchp_peripheral_32MX795F512H.a(nvm_write_word_lib.o)
                              output\dee_page.o (NVMWriteWord)
c:/program files (x86)/microchip/xc32/v2.30/bin/bin/../../lib/gcc/pic32mx/4.8.3/../../../../pic32mx/lib\libmchp_peripheral_32MX795F512H.a(int_restore_interrupts_lib.o)
                              c:/program files (x86)/microchip/xc32/v2.30/bin/bin/../../lib/gcc/pic32mx/4.8.3/../../../../pic32mx/lib\libmchp_peripheral_32MX795F512H.a(power_idle_lib.o) (INTRestoreInterrupts)
c:/program files (x86)/microchip/xc32/v2.30/bin/bin/../../lib/gcc/pic32mx/4.8.3\libgcc.a(_divdi3.o)
                              output\bme280.o (__divdi3)
c:/program files (x86)/microchip/xc32/v2.30/bin/bin/../../lib/gcc/pic32mx/4.8.3\libgcc.a(floatunsisf.o)
                              output\app.o (__floatunsisf)
c:/program files (x86)/microchip/xc32/v2.30/bin/bin/../../lib/gcc/pic32mx/4.8.3/../../../../pic32mx/lib\libpic32.a(memcmp.o)
                              output\stack_task.o (memcmp)
c:/program files (x86)/microchip/xc32/v2.30/bin/bin/../../lib/gcc/pic32mx/4.8.3/../../../../pic32mx/lib\libpic32.a(memcpy.o)
                              output\noinitram.o (memcpy)
c:/program files (x86)/microchip/xc32/v2.30/bin/bin/../../lib/gcc/pic32mx/4.8.3/../../../../pic32mx/lib\libpic32.a(memset.o)
                              output\wifi.o (memset)
c:/program files (x86)/microchip/xc32/v2.30/bin/bin/../../lib/gcc/pic32mx/4.8.3/../../../../pic32mx/lib\libpic32.a(strcmp.o)
                              output\http2.o (strcmp)
c:/program files (x86)/microchip/xc32/v2.30/bin/bin/../../lib/gcc/pic32mx/4.8.3/../../../../pic32mx/lib\libpic32.a(strcpy.o)
                              output\http2.o (strcpy)
c:/program files (x86)/microchip/xc32/v2.30/bin/bin/../../lib/gcc/pic32mx/4.8.3/../../../../pic32mx/lib\libpic32.a(strlen.o)
                              output\UDP.o (strlen)
c:/program files (x86)/microchip/xc32/v2.30/bin/bin/../../lib/gcc/pic32mx/4.8.3/../../../../pic32mx/lib\libpic32.a(default-bootstrap-exception-handler.o)
                              C:\Users\kyrk\AppData\Local\Temp\ccGPIDVw.o (_bootstrap_exception_handler)
c:/program files (x86)/microchip/xc32/v2.30/bin/bin/../../lib/gcc/pic32mx/4.8.3/../../../../pic32mx/lib\libpic32.a(default-on-reset.o)
                              C:\Users\kyrk\AppData\Local\Temp\ccGPIDVw.o (_on_reset)
c:/program files (x86)/microchip/xc32/v2.30/bin/bin/../../lib/gcc/pic32mx/4.8.3/../../../../pic32mx/lib\libpic32.a(default-on-bootstrap.o)
                              C:\Users\kyrk\AppData\Local\Temp\ccGPIDVw.o (_on_bootstrap)
c:/program files (x86)/microchip/xc32/v2.30/bin/bin/../../lib/gcc/pic32mx/4.8.3/../../../../pic32mx/lib\libpic32.a(default-nmi-handler.o)
                              C:\Users\kyrk\AppData\Local\Temp\ccGPIDVw.o (_nmi_handler)
c:/program files (x86)/microchip/xc32/v2.30/bin/bin/../../lib/gcc/pic32mx/4.8.3/../../../../pic32mx/lib\libpic32.a(pic32_data_init.o)
[...]
Memory Configuration

Name             Origin             Length             Attributes
kseg0_program_mem 0x9d011490         0x0006eb70         xr
kseg0_boot_mem   0x9d010000         0x00000000
exception_mem    0x9d010000         0x00001000
kseg1_boot_mem   0x9d011000         0x00000490
debug_exec_mem   0xbfc02000         0x00000ff0
config3          0xbfc02ff0         0x00000004
config2          0xbfc02ff4         0x00000004
config1          0xbfc02ff8         0x00000004
config0          0xbfc02ffc         0x00000004
kseg1_shared_mem 0xa0000000         0x00001000         w !x
kseg1_data_mem   0xa0001000         0x0001f000         w !x
sfrs             0xbf800000         0x00100000
configsfrs       0xbfc02ff0         0x00000010
*default*        0x00000000         0xffffffff

Linker script and memory map

LOAD c:/program files (x86)/microchip/xc32/v2.30/bin/bin/../../lib/gcc/pic32mx/4.8.3/../../../../pic32mx/lib\debug-exception-return.o
LOAD output\main.o
LOAD output\bootloader_interface.o
LOAD output\app.o
LOAD output\ad.o
LOAD output\isr.o
LOAD output\exceptions.o
LOAD output\mal.o
LOAD output\noinitram.o
LOAD output\stackmeasure.o
LOAD output\stackmeasure_helper.o
LOAD output\tmr.o
LOAD output\sleep.o
LOAD output\eeprom.o
LOAD output\dee_page_helper.o
LOAD output\dee_page.o
LOAD output\dee.o
LOAD output\eep_manager_crc.o
LOAD output\eep_manager.o
LOAD output\c_eep_manager.o
LOAD output\bme280.o
LOAD output\bme280_conversion.o
LOAD output\ccs811.o
LOAD output\iic_master.o
LOAD output\iic_master_multi.o
LOAD output\wifi.o
LOAD output\UDP.o
LOAD output\Tick.o
LOAD output\tcp.o
LOAD output\stack_task.o
LOAD output\ssl.o
LOAD output\sntp.o
LOAD output\smtp_demo.o
LOAD output\smtp.o
LOAD output\rsa.o
LOAD output\reboot.o
LOAD output\random.o
LOAD output\nbns.o
LOAD output\mpfs2.o
LOAD output\IP.o
LOAD output\icmp.o
LOAD output\http2.o
LOAD output\Helpers.o
LOAD output\hashes.o
LOAD output\drv_wifi_spi.o
LOAD output\drv_wifi_raw.o
LOAD output\drv_wifi_power_save.o
LOAD output\drv_wifi_pbkdf2.o
LOAD output\drv_wifi_param_msg.o
LOAD output\drv_wifi_mgmt_msg.o
LOAD output\drv_wifi_mac.o
LOAD output\drv_wifi_init.o
LOAD output\drv_wifi_event_handler.o
LOAD output\drv_wifi_eint.o
LOAD output\drv_wifi_debug_strings.o
LOAD output\drv_wifi_connection_profile.o
LOAD output\drv_wifi_connection_manager.o
LOAD output\drv_wifi_connection_algorithm.o
LOAD output\drv_wifi_config.o
LOAD output\drv_wifi_com.o
LOAD output\dns_client.o
LOAD output\dhcp_client.o
LOAD output\Delay.o
LOAD output\custom_ssl_cert.o
LOAD output\custom_http_app.o
LOAD output\big_int.o
LOAD output\ARP.o
LOAD output\arc4.o
LOAD output\announce.o
LOAD output\mpfs_img2.o
LOAD output\http_print.o
LOAD output\http_get.o
LOAD output\app_thingspeak.o
LOAD output\ringBuffer.o
LOAD output\sht31d.o
                0x00000400                PROVIDE (_min_stack_size, 0x400)
LOAD c:/program files (x86)/microchip/xc32/v2.30/bin/bin/../../lib/gcc/pic32mx/4.8.3/../../../../pic32mx/lib/./proc/32MX795F512H\processor.o
START GROUP
LOAD c:/program files (x86)/microchip/xc32/v2.30/bin/bin/../../lib/gcc/pic32mx/4.8.3/../../../../pic32mx/lib\libmchp_peripheral.a
END GROUP
START GROUP
LOAD c:/program files (x86)/microchip/xc32/v2.30/bin/bin/../../lib/gcc/pic32mx/4.8.3/../../../../pic32mx/lib\libmchp_peripheral_32MX795F512H.a
END GROUP
                0x00000001                PROVIDE (_vector_spacing, 0x1)
                0x9d010000                _ebase_address = 0x9d010000
                0x9d011000                _RESET_ADDR = 0x9d011000
                0x9d011380                _BEV_EXCPT_ADDR = 0x9d011380
                0x9d011480                _DBG_EXCPT_ADDR = 0x9d011480
                0xbfc02000                _DBG_CODE_ADDR = 0xbfc02000
                0x00000ff0                _DBG_CODE_SIZE = 0xff0
                0x9d010180                _GEN_EXCPT_ADDR = (_ebase_address + 0x180)

.config_BFC02FF0
 *(.config_BFC02FF0)

.config_BFC02FF4
 *(.config_BFC02FF4)

.config_BFC02FF8
 *(.config_BFC02FF8)

.config_BFC02FFC
 *(.config_BFC02FFC)
                0xbfc02000                PROVIDE (_DBG_CODE_ADDR, 0xbfc02000)
                0x00000ff0                PROVIDE (_DBG_CODE_SIZE, 0xff0)

.reset          0x9d011000      0x19c
 *(.reset)
 .reset         0x9d011000        0x8 C:\Users\kyrk\AppData\Local\Temp\ccGPIDVw.o
                0x9d011000                _reset
 *(.reset.startup)
 .reset.startup
                0x9d011008      0x194 C:\Users\kyrk\AppData\Local\Temp\ccGPIDVw.o
                0x9d011008                _startup

.bev_excpt      0x9d011380       0x10
 *(.bev_handler)
 .bev_handler   0x9d011380       0x10 C:\Users\kyrk\AppData\Local\Temp\ccGPIDVw.o

.dbg_excpt      0x9d011480        0x0
                0x9d011480                . = (. + DEFINED (_DEBUGGER)?0x8:0x0)

.dbg_code       0xbfc02000        0x0
                0xbfc02000                . = (. + DEFINED (_DEBUGGER)?_DBG_CODE_SIZE:0x0)

.app_excpt      0x9d010180       0x10
 *(.gen_handler)
 .gen_handler   0x9d010180       0x10 C:\Users\kyrk\AppData\Local\Temp\ccGPIDVw.o

.vector_0       0x9d010200        0x8
 *(.vector_0)
 .vector_0      0x9d010200        0x8 output\isr.o
                0x9d010200                __vector_dispatch_0
                0x00000001                ASSERT (((_vector_spacing == 0x0) || (SIZEOF (.vector_0) <= (_vector_spacing << 0x5))), function at exception vector 0 too large)

.vector_1       0x9d010220        0x8
 *(.vector_1)
 .vector_1      0x9d010220        0x8 c:/program files (x86)/microchip/xc32/v2.30/bin/bin/../../lib/gcc/pic32mx/4.8.3/../../../../pic32mx/lib\libpic32.a(vector1.o)
                0x9d010220                __vector_dispatch_1
                0x00000001                ASSERT (((_vector_spacing == 0x0) || (SIZEOF (.vector_1) <= (_vector_spacing << 0x5))), function at exception vector 1 too large)

.vector_2       0x9d010240        0x8
 *(.vector_2)
 .vector_2      0x9d010240        0x8 c:/program files (x86)/microchip/xc32/v2.30/bin/bin/../../lib/gcc/pic32mx/4.8.3/../../../../pic32mx/lib\libpic32.a(vector2.o)
                0x9d010240                __vector_dispatch_2
                0x00000001                ASSERT (((_vector_spacing == 0x0) || (SIZEOF (.vector_2) <= (_vector_spacing << 0x5))), function at exception vector 2 too large)

.vector_3       0x9d010260        0x8
 *(.vector_3)
 .vector_3      0x9d010260        0x8 c:/program files (x86)/microchip/xc32/v2.30/bin/bin/../../lib/gcc/pic32mx/4.8.3/../../../../pic32mx/lib\libpic32.a(vector3.o)
                0x9d010260                __vector_dispatch_3
                0x00000001                ASSERT (((_vector_spacing == 0x0) || (SIZEOF (.vector_3) <= (_vector_spacing << 0x5))), function at exception vector 3 too large)

.vector_4       0x9d010280        0x8
 *(.vector_4)
 .vector_4      0x9d010280        0x8 output\isr.o
                0x9d010280                __vector_dispatch_4
                0x00000001                ASSERT (((_vector_spacing == 0x0) || (SIZEOF (.vector_4) <= (_vector_spacing << 0x5))), function at exception vector 4 too large)

.vector_5       0x9d0102a0        0x8
 *(.vector_5)
 .vector_5      0x9d0102a0        0x8 c:/program files (x86)/microchip/xc32/v2.30/bin/bin/../../lib/gcc/pic32mx/4.8.3/../../../../pic32mx/lib\libpic32.a(vector5.o)
                0x9d0102a0                __vector_dispatch_5
                0x00000001                ASSERT (((_vector_spacing == 0x0) || (SIZEOF (.vector_5) <= (_vector_spacing << 0x5))), function at exception vector 5 too large)

.vector_6       0x9d0102c0        0x8
 *(.vector_6)
 .vector_6      0x9d0102c0        0x8 c:/program files (x86)/microchip/xc32/v2.30/bin/bin/../../lib/gcc/pic32mx/4.8.3/../../../../pic32mx/lib\libpic32.a(vector6.o)
                0x9d0102c0                __vector_dispatch_6
                0x00000001                ASSERT (((_vector_spacing == 0x0) || (SIZEOF (.vector_6) <= (_vector_spacing << 0x5))), function at exception vector 6 too large)

.vector_7       0x9d0102e0        0x8
 *(.vector_7)
 .vector_7      0x9d0102e0        0x8 c:/program files (x86)/microchip/xc32/v2.30/bin/bin/../../lib/gcc/pic32mx/4.8.3/../../../../pic32mx/lib\libpic32.a(vector7.o)
                0x9d0102e0                __vector_dispatch_7
                0x00000001                ASSERT (((_vector_spacing == 0x0) || (SIZEOF (.vector_7) <= (_vector_spacing << 0x5))), function at exception vector 7 too large)

.vector_8       0x9d010300        0x8
 *(.vector_8)
 .vector_8      0x9d010300        0x8 output\isr.o
                0x9d010300                __vector_dispatch_8
                0x00000001                ASSERT (((_vector_spacing == 0x0) || (SIZEOF (.vector_8) <= (_vector_spacing << 0x5))), function at exception vector 8 too large)

.vector_9       0x9d010320        0x8
 *(.vector_9)
 .vector_9      0x9d010320        0x8 c:/program files (x86)/microchip/xc32/v2.30/bin/bin/../../lib/gcc/pic32mx/4.8.3/../../../../pic32mx/lib\libpic32.a(vector9.o)
                0x9d010320                __vector_dispatch_9
                0x00000001                ASSERT (((_vector_spacing == 0x0) || (SIZEOF (.vector_9) <= (_vector_spacing << 0x5))), function at exception vector 9 too large)

.vector_10      0x9d010340        0x8
 *(.vector_10)
 .vector_10     0x9d010340        0x8 c:/program files (x86)/microchip/xc32/v2.30/bin/bin/../../lib/gcc/pic32mx/4.8.3/../../../../pic32mx/lib\libpic32.a(vector10.o)
                0x9d010340                __vector_dispatch_10
                0x00000001                ASSERT (((_vector_spacing == 0x0) || (SIZEOF (.vector_10) <= (_vector_spacing << 0x5))), function at exception vector 10 too large)

.vector_11      0x9d010360        0x8
 *(.vector_11)
 .vector_11     0x9d010360        0x8 c:/program files (x86)/microchip/xc32/v2.30/bin/bin/../../lib/gcc/pic32mx/4.8.3/../../../../pic32mx/lib\libpic32.a(vector11.o)
                0x9d010360                __vector_dispatch_11
                0x00000001                ASSERT (((_vector_spacing == 0x0) || (SIZEOF (.vector_11) <= (_vector_spacing << 0x5))), function at exception vector 11 too large)

.vector_12      0x9d010380        0x8
 *(.vector_12)
 .vector_12     0x9d010380        0x8 output\isr.o
                0x9d010380                __vector_dispatch_12
                0x00000001                ASSERT (((_vector_spacing == 0x0) || (SIZEOF (.vector_12) <= (_vector_spacing << 0x5))), function at exception vector 12 too large)

.vector_13      0x9d0103a0        0x8
 *(.vector_13)
 .vector_13     0x9d0103a0        0x8 c:/program files (x86)/microchip/xc32/v2.30/bin/bin/../../lib/gcc/pic32mx/4.8.3/../../../../pic32mx/lib\libpic32.a(vector13.o)
                0x9d0103a0                __vector_dispatch_13
                0x00000001                ASSERT (((_vector_spacing == 0x0) || (SIZEOF (.vector_13) <= (_vector_spacing << 0x5))), function at exception vector 13 too large)

.vector_14      0x9d0103c0        0x8
 *(.vector_14)
 .vector_14     0x9d0103c0        0x8 c:/program files (x86)/microchip/xc32/v2.30/bin/bin/../../lib/gcc/pic32mx/4.8.3/../../../../pic32mx/lib\libpic32.a(vector14.o)
                0x9d0103c0                __vector_dispatch_14
                0x00000001                ASSERT (((_vector_spacing == 0x0) || (SIZEOF (.vector_14) <= (_vector_spacing << 0x5))), function at exception vector 14 too large)

.vector_15      0x9d0103e0        0x8
 *(.vector_15)
 .vector_15     0x9d0103e0        0x8 output\isr.o
                0x9d0103e0                __vector_dispatch_15
                0x00000001                ASSERT (((_vector_spacing == 0x0) || (SIZEOF (.vector_15) <= (_vector_spacing << 0x5))), function at exception vector 15 too large)

.vector_16      0x9d010400        0x8
 *(.vector_16)
 .vector_16     0x9d010400        0x8 output\isr.o
                0x9d010400                __vector_dispatch_16
                0x00000001                ASSERT (((_vector_spacing == 0x0) || (SIZEOF (.vector_16) <= (_vector_spacing << 0x5))), function at exception vector 16 too large)

.vector_17      0x9d010420        0x8
 *(.vector_17)
 .vector_17     0x9d010420        0x8 c:/program files (x86)/microchip/xc32/v2.30/bin/bin/../../lib/gcc/pic32mx/4.8.3/../../../../pic32mx/lib\libpic32.a(vector17.o)
                0x9d010420                __vector_dispatch_17
                0x00000001                ASSERT (((_vector_spacing == 0x0) || (SIZEOF (.vector_17) <= (_vector_spacing << 0x5))), function at exception vector 17 too large)

.vector_18      0x9d010440        0x8
 *(.vector_18)
 .vector_18     0x9d010440        0x8 c:/program files (x86)/microchip/xc32/v2.30/bin/bin/../../lib/gcc/pic32mx/4.8.3/../../../../pic32mx/lib\libpic32.a(vector18.o)
                0x9d010440                __vector_dispatch_18
                0x00000001                ASSERT (((_vector_spacing == 0x0) || (SIZEOF (.vector_18) <= (_vector_spacing << 0x5))), function at exception vector 18 too large)

.vector_19      0x9d010460        0x8
 *(.vector_19)
 .vector_19     0x9d010460        0x8 c:/program files (x86)/microchip/xc32/v2.30/bin/bin/../../lib/gcc/pic32mx/4.8.3/../../../../pic32mx/lib\libpic32.a(vector19.o)
                0x9d010460                __vector_dispatch_19
                0x00000001                ASSERT (((_vector_spacing == 0x0) || (SIZEOF (.vector_19) <= (_vector_spacing << 0x5))), function at exception vector 19 too large)

.vector_20      0x9d010480        0x8
 *(.vector_20)
 .vector_20     0x9d010480        0x8 output\isr.o
                0x9d010480                __vector_dispatch_20
                0x00000001                ASSERT (((_vector_spacing == 0x0) || (SIZEOF (.vector_20) <= (_vector_spacing << 0x5))), function at exception vector 20 too large)

.vector_21      0x9d0104a0        0x8
 *(.vector_21)
 .vector_21     0x9d0104a0        0x8 c:/program files (x86)/microchip/xc32/v2.30/bin/bin/../../lib/gcc/pic32mx/4.8.3/../../../../pic32mx/lib\libpic32.a(vector21.o)
                0x9d0104a0                __vector_dispatch_21
                0x00000001                ASSERT (((_vector_spacing == 0x0) || (SIZEOF (.vector_21) <= (_vector_spacing << 0x5))), function at exception vector 21 too large)

.vector_22      0x9d0104c0        0x8
 *(.vector_22)
 .vector_22     0x9d0104c0        0x8 c:/program files (x86)/microchip/xc32/v2.30/bin/bin/../../lib/gcc/pic32mx/4.8.3/../../../../pic32mx/lib\libpic32.a(vector22.o)
                0x9d0104c0                __vector_dispatch_22
                0x00000001                ASSERT (((_vector_spacing == 0x0) || (SIZEOF (.vector_22) <= (_vector_spacing << 0x5))), function at exception vector 22 too large)

.vector_23      0x9d0104e0        0x8
 *(.vector_23)
 .vector_23     0x9d0104e0        0x8 c:/program files (x86)/microchip/xc32/v2.30/bin/bin/../../lib/gcc/pic32mx/4.8.3/../../../../pic32mx/lib\libpic32.a(vector23.o)
                0x9d0104e0                __vector_dispatch_23
                0x00000001                ASSERT (((_vector_spacing == 0x0) || (SIZEOF (.vector_23) <= (_vector_spacing << 0x5))), function at exception vector 23 too large)

.vector_24      0x9d010500        0x8
 *(.vector_24)
 .vector_24     0x9d010500        0x8 output\isr.o
                0x9d010500                __vector_dispatch_24
                0x00000001                ASSERT (((_vector_spacing == 0x0) || (SIZEOF (.vector_24) <= (_vector_spacing << 0x5))), function at exception vector 24 too large)

.vector_25      0x9d010520        0x8
 *(.vector_25)
 .vector_25     0x9d010520        0x8 output\isr.o
                0x9d010520                __vector_dispatch_25
                0x00000001                ASSERT (((_vector_spacing == 0x0) || (SIZEOF (.vector_25) <= (_vector_spacing << 0x5))), function at exception vector 25 too large)

.vector_26      0x9d010540        0x8
 *(.vector_26)
 .vector_26     0x9d010540        0x8 output\isr.o
                0x9d010540                __vector_dispatch_26
                0x00000001                ASSERT (((_vector_spacing == 0x0) || (SIZEOF (.vector_26) <= (_vector_spacing << 0x5))), function at exception vector 26 too large)

.vector_27      0x9d010560        0x8
 *(.vector_27)
 .vector_27     0x9d010560        0x8 c:/program files (x86)/microchip/xc32/v2.30/bin/bin/../../lib/gcc/pic32mx/4.8.3/../../../../pic32mx/lib\libpic32.a(vector27.o)
                0x9d010560                __vector_dispatch_27
                0x00000001                ASSERT (((_vector_spacing == 0x0) || (SIZEOF (.vector_27) <= (_vector_spacing << 0x5))), function at exception vector 27 too large)

.vector_28      0x9d010580        0x8
 *(.vector_28)
 .vector_28     0x9d010580        0x8 c:/program files (x86)/microchip/xc32/v2.30/bin/bin/../../lib/gcc/pic32mx/4.8.3/../../../../pic32mx/lib\libpic32.a(vector28.o)
                0x9d010580                __vector_dispatch_28
                0x00000001                ASSERT (((_vector_spacing == 0x0) || (SIZEOF (.vector_28) <= (_vector_spacing << 0x5))), function at exception vector 28 too large)

.vector_29      0x9d0105a0        0x8
 *(.vector_29)
 .vector_29     0x9d0105a0        0x8 c:/program files (x86)/microchip/xc32/v2.30/bin/bin/../../lib/gcc/pic32mx/4.8.3/../../../../pic32mx/lib\libpic32.a(vector29.o)
                0x9d0105a0                __vector_dispatch_29
                0x00000001                ASSERT (((_vector_spacing == 0x0) || (SIZEOF (.vector_29) <= (_vector_spacing << 0x5))), function at exception vector 29 too large)

.vector_30      0x9d0105c0        0x8
 *(.vector_30)
 .vector_30     0x9d0105c0        0x8 c:/program files (x86)/microchip/xc32/v2.30/bin/bin/../../lib/gcc/pic32mx/4.8.3/../../../../pic32mx/lib\libpic32.a(vector30.o)
                0x9d0105c0                __vector_dispatch_30
                0x00000001                ASSERT (((_vector_spacing == 0x0) || (SIZEOF (.vector_30) <= (_vector_spacing << 0x5))), function at exception vector 30 too large)

.vector_31      0x9d0105e0        0x8
 *(.vector_31)
 .vector_31     0x9d0105e0        0x8 output\isr.o
                0x9d0105e0                __vector_dispatch_31
                0x00000001                ASSERT (((_vector_spacing == 0x0) || (SIZEOF (.vector_31) <= (_vector_spacing << 0x5))), function at exception vector 31 too large)

.vector_32      0x9d010600        0x8
 *(.vector_32)
 .vector_32     0x9d010600        0x8 output\isr.o
                0x9d010600                __vector_dispatch_32
                0x00000001                ASSERT (((_vector_spacing == 0x0) || (SIZEOF (.vector_32) <= (_vector_spacing << 0x5))), function at exception vector 32 too large)

.vector_33      0x9d010620        0x8
 *(.vector_33)
 .vector_33     0x9d010620        0x8 output\isr.o
                0x9d010620                __vector_dispatch_33
                0x00000001                ASSERT (((_vector_spacing == 0x0) || (SIZEOF (.vector_33) <= (_vector_spacing << 0x5))), function at exception vector 33 too large)

.vector_34      0x9d010640        0x8
 *(.vector_34)
 .vector_34     0x9d010640        0x8 c:/program files (x86)/microchip/xc32/v2.30/bin/bin/../../lib/gcc/pic32mx/4.8.3/../../../../pic32mx/lib\libpic32.a(vector34.o)
                0x9d010640                __vector_dispatch_34
                0x00000001                ASSERT (((_vector_spacing == 0x0) || (SIZEOF (.vector_34) <= (_vector_spacing << 0x5))), function at exception vector 34 too large)

.vector_35      0x9d010660        0x8
 *(.vector_35)
 .vector_35     0x9d010660        0x8 c:/program files (x86)/microchip/xc32/v2.30/bin/bin/../../lib/gcc/pic32mx/4.8.3/../../../../pic32mx/lib\libpic32.a(vector35.o)
                0x9d010660                __vector_dispatch_35
                0x00000001                ASSERT (((_vector_spacing == 0x0) || (SIZEOF (.vector_35) <= (_vector_spacing << 0x5))), function at exception vector 35 too large)

.vector_36      0x9d010680        0x8
 *(.vector_36)
 .vector_36     0x9d010680        0x8 output\isr.o
                0x9d010680                __vector_dispatch_36
                0x00000001                ASSERT (((_vector_spacing == 0x0) || (SIZEOF (.vector_36) <= (_vector_spacing << 0x5))), function at exception vector 36 too large)

.vector_37      0x9d0106a0        0x8
 *(.vector_37)
 .vector_37     0x9d0106a0        0x8 output\isr.o
                0x9d0106a0                __vector_dispatch_37
                0x00000001                ASSERT (((_vector_spacing == 0x0) || (SIZEOF (.vector_37) <= (_vector_spacing << 0x5))), function at exception vector 37 too large)

.vector_38      0x9d0106c0        0x8
 *(.vector_38)
 .vector_38     0x9d0106c0        0x8 output\isr.o
                0x9d0106c0                __vector_dispatch_38
                0x00000001                ASSERT (((_vector_spacing == 0x0) || (SIZEOF (.vector_38) <= (_vector_spacing << 0x5))), function at exception vector 38 too large)

.vector_39      0x9d0106e0        0x8
 *(.vector_39)
 .vector_39     0x9d0106e0        0x8 output\isr.o
                0x9d0106e0                __vector_dispatch_39
                0x00000001                ASSERT (((_vector_spacing == 0x0) || (SIZEOF (.vector_39) <= (_vector_spacing << 0x5))), function at exception vector 39 too large)

.vector_40      0x9d010700        0x8
 *(.vector_40)
 .vector_40     0x9d010700        0x8 c:/program files (x86)/microchip/xc32/v2.30/bin/bin/../../lib/gcc/pic32mx/4.8.3/../../../../pic32mx/lib\libpic32.a(vector40.o)
                0x9d010700                __vector_dispatch_40
                0x00000001                ASSERT (((_vector_spacing == 0x0) || (SIZEOF (.vector_40) <= (_vector_spacing << 0x5))), function at exception vector 40 too large)

.vector_41      0x9d010720        0x8
 *(.vector_41)
 .vector_41     0x9d010720        0x8 c:/program files (x86)/microchip/xc32/v2.30/bin/bin/../../lib/gcc/pic32mx/4.8.3/../../../../pic32mx/lib\libpic32.a(vector41.o)
                0x9d010720                __vector_dispatch_41
                0x00000001                ASSERT (((_vector_spacing == 0x0) || (SIZEOF (.vector_41) <= (_vector_spacing << 0x5))), function at exception vector 41 too large)

.vector_42      0x9d010740        0x8
 *(.vector_42)
 .vector_42     0x9d010740        0x8 c:/program files (x86)/microchip/xc32/v2.30/bin/bin/../../lib/gcc/pic32mx/4.8.3/../../../../pic32mx/lib\libpic32.a(vector42.o)
                0x9d010740                __vector_dispatch_42
                0x00000001                ASSERT (((_vector_spacing == 0x0) || (SIZEOF (.vector_42) <= (_vector_spacing << 0x5))), function at exception vector 42 too large)

.vector_43      0x9d010760        0x8
 *(.vector_43)
 .vector_43     0x9d010760        0x8 c:/program files (x86)/microchip/xc32/v2.30/bin/bin/../../lib/gcc/pic32mx/4.8.3/../../../../pic32mx/lib\libpic32.a(vector43.o)
                0x9d010760                __vector_dispatch_43
                0x00000001                ASSERT (((_vector_spacing == 0x0) || (SIZEOF (.vector_43) <= (_vector_spacing << 0x5))), function at exception vector 43 too large)

.vector_44      0x9d010780        0x8
 *(.vector_44)
 .vector_44     0x9d010780        0x8 c:/program files (x86)/microchip/xc32/v2.30/bin/bin/../../lib/gcc/pic32mx/4.8.3/../../../../pic32mx/lib\libpic32.a(vector44.o)
                0x9d010780                __vector_dispatch_44
                0x00000001                ASSERT (((_vector_spacing == 0x0) || (SIZEOF (.vector_44) <= (_vector_spacing << 0x5))), function at exception vector 44 too large)

.vector_45      0x9d0107a0        0x8
 *(.vector_45)
 .vector_45     0x9d0107a0        0x8 output\isr.o
                0x9d0107a0                __vector_dispatch_45
                0x00000001                ASSERT (((_vector_spacing == 0x0) || (SIZEOF (.vector_45) <= (_vector_spacing << 0x5))), function at exception vector 45 too large)

.vector_46      0x9d0107c0        0x8
 *(.vector_46)
 .vector_46     0x9d0107c0        0x8 c:/program files (x86)/microchip/xc32/v2.30/bin/bin/../../lib/gcc/pic32mx/4.8.3/../../../../pic32mx/lib\libpic32.a(vector46.o)
                0x9d0107c0                __vector_dispatch_46
                0x00000001                ASSERT (((_vector_spacing == 0x0) || (SIZEOF (.vector_46) <= (_vector_spacing << 0x5))), function at exception vector 46 too large)

.vector_47      0x9d0107e0        0x8
 *(.vector_47)
 .vector_47     0x9d0107e0        0x8 c:/program files (x86)/microchip/xc32/v2.30/bin/bin/../../lib/gcc/pic32mx/4.8.3/../../../../pic32mx/lib\libpic32.a(vector47.o)
                0x9d0107e0                __vector_dispatch_47
                0x00000001                ASSERT (((_vector_spacing == 0x0) || (SIZEOF (.vector_47) <= (_vector_spacing << 0x5))), function at exception vector 47 too large)

.vector_48      0x9d010800        0x8
 *(.vector_48)
 .vector_48     0x9d010800        0x8 c:/program files (x86)/microchip/xc32/v2.30/bin/bin/../../lib/gcc/pic32mx/4.8.3/../../../../pic32mx/lib\libpic32.a(vector48.o)
                0x9d010800                __vector_dispatch_48
                0x00000001                ASSERT (((_vector_spacing == 0x0) || (SIZEOF (.vector_48) <= (_vector_spacing << 0x5))), function at exception vector 48 too large)

.vector_49      0x9d010820        0x8
 *(.vector_49)
 .vector_49     0x9d010820        0x8 c:/program files (x86)/microchip/xc32/v2.30/bin/bin/../../lib/gcc/pic32mx/4.8.3/../../../../pic32mx/lib\libpic32.a(vector49.o)
                0x9d010820                __vector_dispatch_49
                0x00000001                ASSERT (((_vector_spacing == 0x0) || (SIZEOF (.vector_49) <= (_vector_spacing << 0x5))), function at exception vector 49 too large)

.vector_50      0x9d010840        0x8
 *(.vector_50)
 .vector_50     0x9d010840        0x8 c:/program files (x86)/microchip/xc32/v2.30/bin/bin/../../lib/gcc/pic32mx/4.8.3/../../../../pic32mx/lib\libpic32.a(vector50.o)
                0x9d010840                __vector_dispatch_50
                0x00000001                ASSERT (((_vector_spacing == 0x0) || (SIZEOF (.vector_50) <= (_vector_spacing << 0x5))), function at exception vector 50 too large)

.vector_51      0x9d010860        0x8
 *(.vector_51)
 .vector_51     0x9d010860        0x8 c:/program files (x86)/microchip/xc32/v2.30/bin/bin/../../lib/gcc/pic32mx/4.8.3/../../../../pic32mx/lib\libpic32.a(vector51.o)
                0x9d010860                __vector_dispatch_51
                0x00000001                ASSERT (((_vector_spacing == 0x0) || (SIZEOF (.vector_51) <= (_vector_spacing << 0x5))), function at exception vector 51 too large)

.vector_52      0x9d010880        0x0
 *(.vector_52)
                0x00000001                ASSERT (((_vector_spacing == 0x0) || (SIZEOF (.vector_52) <= (_vector_spacing << 0x5))), function at exception vector 52 too large)

.vector_53      0x9d0108a0        0x0
 *(.vector_53)
                0x00000001                ASSERT (((_vector_spacing == 0x0) || (SIZEOF (.vector_53) <= (_vector_spacing << 0x5))), function at exception vector 53 too large)

.vector_54      0x9d0108c0        0x0
 *(.vector_54)
                0x00000001                ASSERT (((_vector_spacing == 0x0) || (SIZEOF (.vector_54) <= (_vector_spacing << 0x5))), function at exception vector 54 too large)

.vector_55      0x9d0108e0        0x0
 *(.vector_55)
                0x00000001                ASSERT (((_vector_spacing == 0x0) || (SIZEOF (.vector_55) <= (_vector_spacing << 0x5))), function at exception vector 55 too large)

.vector_56      0x9d010900        0x0
 *(.vector_56)
                0x00000001                ASSERT (((_vector_spacing == 0x0) || (SIZEOF (.vector_56) <= (_vector_spacing << 0x5))), function at exception vector 56 too large)

.vector_57      0x9d010920        0x0
 *(.vector_57)
                0x00000001                ASSERT (((_vector_spacing == 0x0) || (SIZEOF (.vector_57) <= (_vector_spacing << 0x5))), function at exception vector 57 too large)

.vector_58      0x9d010940        0x0
 *(.vector_58)
                0x00000001                ASSERT (((_vector_spacing == 0x0) || (SIZEOF (.vector_58) <= (_vector_spacing << 0x5))), function at exception vector 58 too large)

.vector_59      0x9d010960        0x0
 *(.vector_59)
                0x00000001                ASSERT (((_vector_spacing == 0x0) || (SIZEOF (.vector_59) <= (_vector_spacing << 0x5))), function at exception vector 59 too large)

.vector_60      0x9d010980        0x0
 *(.vector_60)
                0x00000001                ASSERT (((_vector_spacing == 0x0) || (SIZEOF (.vector_60) <= (_vector_spacing << 0x5))), function at exception vector 60 too large)

.vector_61      0x9d0109a0        0x0
 *(.vector_61)
                0x00000001                ASSERT (((_vector_spacing == 0x0) || (SIZEOF (.vector_61) <= (_vector_spacing << 0x5))), function at exception vector 61 too large)

.vector_62      0x9d0109c0        0x0
 *(.vector_62)
                0x00000001                ASSERT (((_vector_spacing == 0x0) || (SIZEOF (.vector_62) <= (_vector_spacing << 0x5))), function at exception vector 62 too large)

.vector_63      0x9d0109e0        0x0
 *(.vector_63)
                0x00000001                ASSERT (((_vector_spacing == 0x0) || (SIZEOF (.vector_63) <= (_vector_spacing << 0x5))), function at exception vector 63 too large)

.startup
 *(.startup)

.text           0x9d011490        0x0
 *(.stub .gnu.linkonce.t.*)
 *(.text.*personality*)
 *(.mips16.fn.*)
 *(.mips16.call.*)
 *(.gnu.warning)
                0x9d011490                . = ALIGN (0x4)

.init           0x9d011490        0x0
 *crti.o(.init)
 *crtbegin.o(.init)
 *(EXCLUDE_FILE(*crtn.o *crtend?.o *crtend.o) .init)
 *crtend.o(.init)
 *crtn.o(.init)
                0x9d011490                . = ALIGN (0x4)

.fini           0x9d011490        0x0
 *(.fini)
                0x9d011490                . = ALIGN (0x4)

.preinit_array  0x9d011490        0x0
                0x9d011490                PROVIDE (__preinit_array_start, .)
 *(.preinit_array)
                0x9d011490                PROVIDE (__preinit_array_end, .)
                0x9d011490                . = ALIGN (0x4)

.init_array     0x9d011490        0x0
                0x9d011490                PROVIDE (__init_array_start, .)
 *(SORT(.init_array.*))
 *(.init_array)
                0x9d011490                PROVIDE (__init_array_end, .)
                0x9d011490                . = ALIGN (0x4)

.fini_array     0x9d011490        0x0
                0x9d011490                PROVIDE (__fini_array_start, .)
 *(SORT(.fini_array.*))
 *(.fini_array)
                0x9d011490                PROVIDE (__fini_array_end, .)
                0x9d011490                . = ALIGN (0x4)

.ctors          0x9d011490        0x0
 *crtbegin.o(.ctors)
 *crtbegin?.o(.ctors)
 *(EXCLUDE_FILE(*crtend?.o *crtend.o) .ctors)
 *(SORT(.ctors.*))
 *(.ctors)
                0x9d011490                . = ALIGN (0x4)

.dtors          0x9d011490        0x0
 *crtbegin.o(.dtors)
 *crtbegin?.o(.dtors)
 *(EXCLUDE_FILE(*crtend?.o *crtend.o) .dtors)
 *(SORT(.dtors.*))
 *(.dtors)
                0x9d011490                . = ALIGN (0x4)

.rodata         0x9d011490        0x0
 *(.gnu.linkonce.r.*)
 *(.rodata1)
                0x9d011490                . = ALIGN (0x4)

.sdata2         0x9d010000        0x0
 *(.sdata2 .sdata2.* .gnu.linkonce.s2.*)
                0x9d010000                . = ALIGN (0x4)

.sbss2          0x9d010000        0x0
 *(.sbss2 .sbss2.* .gnu.linkonce.sb2.*)
                0x9d010000                . = ALIGN (0x4)

.eh_frame_hdr
 *(.eh_frame_hdr)
                0x9d010000                . = ALIGN (0x4)

.eh_frame
 *(.eh_frame)
                0x9d010000                . = ALIGN (0x4)

.gcc_except_table
 *(.gcc_except_table .gcc_except_table.*)
                0x9d010000                . = ALIGN (0x4)

.dbg_data       0xa0001000        0x0
                0xa0001000                . = (. + DEFINED (_DEBUGGER)?0x200:0x0)

.jcr            0xa0001000        0x0
 *(.jcr)
                0xa0001000                . = ALIGN (0x4)

.eh_frame
 *(.eh_frame)
                0xa0001000                . = ALIGN (0x4)

.gcc_except_table
 *(.gcc_except_table .gcc_except_table.*)
                0xa0001000                . = ALIGN (0x4)

.persist        0xa0001000        0x8
                0xa0001000                _persist_begin = .
 *(.persist .persist.*)
 *(.pbss .pbss.*)
 .pbss          0xa0001000        0x2 output\UDP.o
 .pbss          0xa0001002        0x2 output\tcp.o
 .pbss          0xa0001004        0x4 output\dns_client.o
                0xa0001008                . = ALIGN (0x4)
                0xa0001008                _persist_end = .

.data           0xa0001008        0x0
 *(.gnu.linkonce.d.*)
 *(.data1)
                0xa0001008                . = ALIGN (0x4)
                0xa0001008                . = .
                0xa0009000                _gp = (ALIGN (0x10) + 0x7ff0)

.got            0xa0001008        0x0
 *(.got.plt)
 *(.got)
                0xa0001008                . = ALIGN (0x4)

.sdata          0xa0001008       0x68
                0xa0001008                _sdata_begin = .
 *(.sdata .sdata.* .gnu.linkonce.s.*)
 .sdata         0xa0001008        0x8 output\app.o
 .sdata         0xa0001010        0x8 output\stackmeasure.o
                0xa0001010                stackmeasure_to
                0xa0001014                stackmeasure_from
 .sdata         0xa0001018        0x1 output\sleep.o
                0xa0001018                sleepGetMainLoopRun_result
 .sdata         0xa0001019        0x1 output\dee.o
                0xa0001019                dee_debug_enable
 *fill*         0xa000101a        0x2 
 .sdata         0xa000101c        0x4 output\eep_manager.o
 .sdata         0xa0001020        0x4 output\bme280.o
                0xa0001020                bme280_conversionTimerValue
 .sdata         0xa0001024        0x1 output\ccs811.o
                0xa0001024                ccs811_read_address
 *fill*         0xa0001025        0x3 
 .sdata         0xa0001028        0x4 output\iic_master.o
                0xa0001028                iic_master_freq
 .sdata         0xa000102c        0x2 output\UDP.o
 .sdata         0xa000102e        0x2 output\tcp.o
 .sdata         0xa0001030        0x1 output\sntp.o
 .sdata         0xa0001031        0x1 output\reboot.o
 *fill*         0xa0001032        0x2 
 .sdata         0xa0001034        0x4 output\Helpers.o
 .sdata         0xa0001038        0x1 output\drv_wifi_power_save.o
 .sdata         0xa0001039        0x1 output\drv_wifi_connection_algorithm.o
 *fill*         0xa000103a        0x2 
 .sdata         0xa000103c        0x8 output\dns_client.o
 .sdata         0xa0001044       0x24 output\app_thingspeak.o
                0xa0001044                app_thingspeak_res3
                0xa0001048                app_thingspeak_res2
                0xa000104c                app_thingspeak_LiPoVoltage
                0xa0001050                app_thingspeak_CO2
                0xa0001054                app_thingspeak_humidity
                0xa0001058                app_thingspeak_pressure
                0xa000105c                app_thingspeak_temperature
                0xa0001060                app_thingspeak_port
                0xa0001064                app_thingspeak_socket
 .sdata         0xa0001068        0x4 c:/program files (x86)/microchip/xc32/v2.30/bin/bin/../../lib/gcc/pic32mx/4.8.3/../../../../pic32mx/lib\liblega-c.a(_iobdata.o)
                0xa0001068                _libc_data
 .sdata         0xa000106c        0x4 c:/program files (x86)/microchip/xc32/v2.30/bin/bin/../../lib/gcc/pic32mx/4.8.3/../../../../pic32mx/lib\libpic32.a(xc32_uart.o)
                0xa000106c                __XC_UART
                0xa0001070                . = ALIGN (0x4)
                0xa0001070                _sdata_end = .

.lit8
 *(.lit8)

.lit4
 *(.lit4)
                0xa0001070                . = ALIGN (0x4)
                0xa0001070                _data_end = .
                0xa0001070                _bss_begin = .

.sbss           0xa0001070      0x32c
                0xa0001070                _sbss_begin = .
 *(.dynsbss)
 *(.sbss .sbss.* .gnu.linkonce.sb.*)
 .sbss          0xa0001070       0x18 output\main.o
                0xa0001074                loopCntHistoryCnt
                0xa0001078                tick_count
                0xa000107c                loopCnt
                0xa0001080                loopCntTemp
                0xa0001084                do_loopCnt
 .sbss          0xa0001088       0x2c output\app.o
                0xa0001090                app_BootloaderTrigger
                0xa0001094                app_LiPo_Percentage
                0xa0001098                app_LiPo_Voltage
                0xa000109c                app_CO2
                0xa00010a0                app_Humiditiy
                0xa00010a4                app_Pressure
                0xa00010a8                app_Temperature
                0xa00010ac                do_app_1000ms
                0xa00010b0                do_app_10ms
 .sbss          0xa00010b4        0xc output\ad.o
                0xa00010b8                ad_extend_sampling_time
                0xa00010bc                ad_currentChannel
                0xa00010bd                doAd10ms
 .sbss          0xa00010c0        0x8 output\exceptions.o
                0xa00010c0                generateException
                0xa00010c4                exceptionCounter
 .sbss          0xa00010c8       0x10 output\mal.o
                0xa00010c8                isrLockCnt
                0xa00010cc                gieTemp
                0xa00010d0                mal_RCON_temp
                0xa00010d4                mal_resetReason_temp
 .sbss          0xa00010d8        0x4 output\noinitram.o
                0xa00010d8                noinitram_valid_block
 .sbss          0xa00010dc        0x8 output\stackmeasure.o
                0xa00010dc                stackmeasure_maxfillness
                0xa00010e0                stackmeasure_current_pos
 .sbss          0xa00010e4       0x14 output\tmr.o
                0xa00010f0                globalTimeUs
                0xa00010f4                globalTime
 .sbss          0xa00010f8       0x20 output\sleep.o
                0xa00010f8                do_isr_sleep_1ms
                0xa00010f9                sleep_executeSleep
                0xa00010fa                sleepPointOfNoReturnRegisteredRequest
                0xa00010fb                sleepPointOfNoReturn
                0xa00010fc                sleepEdgeDetector
                0xa0001100                sleepDriverRequest_delay
                0xa0001104                sleepAppRequest_delay
                0xa0001108                sleepRequestDriver
                0xa000110c                sleepRequestApp
                0xa0001110                sleepRequestLock
                0xa0001114                sleepTime
 .sbss          0xa0001118       0x1c output\dee.o
                0xa000111c                dee_debug_init_dee
                0xa0001120                do_dee_debug
                0xa0001124                dee_addr_cache
                0xa0001128                dee_data_cache
                0xa000112c                dee_cache_valid
                0xa0001130                dee_debug_last_return_value
 .sbss          0xa0001134       0x20 output\eep_manager.o
                0xa0001145                do_eep_manager_1ms
                0xa0001148                eep_manager_persistent_eeprom_2
                0xa000114c                eep_manager_persistent_eeprom
                0xa0001150                eep_manager_persistent_config
 .sbss          0xa0001154        0x4 output\c_eep_manager.o
                0xa0001154                test2Variable
                0xa0001156                testVariable
 .sbss          0xa0001158       0x68 output\bme280.o
                0xa000115c                iicStateMachineError
                0xa0001160                resultPressureError
                0xa0001164                bme280_samplingTimer
                0xa0001168                bme280_conversionTimer
                0xa000116c                do_bme280_1ms
                0xa0001170                bme280TempData
                0xa0001178                resultHumidity
                0xa000117c                resultAltitude
                0xa0001180                resultPressure
                0xa0001184                resultTemp
                0xa0001188                bme280States
                0xa000118c                bme280_loaderCnt
                0xa0001190                UH
                0xa0001194                UP
                0xa0001198                UT
                0xa000119c                dig_H6
                0xa000119e                dig_H5
                0xa00011a0                dig_H4
                0xa00011a2                dig_H3
                0xa00011a4                dig_H2
                0xa00011a6                dig_H1
                0xa00011a8                dig_P9
                0xa00011aa                dig_P8
                0xa00011ac                dig_P7
                0xa00011ae                dig_P6
                0xa00011b0                dig_P5
                0xa00011b2                dig_P4
                0xa00011b4                dig_P3
                0xa00011b6                dig_P2
                0xa00011b8                dig_P1
                0xa00011ba                dig_T3
                0xa00011bc                dig_T2
                0xa00011be                dig_T1
 .sbss          0xa00011c0       0x28 output\ccs811.o
                0xa00011c0                ccs811_env_comp_available
                0xa00011c2                ccs811_humi_compensation
                0xa00011c4                ccs811_temp_compensation
                0xa00011c6                ccs811_TVOC_raw
                0xa00011c8                ccs811_eCO2_raw
                0xa00011cc                ccs811_delayTimer
                0xa00011d0                ccs811_TVOC
                0xa00011d4                ccs811_CO2
                0xa00011d8                do_ccs811_1ms
                0xa00011dc                ccs811_states
                0xa00011e0                ccs811_read_data
                0xa00011e1                ccs811_read_result
                0xa00011e2                ccs811_read_trigger
                0xa00011e4                ccs811_read_states
 .sbss          0xa00011e8       0x4c output\iic_master.o
                0xa00011ec                iic_getState_async_state
                0xa00011f0                IIC_RX_BIT_cnt
                0xa00011f1                IIC_TX_BIT_cnt
                0xa00011f2                i2c_rx_async_cnt
                0xa00011f3                i2c_tx_async_cnt
                0xa00011f4                i2c_stop_async_cnt
                0xa00011f5                i2c_start_async_cnt
                0xa00011f6                iic_delay_debug
                0xa00011f7                iic_master_tmp_data
                0xa00011f8                do_iic_master_task
                0xa00011fc                do_iic_master_10us
                0xa0001200                do_iic_master_100us
                0xa0001204                do_iic_master_1ms
                0xa0001208                iic_master_write_size_current
                0xa000120c                iic_master_write_size
                0xa0001210                iic_master_read_size_current
                0xa0001214                iic_master_read_size
                0xa0001218                iic_master_read_state
                0xa000121c                iic_master_write_state
                0xa0001220                iic_master_repeat
                0xa0001221                iic_master_tx_addr
                0xa0001224                missedTxCharI2C
                0xa0001228                missedRxCharI2C
                0xa000122c                iic_buffer_master_tx
                0xa0001230                iic_buffer_master_rx
 .sbss          0xa0001234        0xc output\iic_master_multi.o
                0xa0001234                foundItem
                0xa0001238                do_iic_master_multi_100us
                0xa000123c                do_iic_master_multi_1ms
 .sbss          0xa0001240        0x8 output\wifi.o
                0xa0001244                wifi_is_connected_value
 .sbss          0xa0001248        0x8 output\UDP.o
 .sbss          0xa0001250       0x14 output\Tick.o
 .sbss          0xa0001264       0x10 output\stack_task.o
                0xa0001268                g_DhcpRetryTimer
                0xa000126c                g_DhcpRenew
 .sbss          0xa0001274       0x10 output\sntp.o
 .sbss          0xa0001284        0x8 output\nbns.o
 .sbss          0xa000128c        0x6 output\mpfs2.o
 .sbss          0xa0001292        0x4 output\IP.o
 .sbss          0xa0001296        0x1 output\drv_wifi_spi.o
 .sbss          0xa0001297        0x2 output\drv_wifi_raw.o
                0xa0001297                gIntDisabled
                0xa0001298                g_HostRAWDataPacketReceived
 .sbss          0xa0001299        0x3 output\drv_wifi_power_save.o
 .sbss          0xa000129c        0x4 output\drv_wifi_mgmt_msg.o
                0xa000129d                g_WaitingForMgmtResponse
 .sbss          0xa00012a0       0x14 output\drv_wifi_mac.o
 .sbss          0xa00012b4        0x1 output\drv_wifi_init.o
                0xa00012b4                gRFModuleVer1209orLater
 .sbss          0xa00012b5        0x1 output\drv_wifi_connection_manager.o
 *fill*         0xa00012b6        0x2 
 .sbss          0xa00012b8       0x14 output\drv_wifi_com.o
                0xa00012b8                g_dhcpInProgress
                0xa00012b9                g_WiFiConnection
                0xa00012ba                g_WiFiConnectionChanged
                0xa00012bb                g_DhcpSuccessful
 .sbss          0xa00012cc       0x14 output\dns_client.o
 .sbss          0xa00012e0        0x1 output\dhcp_client.o
                0xa00012e0                DHCPClientInitializedOnce
 .sbss          0xa00012e1        0x1 output\custom_http_app.o
 *fill*         0xa00012e2        0x2 
 .sbss          0xa00012e4        0x4 output\ARP.o
 .sbss          0xa00012e8        0x8 output\announce.o
 .sbss          0xa00012f0       0x24 output\app_thingspeak.o
                0xa00012f0                app_thingspeak_get_string_cnt_max
                0xa00012f4                app_thingspeak_get_string_cnt
                0xa00012f8                app_thingspeak_missed_rx_char
                0xa00012fc                app_thingspeak_missed_tx_char
                0xa0001300                app_thingspeak_res1
                0xa0001304                app_thingspeak_internal_comm_state
                0xa0001308                app_thingspeak_socket_was_connected
                0xa0001309                app_thingspeak_trigger
                0xa000130c                TransportState
                0xa0001310                do_app_thingspeak_1ms
 .sbss          0xa0001314       0x10 output\sht31d.o
                0xa0001314                sht31d_humidity
                0xa0001318                sht31d_temp
                0xa000131c                sht31d_state_machine
                0xa0001320                do_sht31d_1ms
 .sbss          0xa0001324        0x4 c:/program files (x86)/microchip/xc32/v2.30/bin/bin/../../lib/gcc/pic32mx/4.8.3/../../../../pic32mx/lib\liblega-c.a(errno.o)
                0xa0001324                errno
 *(.scommon)
 .scommon       0xa0001328        0x6 output\ad.o
                0xa0001328                adResults
 *fill*         0xa000132e        0x2 
 .scommon       0xa0001330       0x18 output\exceptions.o
                0xa0001330                tempResult
                0xa0001334                _return_addr
                0xa0001338                _excep_code
                0xa000133c                tempB
                0xa0001340                tempA
                0xa0001344                _excep_addr
 .scommon       0xa0001348        0xc output\dee_page.o
                0xa0001348                read_dee_page_size
                0xa000134c                read_dee_page
                0xa0001350                read_dee_page_startaddress
 .scommon       0xa0001354        0x4 output\dee.o
                0xa0001354                dataEEFlags
 .scommon       0xa0001358        0x4 output\bme280.o
                0xa0001358                t_fine
 .scommon       0xa000135c        0x9 output\ccs811.o
                0xa000135c                ccs811_meas_mode
                0xa0001360                ccs811_error_id
                0xa0001364                ccs811_status
 .scommon       0xa0001365        0x1 output\wifi.o
                0xa0001365                ConnectionProfileID
 .scommon       0xa0001366        0x5 output\UDP.o
                0xa0001366                UDPRxCount
                0xa0001368                UDPTxCount
                0xa000136a                activeUDPSocket
 .scommon       0xa000136b        0x1 output\http2.o
                0xa000136b                curHTTPID
 .scommon       0xa000136c        0x6 output\drv_wifi_raw.o
                0xa000136c                RawWindowReady
                0xa0001370                RawWindowState
 .scommon       0xa0001372        0x1 output\drv_wifi_power_save.o
                0xa0001372                g_rxDtim
 .scommon       0xa0001373        0x1 output\drv_wifi_mac.o
                0xa0001373                g_rxIndexSetBeyondBuffer
 .scommon       0xa0001374        0x2 output\drv_wifi_com.o
                0xa0001374                RawMoveState
 .scommon       0xa0001376        0xc output\custom_http_app.o
                0xa0001376                LED0_IO
                0xa0001377                LED2_IO
                0xa0001378                BUTTON1_IO
                0xa0001379                BUTTON0_IO
                0xa000137a                LED7_IO
                0xa000137b                BUTTON3_IO
                0xa000137c                LED6_IO
                0xa000137d                LED4_IO
                0xa000137e                BUTTON2_IO
                0xa000137f                LED5_IO
                0xa0001380                LED3_IO
                0xa0001381                LED1_IO
 *fill*         0xa0001382        0x2 
 .scommon       0xa0001384        0x8 output\app_thingspeak.o
                0xa0001384                app_thingspeak_timeout
                0xa0001388                app_thingspeak_server_ip
 .scommon       0xa000138c       0x10 output\sht31d.o
                0xa000138c                sht31d_measurement_tmr
                0xa0001390                sht31d_data
                0xa0001398                sht31d_measurement_poll
                0xa000139c                _sbss_end = .
                0xa000139c                . = ALIGN (0x4)

.bss            0xa000139c      0x8ec
 *(.dynbss)
 *(COMMON)
 COMMON         0xa000139c       0xf0 output\main.o
                0xa000139c                loopCntHistory
 COMMON         0xa000148c        0xc output\dee_page.o
                0xa000148c                dee_debug_page_status
 COMMON         0xa0001498       0x48 output\eep_manager.o
                0xa0001498                eep_manager_write_all_trigger
                0xa00014bc                eep_manager_debug_address
 COMMON         0xa00014e0       0x20 output\ccs811.o
                0xa00014e0                ccs811_TempData
 COMMON         0xa0001500       0x90 output\iic_master_multi.o
                0xa0001500                iic_master_multi_data
 COMMON         0xa0001590       0xff output\wifi.o
                0xa0001590                AppConfig
                0xa000162c                g_WpsPassphrase
 *fill*         0xa000168f        0x1 
 COMMON         0xa0001690       0xe0 output\UDP.o
                0xa0001690                UDPSocketInfo
 COMMON         0xa0001770        0xa output\stack_task.o
                0xa0001770                remoteNode
 *fill*         0xa000177a        0x2 
 COMMON         0xa000177c       0x9c output\http2.o
                0xa000177c                curHTTP
                0xa0001808                httpStubs
 COMMON         0xa0001818       0x40 output\hashes.o
                0xa0001818                lastBlock
 COMMON         0xa0001858      0x430 output\app_thingspeak.o
                0xa0001858                app_thingspeak_CO2Str
                0xa0001878                app_thingspeak_humidityStr
                0xa0001898                app_thingspeak_rx
                0xa0001998                myRingBuffer_app_thingspeak_rx
                0xa00019b0                app_thingspeak_get_string
                0xa0001ab0                app_thingspeak_reserve3Str
                0xa0001ad0                app_thingspeak_LiPoVoltageStr
                0xa0001af0                app_thingspeak_reserve2Str
                0xa0001b10                app_thingspeak_tx
                0xa0001c10                app_thingspeak_pressureStr
                0xa0001c30                myRingBuffer_app_thingspeak_tx
                0xa0001c48                app_thingspeak_reserve1Str
                0xa0001c68                app_thingspeak_temperatureStr
                0xa0001c88                . = ALIGN ((. != 0x0)?0x4:0x1)
                0xa0001c88                . = ALIGN (0x4)
                0xa0001c88                _end = .
                0xa0001c88                _bss_end = .
                0x0001f000                _bmxdudba_address = 0x1f000
                0x0001f000                _bmxdupba_address = 0x1f000

/DISCARD/
 *(.pdr)
 *(.rel.dyn)
 *(.note.GNU-stack)
 *(.note.GNU-stack)
 *(.gnu_debuglink)
 *(.gnu.lto_*)
 *(.discard)
 *(._debug_exception)

.gptab.sdata
 *(.gptab.data)
 *(.gptab.sdata)

.gptab.sbss
 *(.gptab.bss)
 *(.gptab.sbss)

.mdebug.abi32   0xa0000000        0x0
 *(.mdebug.abi32)
 .mdebug.abi32  0xa0000000        0x0 output\main.o
 .mdebug.abi32  0xa0000000        0x0 output\bootloader_interface.o
 .mdebug.abi32  0xa0000000        0x0 output\app.o
 .mdebug.abi32  0xa0000000        0x0 output\ad.o
 .mdebug.abi32  0xa0000000        0x0 output\isr.o
 .mdebug.abi32  0xa0000000        0x0 output\exceptions.o
 .mdebug.abi32  0xa0000000        0x0 output\mal.o
 .mdebug.abi32  0xa0000000        0x0 output\noinitram.o
 .mdebug.abi32  0xa0000000        0x0 output\stackmeasure.o
 .mdebug.abi32  0xa0000000        0x0 output\tmr.o
 .mdebug.abi32  0xa0000000        0x0 output\sleep.o
 .mdebug.abi32  0xa0000000        0x0 output\eeprom.o
 .mdebug.abi32  0xa0000000        0x0 output\dee_page_helper.o
 .mdebug.abi32  0xa0000000        0x0 output\dee_page.o
 .mdebug.abi32  0xa0000000        0x0 output\dee.o
 .mdebug.abi32  0xa0000000        0x0 output\eep_manager_crc.o
 .mdebug.abi32  0xa0000000        0x0 output\eep_manager.o
 .mdebug.abi32  0xa0000000        0x0 output\c_eep_manager.o
 .mdebug.abi32  0xa0000000        0x0 output\bme280.o
 .mdebug.abi32  0xa0000000        0x0 output\bme280_conversion.o
 .mdebug.abi32  0xa0000000        0x0 output\ccs811.o
 .mdebug.abi32  0xa0000000        0x0 output\iic_master.o
 .mdebug.abi32  0xa0000000        0x0 output\iic_master_multi.o
 .mdebug.abi32  0xa0000000        0x0 output\wifi.o
 .mdebug.abi32  0xa0000000        0x0 output\UDP.o
 .mdebug.abi32  0xa0000000        0x0 output\Tick.o
 .mdebug.abi32  0xa0000000        0x0 output\tcp.o
 .mdebug.abi32  0xa0000000        0x0 output\stack_task.o
 .mdebug.abi32  0xa0000000        0x0 output\ssl.o
 .mdebug.abi32  0xa0000000        0x0 output\sntp.o
 .mdebug.abi32  0xa0000000        0x0 output\smtp_demo.o
 .mdebug.abi32  0xa0000000        0x0 output\smtp.o
 .mdebug.abi32  0xa0000000        0x0 output\rsa.o
 .mdebug.abi32  0xa0000000        0x0 output\reboot.o
 .mdebug.abi32  0xa0000000        0x0 output\random.o
 .mdebug.abi32  0xa0000000        0x0 output\nbns.o
 .mdebug.abi32  0xa0000000        0x0 output\mpfs2.o
 .mdebug.abi32  0xa0000000        0x0 output\IP.o
 .mdebug.abi32  0xa0000000        0x0 output\icmp.o
 .mdebug.abi32  0xa0000000        0x0 output\http2.o
 .mdebug.abi32  0xa0000000        0x0 output\Helpers.o
 .mdebug.abi32  0xa0000000        0x0 output\hashes.o
 .mdebug.abi32  0xa0000000        0x0 output\drv_wifi_spi.o
 .mdebug.abi32  0xa0000000        0x0 output\drv_wifi_raw.o
 .mdebug.abi32  0xa0000000        0x0 output\drv_wifi_power_save.o
 .mdebug.abi32  0xa0000000        0x0 output\drv_wifi_pbkdf2.o
 .mdebug.abi32  0xa0000000        0x0 output\drv_wifi_param_msg.o
 .mdebug.abi32  0xa0000000        0x0 output\drv_wifi_mgmt_msg.o
 .mdebug.abi32  0xa0000000        0x0 output\drv_wifi_mac.o
 .mdebug.abi32  0xa0000000        0x0 output\drv_wifi_init.o
 .mdebug.abi32  0xa0000000        0x0 output\drv_wifi_event_handler.o
 .mdebug.abi32  0xa0000000        0x0 output\drv_wifi_eint.o
 .mdebug.abi32  0xa0000000        0x0 output\drv_wifi_debug_strings.o
 .mdebug.abi32  0xa0000000        0x0 output\drv_wifi_connection_profile.o
 .mdebug.abi32  0xa0000000        0x0 output\drv_wifi_connection_manager.o
 .mdebug.abi32  0xa0000000        0x0 output\drv_wifi_connection_algorithm.o
 .mdebug.abi32  0xa0000000        0x0 output\drv_wifi_config.o
 .mdebug.abi32  0xa0000000        0x0 output\drv_wifi_com.o
 .mdebug.abi32  0xa0000000        0x0 output\dns_client.o
 .mdebug.abi32  0xa0000000        0x0 output\dhcp_client.o
 .mdebug.abi32  0xa0000000        0x0 output\Delay.o
 .mdebug.abi32  0xa0000000        0x0 output\custom_ssl_cert.o
 .mdebug.abi32  0xa0000000        0x0 output\custom_http_app.o
 .mdebug.abi32  0xa0000000        0x0 output\big_int.o
 .mdebug.abi32  0xa0000000        0x0 output\ARP.o
 .mdebug.abi32  0xa0000000        0x0 output\arc4.o
 .mdebug.abi32  0xa0000000        0x0 output\announce.o
 .mdebug.abi32  0xa0000000        0x0 output\mpfs_img2.o
 .mdebug.abi32  0xa0000000        0x0 output\http_print.o
 .mdebug.abi32  0xa0000000        0x0 output\http_get.o
 .mdebug.abi32  0xa0000000        0x0 output\app_thingspeak.o
 .mdebug.abi32  0xa0000000        0x0 output\ringBuffer.o
 .mdebug.abi32  0xa0000000        0x0 output\sht31d.o
 .mdebug.abi32  0xa0000000        0x0 c:/program files (x86)/microchip/xc32/v2.30/bin/bin/../../lib/gcc/pic32mx/4.8.3/../../../../pic32mx/lib\libmchp_peripheral_32MX795F512H.a(soft_reset_lib.o)
 .mdebug.abi32  0xa0000000        0x0 c:/program files (x86)/microchip/xc32/v2.30/bin/bin/../../lib/gcc/pic32mx/4.8.3/../../../../pic32mx/lib\libmchp_peripheral_32MX795F512H.a(pcache.o)
 .mdebug.abi32  0xa0000000        0x0 c:/program files (x86)/microchip/xc32/v2.30/bin/bin/../../lib/gcc/pic32mx/4.8.3/../../../../pic32mx/lib\libmchp_peripheral_32MX795F512H.a(int_disable_interrupts_lib.o)
 .mdebug.abi32  0xa0000000        0x0 c:/program files (x86)/microchip/xc32/v2.30/bin/bin/../../lib/gcc/pic32mx/4.8.3/../../../../pic32mx/lib\libmchp_peripheral_32MX795F512H.a(power_idle_lib.o)
 .mdebug.abi32  0xa0000000        0x0 c:/program files (x86)/microchip/xc32/v2.30/bin/bin/../../lib/gcc/pic32mx/4.8.3/../../../../pic32mx/lib\libmchp_peripheral_32MX795F512H.a(power_sleep_lib.o)
 .mdebug.abi32  0xa0000000        0x0 c:/program files (x86)/microchip/xc32/v2.30/bin/bin/../../lib/gcc/pic32mx/4.8.3/../../../../pic32mx/lib\libmchp_peripheral_32MX795F512H.a(nvm_erase_page_lib.o)
 .mdebug.abi32  0xa0000000        0x0 c:/program files (x86)/microchip/xc32/v2.30/bin/bin/../../lib/gcc/pic32mx/4.8.3/../../../../pic32mx/lib\libmchp_peripheral_32MX795F512H.a(nvm_operation_lib.o)
 .mdebug.abi32  0xa0000000        0x0 c:/program files (x86)/microchip/xc32/v2.30/bin/bin/../../lib/gcc/pic32mx/4.8.3/../../../../pic32mx/lib\libmchp_peripheral_32MX795F512H.a(nvm_write_word_lib.o)
 .mdebug.abi32  0xa0000000        0x0 c:/program files (x86)/microchip/xc32/v2.30/bin/bin/../../lib/gcc/pic32mx/4.8.3/../../../../pic32mx/lib\libmchp_peripheral_32MX795F512H.a(int_restore_interrupts_lib.o)
 .mdebug.abi32  0xa0000000        0x0 c:/program files (x86)/microchip/xc32/v2.30/bin/bin/../../lib/gcc/pic32mx/4.8.3\libgcc.a(_divdi3.o)
 .mdebug.abi32  0xa0000000        0x0 c:/program files (x86)/microchip/xc32/v2.30/bin/bin/../../lib/gcc/pic32mx/4.8.3\libgcc.a(floatunsisf.o)
 .mdebug.abi32  0xa0000000        0x0 c:/program files (x86)/microchip/xc32/v2.30/bin/bin/../../lib/gcc/pic32mx/4.8.3/../../../../pic32mx/lib\libpic32.a(default-bootstrap-exception-handler.o)
 .mdebug.abi32  0xa0000000        0x0 c:/program files (x86)/microchip/xc32/v2.30/bin/bin/../../lib/gcc/pic32mx/4.8.3/../../../../pic32mx/lib\libpic32.a(default-on-reset.o)
 .mdebug.abi32  0xa0000000        0x0 c:/program files (x86)/microchip/xc32/v2.30/bin/bin/../../lib/gcc/pic32mx/4.8.3/../../../../pic32mx/lib\libpic32.a(default-on-bootstrap.o)
 .mdebug.abi32  0xa0000000        0x0 c:/program files (x86)/microchip/xc32/v2.30/bin/bin/../../lib/gcc/pic32mx/4.8.3/../../../../pic32mx/lib\libpic32.a(defaultinterrupt.o)
 .mdebug.abi32  0xa0000000        0x0 c:/program files (x86)/microchip/xc32/v2.30/bin/bin/../../lib/gcc/pic32mx/4.8.3/../../../../pic32mx/lib\liblega-c.a(strncpy.o)
 .mdebug.abi32  0xa0000000        0x0 c:/program files (x86)/microchip/xc32/v2.30/bin/bin/../../lib/gcc/pic32mx/4.8.3/../../../../pic32mx/lib\liblega-c.a(atol.o)
 .mdebug.abi32  0xa0000000        0x0 c:/program files (x86)/microchip/xc32/v2.30/bin/bin/../../lib/gcc/pic32mx/4.8.3/../../../../pic32mx/lib\liblega-c.a(strtol.o)
 .mdebug.abi32  0xa0000000        0x0 c:/program files (x86)/microchip/xc32/v2.30/bin/bin/../../lib/gcc/pic32mx/4.8.3/../../../../pic32mx/lib\liblega-c.a(sprintf_cdfFnopsuxX.eo)
 .mdebug.abi32  0xa0000000        0x0 c:/program files (x86)/microchip/xc32/v2.30/bin/bin/../../lib/gcc/pic32mx/4.8.3/../../../../pic32mx/lib\liblega-c.a(ctype.o)
 .mdebug.abi32  0xa0000000        0x0 c:/program files (x86)/microchip/xc32/v2.30/bin/bin/../../lib/gcc/pic32mx/4.8.3/../../../../pic32mx/lib\liblega-c.a(errno.o)
 .mdebug.abi32  0xa0000000        0x0 c:/program files (x86)/microchip/xc32/v2.30/bin/bin/../../lib/gcc/pic32mx/4.8.3/../../../../pic32mx/lib\liblega-c.a(_doprnt_cdfFnopsuxX.eo)
 .mdebug.abi32  0xa0000000        0x0 c:/program files (x86)/microchip/xc32/v2.30/bin/bin/../../lib/gcc/pic32mx/4.8.3/../../../../pic32mx/lib\liblega-c.a(_iobdata.o)
 .mdebug.abi32  0xa0000000        0x0 c:/program files (x86)/microchip/xc32/v2.30/bin/bin/../../lib/gcc/pic32mx/4.8.3/../../../../pic32mx/lib\liblega-c.a(_iobfuncs.o)
 .mdebug.abi32  0xa0000000        0x0 c:/program files (x86)/microchip/xc32/v2.30/bin/bin/../../lib/gcc/pic32mx/4.8.3/../../../../pic32mx/lib\liblega-c.a(_iobstring.o)
 .mdebug.abi32  0xa0000000        0x0 c:/program files (x86)/microchip/xc32/v2.30/bin/bin/../../lib/gcc/pic32mx/4.8.3/../../../../pic32mx/lib\liblega-c.a(fputc.o)
 .mdebug.abi32  0xa0000000        0x0 c:/program files (x86)/microchip/xc32/v2.30/bin/bin/../../lib/gcc/pic32mx/4.8.3/../../../../pic32mx/lib\libm.a(w_powf.o)
 .mdebug.abi32  0xa0000000        0x0 c:/program files (x86)/microchip/xc32/v2.30/bin/bin/../../lib/gcc/pic32mx/4.8.3/../../../../pic32mx/lib\libm.a(s_lib_ver.o)
 .mdebug.abi32  0xa0000000        0x0 c:/program files (x86)/microchip/xc32/v2.30/bin/bin/../../lib/gcc/pic32mx/4.8.3\libgcc.a(_udivdi3.o)
 .mdebug.abi32  0xa0000000        0x0 c:/program files (x86)/microchip/xc32/v2.30/bin/bin/../../lib/gcc/pic32mx/4.8.3\libgcc.a(_umoddi3.o)
 .mdebug.abi32  0xa0000000        0x0 c:/program files (x86)/microchip/xc32/v2.30/bin/bin/../../lib/gcc/pic32mx/4.8.3/../../../../pic32mx/lib\libpic32.a(_mon_getc.o)
 .mdebug.abi32  0xa0000000        0x0 c:/program files (x86)/microchip/xc32/v2.30/bin/bin/../../lib/gcc/pic32mx/4.8.3/../../../../pic32mx/lib\libpic32.a(_mon_write.o)
 .mdebug.abi32  0xa0000000        0x0 c:/program files (x86)/microchip/xc32/v2.30/bin/bin/../../lib/gcc/pic32mx/4.8.3/../../../../pic32mx/lib\libpic32.a(xc32_uart.o)
 .mdebug.abi32  0xa0000000        0x0 c:/program files (x86)/microchip/xc32/v2.30/bin/bin/../../lib/gcc/pic32mx/4.8.3/../../../../pic32mx/lib\libpic32.a(isinf.o)
 .mdebug.abi32  0xa0000000        0x0 c:/program files (x86)/microchip/xc32/v2.30/bin/bin/../../lib/gcc/pic32mx/4.8.3/../../../../pic32mx/lib\libpic32.a(_mon_putc.o)
 .mdebug.abi32  0xa0000000        0x0 c:/program files (x86)/microchip/xc32/v2.30/bin/bin/../../lib/gcc/pic32mx/4.8.3/../../../../pic32mx/lib\libe.a(_unorddf2.o)

.mdebug.abiN32
 *(.mdebug.abiN32)

.mdebug.abi64
 *(.mdebug.abi64)

.mdebug.abiO64
 *(.mdebug.abiO64)

.mdebug.eabi32
 *(.mdebug.eabi32)

.mdebug.eabi64
 *(.mdebug.eabi64)

.gcc_compiled_long32
 *(.gcc_compiled_long32)

.gcc_compiled_long64
 *(.gcc_compiled_long64)

.stab
 *(.stab)

.stabstr
 *(.stabstr)

.stab.excl
 *(.stab.excl)

.stab.exclstr
 *(.stab.exclstr)

.stab.index
 *(.stab.index)

.stab.indexstr
 *(.stab.indexstr)

.comment        0x00000000      0x4b9
 *(.comment)
 .comment       0x00000000       0x3c output\main.o
                                 0x3d (size before relaxing)
 .comment       0x00000000       0x3d output\bootloader_interface.o
 .comment       0x00000000       0x3d output\app.o
 .comment       0x00000000       0x3d output\ad.o
 .comment       0x00000000       0x3d output\isr.o
 .comment       0x00000000       0x3d output\exceptions.o
 .comment       0x00000000       0x3d output\mal.o
 .comment       0x00000000       0x3d output\noinitram.o
 .comment       0x00000000       0x3d output\stackmeasure.o
 .comment       0x00000000       0x3d output\tmr.o
 .comment       0x00000000       0x3d output\sleep.o
 .comment       0x00000000       0x3d output\eeprom.o
 .comment       0x00000000       0x3d output\dee_page_helper.o
 .comment       0x00000000       0x3d output\dee_page.o
 .comment       0x00000000       0x3d output\dee.o
 .comment       0x00000000       0x3d output\eep_manager_crc.o
 .comment       0x00000000       0x3d output\eep_manager.o
 .comment       0x00000000       0x3d output\c_eep_manager.o
 .comment       0x00000000       0x3d output\bme280.o
 .comment       0x00000000       0x3d output\bme280_conversion.o
 .comment       0x00000000       0x3d output\ccs811.o
 .comment       0x00000000       0x3d output\iic_master.o
 .comment       0x00000000       0x3d output\iic_master_multi.o
 .comment       0x00000000       0x3d output\wifi.o
 .comment       0x00000000       0x3d output\UDP.o
 .comment       0x00000000       0x3d output\Tick.o
 .comment       0x00000000       0x3d output\tcp.o
 .comment       0x00000000       0x3d output\stack_task.o
 .comment       0x00000000       0x3d output\ssl.o
 .comment       0x00000000       0x3d output\sntp.o
 .comment       0x00000000       0x3d output\smtp_demo.o
 .comment       0x00000000       0x3d output\smtp.o
 .comment       0x00000000       0x3d output\rsa.o
 .comment       0x00000000       0x3d output\reboot.o
 .comment       0x00000000       0x3d output\random.o
 .comment       0x00000000       0x3d output\nbns.o
 .comment       0x00000000       0x3d output\mpfs2.o
 .comment       0x00000000       0x3d output\IP.o
 .comment       0x00000000       0x3d output\icmp.o
 .comment       0x00000000       0x3d output\http2.o
 .comment       0x00000000       0x3d output\Helpers.o
 .comment       0x00000000       0x3d output\hashes.o
 .comment       0x00000000       0x3d output\drv_wifi_spi.o
 .comment       0x00000000       0x3d output\drv_wifi_raw.o
 .comment       0x00000000       0x3d output\drv_wifi_power_save.o
 .comment       0x00000000       0x3d output\drv_wifi_pbkdf2.o
 .comment       0x00000000       0x3d output\drv_wifi_param_msg.o
 .comment       0x00000000       0x3d output\drv_wifi_mgmt_msg.o
 .comment       0x00000000       0x3d output\drv_wifi_mac.o
 .comment       0x00000000       0x3d output\drv_wifi_init.o
 .comment       0x00000000       0x3d output\drv_wifi_event_handler.o
 .comment       0x00000000       0x3d output\drv_wifi_eint.o
 .comment       0x00000000       0x3d output\drv_wifi_debug_strings.o
 .comment       0x00000000       0x3d output\drv_wifi_connection_profile.o
 .comment       0x00000000       0x3d output\drv_wifi_connection_manager.o
 .comment       0x00000000       0x3d output\drv_wifi_connection_algorithm.o
 .comment       0x00000000       0x3d output\drv_wifi_config.o
 .comment       0x00000000       0x3d output\drv_wifi_com.o
 .comment       0x00000000       0x3d output\dns_client.o
 .comment       0x00000000       0x3d output\dhcp_client.o
 .comment       0x00000000       0x3d output\Delay.o
 .comment       0x00000000       0x3d output\custom_ssl_cert.o
 .comment       0x00000000       0x3d output\custom_http_app.o
 .comment       0x00000000       0x3d output\big_int.o
 .comment       0x00000000       0x3d output\ARP.o
 .comment       0x00000000       0x3d output\arc4.o
 .comment       0x00000000       0x3d output\announce.o
 .comment       0x00000000       0x3d output\mpfs_img2.o
 .comment       0x00000000       0x3d output\http_print.o
 .comment       0x00000000       0x3d output\http_get.o
 .comment       0x00000000       0x3d output\app_thingspeak.o
 .comment       0x00000000       0x3d output\ringBuffer.o
 .comment       0x00000000       0x3d output\sht31d.o
 .comment       0x0000003c       0x3c c:/program files (x86)/microchip/xc32/v2.30/bin/bin/../../lib/gcc/pic32mx/4.8.3/../../../../pic32mx/lib\libmchp_peripheral_32MX795F512H.a(soft_reset_lib.o)
                                 0x3d (size before relaxing)
 .comment       0x00000000       0x3d c:/program files (x86)/microchip/xc32/v2.30/bin/bin/../../lib/gcc/pic32mx/4.8.3/../../../../pic32mx/lib\libmchp_peripheral_32MX795F512H.a(pcache.o)
 .comment       0x00000000       0x3d c:/program files (x86)/microchip/xc32/v2.30/bin/bin/../../lib/gcc/pic32mx/4.8.3/../../../../pic32mx/lib\libmchp_peripheral_32MX795F512H.a(int_disable_interrupts_lib.o)
 .comment       0x00000000       0x3d c:/program files (x86)/microchip/xc32/v2.30/bin/bin/../../lib/gcc/pic32mx/4.8.3/../../../../pic32mx/lib\libmchp_peripheral_32MX795F512H.a(power_idle_lib.o)
 .comment       0x00000000       0x3d c:/program files (x86)/microchip/xc32/v2.30/bin/bin/../../lib/gcc/pic32mx/4.8.3/../../../../pic32mx/lib\libmchp_peripheral_32MX795F512H.a(power_sleep_lib.o)
 .comment       0x00000000       0x3d c:/program files (x86)/microchip/xc32/v2.30/bin/bin/../../lib/gcc/pic32mx/4.8.3/../../../../pic32mx/lib\libmchp_peripheral_32MX795F512H.a(nvm_erase_page_lib.o)
 .comment       0x00000000       0x3d c:/program files (x86)/microchip/xc32/v2.30/bin/bin/../../lib/gcc/pic32mx/4.8.3/../../../../pic32mx/lib\libmchp_peripheral_32MX795F512H.a(nvm_operation_lib.o)
 .comment       0x00000000       0x3d c:/program files (x86)/microchip/xc32/v2.30/bin/bin/../../lib/gcc/pic32mx/4.8.3/../../../../pic32mx/lib\libmchp_peripheral_32MX795F512H.a(nvm_write_word_lib.o)
 .comment       0x00000000       0x3d c:/program files (x86)/microchip/xc32/v2.30/bin/bin/../../lib/gcc/pic32mx/4.8.3/../../../../pic32mx/lib\libmchp_peripheral_32MX795F512H.a(int_restore_interrupts_lib.o)
 .comment       0x00000000       0x3d c:/program files (x86)/microchip/xc32/v2.30/bin/bin/../../lib/gcc/pic32mx/4.8.3\libgcc.a(_divdi3.o)
 .comment       0x00000000       0x3d c:/program files (x86)/microchip/xc32/v2.30/bin/bin/../../lib/gcc/pic32mx/4.8.3\libgcc.a(floatunsisf.o)
 .comment       0x00000078       0x18 c:/program files (x86)/microchip/xc32/v2.30/bin/bin/../../lib/gcc/pic32mx/4.8.3/../../../../pic32mx/lib\libpic32.a(memcmp.o)
                                 0x19 (size before relaxing)
 .comment       0x00000090       0x18 c:/program files (x86)/microchip/xc32/v2.30/bin/bin/../../lib/gcc/pic32mx/4.8.3/../../../../pic32mx/lib\libpic32.a(memset.o)
                                 0x19 (size before relaxing)
 .comment       0x000000a8       0x19 c:/program files (x86)/microchip/xc32/v2.30/bin/bin/../../lib/gcc/pic32mx/4.8.3/../../../../pic32mx/lib\libpic32.a(strcmp.o)
                                 0x1a (size before relaxing)
 .comment       0x000000c1       0x19 c:/program files (x86)/microchip/xc32/v2.30/bin/bin/../../lib/gcc/pic32mx/4.8.3/../../../../pic32mx/lib\libpic32.a(strcpy.o)
                                 0x1a (size before relaxing)
 .comment       0x000000da       0x19 c:/program files (x86)/microchip/xc32/v2.30/bin/bin/../../lib/gcc/pic32mx/4.8.3/../../../../pic32mx/lib\libpic32.a(strlen.o)
                                 0x1a (size before relaxing)
 .comment       0x00000000       0x3d c:/program files (x86)/microchip/xc32/v2.30/bin/bin/../../lib/gcc/pic32mx/4.8.3/../../../../pic32mx/lib\libpic32.a(default-bootstrap-exception-handler.o)
 .comment       0x00000000       0x3d c:/program files (x86)/microchip/xc32/v2.30/bin/bin/../../lib/gcc/pic32mx/4.8.3/../../../../pic32mx/lib\libpic32.a(default-on-reset.o)
 .comment       0x00000000       0x3d c:/program files (x86)/microchip/xc32/v2.30/bin/bin/../../lib/gcc/pic32mx/4.8.3/../../../../pic32mx/lib\libpic32.a(default-on-bootstrap.o)
 .comment       0x00000000       0x3d c:/program files (x86)/microchip/xc32/v2.30/bin/bin/../../lib/gcc/pic32mx/4.8.3/../../../../pic32mx/lib\libpic32.a(defaultinterrupt.o)
 .comment       0x000000f3       0x50 c:/program files (x86)/microchip/xc32/v2.30/bin/bin/../../lib/gcc/pic32mx/4.8.3/../../../../pic32mx/lib\liblega-c.a(strncpy.o)
                                 0x8d (size before relaxing)
 .comment       0x00000143       0x4d c:/program files (x86)/microchip/xc32/v2.30/bin/bin/../../lib/gcc/pic32mx/4.8.3/../../../../pic32mx/lib\liblega-c.a(atol.o)
                                 0x8a (size before relaxing)
 .comment       0x00000190       0x4f c:/program files (x86)/microchip/xc32/v2.30/bin/bin/../../lib/gcc/pic32mx/4.8.3/../../../../pic32mx/lib\liblega-c.a(strtol.o)
                                 0x8c (size before relaxing)
 .comment       0x000001df       0x52 c:/program files (x86)/microchip/xc32/v2.30/bin/bin/../../lib/gcc/pic32mx/4.8.3/../../../../pic32mx/lib\liblega-c.a(sprintf_cdfFnopsuxX.eo)
                                 0x8f (size before relaxing)
 .comment       0x00000231       0x4e c:/program files (x86)/microchip/xc32/v2.30/bin/bin/../../lib/gcc/pic32mx/4.8.3/../../../../pic32mx/lib\liblega-c.a(ctype.o)
                                 0x8b (size before relaxing)
 .comment       0x0000027f       0x4e c:/program files (x86)/microchip/xc32/v2.30/bin/bin/../../lib/gcc/pic32mx/4.8.3/../../../../pic32mx/lib\liblega-c.a(errno.o)
                                 0x8b (size before relaxing)
 .comment       0x000002cd       0x52 c:/program files (x86)/microchip/xc32/v2.30/bin/bin/../../lib/gcc/pic32mx/4.8.3/../../../../pic32mx/lib\liblega-c.a(_doprnt_cdfFnopsuxX.eo)
                                 0x8f (size before relaxing)
 .comment       0x0000031f       0x53 c:/program files (x86)/microchip/xc32/v2.30/bin/bin/../../lib/gcc/pic32mx/4.8.3/../../../../pic32mx/lib\liblega-c.a(_iobdata.o)
                                 0x90 (size before relaxing)
 .comment       0x00000372       0x54 c:/program files (x86)/microchip/xc32/v2.30/bin/bin/../../lib/gcc/pic32mx/4.8.3/../../../../pic32mx/lib\liblega-c.a(_iobfuncs.o)
                                 0x91 (size before relaxing)
 .comment       0x000003c6       0x55 c:/program files (x86)/microchip/xc32/v2.30/bin/bin/../../lib/gcc/pic32mx/4.8.3/../../../../pic32mx/lib\liblega-c.a(_iobstring.o)
                                 0x92 (size before relaxing)
 .comment       0x0000041b       0x50 c:/program files (x86)/microchip/xc32/v2.30/bin/bin/../../lib/gcc/pic32mx/4.8.3/../../../../pic32mx/lib\liblega-c.a(fputc.o)
                                 0x8d (size before relaxing)
 .comment       0x00000000       0x3d c:/program files (x86)/microchip/xc32/v2.30/bin/bin/../../lib/gcc/pic32mx/4.8.3/../../../../pic32mx/lib\libm.a(w_powf.o)
 .comment       0x00000000       0x3d c:/program files (x86)/microchip/xc32/v2.30/bin/bin/../../lib/gcc/pic32mx/4.8.3/../../../../pic32mx/lib\libm.a(s_lib_ver.o)
 .comment       0x00000000       0x3d c:/program files (x86)/microchip/xc32/v2.30/bin/bin/../../lib/gcc/pic32mx/4.8.3\libgcc.a(_udivdi3.o)
 .comment       0x00000000       0x3d c:/program files (x86)/microchip/xc32/v2.30/bin/bin/../../lib/gcc/pic32mx/4.8.3\libgcc.a(_umoddi3.o)
 .comment       0x00000000       0x3d c:/program files (x86)/microchip/xc32/v2.30/bin/bin/../../lib/gcc/pic32mx/4.8.3/../../../../pic32mx/lib\libpic32.a(_mon_getc.o)
 .comment       0x00000000       0x3d c:/program files (x86)/microchip/xc32/v2.30/bin/bin/../../lib/gcc/pic32mx/4.8.3/../../../../pic32mx/lib\libpic32.a(_mon_write.o)
 .comment       0x00000000       0x3d c:/program files (x86)/microchip/xc32/v2.30/bin/bin/../../lib/gcc/pic32mx/4.8.3/../../../../pic32mx/lib\libpic32.a(xc32_uart.o)
 .comment       0x00000000       0x3d c:/program files (x86)/microchip/xc32/v2.30/bin/bin/../../lib/gcc/pic32mx/4.8.3/../../../../pic32mx/lib\libpic32.a(isinf.o)
 .comment       0x00000000       0x3d c:/program files (x86)/microchip/xc32/v2.30/bin/bin/../../lib/gcc/pic32mx/4.8.3/../../../../pic32mx/lib\libpic32.a(_mon_putc.o)
 .comment       0x0000046b       0x4e c:/program files (x86)/microchip/xc32/v2.30/bin/bin/../../lib/gcc/pic32mx/4.8.3/../../../../pic32mx/lib\libe.a(_unorddf2.o)
                                 0x8b (size before relaxing)

.debug
 *(.debug)

.line
 *(.line)

.debug_srcinfo
 *(.debug_srcinfo)

.debug_sfnames
 *(.debug_sfnames)

.debug_aranges  0x00000000      0xc00
 *(.debug_aranges)
 .debug_aranges
                0x00000000       0x20 output\main.o
 .debug_aranges
                0x00000020       0x20 output\bootloader_interface.o
 .debug_aranges
                0x00000040       0x20 output\app.o
 .debug_aranges
                0x00000060       0x20 output\ad.o
 .debug_aranges
                0x00000080       0x20 output\isr.o
 .debug_aranges
                0x000000a0       0x20 output\exceptions.o
 .debug_aranges
                0x000000c0       0x20 output\mal.o
 .debug_aranges
                0x000000e0       0x20 output\noinitram.o
 .debug_aranges
                0x00000100       0x20 output\stackmeasure.o
 .debug_aranges
                0x00000120       0x20 output\stackmeasure_helper.o
 .debug_aranges
                0x00000140       0x20 output\tmr.o
 .debug_aranges
                0x00000160       0x20 output\sleep.o
 .debug_aranges
                0x00000180       0x20 output\eeprom.o
 .debug_aranges
                0x000001a0       0x20 output\dee_page_helper.o
 .debug_aranges
                0x000001c0       0x20 output\dee_page.o
 .debug_aranges
                0x000001e0       0x20 output\dee.o
 .debug_aranges
                0x00000200       0x20 output\eep_manager_crc.o
 .debug_aranges
                0x00000220       0x20 output\eep_manager.o
 .debug_aranges
                0x00000240       0x18 output\c_eep_manager.o
 .debug_aranges
                0x00000258       0x20 output\bme280.o
 .debug_aranges
                0x00000278       0x20 output\bme280_conversion.o
 .debug_aranges
                0x00000298       0x20 output\ccs811.o
 .debug_aranges
                0x000002b8       0x20 output\iic_master.o
 .debug_aranges
                0x000002d8       0x20 output\iic_master_multi.o
 .debug_aranges
                0x000002f8       0x20 output\wifi.o
 .debug_aranges
                0x00000318       0x20 output\UDP.o
 .debug_aranges
                0x00000338       0x20 output\Tick.o
 .debug_aranges
                0x00000358       0x20 output\tcp.o
 .debug_aranges
                0x00000378       0x20 output\stack_task.o
 .debug_aranges
                0x00000398       0x18 output\ssl.o
 .debug_aranges
                0x000003b0       0x20 output\sntp.o
 .debug_aranges
                0x000003d0       0x18 output\smtp_demo.o
 .debug_aranges
                0x000003e8       0x18 output\smtp.o
 .debug_aranges
                0x00000400       0x18 output\rsa.o
 .debug_aranges
                0x00000418       0x20 output\reboot.o
 .debug_aranges
                0x00000438       0x18 output\random.o
 .debug_aranges
                0x00000450       0x20 output\nbns.o
 .debug_aranges
                0x00000470       0x20 output\mpfs2.o
 .debug_aranges
                0x00000490       0x20 output\IP.o
 .debug_aranges
                0x000004b0       0x20 output\icmp.o
 .debug_aranges
                0x000004d0       0x20 output\http2.o
 .debug_aranges
                0x000004f0       0x20 output\Helpers.o
 .debug_aranges
                0x00000510       0x20 output\hashes.o
 .debug_aranges
                0x00000530       0x20 output\drv_wifi_spi.o
 .debug_aranges
                0x00000550       0x20 output\drv_wifi_raw.o
 .debug_aranges
                0x00000570       0x20 output\drv_wifi_power_save.o
 .debug_aranges
                0x00000590       0x20 output\drv_wifi_pbkdf2.o
 .debug_aranges
                0x000005b0       0x20 output\drv_wifi_param_msg.o
 .debug_aranges
                0x000005d0       0x20 output\drv_wifi_mgmt_msg.o
 .debug_aranges
                0x000005f0       0x20 output\drv_wifi_mac.o
 .debug_aranges
                0x00000610       0x20 output\drv_wifi_init.o
 .debug_aranges
                0x00000630       0x20 output\drv_wifi_event_handler.o
 .debug_aranges
                0x00000650       0x20 output\drv_wifi_eint.o
 .debug_aranges
                0x00000670       0x20 output\drv_wifi_debug_strings.o
 .debug_aranges
                0x00000690       0x20 output\drv_wifi_connection_profile.o
 .debug_aranges
                0x000006b0       0x20 output\drv_wifi_connection_manager.o
 .debug_aranges
                0x000006d0       0x20 output\drv_wifi_connection_algorithm.o
 .debug_aranges
                0x000006f0       0x20 output\drv_wifi_config.o
 .debug_aranges
                0x00000710       0x20 output\drv_wifi_com.o
 .debug_aranges
                0x00000730       0x20 output\dns_client.o
 .debug_aranges
                0x00000750       0x20 output\dhcp_client.o
 .debug_aranges
                0x00000770       0x20 output\Delay.o
 .debug_aranges
                0x00000790       0x18 output\custom_ssl_cert.o
 .debug_aranges
                0x000007a8       0x20 output\custom_http_app.o
 .debug_aranges
                0x000007c8       0x18 output\big_int.o
 .debug_aranges
                0x000007e0       0x20 output\ARP.o
 .debug_aranges
                0x00000800       0x18 output\arc4.o
 .debug_aranges
                0x00000818       0x20 output\announce.o
 .debug_aranges
                0x00000838       0x18 output\mpfs_img2.o
 .debug_aranges
                0x00000850       0x20 output\http_print.o
 .debug_aranges
                0x00000870       0x20 output\http_get.o
 .debug_aranges
                0x00000890       0x20 output\app_thingspeak.o
 .debug_aranges
                0x000008b0       0x20 output\ringBuffer.o
 .debug_aranges
                0x000008d0       0x20 output\sht31d.o
 .debug_aranges
                0x000008f0       0x20 c:/program files (x86)/microchip/xc32/v2.30/bin/bin/../../lib/gcc/pic32mx/4.8.3/../../../../pic32mx/lib\libmchp_peripheral_32MX795F512H.a(soft_reset_lib.o)
 .debug_aranges
                0x00000910       0x28 c:/program files (x86)/microchip/xc32/v2.30/bin/bin/../../lib/gcc/pic32mx/4.8.3/../../../../pic32mx/lib\libmchp_peripheral_32MX795F512H.a(pcache.o)
 .debug_aranges
                0x00000938       0x20 c:/program files (x86)/microchip/xc32/v2.30/bin/bin/../../lib/gcc/pic32mx/4.8.3/../../../../pic32mx/lib\libmchp_peripheral_32MX795F512H.a(int_disable_interrupts_lib.o)
 .debug_aranges
                0x00000958       0x20 c:/program files (x86)/microchip/xc32/v2.30/bin/bin/../../lib/gcc/pic32mx/4.8.3/../../../../pic32mx/lib\libmchp_peripheral_32MX795F512H.a(power_idle_lib.o)
 .debug_aranges
                0x00000978       0x20 c:/program files (x86)/microchip/xc32/v2.30/bin/bin/../../lib/gcc/pic32mx/4.8.3/../../../../pic32mx/lib\libmchp_peripheral_32MX795F512H.a(power_sleep_lib.o)
 .debug_aranges
                0x00000998       0x20 c:/program files (x86)/microchip/xc32/v2.30/bin/bin/../../lib/gcc/pic32mx/4.8.3/../../../../pic32mx/lib\libmchp_peripheral_32MX795F512H.a(nvm_erase_page_lib.o)
 .debug_aranges
                0x000009b8       0x20 c:/program files (x86)/microchip/xc32/v2.30/bin/bin/../../lib/gcc/pic32mx/4.8.3/../../../../pic32mx/lib\libmchp_peripheral_32MX795F512H.a(nvm_operation_lib.o)
 .debug_aranges
                0x000009d8       0x20 c:/program files (x86)/microchip/xc32/v2.30/bin/bin/../../lib/gcc/pic32mx/4.8.3/../../../../pic32mx/lib\libmchp_peripheral_32MX795F512H.a(nvm_write_word_lib.o)
 .debug_aranges
                0x000009f8       0x20 c:/program files (x86)/microchip/xc32/v2.30/bin/bin/../../lib/gcc/pic32mx/4.8.3/../../../../pic32mx/lib\libmchp_peripheral_32MX795F512H.a(int_restore_interrupts_lib.o)
 .debug_aranges
                0x00000a18       0x20 c:/program files (x86)/microchip/xc32/v2.30/bin/bin/../../lib/gcc/pic32mx/4.8.3\libgcc.a(_divdi3.o)
 .debug_aranges
                0x00000a38       0x20 c:/program files (x86)/microchip/xc32/v2.30/bin/bin/../../lib/gcc/pic32mx/4.8.3\libgcc.a(floatunsisf.o)
 .debug_aranges
                0x00000a58       0x20 c:/program files (x86)/microchip/xc32/v2.30/bin/bin/../../lib/gcc/pic32mx/4.8.3/../../../../pic32mx/lib\libpic32.a(default-bootstrap-exception-handler.o)
 .debug_aranges
                0x00000a78       0x20 c:/program files (x86)/microchip/xc32/v2.30/bin/bin/../../lib/gcc/pic32mx/4.8.3/../../../../pic32mx/lib\libpic32.a(default-on-reset.o)
 .debug_aranges
                0x00000a98       0x20 c:/program files (x86)/microchip/xc32/v2.30/bin/bin/../../lib/gcc/pic32mx/4.8.3/../../../../pic32mx/lib\libpic32.a(default-on-bootstrap.o)
 .debug_aranges
                0x00000ab8       0x20 c:/program files (x86)/microchip/xc32/v2.30/bin/bin/../../lib/gcc/pic32mx/4.8.3/../../../../pic32mx/lib\libpic32.a(defaultinterrupt.o)
 .debug_aranges
                0x00000ad8       0x20 c:/program files (x86)/microchip/xc32/v2.30/bin/bin/../../lib/gcc/pic32mx/4.8.3/../../../../pic32mx/lib\libm.a(w_powf.o)
 .debug_aranges
                0x00000af8       0x20 c:/program files (x86)/microchip/xc32/v2.30/bin/bin/../../lib/gcc/pic32mx/4.8.3\libgcc.a(_udivdi3.o)
 .debug_aranges
                0x00000b18       0x20 c:/program files (x86)/microchip/xc32/v2.30/bin/bin/../../lib/gcc/pic32mx/4.8.3\libgcc.a(_umoddi3.o)
 .debug_aranges
                0x00000b38       0x20 c:/program files (x86)/microchip/xc32/v2.30/bin/bin/../../lib/gcc/pic32mx/4.8.3/../../../../pic32mx/lib\libpic32.a(_mon_getc.o)
 .debug_aranges
                0x00000b58       0x20 c:/program files (x86)/microchip/xc32/v2.30/bin/bin/../../lib/gcc/pic32mx/4.8.3/../../../../pic32mx/lib\libpic32.a(_mon_write.o)
 .debug_aranges
                0x00000b78       0x48 c:/program files (x86)/microchip/xc32/v2.30/bin/bin/../../lib/gcc/pic32mx/4.8.3/../../../../pic32mx/lib\libpic32.a(isinf.o)
 .debug_aranges
                0x00000bc0       0x20 c:/program files (x86)/microchip/xc32/v2.30/bin/bin/../../lib/gcc/pic32mx/4.8.3/../../../../pic32mx/lib\libpic32.a(_mon_putc.o)
 .debug_aranges
                0x00000be0       0x20 c:/program files (x86)/microchip/xc32/v2.30/bin/bin/../../lib/gcc/pic32mx/4.8.3/../../../../pic32mx/lib\libe.a(_unorddf2.o)

.debug_pubnames
 *(.debug_pubnames)

.debug_info     0x00000000    0x67985
 *(.debug_info .gnu.linkonce.wi.*)
 .debug_info    0x00000000      0xbdb output\main.o
 .debug_info    0x00000bdb      0x2a1 output\bootloader_interface.o
 .debug_info    0x00000e7c      0x811 output\app.o
 .debug_info    0x0000168d      0x9e8 output\ad.o
 .debug_info    0x00002075      0xaa0 output\isr.o
 .debug_info    0x00002b15      0x4c7 output\exceptions.o
 .debug_info    0x00002fdc      0xc98 output\mal.o
 .debug_info    0x00003c74      0x6f3 output\noinitram.o
 .debug_info    0x00004367      0x223 output\stackmeasure.o
 .debug_info    0x0000458a       0x7c output\stackmeasure_helper.o
 .debug_info    0x00004606      0x7b9 output\tmr.o
 .debug_info    0x00004dbf      0x808 output\sleep.o
 .debug_info    0x000055c7      0x43b output\eeprom.o
 .debug_info    0x00005a02      0x75e output\dee_page_helper.o
 .debug_info    0x00006160     0x1009 output\dee_page.o
 .debug_info    0x00007169     0x155a output\dee.o
 .debug_info    0x000086c3      0x59e output\eep_manager_crc.o
 .debug_info    0x00008c61     0x126f output\eep_manager.o
 .debug_info    0x00009ed0      0x3fc output\c_eep_manager.o
 .debug_info    0x0000a2cc     0x1329 output\bme280.o
 .debug_info    0x0000b5f5      0x1a4 output\bme280_conversion.o
 .debug_info    0x0000b799     0x173c output\ccs811.o
 .debug_info    0x0000ced5     0x137a output\iic_master.o
 .debug_info    0x0000e24f      0x8f1 output\iic_master_multi.o
 .debug_info    0x0000eb40     0x2c48 output\wifi.o
 .debug_info    0x00011788     0x2608 output\UDP.o
 .debug_info    0x00013d90     0x1168 output\Tick.o
 .debug_info    0x00014ef8     0x43d1 output\tcp.o
 .debug_info    0x000192c9     0x1e2c output\stack_task.o
 .debug_info    0x0001b0f5      0xf90 output\ssl.o
 .debug_info    0x0001c085     0x15b9 output\sntp.o
 .debug_info    0x0001d63e      0xf8d output\smtp_demo.o
 .debug_info    0x0001e5cb      0xf91 output\smtp.o
 .debug_info    0x0001f55c      0xf90 output\rsa.o
 .debug_info    0x000204ec     0x1a87 output\reboot.o
 .debug_info    0x00021f73      0xf93 output\random.o
 .debug_info    0x00022f06     0x212e output\nbns.o
 .debug_info    0x00025034     0x1a0c output\mpfs2.o
 .debug_info    0x00026a40     0x1c6f output\IP.o
 .debug_info    0x000286af     0x173d output\icmp.o
 .debug_info    0x00029dec     0x3597 output\http2.o
 .debug_info    0x0002d383     0x1c78 output\Helpers.o
 .debug_info    0x0002effb     0x14b8 output\hashes.o
 .debug_info    0x000304b3     0x195b output\drv_wifi_spi.o
 .debug_info    0x00031e0e     0x1fcb output\drv_wifi_raw.o
 .debug_info    0x00033dd9     0x1c64 output\drv_wifi_power_save.o
 .debug_info    0x00035a3d     0x1eb7 output\drv_wifi_pbkdf2.o
 .debug_info    0x000378f4     0x2515 output\drv_wifi_param_msg.o
 .debug_info    0x00039e09     0x1cef output\drv_wifi_mgmt_msg.o
 .debug_info    0x0003baf8     0x2d4f output\drv_wifi_mac.o
 .debug_info    0x0003e847     0x1cc5 output\drv_wifi_init.o
 .debug_info    0x0004050c     0x16b6 output\drv_wifi_event_handler.o
 .debug_info    0x00041bc2     0x1d72 output\drv_wifi_eint.o
 .debug_info    0x00043934     0x1023 output\drv_wifi_debug_strings.o
 .debug_info    0x00044957     0x278c output\drv_wifi_connection_profile.o
 .debug_info    0x000470e3     0x192f output\drv_wifi_connection_manager.o
 .debug_info    0x00048a12     0x2a33 output\drv_wifi_connection_algorithm.o
 .debug_info    0x0004b445     0x14cc output\drv_wifi_config.o
 .debug_info    0x0004c911     0x2c9f output\drv_wifi_com.o
 .debug_info    0x0004f5b0     0x2524 output\dns_client.o
 .debug_info    0x00051ad4     0x298b output\dhcp_client.o
 .debug_info    0x0005445f     0x106e output\Delay.o
 .debug_info    0x000554cd      0xf93 output\custom_ssl_cert.o
 .debug_info    0x00056460     0x26c4 output\custom_http_app.o
 .debug_info    0x00058b24      0xf94 output\big_int.o
 .debug_info    0x00059ab8     0x1cb2 output\ARP.o
 .debug_info    0x0005b76a      0xf91 output\arc4.o
 .debug_info    0x0005c6fb     0x1e11 output\announce.o
 .debug_info    0x0005e50c      0xfd1 output\mpfs_img2.o
 .debug_info    0x0005f4dd     0x15b7 output\http_print.o
 .debug_info    0x00060a94     0x1475 output\http_get.o
 .debug_info    0x00061f09     0x2504 output\app_thingspeak.o
 .debug_info    0x0006440d      0x55f output\ringBuffer.o
 .debug_info    0x0006496c      0x99f output\sht31d.o
 .debug_info    0x0006530b       0xb0 c:/program files (x86)/microchip/xc32/v2.30/bin/bin/../../lib/gcc/pic32mx/4.8.3/../../../../pic32mx/lib\libmchp_peripheral_32MX795F512H.a(soft_reset_lib.o)
 .debug_info    0x000653bb       0xbe c:/program files (x86)/microchip/xc32/v2.30/bin/bin/../../lib/gcc/pic32mx/4.8.3/../../../../pic32mx/lib\libmchp_peripheral_32MX795F512H.a(pcache.o)
 .debug_info    0x00065479       0xb4 c:/program files (x86)/microchip/xc32/v2.30/bin/bin/../../lib/gcc/pic32mx/4.8.3/../../../../pic32mx/lib\libmchp_peripheral_32MX795F512H.a(int_disable_interrupts_lib.o)
 .debug_info    0x0006552d       0xc4 c:/program files (x86)/microchip/xc32/v2.30/bin/bin/../../lib/gcc/pic32mx/4.8.3/../../../../pic32mx/lib\libmchp_peripheral_32MX795F512H.a(power_idle_lib.o)
 .debug_info    0x000655f1       0xc6 c:/program files (x86)/microchip/xc32/v2.30/bin/bin/../../lib/gcc/pic32mx/4.8.3/../../../../pic32mx/lib\libmchp_peripheral_32MX795F512H.a(power_sleep_lib.o)
 .debug_info    0x000656b7       0xa4 c:/program files (x86)/microchip/xc32/v2.30/bin/bin/../../lib/gcc/pic32mx/4.8.3/../../../../pic32mx/lib\libmchp_peripheral_32MX795F512H.a(nvm_erase_page_lib.o)