Archive member included because of file (symbol)

c:/program files (x86)/microchip/xc32/v2.30/bin/bin/../../lib/gcc/pic32mx/4.8.3/../../../../pic32mx/lib\libmchp_peripheral.a(read_core_timer_lib.o)
                              build/default/debug/_ext/1360937237/NVMem.o (ReadCoreTimer)
c:/program files (x86)/microchip/xc32/v2.30/bin/bin/../../lib/gcc/pic32mx/4.8.3/../../../../pic32mx/lib\libmchp_peripheral.a(write_core_timer_lib.o)
                              build/default/debug/_ext/1360937237/NVMem.o (WriteCoreTimer)
c:/program files (x86)/microchip/xc32/v2.30/bin/bin/../../lib/gcc/pic32mx/4.8.3/../../../../pic32mx/lib\libmchp_peripheral_32MX440F256H.a(pcache.o)
                              build/default/debug/_ext/1360937237/BootLoader.o (CheKseg0CacheOn)
c:/program files (x86)/microchip/xc32/v2.30/bin/bin/../../lib/gcc/pic32mx/4.8.3/../../../../pic32mx/lib\libmchp_peripheral_32MX440F256H.a(int_disable_interrupts_lib.o)
                              build/default/debug/_ext/1360937237/BootLoader.o (INTDisableInterrupts)
c:/program files (x86)/microchip/xc32/v2.30/bin/bin/../../lib/gcc/pic32mx/4.8.3/../../../../pic32mx/lib\libmchp_peripheral_32MX440F256H.a(int_restore_interrupts_lib.o)
                              build/default/debug/_ext/1360937237/BootLoader.o (INTRestoreInterrupts)
c:/program files (x86)/microchip/xc32/v2.30/bin/bin/../../lib/gcc/pic32mx/4.8.3/../../../../pic32mx/lib\libmchp_peripheral_32MX440F256H.a(int_enable_mv_int_lib.o)
                              build/default/debug/_ext/1360937237/EthernetTasks.o (INTEnableSystemMultiVectoredInt)
c:/program files (x86)/microchip/xc32/v2.30/bin/bin/../../lib/gcc/pic32mx/4.8.3/../../../../pic32mx/lib\libmchp_peripheral_32MX440F256H.a(puts_uartx_lib_legacy.o)
                              build/default/debug/_ext/1360937237/EthernetTasks.o (putsUART1)
c:/program files (x86)/microchip/xc32/v2.30/bin/bin/../../lib/gcc/pic32mx/4.8.3/../../../../pic32mx/lib\libmchp_peripheral_32MX440F256H.a(int_enable_interrupts_lib.o)
                              c:/program files (x86)/microchip/xc32/v2.30/bin/bin/../../lib/gcc/pic32mx/4.8.3/../../../../pic32mx/lib\libmchp_peripheral_32MX440F256H.a(int_enable_mv_int_lib.o) (INTEnableInterrupts)
c:/program files (x86)/microchip/xc32/v2.30/bin/bin/../../lib/gcc/pic32mx/4.8.3\libgcc.a(_udivdi3.o)
                              build/default/debug/_ext/1360937237/Tick.o (__udivdi3)
c:/program files (x86)/microchip/xc32/v2.30/bin/bin/../../lib/gcc/pic32mx/4.8.3\libgcc.a(_umoddi3.o)
                              build/default/debug/_ext/1360937237/dhcp_client.o (__umoddi3)
c:/program files (x86)/microchip/xc32/v2.30/bin/bin/../../lib/gcc/pic32mx/4.8.3/../../../../pic32mx/lib\libpic32.a(memcmp.o)
                              build/default/debug/_ext/1360937237/stack_task.o (memcmp)
c:/program files (x86)/microchip/xc32/v2.30/bin/bin/../../lib/gcc/pic32mx/4.8.3/../../../../pic32mx/lib\libpic32.a(memcpy.o)
                              build/default/debug/_ext/1360937237/Framework.o (memcpy)
c:/program files (x86)/microchip/xc32/v2.30/bin/bin/../../lib/gcc/pic32mx/4.8.3/../../../../pic32mx/lib\libpic32.a(memset.o)
                              build/default/debug/_ext/1360937237/EthernetTasks.o (memset)
c:/program files (x86)/microchip/xc32/v2.30/bin/bin/../../lib/gcc/pic32mx/4.8.3/../../../../pic32mx/lib\libpic32.a(strcpy.o)
                              build/default/debug/_ext/1360937237/drv_wifi_debug_strings.o (strcpy)
c:/program files (x86)/microchip/xc32/v2.30/bin/bin/../../lib/gcc/pic32mx/4.8.3/../../../../pic32mx/lib\libpic32.a(strlen.o)
                              build/default/debug/_ext/1360937237/UDP.o (strlen)
c:/program files (x86)/microchip/xc32/v2.30/bin/bin/../../lib/gcc/pic32mx/4.8.3/../../../../pic32mx/lib\libpic32.a(default-bootstrap-exception-handler.o)
                              C:\Users\kyrk\AppData\Local\Temp\ccelId6e.o (_bootstrap_exception_handler)
c:/program files (x86)/microchip/xc32/v2.30/bin/bin/../../lib/gcc/pic32mx/4.8.3/../../../../pic32mx/lib\libpic32.a(default-on-reset.o)
                              C:\Users\kyrk\AppData\Local\Temp\ccelId6e.o (_on_reset)
c:/program files (x86)/microchip/xc32/v2.30/bin/bin/../../lib/gcc/pic32mx/4.8.3/../../../../pic32mx/lib\libpic32.a(default-on-bootstrap.o)
                              C:\Users\kyrk\AppData\Local\Temp\ccelId6e.o (_on_bootstrap)
c:/program files (x86)/microchip/xc32/v2.30/bin/bin/../../lib/gcc/pic32mx/4.8.3/../../../../pic32mx/lib\libpic32.a(default-nmi-handler.o)
                              C:\Users\kyrk\AppData\Local\Temp\ccelId6e.o (_nmi_handler)
c:/program files (x86)/microchip/xc32/v2.30/bin/bin/../../lib/gcc/pic32mx/4.8.3/../../../../pic32mx/lib\libpic32.a(pic32_data_init.o)
                              C:\Users\kyrk\AppData\Local\Temp\ccelId6e.o (__pic32_data_init)
[...]
Memory Configuration

Name             Origin             Length             Attributes
kseg0_data_mem   0x80000000         0x00000200
kseg1_data_mem   0xa0000000         0x00008000         w !x
kseg0_boot_mem   0x9fc00490         0x00000000
kseg1_boot_mem   0xbfc00000         0x00000490
kseg0_program_mem 0x9d000000         0x00010000         xr
exception_mem    0x9fc01000         0x00001000
debug_exec_mem   0xbfc02000         0x00000ff0
config3          0xbfc02ff0         0x00000004
config2          0xbfc02ff4         0x00000004
config1          0xbfc02ff8         0x00000004
config0          0xbfc02ffc         0x00000004
sfrs             0xbf800000         0x00100000
configsfrs       0xbfc02ff0         0x00000010
*default*        0x00000000         0xffffffff

Linker script and memory map


reserve_data_0_kseg0
                0x80000000      0x200
                0x80000000        0x2 SHORT 0x0
                0x000001fd                . = 0x1fd
 *fill*         0x80000002      0x1fb 
                0x80000200                . = ALIGN (0x4)
 *fill*         0x800001fd        0x3 

reserve_data_0_kseg1
                0xa0000000      0x200
                0xa0000000        0x2 SHORT 0x0
                0x000001fd                . = 0x1fd
 *fill*         0xa0000002      0x1fb 
                0xa0000200                . = ALIGN (0x4)
 *fill*         0xa00001fd        0x3 

reserve_boot_0x1fc02000_kseg0
                0x9fc02000      0xff0
                0x9fc02000        0x2 SHORT 0x0
                0x00000500                . = 0x500
 *fill*         0x9fc02002      0x4fe 
                0x9fc02500                . = ALIGN (0x4)
                0x9fc02500        0x2 SHORT 0x0
                0x00000ff0                . = 0xff0
 *fill*         0x9fc02502      0xaee 
                0x9fc02ff0                . = ALIGN (0x4)

reserve_boot_0x1fc02000_kseg1
                0xbfc02000      0xff0
                0xbfc02000        0x2 SHORT 0x0
                0x00000500                . = 0x500
 *fill*         0xbfc02002      0x4fe 
                0xbfc02500                . = ALIGN (0x4)
                0xbfc02500        0x2 SHORT 0x0
                0x00000ff0                . = 0xff0
 *fill*         0xbfc02502      0xaee 
                0xbfc02ff0                . = ALIGN (0x4)
LOAD c:/program files (x86)/microchip/xc32/v2.30/bin/bin/../../lib/gcc/pic32mx/4.8.3/../../../../pic32mx/lib\software-debug-break.o
LOAD build/default/debug/_ext/1360937237/BootLoader.o
LOAD build/default/debug/_ext/1360937237/Framework.o
LOAD build/default/debug/_ext/1360937237/NVMem.o
LOAD build/default/debug/_ext/1360937237/EthernetTasks.o
LOAD build/default/debug/_ext/1360937237/Tick.o
LOAD build/default/debug/_ext/1360937237/stack_task.o
LOAD build/default/debug/_ext/1360937237/UDP.o
LOAD build/default/debug/_ext/1360937237/dhcp_client.o
LOAD build/default/debug/_ext/1360937237/ARP.o
LOAD build/default/debug/_ext/1360937237/Helpers.o
LOAD build/default/debug/_ext/1360937237/dns_client.o
LOAD build/default/debug/_ext/1360937237/nbns.o
LOAD build/default/debug/_ext/1360937237/drv_wifi_mac.o
LOAD build/default/debug/_ext/1360937237/drv_wifi_raw.o
LOAD build/default/debug/_ext/1360937237/drv_wifi_com.o
LOAD build/default/debug/_ext/1360937237/Delay.o
LOAD build/default/debug/_ext/1360937237/drv_wifi_eint.o
LOAD build/default/debug/_ext/1360937237/drv_wifi_debug_strings.o
LOAD build/default/debug/_ext/1360937237/drv_wifi_spi.o
LOAD build/default/debug/_ext/1360937237/drv_wifi_power_save.o
LOAD build/default/debug/_ext/1360937237/announce.o
LOAD build/default/debug/_ext/1360937237/drv_wifi_mgmt_msg.o
LOAD build/default/debug/_ext/1360937237/drv_wifi_event_handler.o
LOAD build/default/debug/_ext/1360937237/drv_wifi_config.o
LOAD build/default/debug/_ext/1360937237/drv_wifi_connection_algorithm.o
LOAD build/default/debug/_ext/1360937237/drv_wifi_connection_manager.o
LOAD build/default/debug/_ext/1360937237/drv_wifi_pbkdf2.o
LOAD build/default/debug/_ext/1360937237/drv_wifi_init.o
LOAD build/default/debug/_ext/1360937237/drv_wifi_param_msg.o
LOAD build/default/debug/_ext/1360937237/IP.o
LOAD build/default/debug/_ext/1360937237/icmp.o
LOAD build/default/debug/_ext/1360937237/tcp.o
LOAD build/default/debug/_ext/1360937237/uart.o
LOAD build/default/debug/_ext/1360937237/drv_wifi_connection_profile.o
                0x00000001                __MPLAB_BUILD = 0x1
                0x00000400                PROVIDE (_min_stack_size, 0x400)
LOAD c:/program files (x86)/microchip/xc32/v2.30/bin/bin/../../lib/gcc/pic32mx/4.8.3/../../../../pic32mx/lib/./proc/32MX440F256H\processor.o
START GROUP
LOAD c:/program files (x86)/microchip/xc32/v2.30/bin/bin/../../lib/gcc/pic32mx/4.8.3/../../../../pic32mx/lib\libmchp_peripheral.a
END GROUP
START GROUP
LOAD c:/program files (x86)/microchip/xc32/v2.30/bin/bin/../../lib/gcc/pic32mx/4.8.3/../../../../pic32mx/lib\libmchp_peripheral_32MX440F256H.a
END GROUP
                0x00000001                PROVIDE (_vector_spacing, 0x1)
                0x9fc01000                _ebase_address = 0x9fc01000
                0xbfc00000                _RESET_ADDR = 0xbfc00000
                0xbfc00380                _BEV_EXCPT_ADDR = 0xbfc00380
                0xbfc00480                _DBG_EXCPT_ADDR = 0xbfc00480
                0xbfc02000                _DBG_CODE_ADDR = 0xbfc02000
                0x00000ff0                _DBG_CODE_SIZE = 0xff0
                0x9fc01180                _GEN_EXCPT_ADDR = (_ebase_address + 0x180)

.config_BFC02FF0
 *(.config_BFC02FF0)

.config_BFC02FF4
                0xbfc02ff4        0x4
 *(.config_BFC02FF4)
 .config_BFC02FF4
                0xbfc02ff4        0x4 build/default/debug/_ext/1360937237/BootLoader.o

.config_BFC02FF8
                0xbfc02ff8        0x4
 *(.config_BFC02FF8)
 .config_BFC02FF8
                0xbfc02ff8        0x4 build/default/debug/_ext/1360937237/BootLoader.o

.config_BFC02FFC
                0xbfc02ffc        0x4
 *(.config_BFC02FFC)
 .config_BFC02FFC
                0xbfc02ffc        0x4 build/default/debug/_ext/1360937237/BootLoader.o
                0xbfc02000                PROVIDE (_DBG_CODE_ADDR, 0xbfc02000)
                0x00000ff0                PROVIDE (_DBG_CODE_SIZE, 0xff0)

.reset          0xbfc00000      0x19c
 *(.reset)
 .reset         0xbfc00000        0x8 C:\Users\kyrk\AppData\Local\Temp\ccelId6e.o
                0xbfc00000                _reset
 *(.reset.startup)
 .reset.startup
                0xbfc00008      0x194 C:\Users\kyrk\AppData\Local\Temp\ccelId6e.o
                0xbfc00008                _startup

.bev_excpt      0xbfc00380       0x10
 *(.bev_handler)
 .bev_handler   0xbfc00380       0x10 C:\Users\kyrk\AppData\Local\Temp\ccelId6e.o

.dbg_excpt      0xbfc00480        0x0
                0xbfc00480                . = (. + DEFINED (_DEBUGGER)?0x8:0x0)

.dbg_code       0xbfc02000        0x0
                0xbfc02000                . = (. + DEFINED (_DEBUGGER)?_DBG_CODE_SIZE:0x0)

.app_excpt      0x9fc01180       0x10
 *(.gen_handler)
 .gen_handler   0x9fc01180       0x10 C:\Users\kyrk\AppData\Local\Temp\ccelId6e.o

.vector_0       0x9fc01200        0x8
 *(.vector_0)
 .vector_0      0x9fc01200        0x8 c:/program files (x86)/microchip/xc32/v2.30/bin/bin/../../lib/gcc/pic32mx/4.8.3/../../../../pic32mx/lib\libpic32.a(vector0.o)
                0x9fc01200                __vector_dispatch_0
                0x00000001                ASSERT (((_vector_spacing == 0x0) || (SIZEOF (.vector_0) <= (_vector_spacing << 0x5))), function at exception vector 0 too large)

.vector_1       0x9fc01220        0x8
 *(.vector_1)
 .vector_1      0x9fc01220        0x8 c:/program files (x86)/microchip/xc32/v2.30/bin/bin/../../lib/gcc/pic32mx/4.8.3/../../../../pic32mx/lib\libpic32.a(vector1.o)
                0x9fc01220                __vector_dispatch_1
                0x00000001                ASSERT (((_vector_spacing == 0x0) || (SIZEOF (.vector_1) <= (_vector_spacing << 0x5))), function at exception vector 1 too large)

.vector_2       0x9fc01240        0x8
 *(.vector_2)
 .vector_2      0x9fc01240        0x8 c:/program files (x86)/microchip/xc32/v2.30/bin/bin/../../lib/gcc/pic32mx/4.8.3/../../../../pic32mx/lib\libpic32.a(vector2.o)
                0x9fc01240                __vector_dispatch_2
                0x00000001                ASSERT (((_vector_spacing == 0x0) || (SIZEOF (.vector_2) <= (_vector_spacing << 0x5))), function at exception vector 2 too large)

.vector_3       0x9fc01260        0x8
 *(.vector_3)
 .vector_3      0x9fc01260        0x8 c:/program files (x86)/microchip/xc32/v2.30/bin/bin/../../lib/gcc/pic32mx/4.8.3/../../../../pic32mx/lib\libpic32.a(vector3.o)
                0x9fc01260                __vector_dispatch_3
                0x00000001                ASSERT (((_vector_spacing == 0x0) || (SIZEOF (.vector_3) <= (_vector_spacing << 0x5))), function at exception vector 3 too large)

.vector_4       0x9fc01280        0x8
 *(.vector_4)
 .vector_4      0x9fc01280        0x8 build/default/debug/_ext/1360937237/Tick.o
                0x9fc01280                __vector_dispatch_4
                0x00000001                ASSERT (((_vector_spacing == 0x0) || (SIZEOF (.vector_4) <= (_vector_spacing << 0x5))), function at exception vector 4 too large)

.vector_5       0x9fc012a0        0x8
 *(.vector_5)
 .vector_5      0x9fc012a0        0x8 c:/program files (x86)/microchip/xc32/v2.30/bin/bin/../../lib/gcc/pic32mx/4.8.3/../../../../pic32mx/lib\libpic32.a(vector5.o)
                0x9fc012a0                __vector_dispatch_5
                0x00000001                ASSERT (((_vector_spacing == 0x0) || (SIZEOF (.vector_5) <= (_vector_spacing << 0x5))), function at exception vector 5 too large)

.vector_6       0x9fc012c0        0x8
 *(.vector_6)
 .vector_6      0x9fc012c0        0x8 c:/program files (x86)/microchip/xc32/v2.30/bin/bin/../../lib/gcc/pic32mx/4.8.3/../../../../pic32mx/lib\libpic32.a(vector6.o)
                0x9fc012c0                __vector_dispatch_6
                0x00000001                ASSERT (((_vector_spacing == 0x0) || (SIZEOF (.vector_6) <= (_vector_spacing << 0x5))), function at exception vector 6 too large)

.vector_7       0x9fc012e0        0x8
 *(.vector_7)
 .vector_7      0x9fc012e0        0x8 c:/program files (x86)/microchip/xc32/v2.30/bin/bin/../../lib/gcc/pic32mx/4.8.3/../../../../pic32mx/lib\libpic32.a(vector7.o)
                0x9fc012e0                __vector_dispatch_7
                0x00000001                ASSERT (((_vector_spacing == 0x0) || (SIZEOF (.vector_7) <= (_vector_spacing << 0x5))), function at exception vector 7 too large)

.vector_8       0x9fc01300        0x8
 *(.vector_8)
 .vector_8      0x9fc01300        0x8 c:/program files (x86)/microchip/xc32/v2.30/bin/bin/../../lib/gcc/pic32mx/4.8.3/../../../../pic32mx/lib\libpic32.a(vector8.o)
                0x9fc01300                __vector_dispatch_8
                0x00000001                ASSERT (((_vector_spacing == 0x0) || (SIZEOF (.vector_8) <= (_vector_spacing << 0x5))), function at exception vector 8 too large)

.vector_9       0x9fc01320        0x8
 *(.vector_9)
 .vector_9      0x9fc01320        0x8 c:/program files (x86)/microchip/xc32/v2.30/bin/bin/../../lib/gcc/pic32mx/4.8.3/../../../../pic32mx/lib\libpic32.a(vector9.o)
                0x9fc01320                __vector_dispatch_9
                0x00000001                ASSERT (((_vector_spacing == 0x0) || (SIZEOF (.vector_9) <= (_vector_spacing << 0x5))), function at exception vector 9 too large)

.vector_10      0x9fc01340        0x8
 *(.vector_10)
 .vector_10     0x9fc01340        0x8 c:/program files (x86)/microchip/xc32/v2.30/bin/bin/../../lib/gcc/pic32mx/4.8.3/../../../../pic32mx/lib\libpic32.a(vector10.o)
                0x9fc01340                __vector_dispatch_10
                0x00000001                ASSERT (((_vector_spacing == 0x0) || (SIZEOF (.vector_10) <= (_vector_spacing << 0x5))), function at exception vector 10 too large)

.vector_11      0x9fc01360        0x8
 *(.vector_11)
 .vector_11     0x9fc01360        0x8 c:/program files (x86)/microchip/xc32/v2.30/bin/bin/../../lib/gcc/pic32mx/4.8.3/../../../../pic32mx/lib\libpic32.a(vector11.o)
                0x9fc01360                __vector_dispatch_11
                0x00000001                ASSERT (((_vector_spacing == 0x0) || (SIZEOF (.vector_11) <= (_vector_spacing << 0x5))), function at exception vector 11 too large)

.vector_12      0x9fc01380        0x8
 *(.vector_12)
 .vector_12     0x9fc01380        0x8 c:/program files (x86)/microchip/xc32/v2.30/bin/bin/../../lib/gcc/pic32mx/4.8.3/../../../../pic32mx/lib\libpic32.a(vector12.o)
                0x9fc01380                __vector_dispatch_12
                0x00000001                ASSERT (((_vector_spacing == 0x0) || (SIZEOF (.vector_12) <= (_vector_spacing << 0x5))), function at exception vector 12 too large)

.vector_13      0x9fc013a0        0x8
 *(.vector_13)
 .vector_13     0x9fc013a0        0x8 c:/program files (x86)/microchip/xc32/v2.30/bin/bin/../../lib/gcc/pic32mx/4.8.3/../../../../pic32mx/lib\libpic32.a(vector13.o)
                0x9fc013a0                __vector_dispatch_13
                0x00000001                ASSERT (((_vector_spacing == 0x0) || (SIZEOF (.vector_13) <= (_vector_spacing << 0x5))), function at exception vector 13 too large)

.vector_14      0x9fc013c0        0x8
 *(.vector_14)
 .vector_14     0x9fc013c0        0x8 c:/program files (x86)/microchip/xc32/v2.30/bin/bin/../../lib/gcc/pic32mx/4.8.3/../../../../pic32mx/lib\libpic32.a(vector14.o)
                0x9fc013c0                __vector_dispatch_14
                0x00000001                ASSERT (((_vector_spacing == 0x0) || (SIZEOF (.vector_14) <= (_vector_spacing << 0x5))), function at exception vector 14 too large)

.vector_15      0x9fc013e0        0x8
 *(.vector_15)
 .vector_15     0x9fc013e0        0x8 build/default/debug/_ext/1360937237/drv_wifi_eint.o
                0x9fc013e0                __vector_dispatch_15
                0x00000001                ASSERT (((_vector_spacing == 0x0) || (SIZEOF (.vector_15) <= (_vector_spacing << 0x5))), function at exception vector 15 too large)

.vector_16      0x9fc01400        0x8
 *(.vector_16)
 .vector_16     0x9fc01400        0x8 c:/program files (x86)/microchip/xc32/v2.30/bin/bin/../../lib/gcc/pic32mx/4.8.3/../../../../pic32mx/lib\libpic32.a(vector16.o)
                0x9fc01400                __vector_dispatch_16
                0x00000001                ASSERT (((_vector_spacing == 0x0) || (SIZEOF (.vector_16) <= (_vector_spacing << 0x5))), function at exception vector 16 too large)

.vector_17      0x9fc01420        0x8
 *(.vector_17)
 .vector_17     0x9fc01420        0x8 c:/program files (x86)/microchip/xc32/v2.30/bin/bin/../../lib/gcc/pic32mx/4.8.3/../../../../pic32mx/lib\libpic32.a(vector17.o)
                0x9fc01420                __vector_dispatch_17
                0x00000001                ASSERT (((_vector_spacing == 0x0) || (SIZEOF (.vector_17) <= (_vector_spacing << 0x5))), function at exception vector 17 too large)

.vector_18      0x9fc01440        0x8
 *(.vector_18)
 .vector_18     0x9fc01440        0x8 c:/program files (x86)/microchip/xc32/v2.30/bin/bin/../../lib/gcc/pic32mx/4.8.3/../../../../pic32mx/lib\libpic32.a(vector18.o)
                0x9fc01440                __vector_dispatch_18
                0x00000001                ASSERT (((_vector_spacing == 0x0) || (SIZEOF (.vector_18) <= (_vector_spacing << 0x5))), function at exception vector 18 too large)

.vector_19      0x9fc01460        0x8
 *(.vector_19)
 .vector_19     0x9fc01460        0x8 c:/program files (x86)/microchip/xc32/v2.30/bin/bin/../../lib/gcc/pic32mx/4.8.3/../../../../pic32mx/lib\libpic32.a(vector19.o)
                0x9fc01460                __vector_dispatch_19
                0x00000001                ASSERT (((_vector_spacing == 0x0) || (SIZEOF (.vector_19) <= (_vector_spacing << 0x5))), function at exception vector 19 too large)

.vector_20      0x9fc01480        0x8
 *(.vector_20)
 .vector_20     0x9fc01480        0x8 c:/program files (x86)/microchip/xc32/v2.30/bin/bin/../../lib/gcc/pic32mx/4.8.3/../../../../pic32mx/lib\libpic32.a(vector20.o)
                0x9fc01480                __vector_dispatch_20
                0x00000001                ASSERT (((_vector_spacing == 0x0) || (SIZEOF (.vector_20) <= (_vector_spacing << 0x5))), function at exception vector 20 too large)

.vector_21      0x9fc014a0        0x8
 *(.vector_21)
 .vector_21     0x9fc014a0        0x8 c:/program files (x86)/microchip/xc32/v2.30/bin/bin/../../lib/gcc/pic32mx/4.8.3/../../../../pic32mx/lib\libpic32.a(vector21.o)
                0x9fc014a0                __vector_dispatch_21
                0x00000001                ASSERT (((_vector_spacing == 0x0) || (SIZEOF (.vector_21) <= (_vector_spacing << 0x5))), function at exception vector 21 too large)

.vector_22      0x9fc014c0        0x8
 *(.vector_22)
 .vector_22     0x9fc014c0        0x8 c:/program files (x86)/microchip/xc32/v2.30/bin/bin/../../lib/gcc/pic32mx/4.8.3/../../../../pic32mx/lib\libpic32.a(vector22.o)
                0x9fc014c0                __vector_dispatch_22
                0x00000001                ASSERT (((_vector_spacing == 0x0) || (SIZEOF (.vector_22) <= (_vector_spacing << 0x5))), function at exception vector 22 too large)

.vector_23      0x9fc014e0        0x8
 *(.vector_23)
 .vector_23     0x9fc014e0        0x8 c:/program files (x86)/microchip/xc32/v2.30/bin/bin/../../lib/gcc/pic32mx/4.8.3/../../../../pic32mx/lib\libpic32.a(vector23.o)
                0x9fc014e0                __vector_dispatch_23
                0x00000001                ASSERT (((_vector_spacing == 0x0) || (SIZEOF (.vector_23) <= (_vector_spacing << 0x5))), function at exception vector 23 too large)

.vector_24      0x9fc01500        0x8
 *(.vector_24)
 .vector_24     0x9fc01500        0x8 c:/program files (x86)/microchip/xc32/v2.30/bin/bin/../../lib/gcc/pic32mx/4.8.3/../../../../pic32mx/lib\libpic32.a(vector24.o)
                0x9fc01500                __vector_dispatch_24
                0x00000001                ASSERT (((_vector_spacing == 0x0) || (SIZEOF (.vector_24) <= (_vector_spacing << 0x5))), function at exception vector 24 too large)

.vector_25      0x9fc01520        0x8
 *(.vector_25)
 .vector_25     0x9fc01520        0x8 c:/program files (x86)/microchip/xc32/v2.30/bin/bin/../../lib/gcc/pic32mx/4.8.3/../../../../pic32mx/lib\libpic32.a(vector25.o)
                0x9fc01520                __vector_dispatch_25
                0x00000001                ASSERT (((_vector_spacing == 0x0) || (SIZEOF (.vector_25) <= (_vector_spacing << 0x5))), function at exception vector 25 too large)

.vector_26      0x9fc01540        0x8
 *(.vector_26)
 .vector_26     0x9fc01540        0x8 c:/program files (x86)/microchip/xc32/v2.30/bin/bin/../../lib/gcc/pic32mx/4.8.3/../../../../pic32mx/lib\libpic32.a(vector26.o)
                0x9fc01540                __vector_dispatch_26
                0x00000001                ASSERT (((_vector_spacing == 0x0) || (SIZEOF (.vector_26) <= (_vector_spacing << 0x5))), function at exception vector 26 too large)

.vector_27      0x9fc01560        0x8
 *(.vector_27)
 .vector_27     0x9fc01560        0x8 c:/program files (x86)/microchip/xc32/v2.30/bin/bin/../../lib/gcc/pic32mx/4.8.3/../../../../pic32mx/lib\libpic32.a(vector27.o)
                0x9fc01560                __vector_dispatch_27
                0x00000001                ASSERT (((_vector_spacing == 0x0) || (SIZEOF (.vector_27) <= (_vector_spacing << 0x5))), function at exception vector 27 too large)

.vector_28      0x9fc01580        0x8
 *(.vector_28)
 .vector_28     0x9fc01580        0x8 c:/program files (x86)/microchip/xc32/v2.30/bin/bin/../../lib/gcc/pic32mx/4.8.3/../../../../pic32mx/lib\libpic32.a(vector28.o)
                0x9fc01580                __vector_dispatch_28
                0x00000001                ASSERT (((_vector_spacing == 0x0) || (SIZEOF (.vector_28) <= (_vector_spacing << 0x5))), function at exception vector 28 too large)

.vector_29      0x9fc015a0        0x8
 *(.vector_29)
 .vector_29     0x9fc015a0        0x8 c:/program files (x86)/microchip/xc32/v2.30/bin/bin/../../lib/gcc/pic32mx/4.8.3/../../../../pic32mx/lib\libpic32.a(vector29.o)
                0x9fc015a0                __vector_dispatch_29
                0x00000001                ASSERT (((_vector_spacing == 0x0) || (SIZEOF (.vector_29) <= (_vector_spacing << 0x5))), function at exception vector 29 too large)

.vector_30      0x9fc015c0        0x8
 *(.vector_30)
 .vector_30     0x9fc015c0        0x8 c:/program files (x86)/microchip/xc32/v2.30/bin/bin/../../lib/gcc/pic32mx/4.8.3/../../../../pic32mx/lib\libpic32.a(vector30.o)
                0x9fc015c0                __vector_dispatch_30
                0x00000001                ASSERT (((_vector_spacing == 0x0) || (SIZEOF (.vector_30) <= (_vector_spacing << 0x5))), function at exception vector 30 too large)

.vector_31      0x9fc015e0        0x8
 *(.vector_31)
 .vector_31     0x9fc015e0        0x8 c:/program files (x86)/microchip/xc32/v2.30/bin/bin/../../lib/gcc/pic32mx/4.8.3/../../../../pic32mx/lib\libpic32.a(vector31.o)
                0x9fc015e0                __vector_dispatch_31
                0x00000001                ASSERT (((_vector_spacing == 0x0) || (SIZEOF (.vector_31) <= (_vector_spacing << 0x5))), function at exception vector 31 too large)

.vector_32      0x9fc01600        0x8
 *(.vector_32)
 .vector_32     0x9fc01600        0x8 c:/program files (x86)/microchip/xc32/v2.30/bin/bin/../../lib/gcc/pic32mx/4.8.3/../../../../pic32mx/lib\libpic32.a(vector32.o)
                0x9fc01600                __vector_dispatch_32
                0x00000001                ASSERT (((_vector_spacing == 0x0) || (SIZEOF (.vector_32) <= (_vector_spacing << 0x5))), function at exception vector 32 too large)

.vector_33      0x9fc01620        0x8
 *(.vector_33)
 .vector_33     0x9fc01620        0x8 c:/program files (x86)/microchip/xc32/v2.30/bin/bin/../../lib/gcc/pic32mx/4.8.3/../../../../pic32mx/lib\libpic32.a(vector33.o)
                0x9fc01620                __vector_dispatch_33
                0x00000001                ASSERT (((_vector_spacing == 0x0) || (SIZEOF (.vector_33) <= (_vector_spacing << 0x5))), function at exception vector 33 too large)

.vector_34      0x9fc01640        0x8
 *(.vector_34)
 .vector_34     0x9fc01640        0x8 c:/program files (x86)/microchip/xc32/v2.30/bin/bin/../../lib/gcc/pic32mx/4.8.3/../../../../pic32mx/lib\libpic32.a(vector34.o)
                0x9fc01640                __vector_dispatch_34
                0x00000001                ASSERT (((_vector_spacing == 0x0) || (SIZEOF (.vector_34) <= (_vector_spacing << 0x5))), function at exception vector 34 too large)

.vector_35      0x9fc01660        0x8
 *(.vector_35)
 .vector_35     0x9fc01660        0x8 c:/program files (x86)/microchip/xc32/v2.30/bin/bin/../../lib/gcc/pic32mx/4.8.3/../../../../pic32mx/lib\libpic32.a(vector35.o)
                0x9fc01660                __vector_dispatch_35
                0x00000001                ASSERT (((_vector_spacing == 0x0) || (SIZEOF (.vector_35) <= (_vector_spacing << 0x5))), function at exception vector 35 too large)

.vector_36      0x9fc01680        0x8
 *(.vector_36)
 .vector_36     0x9fc01680        0x8 c:/program files (x86)/microchip/xc32/v2.30/bin/bin/../../lib/gcc/pic32mx/4.8.3/../../../../pic32mx/lib\libpic32.a(vector36.o)
                0x9fc01680                __vector_dispatch_36
                0x00000001                ASSERT (((_vector_spacing == 0x0) || (SIZEOF (.vector_36) <= (_vector_spacing << 0x5))), function at exception vector 36 too large)

.vector_37      0x9fc016a0        0x8
 *(.vector_37)
 .vector_37     0x9fc016a0        0x8 c:/program files (x86)/microchip/xc32/v2.30/bin/bin/../../lib/gcc/pic32mx/4.8.3/../../../../pic32mx/lib\libpic32.a(vector37.o)
                0x9fc016a0                __vector_dispatch_37
                0x00000001                ASSERT (((_vector_spacing == 0x0) || (SIZEOF (.vector_37) <= (_vector_spacing << 0x5))), function at exception vector 37 too large)

.vector_38      0x9fc016c0        0x8
 *(.vector_38)
 .vector_38     0x9fc016c0        0x8 c:/program files (x86)/microchip/xc32/v2.30/bin/bin/../../lib/gcc/pic32mx/4.8.3/../../../../pic32mx/lib\libpic32.a(vector38.o)
                0x9fc016c0                __vector_dispatch_38
                0x00000001                ASSERT (((_vector_spacing == 0x0) || (SIZEOF (.vector_38) <= (_vector_spacing << 0x5))), function at exception vector 38 too large)

.vector_39      0x9fc016e0        0x8
 *(.vector_39)
 .vector_39     0x9fc016e0        0x8 c:/program files (x86)/microchip/xc32/v2.30/bin/bin/../../lib/gcc/pic32mx/4.8.3/../../../../pic32mx/lib\libpic32.a(vector39.o)
                0x9fc016e0                __vector_dispatch_39
                0x00000001                ASSERT (((_vector_spacing == 0x0) || (SIZEOF (.vector_39) <= (_vector_spacing << 0x5))), function at exception vector 39 too large)

.vector_40      0x9fc01700        0x8
 *(.vector_40)
 .vector_40     0x9fc01700        0x8 c:/program files (x86)/microchip/xc32/v2.30/bin/bin/../../lib/gcc/pic32mx/4.8.3/../../../../pic32mx/lib\libpic32.a(vector40.o)
                0x9fc01700                __vector_dispatch_40
                0x00000001                ASSERT (((_vector_spacing == 0x0) || (SIZEOF (.vector_40) <= (_vector_spacing << 0x5))), function at exception vector 40 too large)

.vector_41      0x9fc01720        0x8
 *(.vector_41)
 .vector_41     0x9fc01720        0x8 c:/program files (x86)/microchip/xc32/v2.30/bin/bin/../../lib/gcc/pic32mx/4.8.3/../../../../pic32mx/lib\libpic32.a(vector41.o)
                0x9fc01720                __vector_dispatch_41
                0x00000001                ASSERT (((_vector_spacing == 0x0) || (SIZEOF (.vector_41) <= (_vector_spacing << 0x5))), function at exception vector 41 too large)

.vector_42      0x9fc01740        0x8
 *(.vector_42)
 .vector_42     0x9fc01740        0x8 c:/program files (x86)/microchip/xc32/v2.30/bin/bin/../../lib/gcc/pic32mx/4.8.3/../../../../pic32mx/lib\libpic32.a(vector42.o)
                0x9fc01740                __vector_dispatch_42
                0x00000001                ASSERT (((_vector_spacing == 0x0) || (SIZEOF (.vector_42) <= (_vector_spacing << 0x5))), function at exception vector 42 too large)

.vector_43      0x9fc01760        0x8
 *(.vector_43)
 .vector_43     0x9fc01760        0x8 c:/program files (x86)/microchip/xc32/v2.30/bin/bin/../../lib/gcc/pic32mx/4.8.3/../../../../pic32mx/lib\libpic32.a(vector43.o)
                0x9fc01760                __vector_dispatch_43
                0x00000001                ASSERT (((_vector_spacing == 0x0) || (SIZEOF (.vector_43) <= (_vector_spacing << 0x5))), function at exception vector 43 too large)

.vector_44      0x9fc01780        0x8
 *(.vector_44)
 .vector_44     0x9fc01780        0x8 c:/program files (x86)/microchip/xc32/v2.30/bin/bin/../../lib/gcc/pic32mx/4.8.3/../../../../pic32mx/lib\libpic32.a(vector44.o)
                0x9fc01780                __vector_dispatch_44
                0x00000001                ASSERT (((_vector_spacing == 0x0) || (SIZEOF (.vector_44) <= (_vector_spacing << 0x5))), function at exception vector 44 too large)

.vector_45      0x9fc017a0        0x8
 *(.vector_45)
 .vector_45     0x9fc017a0        0x8 c:/program files (x86)/microchip/xc32/v2.30/bin/bin/../../lib/gcc/pic32mx/4.8.3/../../../../pic32mx/lib\libpic32.a(vector45.o)
                0x9fc017a0                __vector_dispatch_45
                0x00000001                ASSERT (((_vector_spacing == 0x0) || (SIZEOF (.vector_45) <= (_vector_spacing << 0x5))), function at exception vector 45 too large)

.vector_46      0x9fc017c0        0x0
 *(.vector_46)
                0x00000001                ASSERT (((_vector_spacing == 0x0) || (SIZEOF (.vector_46) <= (_vector_spacing << 0x5))), function at exception vector 46 too large)

.vector_47      0x9fc017e0        0x0
 *(.vector_47)
                0x00000001                ASSERT (((_vector_spacing == 0x0) || (SIZEOF (.vector_47) <= (_vector_spacing << 0x5))), function at exception vector 47 too large)

.vector_48      0x9fc01800        0x0
 *(.vector_48)
                0x00000001                ASSERT (((_vector_spacing == 0x0) || (SIZEOF (.vector_48) <= (_vector_spacing << 0x5))), function at exception vector 48 too large)

.vector_49      0x9fc01820        0x0
 *(.vector_49)
                0x00000001                ASSERT (((_vector_spacing == 0x0) || (SIZEOF (.vector_49) <= (_vector_spacing << 0x5))), function at exception vector 49 too large)

.vector_50      0x9fc01840        0x0
 *(.vector_50)
                0x00000001                ASSERT (((_vector_spacing == 0x0) || (SIZEOF (.vector_50) <= (_vector_spacing << 0x5))), function at exception vector 50 too large)

.vector_51      0x9fc01860        0x0
 *(.vector_51)
                0x00000001                ASSERT (((_vector_spacing == 0x0) || (SIZEOF (.vector_51) <= (_vector_spacing << 0x5))), function at exception vector 51 too large)

.vector_52      0x9fc01880        0x0
 *(.vector_52)
                0x00000001                ASSERT (((_vector_spacing == 0x0) || (SIZEOF (.vector_52) <= (_vector_spacing << 0x5))), function at exception vector 52 too large)

.vector_53      0x9fc018a0        0x0
 *(.vector_53)
                0x00000001                ASSERT (((_vector_spacing == 0x0) || (SIZEOF (.vector_53) <= (_vector_spacing << 0x5))), function at exception vector 53 too large)

.vector_54      0x9fc018c0        0x0
 *(.vector_54)
                0x00000001                ASSERT (((_vector_spacing == 0x0) || (SIZEOF (.vector_54) <= (_vector_spacing << 0x5))), function at exception vector 54 too large)

.vector_55      0x9fc018e0        0x0
 *(.vector_55)
                0x00000001                ASSERT (((_vector_spacing == 0x0) || (SIZEOF (.vector_55) <= (_vector_spacing << 0x5))), function at exception vector 55 too large)

.vector_56      0x9fc01900        0x0
 *(.vector_56)
                0x00000001                ASSERT (((_vector_spacing == 0x0) || (SIZEOF (.vector_56) <= (_vector_spacing << 0x5))), function at exception vector 56 too large)

.vector_57      0x9fc01920        0x0
 *(.vector_57)
                0x00000001                ASSERT (((_vector_spacing == 0x0) || (SIZEOF (.vector_57) <= (_vector_spacing << 0x5))), function at exception vector 57 too large)

.vector_58      0x9fc01940        0x0
 *(.vector_58)
                0x00000001                ASSERT (((_vector_spacing == 0x0) || (SIZEOF (.vector_58) <= (_vector_spacing << 0x5))), function at exception vector 58 too large)

.vector_59      0x9fc01960        0x0
 *(.vector_59)
                0x00000001                ASSERT (((_vector_spacing == 0x0) || (SIZEOF (.vector_59) <= (_vector_spacing << 0x5))), function at exception vector 59 too large)

.vector_60      0x9fc01980        0x0
 *(.vector_60)
                0x00000001                ASSERT (((_vector_spacing == 0x0) || (SIZEOF (.vector_60) <= (_vector_spacing << 0x5))), function at exception vector 60 too large)

.vector_61      0x9fc019a0        0x0
 *(.vector_61)
                0x00000001                ASSERT (((_vector_spacing == 0x0) || (SIZEOF (.vector_61) <= (_vector_spacing << 0x5))), function at exception vector 61 too large)

.vector_62      0x9fc019c0        0x0
 *(.vector_62)
                0x00000001                ASSERT (((_vector_spacing == 0x0) || (SIZEOF (.vector_62) <= (_vector_spacing << 0x5))), function at exception vector 62 too large)

.vector_63      0x9fc019e0        0x0
 *(.vector_63)
                0x00000001                ASSERT (((_vector_spacing == 0x0) || (SIZEOF (.vector_63) <= (_vector_spacing << 0x5))), function at exception vector 63 too large)

.startup
 *(.startup)

.text           0x9d000000        0x0
 *(.stub .gnu.linkonce.t.*)
 *(.text.*personality*)
 *(.mips16.fn.*)
 *(.mips16.call.*)
 *(.gnu.warning)
                0x9d000000                . = ALIGN (0x4)

.init           0x9d000000        0x0
 *crti.o(.init)
 *crtbegin.o(.init)
 *(EXCLUDE_FILE(*crtn.o *crtend?.o *crtend.o) .init)
 *crtend.o(.init)
 *crtn.o(.init)
                0x9d000000                . = ALIGN (0x4)

.fini           0x9d000000        0x0
 *(.fini)
                0x9d000000                . = ALIGN (0x4)

.preinit_array  0x9d000000        0x0
                0x9d000000                PROVIDE (__preinit_array_start, .)
 *(.preinit_array)
                0x9d000000                PROVIDE (__preinit_array_end, .)
                0x9d000000                . = ALIGN (0x4)

.init_array     0x9d000000        0x0
                0x9d000000                PROVIDE (__init_array_start, .)
 *(SORT(.init_array.*))
 *(.init_array)
                0x9d000000                PROVIDE (__init_array_end, .)
                0x9d000000                . = ALIGN (0x4)

.fini_array     0x9d000000        0x0
                0x9d000000                PROVIDE (__fini_array_start, .)
 *(SORT(.fini_array.*))
 *(.fini_array)
                0x9d000000                PROVIDE (__fini_array_end, .)
                0x9d000000                . = ALIGN (0x4)

.ctors          0x9d000000        0x0
 *crtbegin.o(.ctors)
 *crtbegin?.o(.ctors)
 *(EXCLUDE_FILE(*crtend?.o *crtend.o) .ctors)
 *(SORT(.ctors.*))
 *(.ctors)
                0x9d000000                . = ALIGN (0x4)

.dtors          0x9d000000        0x0
 *crtbegin.o(.dtors)
 *crtbegin?.o(.dtors)
 *(EXCLUDE_FILE(*crtend?.o *crtend.o) .dtors)
 *(SORT(.dtors.*))
 *(.dtors)
                0x9d000000                . = ALIGN (0x4)

.rodata         0x9d000000        0x0
 *(.gnu.linkonce.r.*)
 *(.rodata1)
                0x9d000000                . = ALIGN (0x4)

.sdata2         0x9fc00490        0x0
 *(.sdata2 .sdata2.* .gnu.linkonce.s2.*)
                0x9fc00490                . = ALIGN (0x4)

.sbss2          0x9fc00490        0x0
 *(.sbss2 .sbss2.* .gnu.linkonce.sb2.*)
                0x9fc00490                . = ALIGN (0x4)

.eh_frame_hdr
 *(.eh_frame_hdr)
                0x9fc00490                . = ALIGN (0x4)

.eh_frame
 *(.eh_frame)
                0x9fc00490                . = ALIGN (0x4)

.gcc_except_table
 *(.gcc_except_table .gcc_except_table.*)
                0x9fc00490                . = ALIGN (0x4)

.dbg_data       0xa0000200        0x0
                0xa0000200                . = (. + DEFINED (_DEBUGGER)?0x200:0x0)

.jcr            0xa0000200        0x0
 *(.jcr)
                0xa0000200                . = ALIGN (0x4)

.eh_frame
 *(.eh_frame)
                0xa0000200                . = ALIGN (0x4)

.gcc_except_table
 *(.gcc_except_table .gcc_except_table.*)
                0xa0000200                . = ALIGN (0x4)

.persist        0xa0000200        0x8
                0xa0000200                _persist_begin = .
 *(.persist .persist.*)
 *(.pbss .pbss.*)
 .pbss          0xa0000200        0x2 build/default/debug/_ext/1360937237/UDP.o
 *fill*         0xa0000202        0x2 
 .pbss          0xa0000204        0x4 build/default/debug/_ext/1360937237/dns_client.o
                0xa0000208                . = ALIGN (0x4)
                0xa0000208                _persist_end = .

.data           0xa0000208        0x0
 *(.gnu.linkonce.d.*)
 *(.data1)
                0xa0000208                . = ALIGN (0x4)
                0xa0000208                . = .
                0xa0008200                _gp = (ALIGN (0x10) + 0x7ff0)

.got            0xa0000208        0x0
 *(.got.plt)
 *(.got)
                0xa0000208                . = ALIGN (0x4)

.sdata          0xa0000208       0x20
                0xa0000208                _sdata_begin = .
 *(.sdata .sdata.* .gnu.linkonce.s.*)
 .sdata         0xa0000208        0x8 build/default/debug/_ext/1360937237/Framework.o
 .sdata         0xa0000210        0x2 build/default/debug/_ext/1360937237/EthernetTasks.o
                0xa0000210                serverPort
 .sdata         0xa0000212        0x2 build/default/debug/_ext/1360937237/UDP.o
 .sdata         0xa0000214        0x4 build/default/debug/_ext/1360937237/Helpers.o
 .sdata         0xa0000218        0x8 build/default/debug/_ext/1360937237/dns_client.o
 .sdata         0xa0000220        0x1 build/default/debug/_ext/1360937237/drv_wifi_power_save.o
 .sdata         0xa0000221        0x1 build/default/debug/_ext/1360937237/drv_wifi_connection_algorithm.o
 *fill*         0xa0000222        0x2 
 .sdata         0xa0000224        0x4 c:/program files (x86)/microchip/xc32/v2.30/bin/bin/../../lib/gcc/pic32mx/4.8.3/../../../../pic32mx/lib\libpic32.a(xc32_uart.o)
                0xa0000224                __XC_UART
                0xa0000228                . = ALIGN (0x4)
                0xa0000228                _sdata_end = .

.lit8
 *(.lit8)

.lit4
 *(.lit4)
                0xa0000228                . = ALIGN (0x4)
                0xa0000228                _data_end = .
                0xa0000228                _bss_begin = .

.sbss           0xa0000228       0xc4
                0xa0000228                _sbss_begin = .
 *(.dynsbss)
 *(.sbss .sbss.* .gnu.linkonce.sb.*)
 .sbss          0xa0000228       0x14 build/default/debug/_ext/1360937237/Framework.o
                0xa000022c                eraseErrorCounter
                0xa0000230                writeErrorCounter
 .sbss          0xa000023c        0x8 build/default/debug/_ext/1360937237/EthernetTasks.o
 *fill*         0xa0000244        0x4 
 .sbss          0xa0000248       0x10 build/default/debug/_ext/1360937237/Tick.o
 .sbss          0xa0000258       0x10 build/default/debug/_ext/1360937237/stack_task.o
                0xa000025c                g_DhcpRetryTimer
                0xa0000260                g_DhcpRenew
 .sbss          0xa0000268        0x8 build/default/debug/_ext/1360937237/UDP.o
 .sbss          0xa0000270        0x1 build/default/debug/_ext/1360937237/dhcp_client.o
                0xa0000270                DHCPClientInitializedOnce
 *fill*         0xa0000271        0x3 
 .sbss          0xa0000274        0x4 build/default/debug/_ext/1360937237/ARP.o
 .sbss          0xa0000278       0x14 build/default/debug/_ext/1360937237/dns_client.o
 .sbss          0xa000028c        0x8 build/default/debug/_ext/1360937237/nbns.o
 .sbss          0xa0000294       0x14 build/default/debug/_ext/1360937237/drv_wifi_mac.o
 .sbss          0xa00002a8        0x2 build/default/debug/_ext/1360937237/drv_wifi_raw.o
                0xa00002a8                gIntDisabled
                0xa00002a9                g_HostRAWDataPacketReceived
 *fill*         0xa00002aa        0x2 
 .sbss          0xa00002ac       0x14 build/default/debug/_ext/1360937237/drv_wifi_com.o
                0xa00002ac                g_dhcpInProgress
                0xa00002ad                g_WiFiConnection
                0xa00002ae                g_WiFiConnectionChanged
                0xa00002af                g_DhcpSuccessful
 .sbss          0xa00002c0        0x1 build/default/debug/_ext/1360937237/drv_wifi_spi.o
 .sbss          0xa00002c1        0x3 build/default/debug/_ext/1360937237/drv_wifi_power_save.o
 .sbss          0xa00002c4        0x8 build/default/debug/_ext/1360937237/announce.o
 .sbss          0xa00002cc        0x4 build/default/debug/_ext/1360937237/drv_wifi_mgmt_msg.o
                0xa00002cd                g_WaitingForMgmtResponse
 .sbss          0xa00002d0        0x1 build/default/debug/_ext/1360937237/drv_wifi_connection_manager.o
 .sbss          0xa00002d1        0x1 build/default/debug/_ext/1360937237/drv_wifi_init.o
                0xa00002d1                gRFModuleVer1209orLater
 .sbss          0xa00002d2        0x4 build/default/debug/_ext/1360937237/IP.o
 *(.scommon)
 .scommon       0xa00002d6        0x2 build/default/debug/_ext/1360937237/EthernetTasks.o
                0xa00002d6                udpSkt
                0xa00002d7                ConnectionProfileID
 .scommon       0xa00002d8        0x6 build/default/debug/_ext/1360937237/UDP.o
                0xa00002d8                UDPTxCount
                0xa00002da                activeUDPSocket
                0xa00002dc                UDPRxCount
 .scommon       0xa00002de        0x1 build/default/debug/_ext/1360937237/drv_wifi_mac.o
                0xa00002de                g_rxIndexSetBeyondBuffer
 *fill*         0xa00002df        0x1 
 .scommon       0xa00002e0        0x6 build/default/debug/_ext/1360937237/drv_wifi_raw.o
                0xa00002e0                RawWindowState
                0xa00002e4                RawWindowReady
 *fill*         0xa00002e6        0x2 
 .scommon       0xa00002e8        0x2 build/default/debug/_ext/1360937237/drv_wifi_com.o
                0xa00002e8                RawMoveState
 .scommon       0xa00002ea        0x1 build/default/debug/_ext/1360937237/drv_wifi_power_save.o
                0xa00002ea                g_rxDtim
                0xa00002eb                _sbss_end = .
                0xa00002ec                . = ALIGN (0x4)
 *fill*         0xa00002eb        0x1 

.bss            0xa00002ec      0x69c
 *(.dynbss)
 *(COMMON)
 COMMON         0xa00002ec      0x5af build/default/debug/_ext/1360937237/EthernetTasks.o
                0xa00002ec                rxData
                0xa00006d4                txData
                0xa000079c                AppConfig
                0xa0000838                g_WpsPassphrase
 *fill*         0xa000089b        0x1 
 COMMON         0xa000089c        0xa build/default/debug/_ext/1360937237/stack_task.o
                0xa000089c                remoteNode
 *fill*         0xa00008a6        0x2 
 COMMON         0xa00008a8       0xe0 build/default/debug/_ext/1360937237/UDP.o
                0xa00008a8                UDPSocketInfo
                0xa0000988                . = ALIGN ((. != 0x0)?0x4:0x1)
                0xa0000988                . = ALIGN (0x4)
                0xa0000988                _end = .
                0xa0000988                _bss_end = .
                0x00008000                _bmxdudba_address = 0x8000
                0x00008000                _bmxdupba_address = 0x8000

/DISCARD/
 *(.pdr)
 *(.rel.dyn)
 *(.note.GNU-stack)
 *(.note.GNU-stack)
 *(.gnu_debuglink)
 *(.gnu.lto_*)
 *(.discard)

.gptab.sdata
 *(.gptab.data)
 *(.gptab.sdata)

.gptab.sbss
 *(.gptab.bss)
 *(.gptab.sbss)

.mdebug.abi32   0xa0000988        0x0
 *(.mdebug.abi32)
 .mdebug.abi32  0xa0000988        0x0 c:/program files (x86)/microchip/xc32/v2.30/bin/bin/../../lib/gcc/pic32mx/4.8.3/../../../../pic32mx/lib\software-debug-break.o
 .mdebug.abi32  0xa0000988        0x0 build/default/debug/_ext/1360937237/BootLoader.o
 .mdebug.abi32  0xa0000988        0x0 build/default/debug/_ext/1360937237/Framework.o
 .mdebug.abi32  0xa0000988        0x0 build/default/debug/_ext/1360937237/NVMem.o
 .mdebug.abi32  0xa0000988        0x0 build/default/debug/_ext/1360937237/EthernetTasks.o
 .mdebug.abi32  0xa0000988        0x0 build/default/debug/_ext/1360937237/Tick.o
 .mdebug.abi32  0xa0000988        0x0 build/default/debug/_ext/1360937237/stack_task.o
 .mdebug.abi32  0xa0000988        0x0 build/default/debug/_ext/1360937237/UDP.o
 .mdebug.abi32  0xa0000988        0x0 build/default/debug/_ext/1360937237/dhcp_client.o
 .mdebug.abi32  0xa0000988        0x0 build/default/debug/_ext/1360937237/ARP.o
 .mdebug.abi32  0xa0000988        0x0 build/default/debug/_ext/1360937237/Helpers.o
 .mdebug.abi32  0xa0000988        0x0 build/default/debug/_ext/1360937237/dns_client.o
 .mdebug.abi32  0xa0000988        0x0 build/default/debug/_ext/1360937237/nbns.o
 .mdebug.abi32  0xa0000988        0x0 build/default/debug/_ext/1360937237/drv_wifi_mac.o
 .mdebug.abi32  0xa0000988        0x0 build/default/debug/_ext/1360937237/drv_wifi_raw.o
 .mdebug.abi32  0xa0000988        0x0 build/default/debug/_ext/1360937237/drv_wifi_com.o
 .mdebug.abi32  0xa0000988        0x0 build/default/debug/_ext/1360937237/Delay.o
 .mdebug.abi32  0xa0000988        0x0 build/default/debug/_ext/1360937237/drv_wifi_eint.o
 .mdebug.abi32  0xa0000988        0x0 build/default/debug/_ext/1360937237/drv_wifi_debug_strings.o
 .mdebug.abi32  0xa0000988        0x0 build/default/debug/_ext/1360937237/drv_wifi_spi.o
 .mdebug.abi32  0xa0000988        0x0 build/default/debug/_ext/1360937237/drv_wifi_power_save.o
 .mdebug.abi32  0xa0000988        0x0 build/default/debug/_ext/1360937237/announce.o
 .mdebug.abi32  0xa0000988        0x0 build/default/debug/_ext/1360937237/drv_wifi_mgmt_msg.o
 .mdebug.abi32  0xa0000988        0x0 build/default/debug/_ext/1360937237/drv_wifi_event_handler.o
 .mdebug.abi32  0xa0000988        0x0 build/default/debug/_ext/1360937237/drv_wifi_config.o
 .mdebug.abi32  0xa0000988        0x0 build/default/debug/_ext/1360937237/drv_wifi_connection_algorithm.o
 .mdebug.abi32  0xa0000988        0x0 build/default/debug/_ext/1360937237/drv_wifi_connection_manager.o
 .mdebug.abi32  0xa0000988        0x0 build/default/debug/_ext/1360937237/drv_wifi_pbkdf2.o
 .mdebug.abi32  0xa0000988        0x0 build/default/debug/_ext/1360937237/drv_wifi_init.o
 .mdebug.abi32  0xa0000988        0x0 build/default/debug/_ext/1360937237/drv_wifi_param_msg.o
 .mdebug.abi32  0xa0000988        0x0 build/default/debug/_ext/1360937237/IP.o
 .mdebug.abi32  0xa0000988        0x0 build/default/debug/_ext/1360937237/icmp.o
 .mdebug.abi32  0xa0000988        0x0 build/default/debug/_ext/1360937237/tcp.o
 .mdebug.abi32  0xa0000988        0x0 build/default/debug/_ext/1360937237/uart.o
 .mdebug.abi32  0xa0000988        0x0 build/default/debug/_ext/1360937237/drv_wifi_connection_profile.o
 .mdebug.abi32  0xa0000988        0x0 c:/program files (x86)/microchip/xc32/v2.30/bin/bin/../../lib/gcc/pic32mx/4.8.3/../../../../pic32mx/lib\libmchp_peripheral.a(read_core_timer_lib.o)
 .mdebug.abi32  0xa0000988        0x0 c:/program files (x86)/microchip/xc32/v2.30/bin/bin/../../lib/gcc/pic32mx/4.8.3/../../../../pic32mx/lib\libmchp_peripheral.a(write_core_timer_lib.o)
 .mdebug.abi32  0xa0000988        0x0 c:/program files (x86)/microchip/xc32/v2.30/bin/bin/../../lib/gcc/pic32mx/4.8.3/../../../../pic32mx/lib\libmchp_peripheral_32MX440F256H.a(pcache.o)
 .mdebug.abi32  0xa0000988        0x0 c:/program files (x86)/microchip/xc32/v2.30/bin/bin/../../lib/gcc/pic32mx/4.8.3/../../../../pic32mx/lib\libmchp_peripheral_32MX440F256H.a(int_disable_interrupts_lib.o)
 .mdebug.abi32  0xa0000988        0x0 c:/program files (x86)/microchip/xc32/v2.30/bin/bin/../../lib/gcc/pic32mx/4.8.3/../../../../pic32mx/lib\libmchp_peripheral_32MX440F256H.a(int_restore_interrupts_lib.o)
 .mdebug.abi32  0xa0000988        0x0 c:/program files (x86)/microchip/xc32/v2.30/bin/bin/../../lib/gcc/pic32mx/4.8.3/../../../../pic32mx/lib\libmchp_peripheral_32MX440F256H.a(int_enable_mv_int_lib.o)
 .mdebug.abi32  0xa0000988        0x0 c:/program files (x86)/microchip/xc32/v2.30/bin/bin/../../lib/gcc/pic32mx/4.8.3/../../../../pic32mx/lib\libmchp_peripheral_32MX440F256H.a(puts_uartx_lib_legacy.o)
 .mdebug.abi32  0xa0000988        0x0 c:/program files (x86)/microchip/xc32/v2.30/bin/bin/../../lib/gcc/pic32mx/4.8.3/../../../../pic32mx/lib\libmchp_peripheral_32MX440F256H.a(int_enable_interrupts_lib.o)
 .mdebug.abi32  0xa0000988        0x0 c:/program files (x86)/microchip/xc32/v2.30/bin/bin/../../lib/gcc/pic32mx/4.8.3\libgcc.a(_udivdi3.o)
 .mdebug.abi32  0xa0000988        0x0 c:/program files (x86)/microchip/xc32/v2.30/bin/bin/../../lib/gcc/pic32mx/4.8.3\libgcc.a(_umoddi3.o)
 .mdebug.abi32  0xa0000988        0x0 c:/program files (x86)/microchip/xc32/v2.30/bin/bin/../../lib/gcc/pic32mx/4.8.3/../../../../pic32mx/lib\libpic32.a(default-bootstrap-exception-handler.o)
 .mdebug.abi32  0xa0000988        0x0 c:/program files (x86)/microchip/xc32/v2.30/bin/bin/../../lib/gcc/pic32mx/4.8.3/../../../../pic32mx/lib\libpic32.a(default-on-reset.o)
 .mdebug.abi32  0xa0000988        0x0 c:/program files (x86)/microchip/xc32/v2.30/bin/bin/../../lib/gcc/pic32mx/4.8.3/../../../../pic32mx/lib\libpic32.a(default-on-bootstrap.o)
 .mdebug.abi32  0xa0000988        0x0 c:/program files (x86)/microchip/xc32/v2.30/bin/bin/../../lib/gcc/pic32mx/4.8.3/../../../../pic32mx/lib\libpic32.a(default-general-exception-handler.o)
 .mdebug.abi32  0xa0000988        0x0 c:/program files (x86)/microchip/xc32/v2.30/bin/bin/../../lib/gcc/pic32mx/4.8.3/../../../../pic32mx/lib\libpic32.a(defaultinterrupt.o)
 .mdebug.abi32  0xa0000988        0x0 c:/program files (x86)/microchip/xc32/v2.30/bin/bin/../../lib/gcc/pic32mx/4.8.3/../../../../pic32mx/lib\libc.a(strncpy.o)
 .mdebug.abi32  0xa0000988        0x0 c:/program files (x86)/microchip/xc32/v2.30/bin/bin/../../lib/gcc/pic32mx/4.8.3/../../../../pic32mx/lib\libc.a(sprintf_cdnopsuxX.eo)
 .mdebug.abi32  0xa0000988        0x0 c:/program files (x86)/microchip/xc32/v2.30/bin/bin/../../lib/gcc/pic32mx/4.8.3/../../../../pic32mx/lib\libc.a(doprnt_cdnopsuxX.eo)
 .mdebug.abi32  0xa0000988        0x0 c:/program files (x86)/microchip/xc32/v2.30/bin/bin/../../lib/gcc/pic32mx/4.8.3/../../../../pic32mx/lib\libc.a(_fputc_simple.o)
 .mdebug.abi32  0xa0000988        0x0 c:/program files (x86)/microchip/xc32/v2.30/bin/bin/../../lib/gcc/pic32mx/4.8.3/../../../../pic32mx/lib\libc.a(ctype.o)
 .mdebug.abi32  0xa0000988        0x0 c:/program files (x86)/microchip/xc32/v2.30/bin/bin/../../lib/gcc/pic32mx/4.8.3/../../../../pic32mx/lib\libc.a(_iob.o)
 .mdebug.abi32  0xa0000988        0x0 c:/program files (x86)/microchip/xc32/v2.30/bin/bin/../../lib/gcc/pic32mx/4.8.3/../../../../pic32mx/lib\libc.a(_flsbuf_simple.o)
 .mdebug.abi32  0xa0000988        0x0 c:/program files (x86)/microchip/xc32/v2.30/bin/bin/../../lib/gcc/pic32mx/4.8.3/../../../../pic32mx/lib\libpic32.a(write.o)
 .mdebug.abi32  0xa0000988        0x0 c:/program files (x86)/microchip/xc32/v2.30/bin/bin/../../lib/gcc/pic32mx/4.8.3/../../../../pic32mx/lib\libpic32.a(_mon_putc.o)
 .mdebug.abi32  0xa0000988        0x0 c:/program files (x86)/microchip/xc32/v2.30/bin/bin/../../lib/gcc/pic32mx/4.8.3/../../../../pic32mx/lib\libpic32.a(xc32_uart.o)

.mdebug.abiN32
 *(.mdebug.abiN32)

.mdebug.abi64
 *(.mdebug.abi64)

.mdebug.abiO64
 *(.mdebug.abiO64)

.mdebug.eabi32
 *(.mdebug.eabi32)

.mdebug.eabi64
 *(.mdebug.eabi64)

.gcc_compiled_long32
 *(.gcc_compiled_long32)

.gcc_compiled_long64
 *(.gcc_compiled_long64)

.stab
 *(.stab)

.stabstr
 *(.stabstr)

.stab.excl
 *(.stab.excl)

.stab.exclstr
 *(.stab.exclstr)

.stab.index
 *(.stab.index)

.stab.indexstr
 *(.stab.indexstr)

.comment        0x00000000      0x128
 *(.comment)
 .comment       0x00000000       0x3c c:/program files (x86)/microchip/xc32/v2.30/bin/bin/../../lib/gcc/pic32mx/4.8.3/../../../../pic32mx/lib\software-debug-break.o
                                 0x3d (size before relaxing)
 .comment       0x00000000       0x3d build/default/debug/_ext/1360937237/BootLoader.o
 .comment       0x00000000       0x3d build/default/debug/_ext/1360937237/Framework.o
 .comment       0x00000000       0x3d build/default/debug/_ext/1360937237/NVMem.o
 .comment       0x00000000       0x3d build/default/debug/_ext/1360937237/EthernetTasks.o
 .comment       0x00000000       0x3d build/default/debug/_ext/1360937237/Tick.o
 .comment       0x00000000       0x3d build/default/debug/_ext/1360937237/stack_task.o
 .comment       0x00000000       0x3d build/default/debug/_ext/1360937237/UDP.o
 .comment       0x00000000       0x3d build/default/debug/_ext/1360937237/dhcp_client.o
 .comment       0x00000000       0x3d build/default/debug/_ext/1360937237/ARP.o
 .comment       0x00000000       0x3d build/default/debug/_ext/1360937237/Helpers.o
 .comment       0x00000000       0x3d build/default/debug/_ext/1360937237/dns_client.o
 .comment       0x00000000       0x3d build/default/debug/_ext/1360937237/nbns.o
 .comment       0x00000000       0x3d build/default/debug/_ext/1360937237/drv_wifi_mac.o
 .comment       0x00000000       0x3d build/default/debug/_ext/1360937237/drv_wifi_raw.o
 .comment       0x00000000       0x3d build/default/debug/_ext/1360937237/drv_wifi_com.o
 .comment       0x00000000       0x3d build/default/debug/_ext/1360937237/Delay.o
 .comment       0x00000000       0x3d build/default/debug/_ext/1360937237/drv_wifi_eint.o
 .comment       0x00000000       0x3d build/default/debug/_ext/1360937237/drv_wifi_debug_strings.o
 .comment       0x00000000       0x3d build/default/debug/_ext/1360937237/drv_wifi_spi.o
 .comment       0x00000000       0x3d build/default/debug/_ext/1360937237/drv_wifi_power_save.o
 .comment       0x00000000       0x3d build/default/debug/_ext/1360937237/announce.o
 .comment       0x00000000       0x3d build/default/debug/_ext/1360937237/drv_wifi_mgmt_msg.o
 .comment       0x00000000       0x3d build/default/debug/_ext/1360937237/drv_wifi_event_handler.o
 .comment       0x00000000       0x3d build/default/debug/_ext/1360937237/drv_wifi_config.o
 .comment       0x00000000       0x3d build/default/debug/_ext/1360937237/drv_wifi_connection_algorithm.o
 .comment       0x00000000       0x3d build/default/debug/_ext/1360937237/drv_wifi_connection_manager.o
 .comment       0x00000000       0x3d build/default/debug/_ext/1360937237/drv_wifi_pbkdf2.o
 .comment       0x00000000       0x3d build/default/debug/_ext/1360937237/drv_wifi_init.o
 .comment       0x00000000       0x3d build/default/debug/_ext/1360937237/drv_wifi_param_msg.o
 .comment       0x00000000       0x3d build/default/debug/_ext/1360937237/IP.o
 .comment       0x00000000       0x3d build/default/debug/_ext/1360937237/icmp.o
 .comment       0x00000000       0x3d build/default/debug/_ext/1360937237/tcp.o
 .comment       0x00000000       0x3d build/default/debug/_ext/1360937237/uart.o
 .comment       0x00000000       0x3d build/default/debug/_ext/1360937237/drv_wifi_connection_profile.o
 .comment       0x0000003c       0x3c c:/program files (x86)/microchip/xc32/v2.30/bin/bin/../../lib/gcc/pic32mx/4.8.3/../../../../pic32mx/lib\libmchp_peripheral.a(read_core_timer_lib.o)
                                 0x3d (size before relaxing)
 .comment       0x00000000       0x3d c:/program files (x86)/microchip/xc32/v2.30/bin/bin/../../lib/gcc/pic32mx/4.8.3/../../../../pic32mx/lib\libmchp_peripheral.a(write_core_timer_lib.o)
 .comment       0x00000000       0x3d c:/program files (x86)/microchip/xc32/v2.30/bin/bin/../../lib/gcc/pic32mx/4.8.3/../../../../pic32mx/lib\libmchp_peripheral_32MX440F256H.a(pcache.o)
 .comment       0x00000000       0x3d c:/program files (x86)/microchip/xc32/v2.30/bin/bin/../../lib/gcc/pic32mx/4.8.3/../../../../pic32mx/lib\libmchp_peripheral_32MX440F256H.a(int_disable_interrupts_lib.o)
 .comment       0x00000000       0x3d c:/program files (x86)/microchip/xc32/v2.30/bin/bin/../../lib/gcc/pic32mx/4.8.3/../../../../pic32mx/lib\libmchp_peripheral_32MX440F256H.a(int_restore_interrupts_lib.o)
 .comment       0x00000000       0x3d c:/program files (x86)/microchip/xc32/v2.30/bin/bin/../../lib/gcc/pic32mx/4.8.3/../../../../pic32mx/lib\libmchp_peripheral_32MX440F256H.a(int_enable_mv_int_lib.o)
 .comment       0x00000000       0x3d c:/program files (x86)/microchip/xc32/v2.30/bin/bin/../../lib/gcc/pic32mx/4.8.3/../../../../pic32mx/lib\libmchp_peripheral_32MX440F256H.a(puts_uartx_lib_legacy.o)
 .comment       0x00000000       0x3d c:/program files (x86)/microchip/xc32/v2.30/bin/bin/../../lib/gcc/pic32mx/4.8.3/../../../../pic32mx/lib\libmchp_peripheral_32MX440F256H.a(int_enable_interrupts_lib.o)
 .comment       0x00000000       0x3d c:/program files (x86)/microchip/xc32/v2.30/bin/bin/../../lib/gcc/pic32mx/4.8.3\libgcc.a(_udivdi3.o)
 .comment       0x00000000       0x3d c:/program files (x86)/microchip/xc32/v2.30/bin/bin/../../lib/gcc/pic32mx/4.8.3\libgcc.a(_umoddi3.o)
 .comment       0x00000078       0x18 c:/program files (x86)/microchip/xc32/v2.30/bin/bin/../../lib/gcc/pic32mx/4.8.3/../../../../pic32mx/lib\libpic32.a(memcmp.o)
                                 0x19 (size before relaxing)
 .comment       0x00000090       0x18 c:/program files (x86)/microchip/xc32/v2.30/bin/bin/../../lib/gcc/pic32mx/4.8.3/../../../../pic32mx/lib\libpic32.a(memset.o)
                                 0x19 (size before relaxing)
 .comment       0x000000a8       0x19 c:/program files (x86)/microchip/xc32/v2.30/bin/bin/../../lib/gcc/pic32mx/4.8.3/../../../../pic32mx/lib\libpic32.a(strcpy.o)
                                 0x1a (size before relaxing)
 .comment       0x000000c1       0x19 c:/program files (x86)/microchip/xc32/v2.30/bin/bin/../../lib/gcc/pic32mx/4.8.3/../../../../pic32mx/lib\libpic32.a(strlen.o)
                                 0x1a (size before relaxing)
 .comment       0x00000000       0x3d c:/program files (x86)/microchip/xc32/v2.30/bin/bin/../../lib/gcc/pic32mx/4.8.3/../../../../pic32mx/lib\libpic32.a(default-bootstrap-exception-handler.o)
 .comment       0x00000000       0x3d c:/program files (x86)/microchip/xc32/v2.30/bin/bin/../../lib/gcc/pic32mx/4.8.3/../../../../pic32mx/lib\libpic32.a(default-on-reset.o)
 .comment       0x00000000       0x3d c:/program files (x86)/microchip/xc32/v2.30/bin/bin/../../lib/gcc/pic32mx/4.8.3/../../../../pic32mx/lib\libpic32.a(default-on-bootstrap.o)
 .comment       0x00000000       0x3d c:/program files (x86)/microchip/xc32/v2.30/bin/bin/../../lib/gcc/pic32mx/4.8.3/../../../../pic32mx/lib\libpic32.a(default-general-exception-handler.o)
 .comment       0x00000000       0x3d c:/program files (x86)/microchip/xc32/v2.30/bin/bin/../../lib/gcc/pic32mx/4.8.3/../../../../pic32mx/lib\libpic32.a(defaultinterrupt.o)
 .comment       0x00000000       0x3d c:/program files (x86)/microchip/xc32/v2.30/bin/bin/../../lib/gcc/pic32mx/4.8.3/../../../../pic32mx/lib\libc.a(strncpy.o)
 .comment       0x00000000       0x3d c:/program files (x86)/microchip/xc32/v2.30/bin/bin/../../lib/gcc/pic32mx/4.8.3/../../../../pic32mx/lib\libc.a(sprintf_cdnopsuxX.eo)
 .comment       0x00000000       0x3d c:/program files (x86)/microchip/xc32/v2.30/bin/bin/../../lib/gcc/pic32mx/4.8.3/../../../../pic32mx/lib\libc.a(doprnt_cdnopsuxX.eo)
 .comment       0x00000000       0x3d c:/program files (x86)/microchip/xc32/v2.30/bin/bin/../../lib/gcc/pic32mx/4.8.3/../../../../pic32mx/lib\libc.a(_fputc_simple.o)
 .comment       0x000000da       0x4e c:/program files (x86)/microchip/xc32/v2.30/bin/bin/../../lib/gcc/pic32mx/4.8.3/../../../../pic32mx/lib\libc.a(ctype.o)
                                 0x8b (size before relaxing)
 .comment       0x00000000       0x3d c:/program files (x86)/microchip/xc32/v2.30/bin/bin/../../lib/gcc/pic32mx/4.8.3/../../../../pic32mx/lib\libc.a(_iob.o)
 .comment       0x00000000       0x3d c:/program files (x86)/microchip/xc32/v2.30/bin/bin/../../lib/gcc/pic32mx/4.8.3/../../../../pic32mx/lib\libc.a(_flsbuf_simple.o)
 .comment       0x00000000       0x3d c:/program files (x86)/microchip/xc32/v2.30/bin/bin/../../lib/gcc/pic32mx/4.8.3/../../../../pic32mx/lib\libpic32.a(write.o)
 .comment       0x00000000       0x3d c:/program files (x86)/microchip/xc32/v2.30/bin/bin/../../lib/gcc/pic32mx/4.8.3/../../../../pic32mx/lib\libpic32.a(_mon_putc.o)
 .comment       0x00000000       0x3d c:/program files (x86)/microchip/xc32/v2.30/bin/bin/../../lib/gcc/pic32mx/4.8.3/../../../../pic32mx/lib\libpic32.a(xc32_uart.o)

.debug
 *(.debug)

.line
 *(.line)

.debug_srcinfo
 *(.debug_srcinfo)

.debug_sfnames
 *(.debug_sfnames)

.debug_aranges  0x00000000      0x768
 *(.debug_aranges)
 .debug_aranges
                0x00000000       0x20 c:/program files (x86)/microchip/xc32/v2.30/bin/bin/../../lib/gcc/pic32mx/4.8.3/../../../../pic32mx/lib\software-debug-break.o
 .debug_aranges
                0x00000020       0x20 build/default/debug/_ext/1360937237/BootLoader.o
 .debug_aranges
                0x00000040       0x20 build/default/debug/_ext/1360937237/Framework.o
 .debug_aranges
                0x00000060       0x20 build/default/debug/_ext/1360937237/NVMem.o
 .debug_aranges
                0x00000080       0x20 build/default/debug/_ext/1360937237/EthernetTasks.o
 .debug_aranges
                0x000000a0       0x20 build/default/debug/_ext/1360937237/Tick.o
 .debug_aranges
                0x000000c0       0x20 build/default/debug/_ext/1360937237/stack_task.o
 .debug_aranges
                0x000000e0       0x20 build/default/debug/_ext/1360937237/UDP.o
 .debug_aranges
                0x00000100       0x20 build/default/debug/_ext/1360937237/dhcp_client.o
 .debug_aranges
                0x00000120       0x20 build/default/debug/_ext/1360937237/ARP.o
 .debug_aranges
                0x00000140       0x20 build/default/debug/_ext/1360937237/Helpers.o
 .debug_aranges
                0x00000160       0x20 build/default/debug/_ext/1360937237/dns_client.o
 .debug_aranges
                0x00000180       0x20 build/default/debug/_ext/1360937237/nbns.o
 .debug_aranges
                0x000001a0       0x20 build/default/debug/_ext/1360937237/drv_wifi_mac.o
 .debug_aranges
                0x000001c0       0x20 build/default/debug/_ext/1360937237/drv_wifi_raw.o
 .debug_aranges
                0x000001e0       0x20 build/default/debug/_ext/1360937237/drv_wifi_com.o
 .debug_aranges
                0x00000200       0x20 build/default/debug/_ext/1360937237/Delay.o
 .debug_aranges
                0x00000220       0x20 build/default/debug/_ext/1360937237/drv_wifi_eint.o
 .debug_aranges
                0x00000240       0x20 build/default/debug/_ext/1360937237/drv_wifi_debug_strings.o
 .debug_aranges
                0x00000260       0x20 build/default/debug/_ext/1360937237/drv_wifi_spi.o
 .debug_aranges
                0x00000280       0x20 build/default/debug/_ext/1360937237/drv_wifi_power_save.o
 .debug_aranges
                0x000002a0       0x20 build/default/debug/_ext/1360937237/announce.o
 .debug_aranges
                0x000002c0       0x20 build/default/debug/_ext/1360937237/drv_wifi_mgmt_msg.o
 .debug_aranges
                0x000002e0       0x20 build/default/debug/_ext/1360937237/drv_wifi_event_handler.o
 .debug_aranges
                0x00000300       0x20 build/default/debug/_ext/1360937237/drv_wifi_config.o
 .debug_aranges
                0x00000320       0x20 build/default/debug/_ext/1360937237/drv_wifi_connection_algorithm.o
 .debug_aranges
                0x00000340       0x20 build/default/debug/_ext/1360937237/drv_wifi_connection_manager.o
 .debug_aranges
                0x00000360       0x20 build/default/debug/_ext/1360937237/drv_wifi_pbkdf2.o
 .debug_aranges
                0x00000380       0x20 build/default/debug/_ext/1360937237/drv_wifi_init.o
 .debug_aranges
                0x000003a0       0x20 build/default/debug/_ext/1360937237/drv_wifi_param_msg.o
 .debug_aranges
                0x000003c0       0x20 build/default/debug/_ext/1360937237/IP.o
 .debug_aranges
                0x000003e0       0x20 build/default/debug/_ext/1360937237/icmp.o
 .debug_aranges
                0x00000400       0x18 build/default/debug/_ext/1360937237/tcp.o
 .debug_aranges
                0x00000418       0x20 build/default/debug/_ext/1360937237/uart.o
 .debug_aranges
                0x00000438       0x20 build/default/debug/_ext/1360937237/drv_wifi_connection_profile.o
 .debug_aranges
                0x00000458       0x20 c:/program files (x86)/microchip/xc32/v2.30/bin/bin/../../lib/gcc/pic32mx/4.8.3/../../../../pic32mx/lib\libmchp_peripheral.a(read_core_timer_lib.o)
 .debug_aranges
                0x00000478       0x20 c:/program files (x86)/microchip/xc32/v2.30/bin/bin/../../lib/gcc/pic32mx/4.8.3/../../../../pic32mx/lib\libmchp_peripheral.a(write_core_timer_lib.o)
 .debug_aranges
                0x00000498       0x28 c:/program files (x86)/microchip/xc32/v2.30/bin/bin/../../lib/gcc/pic32mx/4.8.3/../../../../pic32mx/lib\libmchp_peripheral_32MX440F256H.a(pcache.o)
 .debug_aranges
                0x000004c0       0x20 c:/program files (x86)/microchip/xc32/v2.30/bin/bin/../../lib/gcc/pic32mx/4.8.3/../../../../pic32mx/lib\libmchp_peripheral_32MX440F256H.a(int_disable_interrupts_lib.o)
 .debug_aranges
                0x000004e0       0x20 c:/program files (x86)/microchip/xc32/v2.30/bin/bin/../../lib/gcc/pic32mx/4.8.3/../../../../pic32mx/lib\libmchp_peripheral_32MX440F256H.a(int_restore_interrupts_lib.o)
 .debug_aranges
                0x00000500       0x20 c:/program files (x86)/microchip/xc32/v2.30/bin/bin/../../lib/gcc/pic32mx/4.8.3/../../../../pic32mx/lib\libmchp_peripheral_32MX440F256H.a(int_enable_mv_int_lib.o)
 .debug_aranges
                0x00000520       0x28 c:/program files (x86)/microchip/xc32/v2.30/bin/bin/../../lib/gcc/pic32mx/4.8.3/../../../../pic32mx/lib\libmchp_peripheral_32MX440F256H.a(puts_uartx_lib_legacy.o)
 .debug_aranges
                0x00000548       0x20 c:/program files (x86)/microchip/xc32/v2.30/bin/bin/../../lib/gcc/pic32mx/4.8.3/../../../../pic32mx/lib\libmchp_peripheral_32MX440F256H.a(int_enable_interrupts_lib.o)
 .debug_aranges
                0x00000568       0x40 C:\Users\kyrk\AppData\Local\Temp\ccelId6e.o
 .debug_aranges
                0x000005a8       0x20 c:/program files (x86)/microchip/xc32/v2.30/bin/bin/../../lib/gcc/pic32mx/4.8.3\libgcc.a(_udivdi3.o)
 .debug_aranges
                0x000005c8       0x20 c:/program files (x86)/microchip/xc32/v2.30/bin/bin/../../lib/gcc/pic32mx/4.8.3\libgcc.a(_umoddi3.o)
 .debug_aranges
                0x000005e8       0x20 c:/program files (x86)/microchip/xc32/v2.30/bin/bin/../../lib/gcc/pic32mx/4.8.3/../../../../pic32mx/lib\libpic32.a(default-bootstrap-exception-handler.o)
 .debug_aranges
                0x00000608       0x20 c:/program files (x86)/microchip/xc32/v2.30/bin/bin/../../lib/gcc/pic32mx/4.8.3/../../../../pic32mx/lib\libpic32.a(default-on-reset.o)
 .debug_aranges
                0x00000628       0x20 c:/program files (x86)/microchip/xc32/v2.30/bin/bin/../../lib/gcc/pic32mx/4.8.3/../../../../pic32mx/lib\libpic32.a(default-on-bootstrap.o)
 .debug_aranges
                0x00000648       0x20 c:/program files (x86)/microchip/xc32/v2.30/bin/bin/../../lib/gcc/pic32mx/4.8.3/../../../../pic32mx/lib\libpic32.a(default-general-exception-handler.o)
 .debug_aranges
                0x00000668       0x20 c:/program files (x86)/microchip/xc32/v2.30/bin/bin/../../lib/gcc/pic32mx/4.8.3/../../../../pic32mx/lib\libpic32.a(defaultinterrupt.o)
 .debug_aranges
                0x00000688       0x20 c:/program files (x86)/microchip/xc32/v2.30/bin/bin/../../lib/gcc/pic32mx/4.8.3/../../../../pic32mx/lib\libc.a(strncpy.o)
 .debug_aranges
                0x000006a8       0x20 c:/program files (x86)/microchip/xc32/v2.30/bin/bin/../../lib/gcc/pic32mx/4.8.3/../../../../pic32mx/lib\libc.a(sprintf_cdnopsuxX.eo)
 .debug_aranges
                0x000006c8       0x20 c:/program files (x86)/microchip/xc32/v2.30/bin/bin/../../lib/gcc/pic32mx/4.8.3/../../../../pic32mx/lib\libc.a(doprnt_cdnopsuxX.eo)
 .debug_aranges
                0x000006e8       0x20 c:/program files (x86)/microchip/xc32/v2.30/bin/bin/../../lib/gcc/pic32mx/4.8.3/../../../../pic32mx/lib\libc.a(_fputc_simple.o)
 .debug_aranges
                0x00000708       0x20 c:/program files (x86)/microchip/xc32/v2.30/bin/bin/../../lib/gcc/pic32mx/4.8.3/../../../../pic32mx/lib\libc.a(_flsbuf_simple.o)
 .debug_aranges
                0x00000728       0x20 c:/program files (x86)/microchip/xc32/v2.30/bin/bin/../../lib/gcc/pic32mx/4.8.3/../../../../pic32mx/lib\libpic32.a(write.o)
 .debug_aranges
                0x00000748       0x20 c:/program files (x86)/microchip/xc32/v2.30/bin/bin/../../lib/gcc/pic32mx/4.8.3/../../../../pic32mx/lib\libpic32.a(_mon_putc.o)

.debug_pubnames
 *(.debug_pubnames)

.debug_info     0x00000000    0x3e4b7
 *(.debug_info .gnu.linkonce.wi.*)
 .debug_info    0x00000000       0xe3 c:/program files (x86)/microchip/xc32/v2.30/bin/bin/../../lib/gcc/pic32mx/4.8.3/../../../../pic32mx/lib\software-debug-break.o
 .debug_info    0x000000e3     0x12e5 build/default/debug/_ext/1360937237/BootLoader.o
 .debug_info    0x000013c8     0x1b84 build/default/debug/_ext/1360937237/Framework.o
 .debug_info    0x00002f4c     0x124d build/default/debug/_ext/1360937237/NVMem.o
 .debug_info    0x00004199     0x2cb0 build/default/debug/_ext/1360937237/EthernetTasks.o
 .debug_info    0x00006e49     0x1684 build/default/debug/_ext/1360937237/Tick.o
 .debug_info    0x000084cd     0x1b88 build/default/debug/_ext/1360937237/stack_task.o
 .debug_info    0x0000a055     0x246f build/default/debug/_ext/1360937237/UDP.o
 .debug_info    0x0000c4c4     0x281f build/default/debug/_ext/1360937237/dhcp_client.o
 .debug_info    0x0000ece3     0x1b06 build/default/debug/_ext/1360937237/ARP.o
 .debug_info    0x000107e9     0x1988 build/default/debug/_ext/1360937237/Helpers.o
 .debug_info    0x00012171     0x2378 build/default/debug/_ext/1360937237/dns_client.o
 .debug_info    0x000144e9     0x1f7a build/default/debug/_ext/1360937237/nbns.o
 .debug_info    0x00016463     0x2bc8 build/default/debug/_ext/1360937237/drv_wifi_mac.o
 .debug_info    0x0001902b     0x1e37 build/default/debug/_ext/1360937237/drv_wifi_raw.o
 .debug_info    0x0001ae62     0x2b01 build/default/debug/_ext/1360937237/drv_wifi_com.o
 .debug_info    0x0001d963      0xeb9 build/default/debug/_ext/1360937237/Delay.o
 .debug_info    0x0001e81c     0x17e6 build/default/debug/_ext/1360937237/drv_wifi_eint.o
 .debug_info    0x00020002     0x21d3 build/default/debug/_ext/1360937237/drv_wifi_debug_strings.o
 .debug_info    0x000221d5     0x16a7 build/default/debug/_ext/1360937237/drv_wifi_spi.o
 .debug_info    0x0002387c     0x1abf build/default/debug/_ext/1360937237/drv_wifi_power_save.o
 .debug_info    0x0002533b     0x1c5d build/default/debug/_ext/1360937237/announce.o
 .debug_info    0x00026f98     0x1b6e build/default/debug/_ext/1360937237/drv_wifi_mgmt_msg.o
 .debug_info    0x00028b06     0x14ff build/default/debug/_ext/1360937237/drv_wifi_event_handler.o
 .debug_info    0x0002a005     0x13ee build/default/debug/_ext/1360937237/drv_wifi_config.o
 .debug_info    0x0002b3f3     0x28b3 build/default/debug/_ext/1360937237/drv_wifi_connection_algorithm.o
 .debug_info    0x0002dca6     0x1782 build/default/debug/_ext/1360937237/drv_wifi_connection_manager.o
 .debug_info    0x0002f428     0x1d16 build/default/debug/_ext/1360937237/drv_wifi_pbkdf2.o
 .debug_info    0x0003113e     0x1b0e build/default/debug/_ext/1360937237/drv_wifi_init.o
 .debug_info    0x00032c4c     0x237a build/default/debug/_ext/1360937237/drv_wifi_param_msg.o
 .debug_info    0x00034fc6     0x1abe build/default/debug/_ext/1360937237/IP.o
 .debug_info    0x00036a84     0x1586 build/default/debug/_ext/1360937237/icmp.o
 .debug_info    0x0003800a      0xeb2 build/default/debug/_ext/1360937237/tcp.o
 .debug_info    0x00038ebc     0x10b3 build/default/debug/_ext/1360937237/uart.o
 .debug_info    0x00039f6f     0x2600 build/default/debug/_ext/1360937237/drv_wifi_connection_profile.o
 .debug_info    0x0003c56f       0xa8 c:/program files (x86)/microchip/xc32/v2.30/bin/bin/../../lib/gcc/pic32mx/4.8.3/../../../../pic32mx/lib\libmchp_peripheral.a(read_core_timer_lib.o)
 .debug_info    0x0003c617       0xaa c:/program files (x86)/microchip/xc32/v2.30/bin/bin/../../lib/gcc/pic32mx/4.8.3/../../../../pic32mx/lib\libmchp_peripheral.a(write_core_timer_lib.o)
 .debug_info    0x0003c6c1       0xbe c:/program files (x86)/microchip/xc32/v2.30/bin/bin/../../lib/gcc/pic32mx/4.8.3/../../../../pic32mx/lib\libmchp_peripheral_32MX440F256H.a(pcache.o)
 .debug_info    0x0003c77f       0xb4 c:/program files (x86)/microchip/xc32/v2.30/bin/bin/../../lib/gcc/pic32mx/4.8.3/../../../../pic32mx/lib\libmchp_peripheral_32MX440F256H.a(int_disable_interrupts_lib.o)
 .debug_info    0x0003c833       0xb4 c:/program files (x86)/microchip/xc32/v2.30/bin/bin/../../lib/gcc/pic32mx/4.8.3/../../../../pic32mx/lib\libmchp_peripheral_32MX440F256H.a(int_restore_interrupts_lib.o)
 .debug_info    0x0003c8e7       0xba c:/program files (x86)/microchip/xc32/v2.30/bin/bin/../../lib/gcc/pic32mx/4.8.3/../../../../pic32mx/lib\libmchp_peripheral_32MX440F256H.a(int_enable_mv_int_lib.o)
 .debug_info    0x0003c9a1       0xbe c:/program files (x86)/microchip/xc32/v2.30/bin/bin/../../lib/gcc/pic32mx/4.8.3/../../../../pic32mx/lib\libmchp_peripheral_32MX440F256H.a(puts_uartx_lib_legacy.o)
 .debug_info    0x0003ca5f       0xb2 c:/program files (x86)/microchip/xc32/v2.30/bin/bin/../../lib/gcc/pic32mx/4.8.3/../../../../pic32mx/lib\libmchp_peripheral_32MX440F256H.a(int_enable_interrupts_lib.o)
 .debug_info    0x0003cb11       0xf0 C:\Users\kyrk\AppData\Local\Temp\ccelId6e.o
 .debug_info    0x0003cc01      0x74b c:/program files (x86)/microchip/xc32/v2.30/bin/bin/../../lib/gcc/pic32mx/4.8.3\libgcc.a(_udivdi3.o)
 .debug_info    0x0003d34c      0x788 c:/program files (x86)/microchip/xc32/v2.30/bin/bin/../../lib/gcc/pic32mx/4.8.3\libgcc.a(_umoddi3.o)
 .debug_info    0x0003dad4       0xf4 c:/program files (x86)/microchip/xc32/v2.30/bin/bin/../../lib/gcc/pic32mx/4.8.3/../../../../pic32mx/lib\libpic32.a(default-bootstrap-exception-handler.o)
 .debug_info    0x0003dbc8       0xcd c:/program files (x86)/microchip/xc32/v2.30/bin/bin/../../lib/gcc/pic32mx/4.8.3/../../../../pic32mx/lib\libpic32.a(default-on-reset.o)
 .debug_info    0x0003dc95       0xd5 c:/program files (x86)/microchip/xc32/v2.30/bin/bin/../../lib/gcc/pic32mx/4.8.3/../../../../pic32mx/lib\libpic32.a(default-on-bootstrap.o)
 .debug_info    0x0003dd6a       0xf0 c:/program files (x86)/microchip/xc32/v2.30/bin/bin/../../lib/gcc/pic32mx/4.8.3/../../../../pic32mx/lib\libpic32.a(default-general-exception-handler.o)
 .debug_info    0x0003de5a       0xe7 c:/program files (x86)/microchip/xc32/v2.30/bin/bin/../../lib/gcc/pic32mx/4.8.3/../../../../pic32mx/lib\libpic32.a(defaultinterrupt.o)
 .debug_info    0x0003df41       0xc6 c:/program files (x86)/microchip/xc32/v2.30/bin/bin/../../lib/gcc/pic32mx/4.8.3/../../../../pic32mx/lib\libc.a(strncpy.o)
 .debug_info    0x0003e007       0xd1 c:/program files (x86)/microchip/xc32/v2.30/bin/bin/../../lib/gcc/pic32mx/4.8.3/../../../../pic32mx/lib\libc.a(sprintf_cdnopsuxX.eo)
 .debug_info    0x0003e0d8       0xd2 c:/program files (x86)/microchip/xc32/v2.30/bin/bin/../../lib/gcc/pic32mx/4.8.3/../../../../pic32mx/lib\libc.a(doprnt_cdnopsuxX.eo)
 .debug_info    0x0003e1aa       0xc2 c:/program files (x86)/microchip/xc32/v2.30/bin/bin/../../lib/gcc/pic32mx/4.8.3/../../../../pic32mx/lib\libc.a(_fputc_simple.o)
 .debug_info    0x0003e26c       0xc5 c:/program files (x86)/microchip/xc32/v2.30/bin/bin/../../lib/gcc/pic32mx/4.8.3/../../../../pic32mx/lib\libc.a(_flsbuf_simple.o)
 .debug_info    0x0003e331       0xbf c:/program files (x86)/microchip/xc32/v2.30/bin/bin/../../lib/gcc/pic32mx/4.8.3/../../../../pic32mx/lib\libpic32.a(write.o)
 .debug_info    0x0003e3f0       0xc7 c:/program files (x86)/microchip/xc32/v2.30/bin/bin/../../lib/gcc/pic32mx/4.8.3/../../../../pic32mx/lib\libpic32.a(_mon_putc.o)

.debug_abbrev   0x00000000     0x66e8
 *(.debug_abbrev)
 .debug_abbrev  0x00000000       0x28 c:/program files (x86)/microchip/xc32/v2.30/bin/bin/../../lib/gcc/pic32mx/4.8.3/../../../../pic32mx/lib\software-debug-break.o
 .debug_abbrev  0x00000028      0x37b build/default/debug/_ext/1360937237/BootLoader.o
 .debug_abbrev  0x000003a3      0x300 build/default/debug/_ext/1360937237/Framework.o
 .debug_abbrev  0x000006a3      0x332 build/default/debug/_ext/1360937237/NVMem.o
 .debug_abbrev  0x000009d5      0x31f build/default/debug/_ext/1360937237/EthernetTasks.o
 .debug_abbrev  0x00000cf4      0x21c build/default/debug/_ext/1360937237/Tick.o
 .debug_abbrev  0x00000f10      0x280 build/default/debug/_ext/1360937237/stack_task.o
 .debug_abbrev  0x00001190      0x3fc build/default/debug/_ext/1360937237/UDP.o
 .debug_abbrev  0x0000158c      0x33e build/default/debug/_ext/1360937237/dhcp_client.o
 .debug_abbrev  0x000018ca      0x2fa build/default/debug/_ext/1360937237/ARP.o
 .debug_abbrev  0x00001bc4      0x2d2 build/default/debug/_ext/1360937237/Helpers.o
 .debug_abbrev  0x00001e96      0x2dc build/default/debug/_ext/1360937237/dns_client.o
 .debug_abbrev  0x00002172      0x2d4 build/default/debug/_ext/1360937237/nbns.o
 .debug_abbrev  0x00002446      0x471 build/default/debug/_ext/1360937237/drv_wifi_mac.o
 .debug_abbrev  0x000028b7      0x458 build/default/debug/_ext/1360937237/drv_wifi_raw.o
 .debug_abbrev  0x00002d0f      0x3d1 build/default/debug/_ext/1360937237/drv_wifi_com.o
 .debug_abbrev  0x000030e0      0x187 build/default/debug/_ext/1360937237/Delay.o
 .debug_abbrev  0x00003267      0x184 build/default/debug/_ext/1360937237/drv_wifi_eint.o
 .debug_abbrev  0x000033eb      0x309 build/default/debug/_ext/1360937237/drv_wifi_debug_strings.o
 .debug_abbrev  0x000036f4      0x23f build/default/debug/_ext/1360937237/drv_wifi_spi.o
 .debug_abbrev  0x00003933      0x3fc build/default/debug/_ext/1360937237/drv_wifi_power_save.o
 .debug_abbrev  0x00003d2f      0x287 build/default/debug/_ext/1360937237/announce.o
 .debug_abbrev  0x00003fb6      0x329 build/default/debug/_ext/1360937237/drv_wifi_mgmt_msg.o
 .debug_abbrev  0x000042df      0x2b3 build/default/debug/_ext/1360937237/drv_wifi_event_handler.o
 .debug_abbrev  0x00004592      0x237 build/default/debug/_ext/1360937237/drv_wifi_config.o
 .debug_abbrev  0x000047c9      0x3b6 build/default/debug/_ext/1360937237/drv_wifi_connection_algorithm.o
 .debug_abbrev  0x00004b7f      0x312 build/default/debug/_ext/1360937237/drv_wifi_connection_manager.o
 .debug_abbrev  0x00004e91      0x347 build/default/debug/_ext/1360937237/drv_wifi_pbkdf2.o
 .debug_abbrev  0x000051d8      0x249 build/default/debug/_ext/1360937237/drv_wifi_init.o
 .debug_abbrev  0x00005421      0x2c2 build/default/debug/_ext/1360937237/drv_wifi_param_msg.o
 .debug_abbrev  0x000056e3      0x26c build/default/debug/_ext/1360937237/IP.o
 .debug_abbrev  0x0000594f      0x1f6 build/default/debug/_ext/1360937237/icmp.o
 .debug_abbrev  0x00005b45      0x141 build/default/debug/_ext/1360937237/tcp.o
 .debug_abbrev  0x00005c86      0x156 build/default/debug/_ext/1360937237/uart.o
 .debug_abbrev  0x00005ddc      0x35b build/default/debug/_ext/1360937237/drv_wifi_connection_profile.o
 .debug_abbrev  0x00006137       0x28 c:/program files (x86)/microchip/xc32/v2.30/bin/bin/../../lib/gcc/pic32mx/4.8.3/../../../../pic32mx/lib\libmchp_peripheral.a(read_core_timer_lib.o)
 .debug_abbrev  0x0000615f       0x28 c:/program files (x86)/microchip/xc32/v2.30/bin/bin/../../lib/gcc/pic32mx/4.8.3/../../../../pic32mx/lib\libmchp_peripheral.a(write_core_timer_lib.o)
 .debug_abbrev  0x00006187       0x28 c:/program files (x86)/microchip/xc32/v2.30/bin/bin/../../lib/gcc/pic32mx/4.8.3/../../../../pic32mx/lib\libmchp_peripheral_32MX440F256H.a(pcache.o)
 .debug_abbrev  0x000061af       0x28 c:/program files (x86)/microchip/xc32/v2.30/bin/bin/../../lib/gcc/pic32mx/4.8.3/../../../../pic32mx/lib\libmchp_peripheral_32MX440F256H.a(int_disable_interrupts_lib.o)
 .debug_abbrev  0x000061d7       0x28 c:/program files (x86)/microchip/xc32/v2.30/bin/bin/../../lib/gcc/pic32mx/4.8.3/../../../../pic32mx/lib\libmchp_peripheral_32MX440F256H.a(int_restore_interrupts_lib.o)
 .debug_abbrev  0x000061ff       0x28 c:/program files (x86)/microchip/xc32/v2.30/bin/bin/../../lib/gcc/pic32mx/4.8.3/../../../../pic32mx/lib\libmchp_peripheral_32MX440F256H.a(int_enable_mv_int_lib.o)
 .debug_abbrev  0x00006227       0x28 c:/program files (x86)/microchip/xc32/v2.30/bin/bin/../../lib/gcc/pic32mx/4.8.3/../../../../pic32mx/lib\libmchp_peripheral_32MX440F256H.a(puts_uartx_lib_legacy.o)
 .debug_abbrev  0x0000624f       0x28 c:/program files (x86)/microchip/xc32/v2.30/bin/bin/../../lib/gcc/pic32mx/4.8.3/../../../../pic32mx/lib\libmchp_peripheral_32MX440F256H.a(int_enable_interrupts_lib.o)
 .debug_abbrev  0x00006277       0x12 C:\Users\kyrk\AppData\Local\Temp\ccelId6e.o
 .debug_abbrev  0x00006289      0x138 c:/program files (x86)/microchip/xc32/v2.30/bin/bin/../../lib/gcc/pic32mx/4.8.3\libgcc.a(_udivdi3.o)
 .debug_abbrev  0x000063c1      0x147 c:/program files (x86)/microchip/xc32/v2.30/bin/bin/../../lib/gcc/pic32mx/4.8.3\libgcc.a(_umoddi3.o)
 .debug_abbrev  0x00006508       0x28 c:/program files (x86)/microchip/xc32/v2.30/bin/bin/../../lib/gcc/pic32mx/4.8.3/../../../../pic32mx/lib\libpic32.a(default-bootstrap-exception-handler.o)
 .debug_abbrev  0x00006530       0x28 c:/program files (x86)/microchip/xc32/v2.30/bin/bin/../../lib/gcc/pic32mx/4.8.3/../../../../pic32mx/lib\libpic32.a(default-on-reset.o)
 .debug_abbrev  0x00006558       0x28 c:/program files (x86)/microchip/xc32/v2.30/bin/bin/../../lib/gcc/pic32mx/4.8.3/../../../../pic32mx/lib\libpic32.a(default-on-bootstrap.o)
 .debug_abbrev  0x00006580       0x28 c:/program files (x86)/microchip/xc32/v2.30/bin/bin/../../lib/gcc/pic32mx/4.8.3/../../../../pic32mx/lib\libpic32.a(default-general-exception-handler.o)
 .debug_abbrev  0x000065a8       0x28 c:/program files (x86)/microchip/xc32/v2.30/bin/bin/../../lib/gcc/pic32mx/4.8.3/../../../../pic32mx/lib\libpic32.a(defaultinterrupt.o)
 .debug_abbrev  0x000065d0       0x28 c:/program files (x86)/microchip/xc32/v2.30/bin/bin/../../lib/gcc/pic32mx/4.8.3/../../../../pic32mx/lib\libc.a(strncpy.o)
 .debug_abbrev  0x000065f8       0x28 c:/program files (x86)/microchip/xc32/v2.30/bin/bin/../../lib/gcc/pic32mx/4.8.3/../../../../pic32mx/lib\libc.a(sprintf_cdnopsuxX.eo)
 .debug_abbrev  0x00006620       0x28 c:/program files (x86)/microchip/xc32/v2.30/bin/bin/../../lib/gcc/pic32mx/4.8.3/../../../../pic32mx/lib\libc.a(doprnt_cdnopsuxX.eo)
 .debug_abbrev  0x00006648       0x28 c:/program files (x86)/microchip/xc32/v2.30/bin/bin/../../lib/gcc/pic32mx/4.8.3/../../../../pic32mx/lib\libc.a(_fputc_simple.o)
 .debug_abbrev  0x00006670       0x28 c:/program files (x86)/microchip/xc32/v2.30/bin/bin/../../lib/gcc/pic32mx/4.8.3/../../../../pic32mx/lib\libc.a(_flsbuf_simple.o)
 .debug_abbrev  0x00006698       0x28 c:/program files (x86)/microchip/xc32/v2.30/bin/bin/../../lib/gcc/pic32mx/4.8.3/../../../../pic32mx/lib\libpic32.a(write.o)
 .debug_abbrev  0x000066c0       0x28 c:/program files (x86)/microchip/xc32/v2.30/bin/bin/../../lib/gcc/pic32mx/4.8.3/../../../../pic32mx/lib\libpic32.a(_mon_putc.o)

.debug_line     0x00000000     0x7182
 *(.debug_line)
 .debug_line    0x00000000       0x99 c:/program files (x86)/microchip/xc32/v2.30/bin/bin/../../lib/gcc/pic32mx/4.8.3/../../../../pic32mx/lib\software-debug-break.o
 .debug_line    0x00000099      0x2a5 build/default/debug/_ext/1360937237/BootLoader.o
 .debug_line    0x0000033e      0x319 build/default/debug/_ext/1360937237/Framework.o
 .debug_line    0x00000657      0x292 build/default/debug/_ext/1360937237/NVMem.o
 .debug_line    0x000008e9      0x3da build/default/debug/_ext/1360937237/EthernetTasks.o
 .debug_line    0x00000cc3      0x271 build/default/debug/_ext/1360937237/Tick.o
 .debug_line    0x00000f34      0x327 build/default/debug/_ext/1360937237/stack_task.o
 .debug_line    0x0000125b      0x3a9 build/default/debug/_ext/1360937237/UDP.o
 .debug_line    0x00001604      0x436 build/default/debug/_ext/1360937237/dhcp_client.o
 .debug_line    0x00001a3a      0x2cb build/default/debug/_ext/1360937237/ARP.o
 .debug_line    0x00001d05      0x32e build/default/debug/_ext/1360937237/Helpers.o
 .debug_line    0x00002033      0x369 build/default/debug/_ext/1360937237/dns_client.o
 .debug_line    0x0000239c      0x2c5 build/default/debug/_ext/1360937237/nbns.o
 .debug_line    0x00002661      0x4a4 build/default/debug/_ext/1360937237/drv_wifi_mac.o
 .debug_line    0x00002b05      0x322 build/default/debug/_ext/1360937237/drv_wifi_raw.o
 .debug_line    0x00002e27      0x38a build/default/debug/_ext/1360937237/drv_wifi_com.o
 .debug_line    0x000031b1      0x1d3 build/default/debug/_ext/1360937237/Delay.o
 .debug_line    0x00003384      0x255 build/default/debug/_ext/1360937237/drv_wifi_eint.o
 .debug_line    0x000035d9      0x353 build/default/debug/_ext/1360937237/drv_wifi_debug_strings.o
 .debug_line    0x0000392c      0x268 build/default/debug/_ext/1360937237/drv_wifi_spi.o
 .debug_line    0x00003b94      0x2c3 build/default/debug/_ext/1360937237/drv_wifi_power_save.o
 .debug_line    0x00003e57      0x2a8 build/default/debug/_ext/1360937237/announce.o
 .debug_line    0x000040ff      0x330 build/default/debug/_ext/1360937237/drv_wifi_mgmt_msg.o
 .debug_line    0x0000442f      0x2b7 build/default/debug/_ext/1360937237/drv_wifi_event_handler.o
 .debug_line    0x000046e6      0x2de build/default/debug/_ext/1360937237/drv_wifi_config.o
 .debug_line    0x000049c4      0x35b build/default/debug/_ext/1360937237/drv_wifi_connection_algorithm.o
 .debug_line    0x00004d1f      0x2a4 build/default/debug/_ext/1360937237/drv_wifi_connection_manager.o
 .debug_line    0x00004fc3      0x336 build/default/debug/_ext/1360937237/drv_wifi_pbkdf2.o
 .debug_line    0x000052f9      0x2b7 build/default/debug/_ext/1360937237/drv_wifi_init.o
 .debug_line    0x000055b0      0x2d3 build/default/debug/_ext/1360937237/drv_wifi_param_msg.o
 .debug_line    0x00005883      0x28f build/default/debug/_ext/1360937237/IP.o
 .debug_line    0x00005b12      0x252 build/default/debug/_ext/1360937237/icmp.o
 .debug_line    0x00005d64      0x1bd build/default/debug/_ext/1360937237/tcp.o
 .debug_line    0x00005f21      0x1d1 build/default/debug/_ext/1360937237/uart.o
 .debug_line    0x000060f2      0x32d build/default/debug/_ext/1360937237/drv_wifi_connection_profile.o
 .debug_line    0x0000641f       0x6b c:/program files (x86)/microchip/xc32/v2.30/bin/bin/../../lib/gcc/pic32mx/4.8.3/../../../../pic32mx/lib\libmchp_peripheral.a(read_core_timer_lib.o)
 .debug_line    0x0000648a       0x6c c:/program files (x86)/microchip/xc32/v2.30/bin/bin/../../lib/gcc/pic32mx/4.8.3/../../../../pic32mx/lib\libmchp_peripheral.a(write_core_timer_lib.o)
 .debug_line    0x000064f6       0x5f c:/program files (x86)/microchip/xc32/v2.30/bin/bin/../../lib/gcc/pic32mx/4.8.3/../../../../pic32mx/lib\libmchp_peripheral_32MX440F256H.a(pcache.o)
 .debug_line    0x00006555       0x70 c:/program files (x86)/microchip/xc32/v2.30/bin/bin/../../lib/gcc/pic32mx/4.8.3/../../../../pic32mx/lib\libmchp_peripheral_32MX440F256H.a(int_disable_interrupts_lib.o)
 .debug_line    0x000065c5       0x70 c:/program files (x86)/microchip/xc32/v2.30/bin/bin/../../lib/gcc/pic32mx/4.8.3/../../../../pic32mx/lib\libmchp_peripheral_32MX440F256H.a(int_restore_interrupts_lib.o)
 .debug_line    0x00006635       0x6b c:/program files (x86)/microchip/xc32/v2.30/bin/bin/../../lib/gcc/pic32mx/4.8.3/../../../../pic32mx/lib\libmchp_peripheral_32MX440F256H.a(int_enable_mv_int_lib.o)
 .debug_line    0x000066a0       0x6c c:/program files (x86)/microchip/xc32/v2.30/bin/bin/../../lib/gcc/pic32mx/4.8.3/../../../../pic32mx/lib\libmchp_peripheral_32MX440F256H.a(puts_uartx_lib_legacy.o)
 .debug_line    0x0000670c       0x6f c:/program files (x86)/microchip/xc32/v2.30/bin/bin/../../lib/gcc/pic32mx/4.8.3/../../../../pic32mx/lib\libmchp_peripheral_32MX440F256H.a(int_enable_interrupts_lib.o)
 .debug_line    0x0000677b      0x163 C:\Users\kyrk\AppData\Local\Temp\ccelId6e.o
 .debug_line    0x000068de       0xf7 c:/program files (x86)/microchip/xc32/v2.30/bin/bin/../../lib/gcc/pic32mx/4.8.3\libgcc.a(_udivdi3.o)
 .debug_line    0x000069d5      0x109 c:/program files (x86)/microchip/xc32/v2.30/bin/bin/../../lib/gcc/pic32mx/4.8.3\libgcc.a(_umoddi3.o)
 .debug_line    0x00006ade       0xa6 c:/program files (x86)/microchip/xc32/v2.30/bin/bin/../../lib/gcc/pic32mx/4.8.3/../../../../pic32mx/lib\libpic32.a(default-bootstrap-exception-handler.o)
 .debug_line    0x00006b84       0x93 c:/program files (x86)/microchip/xc32/v2.30/bin/bin/../../lib/gcc/pic32mx/4.8.3/../../../../pic32mx/lib\libpic32.a(default-on-reset.o)
 .debug_line    0x00006c17       0x97 c:/program files (x86)/microchip/xc32/v2.30/bin/bin/../../lib/gcc/pic32mx/4.8.3/../../../../pic32mx/lib\libpic32.a(default-on-bootstrap.o)
 .debug_line    0x00006cae       0xa4 c:/program files (x86)/microchip/xc32/v2.30/bin/bin/../../lib/gcc/pic32mx/4.8.3/../../../../pic32mx/lib\libpic32.a(default-general-exception-handler.o)
 .debug_line    0x00006d52       0xa5 c:/program files (x86)/microchip/xc32/v2.30/bin/bin/../../lib/gcc/pic32mx/4.8.3/../../../../pic32mx/lib\libpic32.a(defaultinterrupt.o)
 .debug_line    0x00006df7       0x7f c:/program files (x86)/microchip/xc32/v2.30/bin/bin/../../lib/gcc/pic32mx/4.8.3/../../../../pic32mx/lib\libc.a(strncpy.o)
 .debug_line    0x00006e76       0x7f c:/program files (x86)/microchip/xc32/v2.30/bin/bin/../../lib/gcc/pic32mx/4.8.3/../../../../pic32mx/lib\libc.a(sprintf_cdnopsuxX.eo)
 .debug_line    0x00006ef5       0x7e c:/program files (x86)/microchip/xc32/v2.30/bin/bin/../../lib/gcc/pic32mx/4.8.3/../../../../pic32mx/lib\libc.a(doprnt_cdnopsuxX.eo)
 .debug_line    0x00006f73       0x7d c:/program files (x86)/microchip/xc32/v2.30/bin/bin/../../lib/gcc/pic32mx/4.8.3/../../../../pic32mx/lib\libc.a(_fputc_simple.o)
 .debug_line    0x00006ff0        0x0 c:/program files (x86)/microchip/xc32/v2.30/bin/bin/../../lib/gcc/pic32mx/4.8.3/../../../../pic32mx/lib\libc.a(ctype.o)
 .debug_line    0x00006ff0        0x0 c:/program files (x86)/microchip/xc32/v2.30/bin/bin/../../lib/gcc/pic32mx/4.8.3/../../../../pic32mx/lib\libc.a(_iob.o)
 .debug_line    0x00006ff0       0x7e c:/program files (x86)/microchip/xc32/v2.30/bin/bin/../../lib/gcc/pic32mx/4.8.3/../../../../pic32mx/lib\libc.a(_flsbuf_simple.o)
 .debug_line    0x0000706e       0x88 c:/program files (x86)/microchip/xc32/v2.30/bin/bin/../../lib/gcc/pic32mx/4.8.3/../../../../pic32mx/lib\libpic32.a(write.o)
 .debug_line    0x000070f6       0x8c c:/program files (x86)/microchip/xc32/v2.30/bin/bin/../../lib/gcc/pic32mx/4.8.3/../../../../pic32mx/lib\libpic32.a(_mon_putc.o)
 .debug_line    0x00007182        0x0 c:/program files (x86)/microchip/xc32/v2.30/bin/bin/../../lib/gcc/pic32mx/4.8.3/../../../../pic32mx/lib\libpic32.a(xc32_uart.o)

.debug_frame    0x00000000     0x2408
 *(.debug_frame)
 .debug_frame   0x00000000       0x20 c:/program files (x86)/microchip/xc32/v2.30/bin/bin/../../lib/gcc/pic32mx/4.8.3/../../../../pic32mx/lib\software-debug-break.o
 .debug_frame   0x00000020       0x60 build/default/debug/_ext/1360937237/BootLoader.o
 .debug_frame   0x00000080       0xf8 build/default/debug/_ext/1360937237/Framework.o
 .debug_frame   0x00000178       0x94 build/default/debug/_ext/1360937237/NVMem.o
 .debug_frame   0x0000020c       0xac build/default/debug/_ext/1360937237/EthernetTasks.o
 .debug_frame   0x000002b8       0xc8 build/default/debug/_ext/1360937237/Tick.o
 .debug_frame   0x00000380       0x84 build/default/debug/_ext/1360937237/stack_task.o
 .debug_frame   0x00000404      0x1f4 build/default/debug/_ext/1360937237/UDP.o
 .debug_frame   0x000005f8      0x114 build/default/debug/_ext/1360937237/dhcp_client.o
 .debug_frame   0x0000070c       0xcc build/default/debug/_ext/1360937237/ARP.o
 .debug_frame   0x000007d8      0x140 build/default/debug/_ext/1360937237/Helpers.o
 .debug_frame   0x00000918       0xdc build/default/debug/_ext/1360937237/dns_client.o
 .debug_frame   0x000009f4       0x4c build/default/debug/_ext/1360937237/nbns.o
 .debug_frame   0x00000a40      0x324 build/default/debug/_ext/1360937237/drv_wifi_mac.o
 .debug_frame   0x00000d64      0x214 build/default/debug/_ext/1360937237/drv_wifi_raw.o
 .debug_frame   0x00000f78      0x194 build/default/debug/_ext/1360937237/drv_wifi_com.o
 .debug_frame   0x0000110c       0x44 build/default/debug/_ext/1360937237/Delay.o
 .debug_frame   0x00001150       0xb8 build/default/debug/_ext/1360937237/drv_wifi_eint.o
 .debug_frame   0x00001208       0x8c build/default/debug/_ext/1360937237/drv_wifi_debug_strings.o
 .debug_frame   0x00001294       0x64 build/default/debug/_ext/1360937237/drv_wifi_spi.o
 .debug_frame   0x000012f8      0x13c build/default/debug/_ext/1360937237/drv_wifi_power_save.o
 .debug_frame   0x00001434       0x68 build/default/debug/_ext/1360937237/announce.o
 .debug_frame   0x0000149c       0x98 build/default/debug/_ext/1360937237/drv_wifi_mgmt_msg.o
 .debug_frame   0x00001534       0x30 build/default/debug/_ext/1360937237/drv_wifi_event_handler.o
 .debug_frame   0x00001564       0x34 build/default/debug/_ext/1360937237/drv_wifi_config.o
 .debug_frame   0x00001598      0x360 build/default/debug/_ext/1360937237/drv_wifi_connection_algorithm.o
 .debug_frame   0x000018f8       0xc8 build/default/debug/_ext/1360937237/drv_wifi_connection_manager.o
 .debug_frame   0x000019c0      0x160 build/default/debug/_ext/1360937237/drv_wifi_pbkdf2.o
 .debug_frame   0x00001b20       0x2c build/default/debug/_ext/1360937237/drv_wifi_init.o
 .debug_frame   0x00001b4c      0x1c8 build/default/debug/_ext/1360937237/drv_wifi_param_msg.o
 .debug_frame   0x00001d14       0x84 build/default/debug/_ext/1360937237/IP.o
 .debug_frame   0x00001d98       0x30 build/default/debug/_ext/1360937237/icmp.o
 .debug_frame   0x00001dc8       0x20 build/default/debug/_ext/1360937237/uart.o
 .debug_frame   0x00001de8      0x2a0 build/default/debug/_ext/1360937237/drv_wifi_connection_profile.o
 .debug_frame   0x00002088       0x20 c:/program files (x86)/microchip/xc32/v2.30/bin/bin/../../lib/gcc/pic32mx/4.8.3/../../../../pic32mx/lib\libmchp_peripheral.a(read_core_timer_lib.o)
 .debug_frame   0x000020a8       0x20 c:/program files (x86)/microchip/xc32/v2.30/bin/bin/../../lib/gcc/pic32mx/4.8.3/../../../../pic32mx/lib\libmchp_peripheral.a(write_core_timer_lib.o)
 .debug_frame   0x000020c8       0x30 c:/program files (x86)/microchip/xc32/v2.30/bin/bin/../../lib/gcc/pic32mx/4.8.3/../../../../pic32mx/lib\libmchp_peripheral_32MX440F256H.a(pcache.o)