Archive member included because of file (symbol)

c:/program files (x86)/microchip/xc32/v2.30/bin/bin/../../lib/gcc/pic32mx/4.8.3/../../../../pic32mx/lib\libmchp_peripheral.a(read_core_timer_lib.o)
                              build/default/production/_ext/1360937237/NVMem.o (ReadCoreTimer)
c:/program files (x86)/microchip/xc32/v2.30/bin/bin/../../lib/gcc/pic32mx/4.8.3/../../../../pic32mx/lib\libmchp_peripheral.a(write_core_timer_lib.o)
                              build/default/production/_ext/1360937237/NVMem.o (WriteCoreTimer)
c:/program files (x86)/microchip/xc32/v2.30/bin/bin/../../lib/gcc/pic32mx/4.8.3/../../../../pic32mx/lib\libmchp_peripheral_32MX440F256H.a(pcache.o)
                              build/default/production/_ext/1360937237/BootLoader.o (CheKseg0CacheOn)
c:/program files (x86)/microchip/xc32/v2.30/bin/bin/../../lib/gcc/pic32mx/4.8.3/../../../../pic32mx/lib\libmchp_peripheral_32MX440F256H.a(int_disable_interrupts_lib.o)
                              build/default/production/_ext/1360937237/BootLoader.o (INTDisableInterrupts)
c:/program files (x86)/microchip/xc32/v2.30/bin/bin/../../lib/gcc/pic32mx/4.8.3/../../../../pic32mx/lib\libmchp_peripheral_32MX440F256H.a(int_restore_interrupts_lib.o)
                              build/default/production/_ext/1360937237/BootLoader.o (INTRestoreInterrupts)
c:/program files (x86)/microchip/xc32/v2.30/bin/bin/../../lib/gcc/pic32mx/4.8.3/../../../../pic32mx/lib\libmchp_peripheral_32MX440F256H.a(int_enable_mv_int_lib.o)
                              build/default/production/_ext/1360937237/EthernetTasks.o (INTEnableSystemMultiVectoredInt)
c:/program files (x86)/microchip/xc32/v2.30/bin/bin/../../lib/gcc/pic32mx/4.8.3/../../../../pic32mx/lib\libmchp_peripheral_32MX440F256H.a(puts_uartx_lib_legacy.o)
                              build/default/production/_ext/1360937237/EthernetTasks.o (putsUART1)
c:/program files (x86)/microchip/xc32/v2.30/bin/bin/../../lib/gcc/pic32mx/4.8.3/../../../../pic32mx/lib\libmchp_peripheral_32MX440F256H.a(int_enable_interrupts_lib.o)
                              c:/program files (x86)/microchip/xc32/v2.30/bin/bin/../../lib/gcc/pic32mx/4.8.3/../../../../pic32mx/lib\libmchp_peripheral_32MX440F256H.a(int_enable_mv_int_lib.o) (INTEnableInterrupts)
c:/program files (x86)/microchip/xc32/v2.30/bin/bin/../../lib/gcc/pic32mx/4.8.3\libgcc.a(_udivdi3.o)
                              build/default/production/_ext/1360937237/Tick.o (__udivdi3)
c:/program files (x86)/microchip/xc32/v2.30/bin/bin/../../lib/gcc/pic32mx/4.8.3\libgcc.a(_umoddi3.o)
                              build/default/production/_ext/1360937237/dhcp_client.o (__umoddi3)
c:/program files (x86)/microchip/xc32/v2.30/bin/bin/../../lib/gcc/pic32mx/4.8.3/../../../../pic32mx/lib\libpic32.a(memcmp.o)
                              build/default/production/_ext/1360937237/stack_task.o (memcmp)
c:/program files (x86)/microchip/xc32/v2.30/bin/bin/../../lib/gcc/pic32mx/4.8.3/../../../../pic32mx/lib\libpic32.a(memcpy.o)
                              build/default/production/_ext/659867239/rtc.o (memcpy)
c:/program files (x86)/microchip/xc32/v2.30/bin/bin/../../lib/gcc/pic32mx/4.8.3/../../../../pic32mx/lib\libpic32.a(memset.o)
                              build/default/production/_ext/1360937237/EthernetTasks.o (memset)
c:/program files (x86)/microchip/xc32/v2.30/bin/bin/../../lib/gcc/pic32mx/4.8.3/../../../../pic32mx/lib\libpic32.a(strcpy.o)
                              build/default/production/_ext/1360937237/drv_wifi_debug_strings.o (strcpy)
c:/program files (x86)/microchip/xc32/v2.30/bin/bin/../../lib/gcc/pic32mx/4.8.3/../../../../pic32mx/lib\libpic32.a(strlen.o)
                              build/default/production/_ext/1360937237/UDP.o (strlen)
c:/program files (x86)/microchip/xc32/v2.30/bin/bin/../../lib/gcc/pic32mx/4.8.3/../../../../pic32mx/lib\libpic32.a(default-bootstrap-exception-handler.o)
                              C:\Users\kyrk\AppData\Local\Temp\cciFSByj.o (_bootstrap_exception_handler)
c:/program files (x86)/microchip/xc32/v2.30/bin/bin/../../lib/gcc/pic32mx/4.8.3/../../../../pic32mx/lib\libpic32.a(default-on-reset.o)
                              C:\Users\kyrk\AppData\Local\Temp\cciFSByj.o (_on_reset)
c:/program files (x86)/microchip/xc32/v2.30/bin/bin/../../lib/gcc/pic32mx/4.8.3/../../../../pic32mx/lib\libpic32.a(default-on-bootstrap.o)
                              C:\Users\kyrk\AppData\Local\Temp\cciFSByj.o (_on_bootstrap)
c:/program files (x86)/microchip/xc32/v2.30/bin/bin/../../lib/gcc/pic32mx/4.8.3/../../../../pic32mx/lib\libpic32.a(default-nmi-handler.o)
                              C:\Users\kyrk\AppData\Local\Temp\cciFSByj.o (_nmi_handler)
c:/program files (x86)/microchip/xc32/v2.30/bin/bin/../../lib/gcc/pic32mx/4.8.3/../../../../pic32mx/lib\libpic32.a(pic32_data_init.o)
                              C:\Users\kyrk\AppData\Local\Temp\cciFSByj.o (__pic32_data_init)
[...]
Memory Configuration

Name             Origin             Length             Attributes
kseg0_program_mem 0x9d000000         0x00010000         xr
kseg0_boot_mem   0x9fc00490         0x00000000
exception_mem    0x9fc01000         0x00001000
kseg1_boot_mem   0xbfc00000         0x00000490
debug_exec_mem   0xbfc02000         0x00000ff0
config3          0xbfc02ff0         0x00000004
config2          0xbfc02ff4         0x00000004
config1          0xbfc02ff8         0x00000004
config0          0xbfc02ffc         0x00000004
kseg1_data_mem   0xa0000000         0x00008000         w !x
sfrs             0xbf800000         0x00100000
configsfrs       0xbfc02ff0         0x00000010
*default*        0x00000000         0xffffffff

Linker script and memory map

LOAD c:/program files (x86)/microchip/xc32/v2.30/bin/bin/../../lib/gcc/pic32mx/4.8.3/../../../../pic32mx/lib\debug-exception-return.o
LOAD build/default/production/_ext/659867239/daylight.o
LOAD build/default/production/_ext/659867239/rtc.o
LOAD build/default/production/_ext/659867239/rtcconverter.o
LOAD build/default/production/_ext/1360937237/BootLoader.o
LOAD build/default/production/_ext/1360937237/Framework.o
LOAD build/default/production/_ext/1360937237/NVMem.o
LOAD build/default/production/_ext/1360937237/EthernetTasks.o
LOAD build/default/production/_ext/1360937237/Tick.o
LOAD build/default/production/_ext/1360937237/stack_task.o
LOAD build/default/production/_ext/1360937237/UDP.o
LOAD build/default/production/_ext/1360937237/dhcp_client.o
LOAD build/default/production/_ext/1360937237/ARP.o
LOAD build/default/production/_ext/1360937237/Helpers.o
LOAD build/default/production/_ext/1360937237/dns_client.o
LOAD build/default/production/_ext/1360937237/nbns.o
LOAD build/default/production/_ext/1360937237/drv_wifi_mac.o
LOAD build/default/production/_ext/1360937237/drv_wifi_raw.o
LOAD build/default/production/_ext/1360937237/drv_wifi_com.o
LOAD build/default/production/_ext/1360937237/Delay.o
LOAD build/default/production/_ext/1360937237/drv_wifi_eint.o
LOAD build/default/production/_ext/1360937237/drv_wifi_debug_strings.o
LOAD build/default/production/_ext/1360937237/drv_wifi_spi.o
LOAD build/default/production/_ext/1360937237/drv_wifi_power_save.o
LOAD build/default/production/_ext/1360937237/announce.o
LOAD build/default/production/_ext/1360937237/drv_wifi_mgmt_msg.o
LOAD build/default/production/_ext/1360937237/drv_wifi_event_handler.o
LOAD build/default/production/_ext/1360937237/drv_wifi_config.o
LOAD build/default/production/_ext/1360937237/drv_wifi_connection_algorithm.o
LOAD build/default/production/_ext/1360937237/drv_wifi_connection_manager.o
LOAD build/default/production/_ext/1360937237/drv_wifi_pbkdf2.o
LOAD build/default/production/_ext/1360937237/drv_wifi_init.o
LOAD build/default/production/_ext/1360937237/drv_wifi_param_msg.o
LOAD build/default/production/_ext/1360937237/IP.o
LOAD build/default/production/_ext/1360937237/icmp.o
LOAD build/default/production/_ext/1360937237/tcp.o
LOAD build/default/production/_ext/1360937237/uart.o
LOAD build/default/production/_ext/1360937237/drv_wifi_connection_profile.o
LOAD build/default/production/_ext/252762716/sntp.o
LOAD build/default/production/_ext/252762716/ssl.o
LOAD build/default/production/_ext/252762716/random.o
LOAD build/default/production/_ext/252762716/hashes.o
LOAD build/default/production/_ext/252762716/rsa.o
LOAD build/default/production/_ext/252762716/big_int.o
LOAD build/default/production/_ext/1360937237/big_int_helper_pic32.o
LOAD build/default/production/_ext/252762716/custom_ssl_cert.o
LOAD build/default/production/_ext/252762716/arc4.o
LOAD build/default/production/_ext/1360937237/smtp.o
LOAD build/default/production/_ext/1360937237/smtp_demo.o
LOAD build/default/production/_ext/252762716/http2.o
LOAD build/default/production/_ext/252762716/mpfs2.o
LOAD build/default/production/_ext/252762716/custom_http_app.o
LOAD build/default/production/_ext/252762716/mpfs_img2.o
                0x00000001                __MPLAB_BUILD = 0x1
                0x00000400                PROVIDE (_min_stack_size, 0x400)
LOAD c:/program files (x86)/microchip/xc32/v2.30/bin/bin/../../lib/gcc/pic32mx/4.8.3/../../../../pic32mx/lib/./proc/32MX440F256H\processor.o
START GROUP
LOAD c:/program files (x86)/microchip/xc32/v2.30/bin/bin/../../lib/gcc/pic32mx/4.8.3/../../../../pic32mx/lib\libmchp_peripheral.a
END GROUP
START GROUP
LOAD c:/program files (x86)/microchip/xc32/v2.30/bin/bin/../../lib/gcc/pic32mx/4.8.3/../../../../pic32mx/lib\libmchp_peripheral_32MX440F256H.a
END GROUP
                0x00000001                PROVIDE (_vector_spacing, 0x1)
                0x9fc01000                _ebase_address = 0x9fc01000
                0xbfc00000                _RESET_ADDR = 0xbfc00000
                0xbfc00380                _BEV_EXCPT_ADDR = 0xbfc00380
                0xbfc00480                _DBG_EXCPT_ADDR = 0xbfc00480
                0xbfc02000                _DBG_CODE_ADDR = 0xbfc02000
                0x00000ff0                _DBG_CODE_SIZE = 0xff0
                0x9fc01180                _GEN_EXCPT_ADDR = (_ebase_address + 0x180)

.config_BFC02FF0
 *(.config_BFC02FF0)

.config_BFC02FF4
                0xbfc02ff4        0x4
 *(.config_BFC02FF4)
 .config_BFC02FF4
                0xbfc02ff4        0x4 build/default/production/_ext/1360937237/BootLoader.o

.config_BFC02FF8
                0xbfc02ff8        0x4
 *(.config_BFC02FF8)
 .config_BFC02FF8
                0xbfc02ff8        0x4 build/default/production/_ext/1360937237/BootLoader.o

.config_BFC02FFC
                0xbfc02ffc        0x4
 *(.config_BFC02FFC)
 .config_BFC02FFC
                0xbfc02ffc        0x4 build/default/production/_ext/1360937237/BootLoader.o
                0xbfc02000                PROVIDE (_DBG_CODE_ADDR, 0xbfc02000)
                0x00000ff0                PROVIDE (_DBG_CODE_SIZE, 0xff0)

.reset          0xbfc00000      0x19c
 *(.reset)
 .reset         0xbfc00000        0x8 C:\Users\kyrk\AppData\Local\Temp\cciFSByj.o
                0xbfc00000                _reset
 *(.reset.startup)
 .reset.startup
                0xbfc00008      0x194 C:\Users\kyrk\AppData\Local\Temp\cciFSByj.o
                0xbfc00008                _startup

.bev_excpt      0xbfc00380       0x10
 *(.bev_handler)
 .bev_handler   0xbfc00380       0x10 C:\Users\kyrk\AppData\Local\Temp\cciFSByj.o

.dbg_excpt      0xbfc00480        0x0
                0xbfc00480                . = (. + DEFINED (_DEBUGGER)?0x8:0x0)

.dbg_code       0xbfc02000        0x0
                0xbfc02000                . = (. + DEFINED (_DEBUGGER)?_DBG_CODE_SIZE:0x0)

.app_excpt      0x9fc01180       0x10
 *(.gen_handler)
 .gen_handler   0x9fc01180       0x10 C:\Users\kyrk\AppData\Local\Temp\cciFSByj.o

.vector_0       0x9fc01200        0x8
 *(.vector_0)
 .vector_0      0x9fc01200        0x8 c:/program files (x86)/microchip/xc32/v2.30/bin/bin/../../lib/gcc/pic32mx/4.8.3/../../../../pic32mx/lib\libpic32.a(vector0.o)
                0x9fc01200                __vector_dispatch_0
                0x00000001                ASSERT (((_vector_spacing == 0x0) || (SIZEOF (.vector_0) <= (_vector_spacing << 0x5))), function at exception vector 0 too large)

.vector_1       0x9fc01220        0x8
 *(.vector_1)
 .vector_1      0x9fc01220        0x8 c:/program files (x86)/microchip/xc32/v2.30/bin/bin/../../lib/gcc/pic32mx/4.8.3/../../../../pic32mx/lib\libpic32.a(vector1.o)
                0x9fc01220                __vector_dispatch_1
                0x00000001                ASSERT (((_vector_spacing == 0x0) || (SIZEOF (.vector_1) <= (_vector_spacing << 0x5))), function at exception vector 1 too large)

.vector_2       0x9fc01240        0x8
 *(.vector_2)
 .vector_2      0x9fc01240        0x8 c:/program files (x86)/microchip/xc32/v2.30/bin/bin/../../lib/gcc/pic32mx/4.8.3/../../../../pic32mx/lib\libpic32.a(vector2.o)
                0x9fc01240                __vector_dispatch_2
                0x00000001                ASSERT (((_vector_spacing == 0x0) || (SIZEOF (.vector_2) <= (_vector_spacing << 0x5))), function at exception vector 2 too large)

.vector_3       0x9fc01260        0x8
 *(.vector_3)
 .vector_3      0x9fc01260        0x8 c:/program files (x86)/microchip/xc32/v2.30/bin/bin/../../lib/gcc/pic32mx/4.8.3/../../../../pic32mx/lib\libpic32.a(vector3.o)
                0x9fc01260                __vector_dispatch_3
                0x00000001                ASSERT (((_vector_spacing == 0x0) || (SIZEOF (.vector_3) <= (_vector_spacing << 0x5))), function at exception vector 3 too large)

.vector_4       0x9fc01280        0x8
 *(.vector_4)
 .vector_4      0x9fc01280        0x8 build/default/production/_ext/1360937237/Tick.o
                0x9fc01280                __vector_dispatch_4
                0x00000001                ASSERT (((_vector_spacing == 0x0) || (SIZEOF (.vector_4) <= (_vector_spacing << 0x5))), function at exception vector 4 too large)

.vector_5       0x9fc012a0        0x8
 *(.vector_5)
 .vector_5      0x9fc012a0        0x8 c:/program files (x86)/microchip/xc32/v2.30/bin/bin/../../lib/gcc/pic32mx/4.8.3/../../../../pic32mx/lib\libpic32.a(vector5.o)
                0x9fc012a0                __vector_dispatch_5
                0x00000001                ASSERT (((_vector_spacing == 0x0) || (SIZEOF (.vector_5) <= (_vector_spacing << 0x5))), function at exception vector 5 too large)

.vector_6       0x9fc012c0        0x8
 *(.vector_6)
 .vector_6      0x9fc012c0        0x8 c:/program files (x86)/microchip/xc32/v2.30/bin/bin/../../lib/gcc/pic32mx/4.8.3/../../../../pic32mx/lib\libpic32.a(vector6.o)
                0x9fc012c0                __vector_dispatch_6
                0x00000001                ASSERT (((_vector_spacing == 0x0) || (SIZEOF (.vector_6) <= (_vector_spacing << 0x5))), function at exception vector 6 too large)

.vector_7       0x9fc012e0        0x8
 *(.vector_7)
 .vector_7      0x9fc012e0        0x8 c:/program files (x86)/microchip/xc32/v2.30/bin/bin/../../lib/gcc/pic32mx/4.8.3/../../../../pic32mx/lib\libpic32.a(vector7.o)
                0x9fc012e0                __vector_dispatch_7
                0x00000001                ASSERT (((_vector_spacing == 0x0) || (SIZEOF (.vector_7) <= (_vector_spacing << 0x5))), function at exception vector 7 too large)

.vector_8       0x9fc01300        0x8
 *(.vector_8)
 .vector_8      0x9fc01300        0x8 c:/program files (x86)/microchip/xc32/v2.30/bin/bin/../../lib/gcc/pic32mx/4.8.3/../../../../pic32mx/lib\libpic32.a(vector8.o)
                0x9fc01300                __vector_dispatch_8
                0x00000001                ASSERT (((_vector_spacing == 0x0) || (SIZEOF (.vector_8) <= (_vector_spacing << 0x5))), function at exception vector 8 too large)

.vector_9       0x9fc01320        0x8
 *(.vector_9)
 .vector_9      0x9fc01320        0x8 c:/program files (x86)/microchip/xc32/v2.30/bin/bin/../../lib/gcc/pic32mx/4.8.3/../../../../pic32mx/lib\libpic32.a(vector9.o)
                0x9fc01320                __vector_dispatch_9
                0x00000001                ASSERT (((_vector_spacing == 0x0) || (SIZEOF (.vector_9) <= (_vector_spacing << 0x5))), function at exception vector 9 too large)

.vector_10      0x9fc01340        0x8
 *(.vector_10)
 .vector_10     0x9fc01340        0x8 c:/program files (x86)/microchip/xc32/v2.30/bin/bin/../../lib/gcc/pic32mx/4.8.3/../../../../pic32mx/lib\libpic32.a(vector10.o)
                0x9fc01340                __vector_dispatch_10
                0x00000001                ASSERT (((_vector_spacing == 0x0) || (SIZEOF (.vector_10) <= (_vector_spacing << 0x5))), function at exception vector 10 too large)

.vector_11      0x9fc01360        0x8
 *(.vector_11)
 .vector_11     0x9fc01360        0x8 c:/program files (x86)/microchip/xc32/v2.30/bin/bin/../../lib/gcc/pic32mx/4.8.3/../../../../pic32mx/lib\libpic32.a(vector11.o)
                0x9fc01360                __vector_dispatch_11
                0x00000001                ASSERT (((_vector_spacing == 0x0) || (SIZEOF (.vector_11) <= (_vector_spacing << 0x5))), function at exception vector 11 too large)

.vector_12      0x9fc01380        0x8
 *(.vector_12)
 .vector_12     0x9fc01380        0x8 c:/program files (x86)/microchip/xc32/v2.30/bin/bin/../../lib/gcc/pic32mx/4.8.3/../../../../pic32mx/lib\libpic32.a(vector12.o)
                0x9fc01380                __vector_dispatch_12
                0x00000001                ASSERT (((_vector_spacing == 0x0) || (SIZEOF (.vector_12) <= (_vector_spacing << 0x5))), function at exception vector 12 too large)

.vector_13      0x9fc013a0        0x8
 *(.vector_13)
 .vector_13     0x9fc013a0        0x8 c:/program files (x86)/microchip/xc32/v2.30/bin/bin/../../lib/gcc/pic32mx/4.8.3/../../../../pic32mx/lib\libpic32.a(vector13.o)
                0x9fc013a0                __vector_dispatch_13
                0x00000001                ASSERT (((_vector_spacing == 0x0) || (SIZEOF (.vector_13) <= (_vector_spacing << 0x5))), function at exception vector 13 too large)

.vector_14      0x9fc013c0        0x8
 *(.vector_14)
 .vector_14     0x9fc013c0        0x8 c:/program files (x86)/microchip/xc32/v2.30/bin/bin/../../lib/gcc/pic32mx/4.8.3/../../../../pic32mx/lib\libpic32.a(vector14.o)
                0x9fc013c0                __vector_dispatch_14
                0x00000001                ASSERT (((_vector_spacing == 0x0) || (SIZEOF (.vector_14) <= (_vector_spacing << 0x5))), function at exception vector 14 too large)

.vector_15      0x9fc013e0        0x8
 *(.vector_15)
 .vector_15     0x9fc013e0        0x8 build/default/production/_ext/1360937237/drv_wifi_eint.o
                0x9fc013e0                __vector_dispatch_15
                0x00000001                ASSERT (((_vector_spacing == 0x0) || (SIZEOF (.vector_15) <= (_vector_spacing << 0x5))), function at exception vector 15 too large)

.vector_16      0x9fc01400        0x8
 *(.vector_16)
 .vector_16     0x9fc01400        0x8 c:/program files (x86)/microchip/xc32/v2.30/bin/bin/../../lib/gcc/pic32mx/4.8.3/../../../../pic32mx/lib\libpic32.a(vector16.o)
                0x9fc01400                __vector_dispatch_16
                0x00000001                ASSERT (((_vector_spacing == 0x0) || (SIZEOF (.vector_16) <= (_vector_spacing << 0x5))), function at exception vector 16 too large)

.vector_17      0x9fc01420        0x8
 *(.vector_17)
 .vector_17     0x9fc01420        0x8 c:/program files (x86)/microchip/xc32/v2.30/bin/bin/../../lib/gcc/pic32mx/4.8.3/../../../../pic32mx/lib\libpic32.a(vector17.o)
                0x9fc01420                __vector_dispatch_17
                0x00000001                ASSERT (((_vector_spacing == 0x0) || (SIZEOF (.vector_17) <= (_vector_spacing << 0x5))), function at exception vector 17 too large)

.vector_18      0x9fc01440        0x8
 *(.vector_18)
 .vector_18     0x9fc01440        0x8 c:/program files (x86)/microchip/xc32/v2.30/bin/bin/../../lib/gcc/pic32mx/4.8.3/../../../../pic32mx/lib\libpic32.a(vector18.o)
                0x9fc01440                __vector_dispatch_18
                0x00000001                ASSERT (((_vector_spacing == 0x0) || (SIZEOF (.vector_18) <= (_vector_spacing << 0x5))), function at exception vector 18 too large)

.vector_19      0x9fc01460        0x8
 *(.vector_19)
 .vector_19     0x9fc01460        0x8 c:/program files (x86)/microchip/xc32/v2.30/bin/bin/../../lib/gcc/pic32mx/4.8.3/../../../../pic32mx/lib\libpic32.a(vector19.o)
                0x9fc01460                __vector_dispatch_19
                0x00000001                ASSERT (((_vector_spacing == 0x0) || (SIZEOF (.vector_19) <= (_vector_spacing << 0x5))), function at exception vector 19 too large)

.vector_20      0x9fc01480        0x8
 *(.vector_20)
 .vector_20     0x9fc01480        0x8 c:/program files (x86)/microchip/xc32/v2.30/bin/bin/../../lib/gcc/pic32mx/4.8.3/../../../../pic32mx/lib\libpic32.a(vector20.o)
                0x9fc01480                __vector_dispatch_20
                0x00000001                ASSERT (((_vector_spacing == 0x0) || (SIZEOF (.vector_20) <= (_vector_spacing << 0x5))), function at exception vector 20 too large)

.vector_21      0x9fc014a0        0x8
 *(.vector_21)
 .vector_21     0x9fc014a0        0x8 c:/program files (x86)/microchip/xc32/v2.30/bin/bin/../../lib/gcc/pic32mx/4.8.3/../../../../pic32mx/lib\libpic32.a(vector21.o)
                0x9fc014a0                __vector_dispatch_21
                0x00000001                ASSERT (((_vector_spacing == 0x0) || (SIZEOF (.vector_21) <= (_vector_spacing << 0x5))), function at exception vector 21 too large)

.vector_22      0x9fc014c0        0x8
 *(.vector_22)
 .vector_22     0x9fc014c0        0x8 c:/program files (x86)/microchip/xc32/v2.30/bin/bin/../../lib/gcc/pic32mx/4.8.3/../../../../pic32mx/lib\libpic32.a(vector22.o)
                0x9fc014c0                __vector_dispatch_22
                0x00000001                ASSERT (((_vector_spacing == 0x0) || (SIZEOF (.vector_22) <= (_vector_spacing << 0x5))), function at exception vector 22 too large)

.vector_23      0x9fc014e0        0x8
 *(.vector_23)
 .vector_23     0x9fc014e0        0x8 c:/program files (x86)/microchip/xc32/v2.30/bin/bin/../../lib/gcc/pic32mx/4.8.3/../../../../pic32mx/lib\libpic32.a(vector23.o)
                0x9fc014e0                __vector_dispatch_23
                0x00000001                ASSERT (((_vector_spacing == 0x0) || (SIZEOF (.vector_23) <= (_vector_spacing << 0x5))), function at exception vector 23 too large)

.vector_24      0x9fc01500        0x8
 *(.vector_24)
 .vector_24     0x9fc01500        0x8 c:/program files (x86)/microchip/xc32/v2.30/bin/bin/../../lib/gcc/pic32mx/4.8.3/../../../../pic32mx/lib\libpic32.a(vector24.o)
                0x9fc01500                __vector_dispatch_24
                0x00000001                ASSERT (((_vector_spacing == 0x0) || (SIZEOF (.vector_24) <= (_vector_spacing << 0x5))), function at exception vector 24 too large)

.vector_25      0x9fc01520        0x8
 *(.vector_25)
 .vector_25     0x9fc01520        0x8 c:/program files (x86)/microchip/xc32/v2.30/bin/bin/../../lib/gcc/pic32mx/4.8.3/../../../../pic32mx/lib\libpic32.a(vector25.o)
                0x9fc01520                __vector_dispatch_25
                0x00000001                ASSERT (((_vector_spacing == 0x0) || (SIZEOF (.vector_25) <= (_vector_spacing << 0x5))), function at exception vector 25 too large)

.vector_26      0x9fc01540        0x8
 *(.vector_26)
 .vector_26     0x9fc01540        0x8 c:/program files (x86)/microchip/xc32/v2.30/bin/bin/../../lib/gcc/pic32mx/4.8.3/../../../../pic32mx/lib\libpic32.a(vector26.o)
                0x9fc01540                __vector_dispatch_26
                0x00000001                ASSERT (((_vector_spacing == 0x0) || (SIZEOF (.vector_26) <= (_vector_spacing << 0x5))), function at exception vector 26 too large)

.vector_27      0x9fc01560        0x8
 *(.vector_27)
 .vector_27     0x9fc01560        0x8 c:/program files (x86)/microchip/xc32/v2.30/bin/bin/../../lib/gcc/pic32mx/4.8.3/../../../../pic32mx/lib\libpic32.a(vector27.o)
                0x9fc01560                __vector_dispatch_27
                0x00000001                ASSERT (((_vector_spacing == 0x0) || (SIZEOF (.vector_27) <= (_vector_spacing << 0x5))), function at exception vector 27 too large)

.vector_28      0x9fc01580        0x8
 *(.vector_28)
 .vector_28     0x9fc01580        0x8 c:/program files (x86)/microchip/xc32/v2.30/bin/bin/../../lib/gcc/pic32mx/4.8.3/../../../../pic32mx/lib\libpic32.a(vector28.o)
                0x9fc01580                __vector_dispatch_28
                0x00000001                ASSERT (((_vector_spacing == 0x0) || (SIZEOF (.vector_28) <= (_vector_spacing << 0x5))), function at exception vector 28 too large)

.vector_29      0x9fc015a0        0x8
 *(.vector_29)
 .vector_29     0x9fc015a0        0x8 c:/program files (x86)/microchip/xc32/v2.30/bin/bin/../../lib/gcc/pic32mx/4.8.3/../../../../pic32mx/lib\libpic32.a(vector29.o)
                0x9fc015a0                __vector_dispatch_29
                0x00000001                ASSERT (((_vector_spacing == 0x0) || (SIZEOF (.vector_29) <= (_vector_spacing << 0x5))), function at exception vector 29 too large)

.vector_30      0x9fc015c0        0x8
 *(.vector_30)
 .vector_30     0x9fc015c0        0x8 c:/program files (x86)/microchip/xc32/v2.30/bin/bin/../../lib/gcc/pic32mx/4.8.3/../../../../pic32mx/lib\libpic32.a(vector30.o)
                0x9fc015c0                __vector_dispatch_30
                0x00000001                ASSERT (((_vector_spacing == 0x0) || (SIZEOF (.vector_30) <= (_vector_spacing << 0x5))), function at exception vector 30 too large)

.vector_31      0x9fc015e0        0x8
 *(.vector_31)
 .vector_31     0x9fc015e0        0x8 c:/program files (x86)/microchip/xc32/v2.30/bin/bin/../../lib/gcc/pic32mx/4.8.3/../../../../pic32mx/lib\libpic32.a(vector31.o)
                0x9fc015e0                __vector_dispatch_31
                0x00000001                ASSERT (((_vector_spacing == 0x0) || (SIZEOF (.vector_31) <= (_vector_spacing << 0x5))), function at exception vector 31 too large)

.vector_32      0x9fc01600        0x8
 *(.vector_32)
 .vector_32     0x9fc01600        0x8 c:/program files (x86)/microchip/xc32/v2.30/bin/bin/../../lib/gcc/pic32mx/4.8.3/../../../../pic32mx/lib\libpic32.a(vector32.o)
                0x9fc01600                __vector_dispatch_32
                0x00000001                ASSERT (((_vector_spacing == 0x0) || (SIZEOF (.vector_32) <= (_vector_spacing << 0x5))), function at exception vector 32 too large)

.vector_33      0x9fc01620        0x8
 *(.vector_33)
 .vector_33     0x9fc01620        0x8 c:/program files (x86)/microchip/xc32/v2.30/bin/bin/../../lib/gcc/pic32mx/4.8.3/../../../../pic32mx/lib\libpic32.a(vector33.o)
                0x9fc01620                __vector_dispatch_33
                0x00000001                ASSERT (((_vector_spacing == 0x0) || (SIZEOF (.vector_33) <= (_vector_spacing << 0x5))), function at exception vector 33 too large)

.vector_34      0x9fc01640        0x8
 *(.vector_34)
 .vector_34     0x9fc01640        0x8 c:/program files (x86)/microchip/xc32/v2.30/bin/bin/../../lib/gcc/pic32mx/4.8.3/../../../../pic32mx/lib\libpic32.a(vector34.o)
                0x9fc01640                __vector_dispatch_34
                0x00000001                ASSERT (((_vector_spacing == 0x0) || (SIZEOF (.vector_34) <= (_vector_spacing << 0x5))), function at exception vector 34 too large)

.vector_35      0x9fc01660        0x8
 *(.vector_35)
 .vector_35     0x9fc01660        0x8 c:/program files (x86)/microchip/xc32/v2.30/bin/bin/../../lib/gcc/pic32mx/4.8.3/../../../../pic32mx/lib\libpic32.a(vector35.o)
                0x9fc01660                __vector_dispatch_35
                0x00000001                ASSERT (((_vector_spacing == 0x0) || (SIZEOF (.vector_35) <= (_vector_spacing << 0x5))), function at exception vector 35 too large)

.vector_36      0x9fc01680        0x8
 *(.vector_36)
 .vector_36     0x9fc01680        0x8 c:/program files (x86)/microchip/xc32/v2.30/bin/bin/../../lib/gcc/pic32mx/4.8.3/../../../../pic32mx/lib\libpic32.a(vector36.o)
                0x9fc01680                __vector_dispatch_36
                0x00000001                ASSERT (((_vector_spacing == 0x0) || (SIZEOF (.vector_36) <= (_vector_spacing << 0x5))), function at exception vector 36 too large)

.vector_37      0x9fc016a0        0x8
 *(.vector_37)
 .vector_37     0x9fc016a0        0x8 c:/program files (x86)/microchip/xc32/v2.30/bin/bin/../../lib/gcc/pic32mx/4.8.3/../../../../pic32mx/lib\libpic32.a(vector37.o)
                0x9fc016a0                __vector_dispatch_37
                0x00000001                ASSERT (((_vector_spacing == 0x0) || (SIZEOF (.vector_37) <= (_vector_spacing << 0x5))), function at exception vector 37 too large)

.vector_38      0x9fc016c0        0x8
 *(.vector_38)
 .vector_38     0x9fc016c0        0x8 c:/program files (x86)/microchip/xc32/v2.30/bin/bin/../../lib/gcc/pic32mx/4.8.3/../../../../pic32mx/lib\libpic32.a(vector38.o)
                0x9fc016c0                __vector_dispatch_38
                0x00000001                ASSERT (((_vector_spacing == 0x0) || (SIZEOF (.vector_38) <= (_vector_spacing << 0x5))), function at exception vector 38 too large)

.vector_39      0x9fc016e0        0x8
 *(.vector_39)
 .vector_39     0x9fc016e0        0x8 c:/program files (x86)/microchip/xc32/v2.30/bin/bin/../../lib/gcc/pic32mx/4.8.3/../../../../pic32mx/lib\libpic32.a(vector39.o)
                0x9fc016e0                __vector_dispatch_39
                0x00000001                ASSERT (((_vector_spacing == 0x0) || (SIZEOF (.vector_39) <= (_vector_spacing << 0x5))), function at exception vector 39 too large)

.vector_40      0x9fc01700        0x8
 *(.vector_40)
 .vector_40     0x9fc01700        0x8 c:/program files (x86)/microchip/xc32/v2.30/bin/bin/../../lib/gcc/pic32mx/4.8.3/../../../../pic32mx/lib\libpic32.a(vector40.o)
                0x9fc01700                __vector_dispatch_40
                0x00000001                ASSERT (((_vector_spacing == 0x0) || (SIZEOF (.vector_40) <= (_vector_spacing << 0x5))), function at exception vector 40 too large)

.vector_41      0x9fc01720        0x8
 *(.vector_41)
 .vector_41     0x9fc01720        0x8 c:/program files (x86)/microchip/xc32/v2.30/bin/bin/../../lib/gcc/pic32mx/4.8.3/../../../../pic32mx/lib\libpic32.a(vector41.o)
                0x9fc01720                __vector_dispatch_41
                0x00000001                ASSERT (((_vector_spacing == 0x0) || (SIZEOF (.vector_41) <= (_vector_spacing << 0x5))), function at exception vector 41 too large)

.vector_42      0x9fc01740        0x8
 *(.vector_42)
 .vector_42     0x9fc01740        0x8 c:/program files (x86)/microchip/xc32/v2.30/bin/bin/../../lib/gcc/pic32mx/4.8.3/../../../../pic32mx/lib\libpic32.a(vector42.o)
                0x9fc01740                __vector_dispatch_42
                0x00000001                ASSERT (((_vector_spacing == 0x0) || (SIZEOF (.vector_42) <= (_vector_spacing << 0x5))), function at exception vector 42 too large)

.vector_43      0x9fc01760        0x8
 *(.vector_43)
 .vector_43     0x9fc01760        0x8 c:/program files (x86)/microchip/xc32/v2.30/bin/bin/../../lib/gcc/pic32mx/4.8.3/../../../../pic32mx/lib\libpic32.a(vector43.o)
                0x9fc01760                __vector_dispatch_43
                0x00000001                ASSERT (((_vector_spacing == 0x0) || (SIZEOF (.vector_43) <= (_vector_spacing << 0x5))), function at exception vector 43 too large)

.vector_44      0x9fc01780        0x8
 *(.vector_44)
 .vector_44     0x9fc01780        0x8 c:/program files (x86)/microchip/xc32/v2.30/bin/bin/../../lib/gcc/pic32mx/4.8.3/../../../../pic32mx/lib\libpic32.a(vector44.o)
                0x9fc01780                __vector_dispatch_44
                0x00000001                ASSERT (((_vector_spacing == 0x0) || (SIZEOF (.vector_44) <= (_vector_spacing << 0x5))), function at exception vector 44 too large)

.vector_45      0x9fc017a0        0x8
 *(.vector_45)
 .vector_45     0x9fc017a0        0x8 c:/program files (x86)/microchip/xc32/v2.30/bin/bin/../../lib/gcc/pic32mx/4.8.3/../../../../pic32mx/lib\libpic32.a(vector45.o)
                0x9fc017a0                __vector_dispatch_45
                0x00000001                ASSERT (((_vector_spacing == 0x0) || (SIZEOF (.vector_45) <= (_vector_spacing << 0x5))), function at exception vector 45 too large)

.vector_46      0x9fc017c0        0x0
 *(.vector_46)
                0x00000001                ASSERT (((_vector_spacing == 0x0) || (SIZEOF (.vector_46) <= (_vector_spacing << 0x5))), function at exception vector 46 too large)

.vector_47      0x9fc017e0        0x0
 *(.vector_47)
                0x00000001                ASSERT (((_vector_spacing == 0x0) || (SIZEOF (.vector_47) <= (_vector_spacing << 0x5))), function at exception vector 47 too large)

.vector_48      0x9fc01800        0x0
 *(.vector_48)
                0x00000001                ASSERT (((_vector_spacing == 0x0) || (SIZEOF (.vector_48) <= (_vector_spacing << 0x5))), function at exception vector 48 too large)

.vector_49      0x9fc01820        0x0
 *(.vector_49)
                0x00000001                ASSERT (((_vector_spacing == 0x0) || (SIZEOF (.vector_49) <= (_vector_spacing << 0x5))), function at exception vector 49 too large)

.vector_50      0x9fc01840        0x0
 *(.vector_50)
                0x00000001                ASSERT (((_vector_spacing == 0x0) || (SIZEOF (.vector_50) <= (_vector_spacing << 0x5))), function at exception vector 50 too large)

.vector_51      0x9fc01860        0x0
 *(.vector_51)
                0x00000001                ASSERT (((_vector_spacing == 0x0) || (SIZEOF (.vector_51) <= (_vector_spacing << 0x5))), function at exception vector 51 too large)

.vector_52      0x9fc01880        0x0
 *(.vector_52)
                0x00000001                ASSERT (((_vector_spacing == 0x0) || (SIZEOF (.vector_52) <= (_vector_spacing << 0x5))), function at exception vector 52 too large)

.vector_53      0x9fc018a0        0x0
 *(.vector_53)
                0x00000001                ASSERT (((_vector_spacing == 0x0) || (SIZEOF (.vector_53) <= (_vector_spacing << 0x5))), function at exception vector 53 too large)

.vector_54      0x9fc018c0        0x0
 *(.vector_54)
                0x00000001                ASSERT (((_vector_spacing == 0x0) || (SIZEOF (.vector_54) <= (_vector_spacing << 0x5))), function at exception vector 54 too large)

.vector_55      0x9fc018e0        0x0
 *(.vector_55)
                0x00000001                ASSERT (((_vector_spacing == 0x0) || (SIZEOF (.vector_55) <= (_vector_spacing << 0x5))), function at exception vector 55 too large)

.vector_56      0x9fc01900        0x0
 *(.vector_56)
                0x00000001                ASSERT (((_vector_spacing == 0x0) || (SIZEOF (.vector_56) <= (_vector_spacing << 0x5))), function at exception vector 56 too large)

.vector_57      0x9fc01920        0x0
 *(.vector_57)
                0x00000001                ASSERT (((_vector_spacing == 0x0) || (SIZEOF (.vector_57) <= (_vector_spacing << 0x5))), function at exception vector 57 too large)

.vector_58      0x9fc01940        0x0
 *(.vector_58)
                0x00000001                ASSERT (((_vector_spacing == 0x0) || (SIZEOF (.vector_58) <= (_vector_spacing << 0x5))), function at exception vector 58 too large)

.vector_59      0x9fc01960        0x0
 *(.vector_59)
                0x00000001                ASSERT (((_vector_spacing == 0x0) || (SIZEOF (.vector_59) <= (_vector_spacing << 0x5))), function at exception vector 59 too large)

.vector_60      0x9fc01980        0x0
 *(.vector_60)
                0x00000001                ASSERT (((_vector_spacing == 0x0) || (SIZEOF (.vector_60) <= (_vector_spacing << 0x5))), function at exception vector 60 too large)

.vector_61      0x9fc019a0        0x0
 *(.vector_61)
                0x00000001                ASSERT (((_vector_spacing == 0x0) || (SIZEOF (.vector_61) <= (_vector_spacing << 0x5))), function at exception vector 61 too large)

.vector_62      0x9fc019c0        0x0
 *(.vector_62)
                0x00000001                ASSERT (((_vector_spacing == 0x0) || (SIZEOF (.vector_62) <= (_vector_spacing << 0x5))), function at exception vector 62 too large)

.vector_63      0x9fc019e0        0x0
 *(.vector_63)
                0x00000001                ASSERT (((_vector_spacing == 0x0) || (SIZEOF (.vector_63) <= (_vector_spacing << 0x5))), function at exception vector 63 too large)

.startup
 *(.startup)

.text           0x9d000000        0x0
 *(.stub .gnu.linkonce.t.*)
 *(.text.*personality*)
 *(.mips16.fn.*)
 *(.mips16.call.*)
 *(.gnu.warning)
                0x9d000000                . = ALIGN (0x4)

.init           0x9d000000        0x0
 *crti.o(.init)
 *crtbegin.o(.init)
 *(EXCLUDE_FILE(*crtn.o *crtend?.o *crtend.o) .init)
 *crtend.o(.init)
 *crtn.o(.init)
                0x9d000000                . = ALIGN (0x4)

.fini           0x9d000000        0x0
 *(.fini)
                0x9d000000                . = ALIGN (0x4)

.preinit_array  0x9d000000        0x0
                0x9d000000                PROVIDE (__preinit_array_start, .)
 *(.preinit_array)
                0x9d000000                PROVIDE (__preinit_array_end, .)
                0x9d000000                . = ALIGN (0x4)

.init_array     0x9d000000        0x0
                0x9d000000                PROVIDE (__init_array_start, .)
 *(SORT(.init_array.*))
 *(.init_array)
                0x9d000000                PROVIDE (__init_array_end, .)
                0x9d000000                . = ALIGN (0x4)

.fini_array     0x9d000000        0x0
                0x9d000000                PROVIDE (__fini_array_start, .)
 *(SORT(.fini_array.*))
 *(.fini_array)
                0x9d000000                PROVIDE (__fini_array_end, .)
                0x9d000000                . = ALIGN (0x4)

.ctors          0x9d000000        0x0
 *crtbegin.o(.ctors)
 *crtbegin?.o(.ctors)
 *(EXCLUDE_FILE(*crtend?.o *crtend.o) .ctors)
 *(SORT(.ctors.*))
 *(.ctors)
                0x9d000000                . = ALIGN (0x4)

.dtors          0x9d000000        0x0
 *crtbegin.o(.dtors)
 *crtbegin?.o(.dtors)
 *(EXCLUDE_FILE(*crtend?.o *crtend.o) .dtors)
 *(SORT(.dtors.*))
 *(.dtors)
                0x9d000000                . = ALIGN (0x4)

.rodata         0x9d000000        0x0
 *(.gnu.linkonce.r.*)
 *(.rodata1)
                0x9d000000                . = ALIGN (0x4)

.sdata2         0x9fc00490        0x0
 *(.sdata2 .sdata2.* .gnu.linkonce.s2.*)
                0x9fc00490                . = ALIGN (0x4)

.sbss2          0x9fc00490        0x0
 *(.sbss2 .sbss2.* .gnu.linkonce.sb2.*)
                0x9fc00490                . = ALIGN (0x4)

.eh_frame_hdr
 *(.eh_frame_hdr)
                0x9fc00490                . = ALIGN (0x4)

.eh_frame
 *(.eh_frame)
                0x9fc00490                . = ALIGN (0x4)

.gcc_except_table
 *(.gcc_except_table .gcc_except_table.*)
                0x9fc00490                . = ALIGN (0x4)

.dbg_data       0xa0000000        0x0
                0xa0000000                . = (. + DEFINED (_DEBUGGER)?0x200:0x0)

.jcr            0xa0000000        0x0
 *(.jcr)
                0xa0000000                . = ALIGN (0x4)

.eh_frame
 *(.eh_frame)
                0xa0000000                . = ALIGN (0x4)

.gcc_except_table
 *(.gcc_except_table .gcc_except_table.*)
                0xa0000000                . = ALIGN (0x4)

.persist        0xa0000000        0x8
                0xa0000000                _persist_begin = .
 *(.persist .persist.*)
 *(.pbss .pbss.*)
 .pbss          0xa0000000        0x2 build/default/production/_ext/1360937237/UDP.o
 *fill*         0xa0000002        0x2 
 .pbss          0xa0000004        0x4 build/default/production/_ext/1360937237/dns_client.o
                0xa0000008                . = ALIGN (0x4)
                0xa0000008                _persist_end = .

.data           0xa0000008        0x0
 *(.gnu.linkonce.d.*)
 *(.data1)
                0xa0000008                . = ALIGN (0x4)
                0xa0000008                . = .
                0xa0008000                _gp = (ALIGN (0x10) + 0x7ff0)

.got            0xa0000008        0x0
 *(.got.plt)
 *(.got)
                0xa0000008                . = ALIGN (0x4)

.sdata          0xa0000008       0x20
                0xa0000008                _sdata_begin = .
 *(.sdata .sdata.* .gnu.linkonce.s.*)
 .sdata         0xa0000008        0x8 build/default/production/_ext/1360937237/Framework.o
 .sdata         0xa0000010        0x2 build/default/production/_ext/1360937237/EthernetTasks.o
                0xa0000010                serverPort
 .sdata         0xa0000012        0x2 build/default/production/_ext/1360937237/UDP.o
 .sdata         0xa0000014        0x4 build/default/production/_ext/1360937237/Helpers.o
 .sdata         0xa0000018        0x8 build/default/production/_ext/1360937237/dns_client.o
 .sdata         0xa0000020        0x1 build/default/production/_ext/1360937237/drv_wifi_power_save.o
 .sdata         0xa0000021        0x1 build/default/production/_ext/1360937237/drv_wifi_connection_algorithm.o
 .sdata         0xa0000022        0x1 build/default/production/_ext/252762716/sntp.o
 *fill*         0xa0000023        0x1 
 .sdata         0xa0000024        0x4 c:/program files (x86)/microchip/xc32/v2.30/bin/bin/../../lib/gcc/pic32mx/4.8.3/../../../../pic32mx/lib\libpic32.a(xc32_uart.o)
                0xa0000024                __XC_UART
                0xa0000028                . = ALIGN (0x4)
                0xa0000028                _sdata_end = .

.lit8
 *(.lit8)

.lit4
 *(.lit4)
                0xa0000028                . = ALIGN (0x4)
                0xa0000028                _data_end = .
                0xa0000028                _bss_begin = .

.sbss           0xa0000028       0xe0
                0xa0000028                _sbss_begin = .
 *(.dynsbss)
 *(.sbss .sbss.* .gnu.linkonce.sb.*)
 .sbss          0xa0000028        0x8 build/default/production/_ext/659867239/rtc.o
                0xa000002c                do_sec1s
 .sbss          0xa0000030       0x14 build/default/production/_ext/1360937237/Framework.o
                0xa0000034                eraseErrorCounter
                0xa0000038                writeErrorCounter
 .sbss          0xa0000044        0x8 build/default/production/_ext/1360937237/EthernetTasks.o
 *fill*         0xa000004c        0x4 
 .sbss          0xa0000050       0x10 build/default/production/_ext/1360937237/Tick.o
 .sbss          0xa0000060       0x10 build/default/production/_ext/1360937237/stack_task.o
                0xa0000064                g_DhcpRetryTimer
                0xa0000068                g_DhcpRenew
 .sbss          0xa0000070        0x8 build/default/production/_ext/1360937237/UDP.o
 .sbss          0xa0000078        0x1 build/default/production/_ext/1360937237/dhcp_client.o
                0xa0000078                DHCPClientInitializedOnce
 *fill*         0xa0000079        0x3 
 .sbss          0xa000007c        0x4 build/default/production/_ext/1360937237/ARP.o
 .sbss          0xa0000080       0x14 build/default/production/_ext/1360937237/dns_client.o
 .sbss          0xa0000094        0x8 build/default/production/_ext/1360937237/nbns.o
 .sbss          0xa000009c       0x14 build/default/production/_ext/1360937237/drv_wifi_mac.o
 .sbss          0xa00000b0        0x2 build/default/production/_ext/1360937237/drv_wifi_raw.o
                0xa00000b0                gIntDisabled
                0xa00000b1                g_HostRAWDataPacketReceived
 *fill*         0xa00000b2        0x2 
 .sbss          0xa00000b4       0x14 build/default/production/_ext/1360937237/drv_wifi_com.o
                0xa00000b4                g_dhcpInProgress
                0xa00000b5                g_WiFiConnection
                0xa00000b6                g_WiFiConnectionChanged
                0xa00000b7                g_DhcpSuccessful
 .sbss          0xa00000c8        0x1 build/default/production/_ext/1360937237/drv_wifi_spi.o
 .sbss          0xa00000c9        0x3 build/default/production/_ext/1360937237/drv_wifi_power_save.o
 .sbss          0xa00000cc        0x8 build/default/production/_ext/1360937237/announce.o
 .sbss          0xa00000d4        0x4 build/default/production/_ext/1360937237/drv_wifi_mgmt_msg.o
                0xa00000d5                g_WaitingForMgmtResponse
 .sbss          0xa00000d8        0x1 build/default/production/_ext/1360937237/drv_wifi_connection_manager.o
 .sbss          0xa00000d9        0x1 build/default/production/_ext/1360937237/drv_wifi_init.o
                0xa00000d9                gRFModuleVer1209orLater
 .sbss          0xa00000da        0x4 build/default/production/_ext/1360937237/IP.o
 *fill*         0xa00000de        0x2 
 .sbss          0xa00000e0       0x10 build/default/production/_ext/252762716/sntp.o
 *(.scommon)
 .scommon       0xa00000f0        0x2 build/default/production/_ext/1360937237/EthernetTasks.o
                0xa00000f0                udpSkt
                0xa00000f1                ConnectionProfileID
 .scommon       0xa00000f2        0x6 build/default/production/_ext/1360937237/UDP.o
                0xa00000f2                UDPTxCount
                0xa00000f4                activeUDPSocket
                0xa00000f6                UDPRxCount
 .scommon       0xa00000f8        0x1 build/default/production/_ext/1360937237/drv_wifi_mac.o
                0xa00000f8                g_rxIndexSetBeyondBuffer
 *fill*         0xa00000f9        0x3 
 .scommon       0xa00000fc        0x6 build/default/production/_ext/1360937237/drv_wifi_raw.o
                0xa00000fc                RawWindowState
                0xa0000100                RawWindowReady
 *fill*         0xa0000102        0x2 
 .scommon       0xa0000104        0x2 build/default/production/_ext/1360937237/drv_wifi_com.o
                0xa0000104                RawMoveState
 .scommon       0xa0000106        0x1 build/default/production/_ext/1360937237/drv_wifi_power_save.o
                0xa0000106                g_rxDtim
                0xa0000107                _sbss_end = .
                0xa0000108                . = ALIGN (0x4)
 *fill*         0xa0000107        0x1 

.bss            0xa0000108      0x69c
 *(.dynbss)
 *(COMMON)
 COMMON         0xa0000108      0x5af build/default/production/_ext/1360937237/EthernetTasks.o
                0xa0000108                rxData
                0xa00004f0                txData
                0xa00005b8                AppConfig
                0xa0000654                g_WpsPassphrase
 *fill*         0xa00006b7        0x1 
 COMMON         0xa00006b8        0xa build/default/production/_ext/1360937237/stack_task.o
                0xa00006b8                remoteNode
 *fill*         0xa00006c2        0x2 
 COMMON         0xa00006c4       0xe0 build/default/production/_ext/1360937237/UDP.o
                0xa00006c4                UDPSocketInfo
                0xa00007a4                . = ALIGN ((. != 0x0)?0x4:0x1)
                0xa00007a4                . = ALIGN (0x4)
                0xa00007a4                _end = .
                0xa00007a4                _bss_end = .
                0x00008000                _bmxdudba_address = 0x8000
                0x00008000                _bmxdupba_address = 0x8000

/DISCARD/
 *(.pdr)
 *(.rel.dyn)
 *(.note.GNU-stack)
 *(.note.GNU-stack)
 *(.gnu_debuglink)
 *(.gnu.lto_*)
 *(.discard)

.gptab.sdata
 *(.gptab.data)
 *(.gptab.sdata)

.gptab.sbss
 *(.gptab.bss)
 *(.gptab.sbss)

.mdebug.abi32   0xa00007a4        0x0
 *(.mdebug.abi32)
 .mdebug.abi32  0xa00007a4        0x0 build/default/production/_ext/659867239/daylight.o
 .mdebug.abi32  0xa00007a4        0x0 build/default/production/_ext/659867239/rtc.o
 .mdebug.abi32  0xa00007a4        0x0 build/default/production/_ext/659867239/rtcconverter.o
 .mdebug.abi32  0xa00007a4        0x0 build/default/production/_ext/1360937237/BootLoader.o
 .mdebug.abi32  0xa00007a4        0x0 build/default/production/_ext/1360937237/Framework.o
 .mdebug.abi32  0xa00007a4        0x0 build/default/production/_ext/1360937237/NVMem.o
 .mdebug.abi32  0xa00007a4        0x0 build/default/production/_ext/1360937237/EthernetTasks.o
 .mdebug.abi32  0xa00007a4        0x0 build/default/production/_ext/1360937237/Tick.o
 .mdebug.abi32  0xa00007a4        0x0 build/default/production/_ext/1360937237/stack_task.o
 .mdebug.abi32  0xa00007a4        0x0 build/default/production/_ext/1360937237/UDP.o
 .mdebug.abi32  0xa00007a4        0x0 build/default/production/_ext/1360937237/dhcp_client.o
 .mdebug.abi32  0xa00007a4        0x0 build/default/production/_ext/1360937237/ARP.o
 .mdebug.abi32  0xa00007a4        0x0 build/default/production/_ext/1360937237/Helpers.o
 .mdebug.abi32  0xa00007a4        0x0 build/default/production/_ext/1360937237/dns_client.o
 .mdebug.abi32  0xa00007a4        0x0 build/default/production/_ext/1360937237/nbns.o
 .mdebug.abi32  0xa00007a4        0x0 build/default/production/_ext/1360937237/drv_wifi_mac.o
 .mdebug.abi32  0xa00007a4        0x0 build/default/production/_ext/1360937237/drv_wifi_raw.o
 .mdebug.abi32  0xa00007a4        0x0 build/default/production/_ext/1360937237/drv_wifi_com.o
 .mdebug.abi32  0xa00007a4        0x0 build/default/production/_ext/1360937237/Delay.o
 .mdebug.abi32  0xa00007a4        0x0 build/default/production/_ext/1360937237/drv_wifi_eint.o
 .mdebug.abi32  0xa00007a4        0x0 build/default/production/_ext/1360937237/drv_wifi_debug_strings.o
 .mdebug.abi32  0xa00007a4        0x0 build/default/production/_ext/1360937237/drv_wifi_spi.o
 .mdebug.abi32  0xa00007a4        0x0 build/default/production/_ext/1360937237/drv_wifi_power_save.o
 .mdebug.abi32  0xa00007a4        0x0 build/default/production/_ext/1360937237/announce.o
 .mdebug.abi32  0xa00007a4        0x0 build/default/production/_ext/1360937237/drv_wifi_mgmt_msg.o
 .mdebug.abi32  0xa00007a4        0x0 build/default/production/_ext/1360937237/drv_wifi_event_handler.o
 .mdebug.abi32  0xa00007a4        0x0 build/default/production/_ext/1360937237/drv_wifi_config.o
 .mdebug.abi32  0xa00007a4        0x0 build/default/production/_ext/1360937237/drv_wifi_connection_algorithm.o
 .mdebug.abi32  0xa00007a4        0x0 build/default/production/_ext/1360937237/drv_wifi_connection_manager.o
 .mdebug.abi32  0xa00007a4        0x0 build/default/production/_ext/1360937237/drv_wifi_pbkdf2.o
 .mdebug.abi32  0xa00007a4        0x0 build/default/production/_ext/1360937237/drv_wifi_init.o
 .mdebug.abi32  0xa00007a4        0x0 build/default/production/_ext/1360937237/drv_wifi_param_msg.o
 .mdebug.abi32  0xa00007a4        0x0 build/default/production/_ext/1360937237/IP.o
 .mdebug.abi32  0xa00007a4        0x0 build/default/production/_ext/1360937237/icmp.o
 .mdebug.abi32  0xa00007a4        0x0 build/default/production/_ext/1360937237/tcp.o
 .mdebug.abi32  0xa00007a4        0x0 build/default/production/_ext/1360937237/uart.o
 .mdebug.abi32  0xa00007a4        0x0 build/default/production/_ext/1360937237/drv_wifi_connection_profile.o
 .mdebug.abi32  0xa00007a4        0x0 build/default/production/_ext/252762716/sntp.o
 .mdebug.abi32  0xa00007a4        0x0 build/default/production/_ext/252762716/ssl.o
 .mdebug.abi32  0xa00007a4        0x0 build/default/production/_ext/252762716/random.o
 .mdebug.abi32  0xa00007a4        0x0 build/default/production/_ext/252762716/hashes.o
 .mdebug.abi32  0xa00007a4        0x0 build/default/production/_ext/252762716/rsa.o
 .mdebug.abi32  0xa00007a4        0x0 build/default/production/_ext/252762716/big_int.o
 .mdebug.abi32  0xa00007a4        0x0 build/default/production/_ext/252762716/custom_ssl_cert.o
 .mdebug.abi32  0xa00007a4        0x0 build/default/production/_ext/252762716/arc4.o
 .mdebug.abi32  0xa00007a4        0x0 build/default/production/_ext/1360937237/smtp.o
 .mdebug.abi32  0xa00007a4        0x0 build/default/production/_ext/1360937237/smtp_demo.o
 .mdebug.abi32  0xa00007a4        0x0 build/default/production/_ext/252762716/http2.o
 .mdebug.abi32  0xa00007a4        0x0 build/default/production/_ext/252762716/mpfs2.o
 .mdebug.abi32  0xa00007a4        0x0 build/default/production/_ext/252762716/custom_http_app.o
 .mdebug.abi32  0xa00007a4        0x0 build/default/production/_ext/252762716/mpfs_img2.o
 .mdebug.abi32  0xa00007a4        0x0 c:/program files (x86)/microchip/xc32/v2.30/bin/bin/../../lib/gcc/pic32mx/4.8.3/../../../../pic32mx/lib\libmchp_peripheral.a(read_core_timer_lib.o)
 .mdebug.abi32  0xa00007a4        0x0 c:/program files (x86)/microchip/xc32/v2.30/bin/bin/../../lib/gcc/pic32mx/4.8.3/../../../../pic32mx/lib\libmchp_peripheral.a(write_core_timer_lib.o)
 .mdebug.abi32  0xa00007a4        0x0 c:/program files (x86)/microchip/xc32/v2.30/bin/bin/../../lib/gcc/pic32mx/4.8.3/../../../../pic32mx/lib\libmchp_peripheral_32MX440F256H.a(pcache.o)
 .mdebug.abi32  0xa00007a4        0x0 c:/program files (x86)/microchip/xc32/v2.30/bin/bin/../../lib/gcc/pic32mx/4.8.3/../../../../pic32mx/lib\libmchp_peripheral_32MX440F256H.a(int_disable_interrupts_lib.o)
 .mdebug.abi32  0xa00007a4        0x0 c:/program files (x86)/microchip/xc32/v2.30/bin/bin/../../lib/gcc/pic32mx/4.8.3/../../../../pic32mx/lib\libmchp_peripheral_32MX440F256H.a(int_restore_interrupts_lib.o)
 .mdebug.abi32  0xa00007a4        0x0 c:/program files (x86)/microchip/xc32/v2.30/bin/bin/../../lib/gcc/pic32mx/4.8.3/../../../../pic32mx/lib\libmchp_peripheral_32MX440F256H.a(int_enable_mv_int_lib.o)
 .mdebug.abi32  0xa00007a4        0x0 c:/program files (x86)/microchip/xc32/v2.30/bin/bin/../../lib/gcc/pic32mx/4.8.3/../../../../pic32mx/lib\libmchp_peripheral_32MX440F256H.a(puts_uartx_lib_legacy.o)
 .mdebug.abi32  0xa00007a4        0x0 c:/program files (x86)/microchip/xc32/v2.30/bin/bin/../../lib/gcc/pic32mx/4.8.3/../../../../pic32mx/lib\libmchp_peripheral_32MX440F256H.a(int_enable_interrupts_lib.o)
 .mdebug.abi32  0xa00007a4        0x0 c:/program files (x86)/microchip/xc32/v2.30/bin/bin/../../lib/gcc/pic32mx/4.8.3\libgcc.a(_udivdi3.o)
 .mdebug.abi32  0xa00007a4        0x0 c:/program files (x86)/microchip/xc32/v2.30/bin/bin/../../lib/gcc/pic32mx/4.8.3\libgcc.a(_umoddi3.o)
 .mdebug.abi32  0xa00007a4        0x0 c:/program files (x86)/microchip/xc32/v2.30/bin/bin/../../lib/gcc/pic32mx/4.8.3/../../../../pic32mx/lib\libpic32.a(default-bootstrap-exception-handler.o)
 .mdebug.abi32  0xa00007a4        0x0 c:/program files (x86)/microchip/xc32/v2.30/bin/bin/../../lib/gcc/pic32mx/4.8.3/../../../../pic32mx/lib\libpic32.a(default-on-reset.o)
 .mdebug.abi32  0xa00007a4        0x0 c:/program files (x86)/microchip/xc32/v2.30/bin/bin/../../lib/gcc/pic32mx/4.8.3/../../../../pic32mx/lib\libpic32.a(default-on-bootstrap.o)
 .mdebug.abi32  0xa00007a4        0x0 c:/program files (x86)/microchip/xc32/v2.30/bin/bin/../../lib/gcc/pic32mx/4.8.3/../../../../pic32mx/lib\libpic32.a(default-general-exception-handler.o)
 .mdebug.abi32  0xa00007a4        0x0 c:/program files (x86)/microchip/xc32/v2.30/bin/bin/../../lib/gcc/pic32mx/4.8.3/../../../../pic32mx/lib\libpic32.a(defaultinterrupt.o)
 .mdebug.abi32  0xa00007a4        0x0 c:/program files (x86)/microchip/xc32/v2.30/bin/bin/../../lib/gcc/pic32mx/4.8.3/../../../../pic32mx/lib\libc.a(strncpy.o)
 .mdebug.abi32  0xa00007a4        0x0 c:/program files (x86)/microchip/xc32/v2.30/bin/bin/../../lib/gcc/pic32mx/4.8.3/../../../../pic32mx/lib\libc.a(sprintf_cdnopsuxX.eo)
 .mdebug.abi32  0xa00007a4        0x0 c:/program files (x86)/microchip/xc32/v2.30/bin/bin/../../lib/gcc/pic32mx/4.8.3/../../../../pic32mx/lib\libc.a(doprnt_cdnopsuxX.eo)
 .mdebug.abi32  0xa00007a4        0x0 c:/program files (x86)/microchip/xc32/v2.30/bin/bin/../../lib/gcc/pic32mx/4.8.3/../../../../pic32mx/lib\libc.a(_fputc_simple.o)
 .mdebug.abi32  0xa00007a4        0x0 c:/program files (x86)/microchip/xc32/v2.30/bin/bin/../../lib/gcc/pic32mx/4.8.3/../../../../pic32mx/lib\libc.a(ctype.o)
 .mdebug.abi32  0xa00007a4        0x0 c:/program files (x86)/microchip/xc32/v2.30/bin/bin/../../lib/gcc/pic32mx/4.8.3/../../../../pic32mx/lib\libc.a(_iob.o)
 .mdebug.abi32  0xa00007a4        0x0 c:/program files (x86)/microchip/xc32/v2.30/bin/bin/../../lib/gcc/pic32mx/4.8.3/../../../../pic32mx/lib\libc.a(_flsbuf_simple.o)
 .mdebug.abi32  0xa00007a4        0x0 c:/program files (x86)/microchip/xc32/v2.30/bin/bin/../../lib/gcc/pic32mx/4.8.3/../../../../pic32mx/lib\libpic32.a(write.o)
 .mdebug.abi32  0xa00007a4        0x0 c:/program files (x86)/microchip/xc32/v2.30/bin/bin/../../lib/gcc/pic32mx/4.8.3/../../../../pic32mx/lib\libpic32.a(_mon_putc.o)
 .mdebug.abi32  0xa00007a4        0x0 c:/program files (x86)/microchip/xc32/v2.30/bin/bin/../../lib/gcc/pic32mx/4.8.3/../../../../pic32mx/lib\libpic32.a(xc32_uart.o)

.mdebug.abiN32
 *(.mdebug.abiN32)

.mdebug.abi64
 *(.mdebug.abi64)

.mdebug.abiO64
 *(.mdebug.abiO64)

.mdebug.eabi32
 *(.mdebug.eabi32)

.mdebug.eabi64
 *(.mdebug.eabi64)

.gcc_compiled_long32
 *(.gcc_compiled_long32)

.gcc_compiled_long64
 *(.gcc_compiled_long64)

.stab
 *(.stab)

.stabstr
 *(.stabstr)

.stab.excl
 *(.stab.excl)

.stab.exclstr
 *(.stab.exclstr)

.stab.index
 *(.stab.index)

.stab.indexstr
 *(.stab.indexstr)

.comment        0x00000000      0x128
 *(.comment)
 .comment       0x00000000       0x3c build/default/production/_ext/659867239/daylight.o
                                 0x3d (size before relaxing)
 .comment       0x00000000       0x3d build/default/production/_ext/659867239/rtc.o
 .comment       0x00000000       0x3d build/default/production/_ext/659867239/rtcconverter.o
 .comment       0x00000000       0x3d build/default/production/_ext/1360937237/BootLoader.o
 .comment       0x00000000       0x3d build/default/production/_ext/1360937237/Framework.o
 .comment       0x00000000       0x3d build/default/production/_ext/1360937237/NVMem.o
 .comment       0x00000000       0x3d build/default/production/_ext/1360937237/EthernetTasks.o
 .comment       0x00000000       0x3d build/default/production/_ext/1360937237/Tick.o
 .comment       0x00000000       0x3d build/default/production/_ext/1360937237/stack_task.o
 .comment       0x00000000       0x3d build/default/production/_ext/1360937237/UDP.o
 .comment       0x00000000       0x3d build/default/production/_ext/1360937237/dhcp_client.o
 .comment       0x00000000       0x3d build/default/production/_ext/1360937237/ARP.o
 .comment       0x00000000       0x3d build/default/production/_ext/1360937237/Helpers.o
 .comment       0x00000000       0x3d build/default/production/_ext/1360937237/dns_client.o
 .comment       0x00000000       0x3d build/default/production/_ext/1360937237/nbns.o
 .comment       0x00000000       0x3d build/default/production/_ext/1360937237/drv_wifi_mac.o
 .comment       0x00000000       0x3d build/default/production/_ext/1360937237/drv_wifi_raw.o
 .comment       0x00000000       0x3d build/default/production/_ext/1360937237/drv_wifi_com.o
 .comment       0x00000000       0x3d build/default/production/_ext/1360937237/Delay.o
 .comment       0x00000000       0x3d build/default/production/_ext/1360937237/drv_wifi_eint.o
 .comment       0x00000000       0x3d build/default/production/_ext/1360937237/drv_wifi_debug_strings.o
 .comment       0x00000000       0x3d build/default/production/_ext/1360937237/drv_wifi_spi.o
 .comment       0x00000000       0x3d build/default/production/_ext/1360937237/drv_wifi_power_save.o
 .comment       0x00000000       0x3d build/default/production/_ext/1360937237/announce.o
 .comment       0x00000000       0x3d build/default/production/_ext/1360937237/drv_wifi_mgmt_msg.o
 .comment       0x00000000       0x3d build/default/production/_ext/1360937237/drv_wifi_event_handler.o
 .comment       0x00000000       0x3d build/default/production/_ext/1360937237/drv_wifi_config.o
 .comment       0x00000000       0x3d build/default/production/_ext/1360937237/drv_wifi_connection_algorithm.o
 .comment       0x00000000       0x3d build/default/production/_ext/1360937237/drv_wifi_connection_manager.o
 .comment       0x00000000       0x3d build/default/production/_ext/1360937237/drv_wifi_pbkdf2.o
 .comment       0x00000000       0x3d build/default/production/_ext/1360937237/drv_wifi_init.o
 .comment       0x00000000       0x3d build/default/production/_ext/1360937237/drv_wifi_param_msg.o
 .comment       0x00000000       0x3d build/default/production/_ext/1360937237/IP.o
 .comment       0x00000000       0x3d build/default/production/_ext/1360937237/icmp.o
 .comment       0x00000000       0x3d build/default/production/_ext/1360937237/tcp.o
 .comment       0x00000000       0x3d build/default/production/_ext/1360937237/uart.o
 .comment       0x00000000       0x3d build/default/production/_ext/1360937237/drv_wifi_connection_profile.o
 .comment       0x00000000       0x3d build/default/production/_ext/252762716/sntp.o
 .comment       0x00000000       0x3d build/default/production/_ext/252762716/ssl.o
 .comment       0x00000000       0x3d build/default/production/_ext/252762716/random.o
 .comment       0x00000000       0x3d build/default/production/_ext/252762716/hashes.o
 .comment       0x00000000       0x3d build/default/production/_ext/252762716/rsa.o
 .comment       0x00000000       0x3d build/default/production/_ext/252762716/big_int.o
 .comment       0x00000000       0x3d build/default/production/_ext/252762716/custom_ssl_cert.o
 .comment       0x00000000       0x3d build/default/production/_ext/252762716/arc4.o
 .comment       0x00000000       0x3d build/default/production/_ext/1360937237/smtp.o
 .comment       0x00000000       0x3d build/default/production/_ext/1360937237/smtp_demo.o
 .comment       0x00000000       0x3d build/default/production/_ext/252762716/http2.o
 .comment       0x00000000       0x3d build/default/production/_ext/252762716/mpfs2.o
 .comment       0x00000000       0x3d build/default/production/_ext/252762716/custom_http_app.o
 .comment       0x00000000       0x3d build/default/production/_ext/252762716/mpfs_img2.o
 .comment       0x0000003c       0x3c c:/program files (x86)/microchip/xc32/v2.30/bin/bin/../../lib/gcc/pic32mx/4.8.3/../../../../pic32mx/lib\libmchp_peripheral.a(read_core_timer_lib.o)
                                 0x3d (size before relaxing)
 .comment       0x00000000       0x3d c:/program files (x86)/microchip/xc32/v2.30/bin/bin/../../lib/gcc/pic32mx/4.8.3/../../../../pic32mx/lib\libmchp_peripheral.a(write_core_timer_lib.o)
 .comment       0x00000000       0x3d c:/program files (x86)/microchip/xc32/v2.30/bin/bin/../../lib/gcc/pic32mx/4.8.3/../../../../pic32mx/lib\libmchp_peripheral_32MX440F256H.a(pcache.o)
 .comment       0x00000000       0x3d c:/program files (x86)/microchip/xc32/v2.30/bin/bin/../../lib/gcc/pic32mx/4.8.3/../../../../pic32mx/lib\libmchp_peripheral_32MX440F256H.a(int_disable_interrupts_lib.o)
 .comment       0x00000000       0x3d c:/program files (x86)/microchip/xc32/v2.30/bin/bin/../../lib/gcc/pic32mx/4.8.3/../../../../pic32mx/lib\libmchp_peripheral_32MX440F256H.a(int_restore_interrupts_lib.o)
 .comment       0x00000000       0x3d c:/program files (x86)/microchip/xc32/v2.30/bin/bin/../../lib/gcc/pic32mx/4.8.3/../../../../pic32mx/lib\libmchp_peripheral_32MX440F256H.a(int_enable_mv_int_lib.o)
 .comment       0x00000000       0x3d c:/program files (x86)/microchip/xc32/v2.30/bin/bin/../../lib/gcc/pic32mx/4.8.3/../../../../pic32mx/lib\libmchp_peripheral_32MX440F256H.a(puts_uartx_lib_legacy.o)
 .comment       0x00000000       0x3d c:/program files (x86)/microchip/xc32/v2.30/bin/bin/../../lib/gcc/pic32mx/4.8.3/../../../../pic32mx/lib\libmchp_peripheral_32MX440F256H.a(int_enable_interrupts_lib.o)
 .comment       0x00000000       0x3d c:/program files (x86)/microchip/xc32/v2.30/bin/bin/../../lib/gcc/pic32mx/4.8.3\libgcc.a(_udivdi3.o)
 .comment       0x00000000       0x3d c:/program files (x86)/microchip/xc32/v2.30/bin/bin/../../lib/gcc/pic32mx/4.8.3\libgcc.a(_umoddi3.o)
 .comment       0x00000078       0x18 c:/program files (x86)/microchip/xc32/v2.30/bin/bin/../../lib/gcc/pic32mx/4.8.3/../../../../pic32mx/lib\libpic32.a(memcmp.o)
                                 0x19 (size before relaxing)
 .comment       0x00000090       0x18 c:/program files (x86)/microchip/xc32/v2.30/bin/bin/../../lib/gcc/pic32mx/4.8.3/../../../../pic32mx/lib\libpic32.a(memset.o)
                                 0x19 (size before relaxing)
 .comment       0x000000a8       0x19 c:/program files (x86)/microchip/xc32/v2.30/bin/bin/../../lib/gcc/pic32mx/4.8.3/../../../../pic32mx/lib\libpic32.a(strcpy.o)
                                 0x1a (size before relaxing)
 .comment       0x000000c1       0x19 c:/program files (x86)/microchip/xc32/v2.30/bin/bin/../../lib/gcc/pic32mx/4.8.3/../../../../pic32mx/lib\libpic32.a(strlen.o)
                                 0x1a (size before relaxing)
 .comment       0x00000000       0x3d c:/program files (x86)/microchip/xc32/v2.30/bin/bin/../../lib/gcc/pic32mx/4.8.3/../../../../pic32mx/lib\libpic32.a(default-bootstrap-exception-handler.o)
 .comment       0x00000000       0x3d c:/program files (x86)/microchip/xc32/v2.30/bin/bin/../../lib/gcc/pic32mx/4.8.3/../../../../pic32mx/lib\libpic32.a(default-on-reset.o)
 .comment       0x00000000       0x3d c:/program files (x86)/microchip/xc32/v2.30/bin/bin/../../lib/gcc/pic32mx/4.8.3/../../../../pic32mx/lib\libpic32.a(default-on-bootstrap.o)
 .comment       0x00000000       0x3d c:/program files (x86)/microchip/xc32/v2.30/bin/bin/../../lib/gcc/pic32mx/4.8.3/../../../../pic32mx/lib\libpic32.a(default-general-exception-handler.o)
 .comment       0x00000000       0x3d c:/program files (x86)/microchip/xc32/v2.30/bin/bin/../../lib/gcc/pic32mx/4.8.3/../../../../pic32mx/lib\libpic32.a(defaultinterrupt.o)
 .comment       0x00000000       0x3d c:/program files (x86)/microchip/xc32/v2.30/bin/bin/../../lib/gcc/pic32mx/4.8.3/../../../../pic32mx/lib\libc.a(strncpy.o)
 .comment       0x00000000       0x3d c:/program files (x86)/microchip/xc32/v2.30/bin/bin/../../lib/gcc/pic32mx/4.8.3/../../../../pic32mx/lib\libc.a(sprintf_cdnopsuxX.eo)
 .comment       0x00000000       0x3d c:/program files (x86)/microchip/xc32/v2.30/bin/bin/../../lib/gcc/pic32mx/4.8.3/../../../../pic32mx/lib\libc.a(doprnt_cdnopsuxX.eo)
 .comment       0x00000000       0x3d c:/program files (x86)/microchip/xc32/v2.30/bin/bin/../../lib/gcc/pic32mx/4.8.3/../../../../pic32mx/lib\libc.a(_fputc_simple.o)
 .comment       0x000000da       0x4e c:/program files (x86)/microchip/xc32/v2.30/bin/bin/../../lib/gcc/pic32mx/4.8.3/../../../../pic32mx/lib\libc.a(ctype.o)
                                 0x8b (size before relaxing)
 .comment       0x00000000       0x3d c:/program files (x86)/microchip/xc32/v2.30/bin/bin/../../lib/gcc/pic32mx/4.8.3/../../../../pic32mx/lib\libc.a(_iob.o)
 .comment       0x00000000       0x3d c:/program files (x86)/microchip/xc32/v2.30/bin/bin/../../lib/gcc/pic32mx/4.8.3/../../../../pic32mx/lib\libc.a(_flsbuf_simple.o)
 .comment       0x00000000       0x3d c:/program files (x86)/microchip/xc32/v2.30/bin/bin/../../lib/gcc/pic32mx/4.8.3/../../../../pic32mx/lib\libpic32.a(write.o)
 .comment       0x00000000       0x3d c:/program files (x86)/microchip/xc32/v2.30/bin/bin/../../lib/gcc/pic32mx/4.8.3/../../../../pic32mx/lib\libpic32.a(_mon_putc.o)
 .comment       0x00000000       0x3d c:/program files (x86)/microchip/xc32/v2.30/bin/bin/../../lib/gcc/pic32mx/4.8.3/../../../../pic32mx/lib\libpic32.a(xc32_uart.o)

.debug
 *(.debug)

.line
 *(.line)

.debug_srcinfo
 *(.debug_srcinfo)

.debug_sfnames
 *(.debug_sfnames)

.debug_aranges  0x00000000      0x8c0
 *(.debug_aranges)
 .debug_aranges
                0x00000000       0x20 build/default/production/_ext/659867239/daylight.o
 .debug_aranges
                0x00000020       0x20 build/default/production/_ext/659867239/rtc.o
 .debug_aranges
                0x00000040       0x20 build/default/production/_ext/659867239/rtcconverter.o
 .debug_aranges
                0x00000060       0x20 build/default/production/_ext/1360937237/BootLoader.o
 .debug_aranges
                0x00000080       0x20 build/default/production/_ext/1360937237/Framework.o
 .debug_aranges
                0x000000a0       0x20 build/default/production/_ext/1360937237/NVMem.o
 .debug_aranges
                0x000000c0       0x20 build/default/production/_ext/1360937237/EthernetTasks.o
 .debug_aranges
                0x000000e0       0x20 build/default/production/_ext/1360937237/Tick.o
 .debug_aranges
                0x00000100       0x20 build/default/production/_ext/1360937237/stack_task.o
 .debug_aranges
                0x00000120       0x20 build/default/production/_ext/1360937237/UDP.o
 .debug_aranges
                0x00000140       0x20 build/default/production/_ext/1360937237/dhcp_client.o
 .debug_aranges
                0x00000160       0x20 build/default/production/_ext/1360937237/ARP.o
 .debug_aranges
                0x00000180       0x20 build/default/production/_ext/1360937237/Helpers.o
 .debug_aranges
                0x000001a0       0x20 build/default/production/_ext/1360937237/dns_client.o
 .debug_aranges
                0x000001c0       0x20 build/default/production/_ext/1360937237/nbns.o
 .debug_aranges
                0x000001e0       0x20 build/default/production/_ext/1360937237/drv_wifi_mac.o
 .debug_aranges
                0x00000200       0x20 build/default/production/_ext/1360937237/drv_wifi_raw.o
 .debug_aranges
                0x00000220       0x20 build/default/production/_ext/1360937237/drv_wifi_com.o
 .debug_aranges
                0x00000240       0x20 build/default/production/_ext/1360937237/Delay.o
 .debug_aranges
                0x00000260       0x20 build/default/production/_ext/1360937237/drv_wifi_eint.o
 .debug_aranges
                0x00000280       0x20 build/default/production/_ext/1360937237/drv_wifi_debug_strings.o
 .debug_aranges
                0x000002a0       0x20 build/default/production/_ext/1360937237/drv_wifi_spi.o
 .debug_aranges
                0x000002c0       0x20 build/default/production/_ext/1360937237/drv_wifi_power_save.o
 .debug_aranges
                0x000002e0       0x20 build/default/production/_ext/1360937237/announce.o
 .debug_aranges
                0x00000300       0x20 build/default/production/_ext/1360937237/drv_wifi_mgmt_msg.o
 .debug_aranges
                0x00000320       0x20 build/default/production/_ext/1360937237/drv_wifi_event_handler.o
 .debug_aranges
                0x00000340       0x20 build/default/production/_ext/1360937237/drv_wifi_config.o
 .debug_aranges
                0x00000360       0x20 build/default/production/_ext/1360937237/drv_wifi_connection_algorithm.o
 .debug_aranges
                0x00000380       0x20 build/default/production/_ext/1360937237/drv_wifi_connection_manager.o
 .debug_aranges
                0x000003a0       0x20 build/default/production/_ext/1360937237/drv_wifi_pbkdf2.o
 .debug_aranges
                0x000003c0       0x20 build/default/production/_ext/1360937237/drv_wifi_init.o
 .debug_aranges
                0x000003e0       0x20 build/default/production/_ext/1360937237/drv_wifi_param_msg.o
 .debug_aranges
                0x00000400       0x20 build/default/production/_ext/1360937237/IP.o
 .debug_aranges
                0x00000420       0x20 build/default/production/_ext/1360937237/icmp.o
 .debug_aranges
                0x00000440       0x18 build/default/production/_ext/1360937237/tcp.o
 .debug_aranges
                0x00000458       0x20 build/default/production/_ext/1360937237/uart.o
 .debug_aranges
                0x00000478       0x20 build/default/production/_ext/1360937237/drv_wifi_connection_profile.o
 .debug_aranges
                0x00000498       0x20 build/default/production/_ext/252762716/sntp.o
 .debug_aranges
                0x000004b8       0x18 build/default/production/_ext/252762716/ssl.o
 .debug_aranges
                0x000004d0       0x18 build/default/production/_ext/252762716/random.o
 .debug_aranges
                0x000004e8       0x18 build/default/production/_ext/252762716/hashes.o
 .debug_aranges
                0x00000500       0x18 build/default/production/_ext/252762716/rsa.o
 .debug_aranges
                0x00000518       0x18 build/default/production/_ext/252762716/big_int.o
 .debug_aranges
                0x00000530       0x18 build/default/production/_ext/252762716/custom_ssl_cert.o
 .debug_aranges
                0x00000548       0x18 build/default/production/_ext/252762716/arc4.o
 .debug_aranges
                0x00000560       0x18 build/default/production/_ext/1360937237/smtp.o
 .debug_aranges
                0x00000578       0x18 build/default/production/_ext/1360937237/smtp_demo.o
 .debug_aranges
                0x00000590       0x18 build/default/production/_ext/252762716/http2.o
 .debug_aranges
                0x000005a8       0x18 build/default/production/_ext/252762716/mpfs2.o
 .debug_aranges
                0x000005c0       0x18 build/default/production/_ext/252762716/custom_http_app.o
 .debug_aranges
                0x000005d8       0x18 build/default/production/_ext/252762716/mpfs_img2.o
 .debug_aranges
                0x000005f0       0x20 c:/program files (x86)/microchip/xc32/v2.30/bin/bin/../../lib/gcc/pic32mx/4.8.3/../../../../pic32mx/lib\libmchp_peripheral.a(read_core_timer_lib.o)
 .debug_aranges
                0x00000610       0x20 c:/program files (x86)/microchip/xc32/v2.30/bin/bin/../../lib/gcc/pic32mx/4.8.3/../../../../pic32mx/lib\libmchp_peripheral.a(write_core_timer_lib.o)
 .debug_aranges
                0x00000630       0x28 c:/program files (x86)/microchip/xc32/v2.30/bin/bin/../../lib/gcc/pic32mx/4.8.3/../../../../pic32mx/lib\libmchp_peripheral_32MX440F256H.a(pcache.o)
 .debug_aranges
                0x00000658       0x20 c:/program files (x86)/microchip/xc32/v2.30/bin/bin/../../lib/gcc/pic32mx/4.8.3/../../../../pic32mx/lib\libmchp_peripheral_32MX440F256H.a(int_disable_interrupts_lib.o)
 .debug_aranges
                0x00000678       0x20 c:/program files (x86)/microchip/xc32/v2.30/bin/bin/../../lib/gcc/pic32mx/4.8.3/../../../../pic32mx/lib\libmchp_peripheral_32MX440F256H.a(int_restore_interrupts_lib.o)
 .debug_aranges
                0x00000698       0x20 c:/program files (x86)/microchip/xc32/v2.30/bin/bin/../../lib/gcc/pic32mx/4.8.3/../../../../pic32mx/lib\libmchp_peripheral_32MX440F256H.a(int_enable_mv_int_lib.o)
 .debug_aranges
                0x000006b8       0x28 c:/program files (x86)/microchip/xc32/v2.30/bin/bin/../../lib/gcc/pic32mx/4.8.3/../../../../pic32mx/lib\libmchp_peripheral_32MX440F256H.a(puts_uartx_lib_legacy.o)
 .debug_aranges
                0x000006e0       0x20 c:/program files (x86)/microchip/xc32/v2.30/bin/bin/../../lib/gcc/pic32mx/4.8.3/../../../../pic32mx/lib\libmchp_peripheral_32MX440F256H.a(int_enable_interrupts_lib.o)
 .debug_aranges
                0x00000700       0x20 c:/program files (x86)/microchip/xc32/v2.30/bin/bin/../../lib/gcc/pic32mx/4.8.3\libgcc.a(_udivdi3.o)
 .debug_aranges
                0x00000720       0x20 c:/program files (x86)/microchip/xc32/v2.30/bin/bin/../../lib/gcc/pic32mx/4.8.3\libgcc.a(_umoddi3.o)
 .debug_aranges
                0x00000740       0x20 c:/program files (x86)/microchip/xc32/v2.30/bin/bin/../../lib/gcc/pic32mx/4.8.3/../../../../pic32mx/lib\libpic32.a(default-bootstrap-exception-handler.o)
 .debug_aranges
                0x00000760       0x20 c:/program files (x86)/microchip/xc32/v2.30/bin/bin/../../lib/gcc/pic32mx/4.8.3/../../../../pic32mx/lib\libpic32.a(default-on-reset.o)
 .debug_aranges
                0x00000780       0x20 c:/program files (x86)/microchip/xc32/v2.30/bin/bin/../../lib/gcc/pic32mx/4.8.3/../../../../pic32mx/lib\libpic32.a(default-on-bootstrap.o)
 .debug_aranges
                0x000007a0       0x20 c:/program files (x86)/microchip/xc32/v2.30/bin/bin/../../lib/gcc/pic32mx/4.8.3/../../../../pic32mx/lib\libpic32.a(default-general-exception-handler.o)
 .debug_aranges
                0x000007c0       0x20 c:/program files (x86)/microchip/xc32/v2.30/bin/bin/../../lib/gcc/pic32mx/4.8.3/../../../../pic32mx/lib\libpic32.a(defaultinterrupt.o)
 .debug_aranges
                0x000007e0       0x20 c:/program files (x86)/microchip/xc32/v2.30/bin/bin/../../lib/gcc/pic32mx/4.8.3/../../../../pic32mx/lib\libc.a(strncpy.o)
 .debug_aranges
                0x00000800       0x20 c:/program files (x86)/microchip/xc32/v2.30/bin/bin/../../lib/gcc/pic32mx/4.8.3/../../../../pic32mx/lib\libc.a(sprintf_cdnopsuxX.eo)
 .debug_aranges
                0x00000820       0x20 c:/program files (x86)/microchip/xc32/v2.30/bin/bin/../../lib/gcc/pic32mx/4.8.3/../../../../pic32mx/lib\libc.a(doprnt_cdnopsuxX.eo)
 .debug_aranges
                0x00000840       0x20 c:/program files (x86)/microchip/xc32/v2.30/bin/bin/../../lib/gcc/pic32mx/4.8.3/../../../../pic32mx/lib\libc.a(_fputc_simple.o)
 .debug_aranges
                0x00000860       0x20 c:/program files (x86)/microchip/xc32/v2.30/bin/bin/../../lib/gcc/pic32mx/4.8.3/../../../../pic32mx/lib\libc.a(_flsbuf_simple.o)
 .debug_aranges
                0x00000880       0x20 c:/program files (x86)/microchip/xc32/v2.30/bin/bin/../../lib/gcc/pic32mx/4.8.3/../../../../pic32mx/lib\libpic32.a(write.o)
 .debug_aranges
                0x000008a0       0x20 c:/program files (x86)/microchip/xc32/v2.30/bin/bin/../../lib/gcc/pic32mx/4.8.3/../../../../pic32mx/lib\libpic32.a(_mon_putc.o)

.debug_pubnames
 *(.debug_pubnames)

.debug_info     0x00000000    0x4c24a
 *(.debug_info .gnu.linkonce.wi.*)
 .debug_info    0x00000000      0x2c9 build/default/production/_ext/659867239/daylight.o
 .debug_info    0x000002c9      0xb8f build/default/production/_ext/659867239/rtc.o
 .debug_info    0x00000e58      0x4b9 build/default/production/_ext/659867239/rtcconverter.o
 .debug_info    0x00001311     0x12eb build/default/production/_ext/1360937237/BootLoader.o
 .debug_info    0x000025fc     0x1b85 build/default/production/_ext/1360937237/Framework.o
 .debug_info    0x00004181     0x1253 build/default/production/_ext/1360937237/NVMem.o
 .debug_info    0x000053d4     0x2e20 build/default/production/_ext/1360937237/EthernetTasks.o
 .debug_info    0x000081f4     0x1685 build/default/production/_ext/1360937237/Tick.o
 .debug_info    0x00009879     0x1bc1 build/default/production/_ext/1360937237/stack_task.o
 .debug_info    0x0000b43a     0x245d build/default/production/_ext/1360937237/UDP.o
 .debug_info    0x0000d897     0x281d build/default/production/_ext/1360937237/dhcp_client.o
 .debug_info    0x000100b4     0x1b07 build/default/production/_ext/1360937237/ARP.o
 .debug_info    0x00011bbb     0x1983 build/default/production/_ext/1360937237/Helpers.o
 .debug_info    0x0001353e     0x2379 build/default/production/_ext/1360937237/dns_client.o
 .debug_info    0x000158b7     0x1f83 build/default/production/_ext/1360937237/nbns.o
 .debug_info    0x0001783a     0x2ba4 build/default/production/_ext/1360937237/drv_wifi_mac.o
 .debug_info    0x0001a3de     0x1e23 build/default/production/_ext/1360937237/drv_wifi_raw.o
 .debug_info    0x0001c201     0x2af6 build/default/production/_ext/1360937237/drv_wifi_com.o
 .debug_info    0x0001ecf7      0xec3 build/default/production/_ext/1360937237/Delay.o
 .debug_info    0x0001fbba     0x17ed build/default/production/_ext/1360937237/drv_wifi_eint.o
 .debug_info    0x000213a7     0x21d0 build/default/production/_ext/1360937237/drv_wifi_debug_strings.o
 .debug_info    0x00023577     0x16b0 build/default/production/_ext/1360937237/drv_wifi_spi.o
 .debug_info    0x00024c27     0x1ab9 build/default/production/_ext/1360937237/drv_wifi_power_save.o
 .debug_info    0x000266e0     0x1c66 build/default/production/_ext/1360937237/announce.o
 .debug_info    0x00028346     0x1b74 build/default/production/_ext/1360937237/drv_wifi_mgmt_msg.o
 .debug_info    0x00029eba     0x150b build/default/production/_ext/1360937237/drv_wifi_event_handler.o
 .debug_info    0x0002b3c5     0x13fa build/default/production/_ext/1360937237/drv_wifi_config.o
 .debug_info    0x0002c7bf     0x2888 build/default/production/_ext/1360937237/drv_wifi_connection_algorithm.o
 .debug_info    0x0002f047     0x1784 build/default/production/_ext/1360937237/drv_wifi_connection_manager.o
 .debug_info    0x000307cb     0x1d0c build/default/production/_ext/1360937237/drv_wifi_pbkdf2.o
 .debug_info    0x000324d7     0x1b1a build/default/production/_ext/1360937237/drv_wifi_init.o
 .debug_info    0x00033ff1     0x236a build/default/production/_ext/1360937237/drv_wifi_param_msg.o
 .debug_info    0x0003635b     0x1ac4 build/default/production/_ext/1360937237/IP.o
 .debug_info    0x00037e1f     0x1592 build/default/production/_ext/1360937237/icmp.o
 .debug_info    0x000393b1      0xec0 build/default/production/_ext/1360937237/tcp.o
 .debug_info    0x0003a271     0x10c0 build/default/production/_ext/1360937237/uart.o
 .debug_info    0x0003b331     0x25e1 build/default/production/_ext/1360937237/drv_wifi_connection_profile.o
 .debug_info    0x0003d912     0x144c build/default/production/_ext/252762716/sntp.o
 .debug_info    0x0003ed5e      0xe23 build/default/production/_ext/252762716/ssl.o
 .debug_info    0x0003fb81      0xe26 build/default/production/_ext/252762716/random.o
 .debug_info    0x000409a7      0xe26 build/default/production/_ext/252762716/hashes.o
 .debug_info    0x000417cd      0xe23 build/default/production/_ext/252762716/rsa.o
 .debug_info    0x000425f0      0xe27 build/default/production/_ext/252762716/big_int.o
 .debug_info    0x00043417      0xdbe build/default/production/_ext/252762716/custom_ssl_cert.o
 .debug_info    0x000441d5      0xe24 build/default/production/_ext/252762716/arc4.o
 .debug_info    0x00044ff9      0xde6 build/default/production/_ext/1360937237/smtp.o
 .debug_info    0x00045ddf      0xde2 build/default/production/_ext/1360937237/smtp_demo.o
 .debug_info    0x00046bc1      0xe25 build/default/production/_ext/252762716/http2.o
 .debug_info    0x000479e6      0xe25 build/default/production/_ext/252762716/mpfs2.o
 .debug_info    0x0004880b      0xdbe build/default/production/_ext/252762716/custom_http_app.o
 .debug_info    0x000495c9      0xe29 build/default/production/_ext/252762716/mpfs_img2.o
 .debug_info    0x0004a3f2       0xa8 c:/program files (x86)/microchip/xc32/v2.30/bin/bin/../../lib/gcc/pic32mx/4.8.3/../../../../pic32mx/lib\libmchp_peripheral.a(read_core_timer_lib.o)
 .debug_info    0x0004a49a       0xaa c:/program files (x86)/microchip/xc32/v2.30/bin/bin/../../lib/gcc/pic32mx/4.8.3/../../../../pic32mx/lib\libmchp_peripheral.a(write_core_timer_lib.o)
 .debug_info    0x0004a544       0xbe c:/program files (x86)/microchip/xc32/v2.30/bin/bin/../../lib/gcc/pic32mx/4.8.3/../../../../pic32mx/lib\libmchp_peripheral_32MX440F256H.a(pcache.o)
 .debug_info    0x0004a602       0xb4 c:/program files (x86)/microchip/xc32/v2.30/bin/bin/../../lib/gcc/pic32mx/4.8.3/../../../../pic32mx/lib\libmchp_peripheral_32MX440F256H.a(int_disable_interrupts_lib.o)
 .debug_info    0x0004a6b6       0xb4 c:/program files (x86)/microchip/xc32/v2.30/bin/bin/../../lib/gcc/pic32mx/4.8.3/../../../../pic32mx/lib\libmchp_peripheral_32MX440F256H.a(int_restore_interrupts_lib.o)
 .debug_info    0x0004a76a       0xba c:/program files (x86)/microchip/xc32/v2.30/bin/bin/../../lib/gcc/pic32mx/4.8.3/../../../../pic32mx/lib\libmchp_peripheral_32MX440F256H.a(int_enable_mv_int_lib.o)
 .debug_info    0x0004a824       0xbe c:/program files (x86)/microchip/xc32/v2.30/bin/bin/../../lib/gcc/pic32mx/4.8.3/../../../../pic32mx/lib\libmchp_peripheral_32MX440F256H.a(puts_uartx_lib_legacy.o)
 .debug_info    0x0004a8e2       0xb2 c:/program files (x86)/microchip/xc32/v2.30/bin/bin/../../lib/gcc/pic32mx/4.8.3/../../../../pic32mx/lib\libmchp_peripheral_32MX440F256H.a(int_enable_interrupts_lib.o)
 .debug_info    0x0004a994      0x74b c:/program files (x86)/microchip/xc32/v2.30/bin/bin/../../lib/gcc/pic32mx/4.8.3\libgcc.a(_udivdi3.o)
 .debug_info    0x0004b0df      0x788 c:/program files (x86)/microchip/xc32/v2.30/bin/bin/../../lib/gcc/pic32mx/4.8.3\libgcc.a(_umoddi3.o)
 .debug_info    0x0004b867       0xf4 c:/program files (x86)/microchip/xc32/v2.30/bin/bin/../../lib/gcc/pic32mx/4.8.3/../../../../pic32mx/lib\libpic32.a(default-bootstrap-exception-handler.o)
 .debug_info    0x0004b95b       0xcd c:/program files (x86)/microchip/xc32/v2.30/bin/bin/../../lib/gcc/pic32mx/4.8.3/../../../../pic32mx/lib\libpic32.a(default-on-reset.o)
 .debug_info    0x0004ba28       0xd5 c:/program files (x86)/microchip/xc32/v2.30/bin/bin/../../lib/gcc/pic32mx/4.8.3/../../../../pic32mx/lib\libpic32.a(default-on-bootstrap.o)
 .debug_info    0x0004bafd       0xf0 c:/program files (x86)/microchip/xc32/v2.30/bin/bin/../../lib/gcc/pic32mx/4.8.3/../../../../pic32mx/lib\libpic32.a(default-general-exception-handler.o)
 .debug_info    0x0004bbed       0xe7 c:/program files (x86)/microchip/xc32/v2.30/bin/bin/../../lib/gcc/pic32mx/4.8.3/../../../../pic32mx/lib\libpic32.a(defaultinterrupt.o)
 .debug_info    0x0004bcd4       0xc6 c:/program files (x86)/microchip/xc32/v2.30/bin/bin/../../lib/gcc/pic32mx/4.8.3/../../../../pic32mx/lib\libc.a(strncpy.o)
 .debug_info    0x0004bd9a       0xd1 c:/program files (x86)/microchip/xc32/v2.30/bin/bin/../../lib/gcc/pic32mx/4.8.3/../../../../pic32mx/lib\libc.a(sprintf_cdnopsuxX.eo)
 .debug_info    0x0004be6b       0xd2 c:/program files (x86)/microchip/xc32/v2.30/bin/bin/../../lib/gcc/pic32mx/4.8.3/../../../../pic32mx/lib\libc.a(doprnt_cdnopsuxX.eo)
 .debug_info    0x0004bf3d       0xc2 c:/program files (x86)/microchip/xc32/v2.30/bin/bin/../../lib/gcc/pic32mx/4.8.3/../../../../pic32mx/lib\libc.a(_fputc_simple.o)
 .debug_info    0x0004bfff       0xc5 c:/program files (x86)/microchip/xc32/v2.30/bin/bin/../../lib/gcc/pic32mx/4.8.3/../../../../pic32mx/lib\libc.a(_flsbuf_simple.o)
 .debug_info    0x0004c0c4       0xbf c:/program files (x86)/microchip/xc32/v2.30/bin/bin/../../lib/gcc/pic32mx/4.8.3/../../../../pic32mx/lib\libpic32.a(write.o)
 .debug_info    0x0004c183       0xc7 c:/program files (x86)/microchip/xc32/v2.30/bin/bin/../../lib/gcc/pic32mx/4.8.3/../../../../pic32mx/lib\libpic32.a(_mon_putc.o)

.debug_abbrev   0x00000000     0x7945
 *(.debug_abbrev)
 .debug_abbrev  0x00000000       0xcb build/default/production/_ext/659867239/daylight.o
 .debug_abbrev  0x000000cb      0x291 build/default/production/_ext/659867239/rtc.o
 .debug_abbrev  0x0000035c      0x127 build/default/production/_ext/659867239/rtcconverter.o
 .debug_abbrev  0x00000483      0x37b build/default/production/_ext/1360937237/BootLoader.o
 .debug_abbrev  0x000007fe      0x2e4 build/default/production/_ext/1360937237/Framework.o
 .debug_abbrev  0x00000ae2      0x316 build/default/production/_ext/1360937237/NVMem.o
 .debug_abbrev  0x00000df8      0x31f build/default/production/_ext/1360937237/EthernetTasks.o
 .debug_abbrev  0x00001117      0x21c build/default/production/_ext/1360937237/Tick.o
 .debug_abbrev  0x00001333      0x266 build/default/production/_ext/1360937237/stack_task.o
 .debug_abbrev  0x00001599      0x3c6 build/default/production/_ext/1360937237/UDP.o
 .debug_abbrev  0x0000195f      0x33e build/default/production/_ext/1360937237/dhcp_client.o
 .debug_abbrev  0x00001c9d      0x2fa build/default/production/_ext/1360937237/ARP.o
 .debug_abbrev  0x00001f97      0x280 build/default/production/_ext/1360937237/Helpers.o
 .debug_abbrev  0x00002217      0x2dc build/default/production/_ext/1360937237/dns_client.o
 .debug_abbrev  0x000024f3      0x2d4 build/default/production/_ext/1360937237/nbns.o
 .debug_abbrev  0x000027c7      0x43b build/default/production/_ext/1360937237/drv_wifi_mac.o
 .debug_abbrev  0x00002c02      0x3ec build/default/production/_ext/1360937237/drv_wifi_raw.o
 .debug_abbrev  0x00002fee      0x3b7 build/default/production/_ext/1360937237/drv_wifi_com.o
 .debug_abbrev  0x000033a5      0x187 build/default/production/_ext/1360937237/Delay.o
 .debug_abbrev  0x0000352c      0x184 build/default/production/_ext/1360937237/drv_wifi_eint.o
 .debug_abbrev  0x000036b0      0x309 build/default/production/_ext/1360937237/drv_wifi_debug_strings.o
 .debug_abbrev  0x000039b9      0x23f build/default/production/_ext/1360937237/drv_wifi_spi.o
 .debug_abbrev  0x00003bf8      0x3d0 build/default/production/_ext/1360937237/drv_wifi_power_save.o
 .debug_abbrev  0x00003fc8      0x287 build/default/production/_ext/1360937237/announce.o
 .debug_abbrev  0x0000424f      0x30f build/default/production/_ext/1360937237/drv_wifi_mgmt_msg.o
 .debug_abbrev  0x0000455e      0x2b3 build/default/production/_ext/1360937237/drv_wifi_event_handler.o
 .debug_abbrev  0x00004811      0x237 build/default/production/_ext/1360937237/drv_wifi_config.o
 .debug_abbrev  0x00004a48      0x39c build/default/production/_ext/1360937237/drv_wifi_connection_algorithm.o
 .debug_abbrev  0x00004de4      0x312 build/default/production/_ext/1360937237/drv_wifi_connection_manager.o
 .debug_abbrev  0x000050f6      0x32d build/default/production/_ext/1360937237/drv_wifi_pbkdf2.o
 .debug_abbrev  0x00005423      0x249 build/default/production/_ext/1360937237/drv_wifi_init.o
 .debug_abbrev  0x0000566c      0x28e build/default/production/_ext/1360937237/drv_wifi_param_msg.o
 .debug_abbrev  0x000058fa      0x26c build/default/production/_ext/1360937237/IP.o
 .debug_abbrev  0x00005b66      0x1f6 build/default/production/_ext/1360937237/icmp.o
 .debug_abbrev  0x00005d5c      0x141 build/default/production/_ext/1360937237/tcp.o
 .debug_abbrev  0x00005e9d      0x156 build/default/production/_ext/1360937237/uart.o
 .debug_abbrev  0x00005ff3      0x341 build/default/production/_ext/1360937237/drv_wifi_connection_profile.o
 .debug_abbrev  0x00006334      0x23e build/default/production/_ext/252762716/sntp.o
 .debug_abbrev  0x00006572      0x118 build/default/production/_ext/252762716/ssl.o
 .debug_abbrev  0x0000668a      0x118 build/default/production/_ext/252762716/random.o
 .debug_abbrev  0x000067a2      0x118 build/default/production/_ext/252762716/hashes.o
 .debug_abbrev  0x000068ba      0x118 build/default/production/_ext/252762716/rsa.o
 .debug_abbrev  0x000069d2      0x118 build/default/production/_ext/252762716/big_int.o
 .debug_abbrev  0x00006aea      0x116 build/default/production/_ext/252762716/custom_ssl_cert.o
 .debug_abbrev  0x00006c00      0x118 build/default/production/_ext/252762716/arc4.o
 .debug_abbrev  0x00006d18      0x118 build/default/production/_ext/1360937237/smtp.o
 .debug_abbrev  0x00006e30      0x118 build/default/production/_ext/1360937237/smtp_demo.o
 .debug_abbrev  0x00006f48      0x118 build/default/production/_ext/252762716/http2.o
 .debug_abbrev  0x00007060      0x118 build/default/production/_ext/252762716/mpfs2.o
 .debug_abbrev  0x00007178      0x116 build/default/production/_ext/252762716/custom_http_app.o
 .debug_abbrev  0x0000728e      0x118 build/default/production/_ext/252762716/mpfs_img2.o
 .debug_abbrev  0x000073a6       0x28 c:/program files (x86)/microchip/xc32/v2.30/bin/bin/../../lib/gcc/pic32mx/4.8.3/../../../../pic32mx/lib\libmchp_peripheral.a(read_core_timer_lib.o)
 .debug_abbrev  0x000073ce       0x28 c:/program files (x86)/microchip/xc32/v2.30/bin/bin/../../lib/gcc/pic32mx/4.8.3/../../../../pic32mx/lib\libmchp_peripheral.a(write_core_timer_lib.o)
 .debug_abbrev  0x000073f6       0x28 c:/program files (x86)/microchip/xc32/v2.30/bin/bin/../../lib/gcc/pic32mx/4.8.3/../../../../pic32mx/lib\libmchp_peripheral_32MX440F256H.a(pcache.o)
 .debug_abbrev  0x0000741e       0x28 c:/program files (x86)/microchip/xc32/v2.30/bin/bin/../../lib/gcc/pic32mx/4.8.3/../../../../pic32mx/lib\libmchp_peripheral_32MX440F256H.a(int_disable_interrupts_lib.o)
 .debug_abbrev  0x00007446       0x28 c:/program files (x86)/microchip/xc32/v2.30/bin/bin/../../lib/gcc/pic32mx/4.8.3/../../../../pic32mx/lib\libmchp_peripheral_32MX440F256H.a(int_restore_interrupts_lib.o)
 .debug_abbrev  0x0000746e       0x28 c:/program files (x86)/microchip/xc32/v2.30/bin/bin/../../lib/gcc/pic32mx/4.8.3/../../../../pic32mx/lib\libmchp_peripheral_32MX440F256H.a(int_enable_mv_int_lib.o)
 .debug_abbrev  0x00007496       0x28 c:/program files (x86)/microchip/xc32/v2.30/bin/bin/../../lib/gcc/pic32mx/4.8.3/../../../../pic32mx/lib\libmchp_peripheral_32MX440F256H.a(puts_uartx_lib_legacy.o)
 .debug_abbrev  0x000074be       0x28 c:/program files (x86)/microchip/xc32/v2.30/bin/bin/../../lib/gcc/pic32mx/4.8.3/../../../../pic32mx/lib\libmchp_peripheral_32MX440F256H.a(int_enable_interrupts_lib.o)
 .debug_abbrev  0x000074e6      0x138 c:/program files (x86)/microchip/xc32/v2.30/bin/bin/../../lib/gcc/pic32mx/4.8.3\libgcc.a(_udivdi3.o)
 .debug_abbrev  0x0000761e      0x147 c:/program files (x86)/microchip/xc32/v2.30/bin/bin/../../lib/gcc/pic32mx/4.8.3\libgcc.a(_umoddi3.o)
 .debug_abbrev  0x00007765       0x28 c:/program files (x86)/microchip/xc32/v2.30/bin/bin/../../lib/gcc/pic32mx/4.8.3/../../../../pic32mx/lib\libpic32.a(default-bootstrap-exception-handler.o)
 .debug_abbrev  0x0000778d       0x28 c:/program files (x86)/microchip/xc32/v2.30/bin/bin/../../lib/gcc/pic32mx/4.8.3/../../../../pic32mx/lib\libpic32.a(default-on-reset.o)
 .debug_abbrev  0x000077b5       0x28 c:/program files (x86)/microchip/xc32/v2.30/bin/bin/../../lib/gcc/pic32mx/4.8.3/../../../../pic32mx/lib\libpic32.a(default-on-bootstrap.o)
 .debug_abbrev  0x000077dd       0x28 c:/program files (x86)/microchip/xc32/v2.30/bin/bin/../../lib/gcc/pic32mx/4.8.3/../../../../pic32mx/lib\libpic32.a(default-general-exception-handler.o)
 .debug_abbrev  0x00007805       0x28 c:/program files (x86)/microchip/xc32/v2.30/bin/bin/../../lib/gcc/pic32mx/4.8.3/../../../../pic32mx/lib\libpic32.a(defaultinterrupt.o)
 .debug_abbrev  0x0000782d       0x28 c:/program files (x86)/microchip/xc32/v2.30/bin/bin/../../lib/gcc/pic32mx/4.8.3/../../../../pic32mx/lib\libc.a(strncpy.o)
 .debug_abbrev  0x00007855       0x28 c:/program files (x86)/microchip/xc32/v2.30/bin/bin/../../lib/gcc/pic32mx/4.8.3/../../../../pic32mx/lib\libc.a(sprintf_cdnopsuxX.eo)
 .debug_abbrev  0x0000787d       0x28 c:/program files (x86)/microchip/xc32/v2.30/bin/bin/../../lib/gcc/pic32mx/4.8.3/../../../../pic32mx/lib\libc.a(doprnt_cdnopsuxX.eo)
 .debug_abbrev  0x000078a5       0x28 c:/program files (x86)/microchip/xc32/v2.30/bin/bin/../../lib/gcc/pic32mx/4.8.3/../../../../pic32mx/lib\libc.a(_fputc_simple.o)
 .debug_abbrev  0x000078cd       0x28 c:/program files (x86)/microchip/xc32/v2.30/bin/bin/../../lib/gcc/pic32mx/4.8.3/../../../../pic32mx/lib\libc.a(_flsbuf_simple.o)
 .debug_abbrev  0x000078f5       0x28 c:/program files (x86)/microchip/xc32/v2.30/bin/bin/../../lib/gcc/pic32mx/4.8.3/../../../../pic32mx/lib\libpic32.a(write.o)
 .debug_abbrev  0x0000791d       0x28 c:/program files (x86)/microchip/xc32/v2.30/bin/bin/../../lib/gcc/pic32mx/4.8.3/../../../../pic32mx/lib\libpic32.a(_mon_putc.o)

.debug_line     0x00000000     0x8d48
 *(.debug_line)
 .debug_line    0x00000000      0x10b build/default/production/_ext/659867239/daylight.o
 .debug_line    0x0000010b      0x26d build/default/production/_ext/659867239/rtc.o
 .debug_line    0x00000378      0x19b build/default/production/_ext/659867239/rtcconverter.o
 .debug_line    0x00000513      0x2c1 build/default/production/_ext/1360937237/BootLoader.o
 .debug_line    0x000007d4      0x335 build/default/production/_ext/1360937237/Framework.o
 .debug_line    0x00000b09      0x2a0 build/default/production/_ext/1360937237/NVMem.o
 .debug_line    0x00000da9      0x475 build/default/production/_ext/1360937237/EthernetTasks.o
 .debug_line    0x0000121e      0x28d build/default/production/_ext/1360937237/Tick.o
 .debug_line    0x000014ab      0x351 build/default/production/_ext/1360937237/stack_task.o
 .debug_line    0x000017fc      0x3c5 build/default/production/_ext/1360937237/UDP.o
 .debug_line    0x00001bc1      0x452 build/default/production/_ext/1360937237/dhcp_client.o
 .debug_line    0x00002013      0x2e7 build/default/production/_ext/1360937237/ARP.o
 .debug_line    0x000022fa      0x34a build/default/production/_ext/1360937237/Helpers.o
 .debug_line    0x00002644      0x385 build/default/production/_ext/1360937237/dns_client.o
 .debug_line    0x000029c9      0x2e1 build/default/production/_ext/1360937237/nbns.o
 .debug_line    0x00002caa      0x4c0 build/default/production/_ext/1360937237/drv_wifi_mac.o
 .debug_line    0x0000316a      0x33e build/default/production/_ext/1360937237/drv_wifi_raw.o
 .debug_line    0x000034a8      0x3a6 build/default/production/_ext/1360937237/drv_wifi_com.o
 .debug_line    0x0000384e      0x1e1 build/default/production/_ext/1360937237/Delay.o
 .debug_line    0x00003a2f      0x271 build/default/production/_ext/1360937237/drv_wifi_eint.o
 .debug_line    0x00003ca0      0x36f build/default/production/_ext/1360937237/drv_wifi_debug_strings.o
 .debug_line    0x0000400f      0x284 build/default/production/_ext/1360937237/drv_wifi_spi.o
 .debug_line    0x00004293      0x2df build/default/production/_ext/1360937237/drv_wifi_power_save.o
 .debug_line    0x00004572      0x2c4 build/default/production/_ext/1360937237/announce.o
 .debug_line    0x00004836      0x34c build/default/production/_ext/1360937237/drv_wifi_mgmt_msg.o
 .debug_line    0x00004b82      0x2d3 build/default/production/_ext/1360937237/drv_wifi_event_handler.o
 .debug_line    0x00004e55      0x2fa build/default/production/_ext/1360937237/drv_wifi_config.o
 .debug_line    0x0000514f      0x377 build/default/production/_ext/1360937237/drv_wifi_connection_algorithm.o
 .debug_line    0x000054c6      0x2c0 build/default/production/_ext/1360937237/drv_wifi_connection_manager.o
 .debug_line    0x00005786      0x344 build/default/production/_ext/1360937237/drv_wifi_pbkdf2.o
 .debug_line    0x00005aca      0x2d3 build/default/production/_ext/1360937237/drv_wifi_init.o
 .debug_line    0x00005d9d      0x2ef build/default/production/_ext/1360937237/drv_wifi_param_msg.o
 .debug_line    0x0000608c      0x2ab build/default/production/_ext/1360937237/IP.o
 .debug_line    0x00006337      0x26e build/default/production/_ext/1360937237/icmp.o
 .debug_line    0x000065a5      0x1cb build/default/production/_ext/1360937237/tcp.o
 .debug_line    0x00006770      0x1df build/default/production/_ext/1360937237/uart.o
 .debug_line    0x0000694f      0x349 build/default/production/_ext/1360937237/drv_wifi_connection_profile.o
 .debug_line    0x00006c98      0x282 build/default/production/_ext/252762716/sntp.o
 .debug_line    0x00006f1a      0x166 build/default/production/_ext/252762716/ssl.o
 .debug_line    0x00007080      0x166 build/default/production/_ext/252762716/random.o
 .debug_line    0x000071e6      0x166 build/default/production/_ext/252762716/hashes.o