Archive member included because of file (symbol)

c:/program files (x86)/microchip/xc32/v2.30/bin/bin/../../lib/gcc/pic32mx/4.8.3/../../../../pic32mx/lib\libmchp_peripheral.a(read_core_timer_lib.o)
                              output\NVMem.o (ReadCoreTimer)
c:/program files (x86)/microchip/xc32/v2.30/bin/bin/../../lib/gcc/pic32mx/4.8.3/../../../../pic32mx/lib\libmchp_peripheral.a(write_core_timer_lib.o)
                              output\NVMem.o (WriteCoreTimer)
c:/program files (x86)/microchip/xc32/v2.30/bin/bin/../../lib/gcc/pic32mx/4.8.3/../../../../pic32mx/lib\libmchp_peripheral_32MX470F512H.a(pcache.o)
                              output\BootLoader.o (CheKseg0CacheOn)
c:/program files (x86)/microchip/xc32/v2.30/bin/bin/../../lib/gcc/pic32mx/4.8.3/../../../../pic32mx/lib\libmchp_peripheral_32MX470F512H.a(int_disable_interrupts_lib.o)
                              output\BootLoader.o (INTDisableInterrupts)
c:/program files (x86)/microchip/xc32/v2.30/bin/bin/../../lib/gcc/pic32mx/4.8.3/../../../../pic32mx/lib\libmchp_peripheral_32MX470F512H.a(int_restore_interrupts_lib.o)
                              output\BootLoader.o (INTRestoreInterrupts)
c:/program files (x86)/microchip/xc32/v2.30/bin/bin/../../lib/gcc/pic32mx/4.8.3/../../../../pic32mx/lib\libmchp_peripheral_32MX470F512H.a(int_enable_mv_int_lib.o)
                              output\EthernetTasks.o (INTEnableSystemMultiVectoredInt)
c:/program files (x86)/microchip/xc32/v2.30/bin/bin/../../lib/gcc/pic32mx/4.8.3/../../../../pic32mx/lib\libmchp_peripheral_32MX470F512H.a(int_enable_interrupts_lib.o)
                              c:/program files (x86)/microchip/xc32/v2.30/bin/bin/../../lib/gcc/pic32mx/4.8.3/../../../../pic32mx/lib\libmchp_peripheral_32MX470F512H.a(int_enable_mv_int_lib.o) (INTEnableInterrupts)
c:/program files (x86)/microchip/xc32/v2.30/bin/bin/../../lib/gcc/pic32mx/4.8.3\libgcc.a(_udivdi3.o)
                              output\tick.o (__udivdi3)
c:/program files (x86)/microchip/xc32/v2.30/bin/bin/../../lib/gcc/pic32mx/4.8.3\libgcc.a(_umoddi3.o)
                              output\dhcp_client.o (__umoddi3)
c:/program files (x86)/microchip/xc32/v2.30/bin/bin/../../lib/gcc/pic32mx/4.8.3/../../../../pic32mx/lib\libpic32.a(memcmp.o)
                              output\stack_task.o (memcmp)
c:/program files (x86)/microchip/xc32/v2.30/bin/bin/../../lib/gcc/pic32mx/4.8.3/../../../../pic32mx/lib\libpic32.a(memcpy.o)
                              output\rtc.o (memcpy)
c:/program files (x86)/microchip/xc32/v2.30/bin/bin/../../lib/gcc/pic32mx/4.8.3/../../../../pic32mx/lib\libpic32.a(memset.o)
                              output\EthernetTasks.o (memset)
c:/program files (x86)/microchip/xc32/v2.30/bin/bin/../../lib/gcc/pic32mx/4.8.3/../../../../pic32mx/lib\libpic32.a(strlen.o)
                              output\udp.o (strlen)
c:/program files (x86)/microchip/xc32/v2.30/bin/bin/../../lib/gcc/pic32mx/4.8.3/../../../../pic32mx/lib\libpic32.a(default-bootstrap-exception-handler.o)
                              C:\Users\kyrk\AppData\Local\Temp\ccW1427g.o (_bootstrap_exception_handler)
c:/program files (x86)/microchip/xc32/v2.30/bin/bin/../../lib/gcc/pic32mx/4.8.3/../../../../pic32mx/lib\libpic32.a(default-on-reset.o)
                              C:\Users\kyrk\AppData\Local\Temp\ccW1427g.o (_on_reset)
c:/program files (x86)/microchip/xc32/v2.30/bin/bin/../../lib/gcc/pic32mx/4.8.3/../../../../pic32mx/lib\libpic32.a(default-on-bootstrap.o)
                              C:\Users\kyrk\AppData\Local\Temp\ccW1427g.o (_on_bootstrap)
c:/program files (x86)/microchip/xc32/v2.30/bin/bin/../../lib/gcc/pic32mx/4.8.3/../../../../pic32mx/lib\libpic32.a(default-nmi-handler.o)
                              C:\Users\kyrk\AppData\Local\Temp\ccW1427g.o (_nmi_handler)
c:/program files (x86)/microchip/xc32/v2.30/bin/bin/../../lib/gcc/pic32mx/4.8.3/../../../../pic32mx/lib\libpic32.a(pic32_data_init.o)
                              C:\Users\kyrk\AppData\Local\Temp\ccW1427g.o (__pic32_data_init)
c:/program files (x86)/microchip/xc32/v2.30/bin/bin/../../lib/gcc/pic32mx/4.8.3/../../../../pic32mx/lib\libpic32.a(general-exception.o)
                              C:\Users\kyrk\AppData\Local\Temp\ccW1427g.o (_general_exception_context)
c:/program files (x86)/microchip/xc32/v2.30/bin/bin/../../lib/gcc/pic32mx/4.8.3/../../../../pic32mx/lib\libpic32.a(vector0.o)
                              C:\Users\kyrk\AppData\Local\Temp\ccOP0Tfq.o (__vector_dispatch_0)
c:/program files (x86)/microchip/xc32/v2.30/bin/bin/../../lib/gcc/pic32mx/4.8.3/../../../../pic32mx/lib\libpic32.a(vector1.o)
                              C:\Users\kyrk\AppData\Local\Temp\ccOP0Tfq.o (__vector_dispatch_1)
c:/program files (x86)/microchip/xc32/v2.30/bin/bin/../../lib/gcc/pic32mx/4.8.3/../../../../pic32mx/lib\libpic32.a(vector2.o)
                              C:\Users\kyrk\AppData\Local\Temp\ccOP0Tfq.o (__vector_dispatch_2)
[...]
Memory Configuration

Name             Origin             Length             Attributes
kseg0_program_mem 0x9d000000         0x00010000         xr
kseg0_boot_mem   0x9fc00490         0x00000000
exception_mem    0x9fc01000         0x00001000
kseg1_boot_mem   0xbfc00000         0x00000490
debug_exec_mem   0xbfc02000         0x00000ff0
config3          0xbfc02ff0         0x00000004
config2          0xbfc02ff4         0x00000004
config1          0xbfc02ff8         0x00000004
config0          0xbfc02ffc         0x00000004
kseg1_shared_mem 0xa0000000         0x00001000         w !x
kseg1_data_mem   0xa0001000         0x0001f000         w !x
sfrs             0xbf800000         0x00100000
configsfrs       0xbfc02ff0         0x00000010
*default*        0x00000000         0xffffffff

Linker script and memory map

LOAD c:/program files (x86)/microchip/xc32/v2.30/bin/bin/../../lib/gcc/pic32mx/4.8.3/../../../../pic32mx/lib\debug-exception-return.o
LOAD output\daylight.o
LOAD output\rtc.o
LOAD output\rtcconverter.o
LOAD output\udp.o
LOAD output\tick.o
LOAD output\stack_task.o
LOAD output\rsa.o
LOAD output\nbns.o
LOAD output\ip.o
LOAD output\icmp.o
LOAD output\helpers.o
LOAD output\hashes.o
LOAD output\Framework.o
LOAD output\EthernetTasks.o
LOAD output\drv_wifi_spi.o
LOAD output\drv_wifi_pbkdf2.o
LOAD output\drv_wifi_init.o
LOAD output\drv_wifi_event_handler.o
LOAD output\drv_wifi_param_msg.o
LOAD output\drv_wifi_eint.o
LOAD output\drv_wifi_mgmt_msg.o
LOAD output\drv_wifi_debug_strings.o
LOAD output\dhcp_client.o
LOAD output\drv_wifi_connection_manager.o
LOAD output\drv_wifi_raw.o
LOAD output\drv_wifi_connection_algorithm.o
LOAD output\drv_wifi_config.o
LOAD output\drv_wifi_connection_profile.o
LOAD output\drv_wifi_mac.o
LOAD output\BootLoader.o
LOAD output\dns_client.o
LOAD output\big_int_helper_pic32.o
LOAD output\big_int.o
LOAD output\arp.o
LOAD output\announce.o
LOAD output\drv_wifi_com.o
LOAD output\arc4.o
LOAD output\drv_wifi_power_save.o
LOAD output\NVMem.o
LOAD output\Delay.o
                0x00000400                PROVIDE (_min_stack_size, 0x400)
LOAD c:/program files (x86)/microchip/xc32/v2.30/bin/bin/../../lib/gcc/pic32mx/4.8.3/../../../../pic32mx/lib/./proc/32MX470F512H\processor.o
START GROUP
LOAD c:/program files (x86)/microchip/xc32/v2.30/bin/bin/../../lib/gcc/pic32mx/4.8.3/../../../../pic32mx/lib\libmchp_peripheral.a
END GROUP
START GROUP
LOAD c:/program files (x86)/microchip/xc32/v2.30/bin/bin/../../lib/gcc/pic32mx/4.8.3/../../../../pic32mx/lib\libmchp_peripheral_32MX470F512H.a
END GROUP
                0x00000001                PROVIDE (_vector_spacing, 0x1)
                0x9fc01000                _ebase_address = 0x9fc01000
                0xbfc00000                _RESET_ADDR = 0xbfc00000
                0xbfc00380                _BEV_EXCPT_ADDR = 0xbfc00380
                0xbfc00480                _DBG_EXCPT_ADDR = 0xbfc00480
                0xbfc02000                _DBG_CODE_ADDR = 0xbfc02000
                0x00000ff0                _DBG_CODE_SIZE = 0xff0
                0x9fc01180                _GEN_EXCPT_ADDR = (_ebase_address + 0x180)

.config_BFC02FF0
                0xbfc02ff0        0x4
 *(.config_BFC02FF0)
 .config_BFC02FF0
                0xbfc02ff0        0x4 output\BootLoader.o

.config_BFC02FF4
                0xbfc02ff4        0x4
 *(.config_BFC02FF4)
 .config_BFC02FF4
                0xbfc02ff4        0x4 output\BootLoader.o

.config_BFC02FF8
                0xbfc02ff8        0x4
 *(.config_BFC02FF8)
 .config_BFC02FF8
                0xbfc02ff8        0x4 output\BootLoader.o

.config_BFC02FFC
                0xbfc02ffc        0x4
 *(.config_BFC02FFC)
 .config_BFC02FFC
                0xbfc02ffc        0x4 output\BootLoader.o
                0xbfc02000                PROVIDE (_DBG_CODE_ADDR, 0xbfc02000)
                0x00000ff0                PROVIDE (_DBG_CODE_SIZE, 0xff0)

.reset          0xbfc00000      0x19c
 *(.reset)
 .reset         0xbfc00000        0x8 C:\Users\kyrk\AppData\Local\Temp\ccW1427g.o
                0xbfc00000                _reset
 *(.reset.startup)
 .reset.startup
                0xbfc00008      0x194 C:\Users\kyrk\AppData\Local\Temp\ccW1427g.o
                0xbfc00008                _startup

.bev_excpt      0xbfc00380       0x10
 *(.bev_handler)
 .bev_handler   0xbfc00380       0x10 C:\Users\kyrk\AppData\Local\Temp\ccW1427g.o

.dbg_excpt      0xbfc00480        0x0
                0xbfc00480                . = (. + DEFINED (_DEBUGGER)?0x8:0x0)

.dbg_code       0xbfc02000        0x0
                0xbfc02000                . = (. + DEFINED (_DEBUGGER)?_DBG_CODE_SIZE:0x0)

.app_excpt      0x9fc01180       0x10
 *(.gen_handler)
 .gen_handler   0x9fc01180       0x10 C:\Users\kyrk\AppData\Local\Temp\ccW1427g.o

.vector_0       0x9fc01200        0x8
 *(.vector_0)
 .vector_0      0x9fc01200        0x8 c:/program files (x86)/microchip/xc32/v2.30/bin/bin/../../lib/gcc/pic32mx/4.8.3/../../../../pic32mx/lib\libpic32.a(vector0.o)
                0x9fc01200                __vector_dispatch_0
                0x00000001                ASSERT (((_vector_spacing == 0x0) || (SIZEOF (.vector_0) <= (_vector_spacing << 0x5))), function at exception vector 0 too large)

.vector_1       0x9fc01220        0x8
 *(.vector_1)
 .vector_1      0x9fc01220        0x8 c:/program files (x86)/microchip/xc32/v2.30/bin/bin/../../lib/gcc/pic32mx/4.8.3/../../../../pic32mx/lib\libpic32.a(vector1.o)
                0x9fc01220                __vector_dispatch_1
                0x00000001                ASSERT (((_vector_spacing == 0x0) || (SIZEOF (.vector_1) <= (_vector_spacing << 0x5))), function at exception vector 1 too large)

.vector_2       0x9fc01240        0x8
 *(.vector_2)
 .vector_2      0x9fc01240        0x8 c:/program files (x86)/microchip/xc32/v2.30/bin/bin/../../lib/gcc/pic32mx/4.8.3/../../../../pic32mx/lib\libpic32.a(vector2.o)
                0x9fc01240                __vector_dispatch_2
                0x00000001                ASSERT (((_vector_spacing == 0x0) || (SIZEOF (.vector_2) <= (_vector_spacing << 0x5))), function at exception vector 2 too large)

.vector_3       0x9fc01260        0x8
 *(.vector_3)
 .vector_3      0x9fc01260        0x8 c:/program files (x86)/microchip/xc32/v2.30/bin/bin/../../lib/gcc/pic32mx/4.8.3/../../../../pic32mx/lib\libpic32.a(vector3.o)
                0x9fc01260                __vector_dispatch_3
                0x00000001                ASSERT (((_vector_spacing == 0x0) || (SIZEOF (.vector_3) <= (_vector_spacing << 0x5))), function at exception vector 3 too large)

.vector_4       0x9fc01280        0x8
 *(.vector_4)
 .vector_4      0x9fc01280        0x8 output\tick.o
                0x9fc01280                __vector_dispatch_4
                0x00000001                ASSERT (((_vector_spacing == 0x0) || (SIZEOF (.vector_4) <= (_vector_spacing << 0x5))), function at exception vector 4 too large)

.vector_5       0x9fc012a0        0x8
 *(.vector_5)
 .vector_5      0x9fc012a0        0x8 c:/program files (x86)/microchip/xc32/v2.30/bin/bin/../../lib/gcc/pic32mx/4.8.3/../../../../pic32mx/lib\libpic32.a(vector5.o)
                0x9fc012a0                __vector_dispatch_5
                0x00000001                ASSERT (((_vector_spacing == 0x0) || (SIZEOF (.vector_5) <= (_vector_spacing << 0x5))), function at exception vector 5 too large)

.vector_6       0x9fc012c0        0x8
 *(.vector_6)
 .vector_6      0x9fc012c0        0x8 c:/program files (x86)/microchip/xc32/v2.30/bin/bin/../../lib/gcc/pic32mx/4.8.3/../../../../pic32mx/lib\libpic32.a(vector6.o)
                0x9fc012c0                __vector_dispatch_6
                0x00000001                ASSERT (((_vector_spacing == 0x0) || (SIZEOF (.vector_6) <= (_vector_spacing << 0x5))), function at exception vector 6 too large)

.vector_7       0x9fc012e0        0x8
 *(.vector_7)
 .vector_7      0x9fc012e0        0x8 c:/program files (x86)/microchip/xc32/v2.30/bin/bin/../../lib/gcc/pic32mx/4.8.3/../../../../pic32mx/lib\libpic32.a(vector7.o)
                0x9fc012e0                __vector_dispatch_7
                0x00000001                ASSERT (((_vector_spacing == 0x0) || (SIZEOF (.vector_7) <= (_vector_spacing << 0x5))), function at exception vector 7 too large)

.vector_8       0x9fc01300        0x8
 *(.vector_8)
 .vector_8      0x9fc01300        0x8 c:/program files (x86)/microchip/xc32/v2.30/bin/bin/../../lib/gcc/pic32mx/4.8.3/../../../../pic32mx/lib\libpic32.a(vector8.o)
                0x9fc01300                __vector_dispatch_8
                0x00000001                ASSERT (((_vector_spacing == 0x0) || (SIZEOF (.vector_8) <= (_vector_spacing << 0x5))), function at exception vector 8 too large)

.vector_9       0x9fc01320        0x8
 *(.vector_9)
 .vector_9      0x9fc01320        0x8 c:/program files (x86)/microchip/xc32/v2.30/bin/bin/../../lib/gcc/pic32mx/4.8.3/../../../../pic32mx/lib\libpic32.a(vector9.o)
                0x9fc01320                __vector_dispatch_9
                0x00000001                ASSERT (((_vector_spacing == 0x0) || (SIZEOF (.vector_9) <= (_vector_spacing << 0x5))), function at exception vector 9 too large)

.vector_10      0x9fc01340        0x8
 *(.vector_10)
 .vector_10     0x9fc01340        0x8 c:/program files (x86)/microchip/xc32/v2.30/bin/bin/../../lib/gcc/pic32mx/4.8.3/../../../../pic32mx/lib\libpic32.a(vector10.o)
                0x9fc01340                __vector_dispatch_10
                0x00000001                ASSERT (((_vector_spacing == 0x0) || (SIZEOF (.vector_10) <= (_vector_spacing << 0x5))), function at exception vector 10 too large)

.vector_11      0x9fc01360        0x8
 *(.vector_11)
 .vector_11     0x9fc01360        0x8 c:/program files (x86)/microchip/xc32/v2.30/bin/bin/../../lib/gcc/pic32mx/4.8.3/../../../../pic32mx/lib\libpic32.a(vector11.o)
                0x9fc01360                __vector_dispatch_11
                0x00000001                ASSERT (((_vector_spacing == 0x0) || (SIZEOF (.vector_11) <= (_vector_spacing << 0x5))), function at exception vector 11 too large)

.vector_12      0x9fc01380        0x8
 *(.vector_12)
 .vector_12     0x9fc01380        0x8 c:/program files (x86)/microchip/xc32/v2.30/bin/bin/../../lib/gcc/pic32mx/4.8.3/../../../../pic32mx/lib\libpic32.a(vector12.o)
                0x9fc01380                __vector_dispatch_12
                0x00000001                ASSERT (((_vector_spacing == 0x0) || (SIZEOF (.vector_12) <= (_vector_spacing << 0x5))), function at exception vector 12 too large)

.vector_13      0x9fc013a0        0x8
 *(.vector_13)
 .vector_13     0x9fc013a0        0x8 c:/program files (x86)/microchip/xc32/v2.30/bin/bin/../../lib/gcc/pic32mx/4.8.3/../../../../pic32mx/lib\libpic32.a(vector13.o)
                0x9fc013a0                __vector_dispatch_13
                0x00000001                ASSERT (((_vector_spacing == 0x0) || (SIZEOF (.vector_13) <= (_vector_spacing << 0x5))), function at exception vector 13 too large)

.vector_14      0x9fc013c0        0x8
 *(.vector_14)
 .vector_14     0x9fc013c0        0x8 c:/program files (x86)/microchip/xc32/v2.30/bin/bin/../../lib/gcc/pic32mx/4.8.3/../../../../pic32mx/lib\libpic32.a(vector14.o)
                0x9fc013c0                __vector_dispatch_14
                0x00000001                ASSERT (((_vector_spacing == 0x0) || (SIZEOF (.vector_14) <= (_vector_spacing << 0x5))), function at exception vector 14 too large)

.vector_15      0x9fc013e0        0x8
 *(.vector_15)
 .vector_15     0x9fc013e0        0x8 output\drv_wifi_eint.o
                0x9fc013e0                __vector_dispatch_15
                0x00000001                ASSERT (((_vector_spacing == 0x0) || (SIZEOF (.vector_15) <= (_vector_spacing << 0x5))), function at exception vector 15 too large)

.vector_16      0x9fc01400        0x8
 *(.vector_16)
 .vector_16     0x9fc01400        0x8 c:/program files (x86)/microchip/xc32/v2.30/bin/bin/../../lib/gcc/pic32mx/4.8.3/../../../../pic32mx/lib\libpic32.a(vector16.o)
                0x9fc01400                __vector_dispatch_16
                0x00000001                ASSERT (((_vector_spacing == 0x0) || (SIZEOF (.vector_16) <= (_vector_spacing << 0x5))), function at exception vector 16 too large)

.vector_17      0x9fc01420        0x8
 *(.vector_17)
 .vector_17     0x9fc01420        0x8 c:/program files (x86)/microchip/xc32/v2.30/bin/bin/../../lib/gcc/pic32mx/4.8.3/../../../../pic32mx/lib\libpic32.a(vector17.o)
                0x9fc01420                __vector_dispatch_17
                0x00000001                ASSERT (((_vector_spacing == 0x0) || (SIZEOF (.vector_17) <= (_vector_spacing << 0x5))), function at exception vector 17 too large)

.vector_18      0x9fc01440        0x8
 *(.vector_18)
 .vector_18     0x9fc01440        0x8 c:/program files (x86)/microchip/xc32/v2.30/bin/bin/../../lib/gcc/pic32mx/4.8.3/../../../../pic32mx/lib\libpic32.a(vector18.o)
                0x9fc01440                __vector_dispatch_18
                0x00000001                ASSERT (((_vector_spacing == 0x0) || (SIZEOF (.vector_18) <= (_vector_spacing << 0x5))), function at exception vector 18 too large)

.vector_19      0x9fc01460        0x8
 *(.vector_19)
 .vector_19     0x9fc01460        0x8 c:/program files (x86)/microchip/xc32/v2.30/bin/bin/../../lib/gcc/pic32mx/4.8.3/../../../../pic32mx/lib\libpic32.a(vector19.o)
                0x9fc01460                __vector_dispatch_19
                0x00000001                ASSERT (((_vector_spacing == 0x0) || (SIZEOF (.vector_19) <= (_vector_spacing << 0x5))), function at exception vector 19 too large)

.vector_20      0x9fc01480        0x8
 *(.vector_20)
 .vector_20     0x9fc01480        0x8 c:/program files (x86)/microchip/xc32/v2.30/bin/bin/../../lib/gcc/pic32mx/4.8.3/../../../../pic32mx/lib\libpic32.a(vector20.o)
                0x9fc01480                __vector_dispatch_20
                0x00000001                ASSERT (((_vector_spacing == 0x0) || (SIZEOF (.vector_20) <= (_vector_spacing << 0x5))), function at exception vector 20 too large)

.vector_21      0x9fc014a0        0x8
 *(.vector_21)
 .vector_21     0x9fc014a0        0x8 c:/program files (x86)/microchip/xc32/v2.30/bin/bin/../../lib/gcc/pic32mx/4.8.3/../../../../pic32mx/lib\libpic32.a(vector21.o)
                0x9fc014a0                __vector_dispatch_21
                0x00000001                ASSERT (((_vector_spacing == 0x0) || (SIZEOF (.vector_21) <= (_vector_spacing << 0x5))), function at exception vector 21 too large)

.vector_22      0x9fc014c0        0x8
 *(.vector_22)
 .vector_22     0x9fc014c0        0x8 c:/program files (x86)/microchip/xc32/v2.30/bin/bin/../../lib/gcc/pic32mx/4.8.3/../../../../pic32mx/lib\libpic32.a(vector22.o)
                0x9fc014c0                __vector_dispatch_22
                0x00000001                ASSERT (((_vector_spacing == 0x0) || (SIZEOF (.vector_22) <= (_vector_spacing << 0x5))), function at exception vector 22 too large)

.vector_23      0x9fc014e0        0x8
 *(.vector_23)
 .vector_23     0x9fc014e0        0x8 c:/program files (x86)/microchip/xc32/v2.30/bin/bin/../../lib/gcc/pic32mx/4.8.3/../../../../pic32mx/lib\libpic32.a(vector23.o)
                0x9fc014e0                __vector_dispatch_23
                0x00000001                ASSERT (((_vector_spacing == 0x0) || (SIZEOF (.vector_23) <= (_vector_spacing << 0x5))), function at exception vector 23 too large)

.vector_24      0x9fc01500        0x8
 *(.vector_24)
 .vector_24     0x9fc01500        0x8 c:/program files (x86)/microchip/xc32/v2.30/bin/bin/../../lib/gcc/pic32mx/4.8.3/../../../../pic32mx/lib\libpic32.a(vector24.o)
                0x9fc01500                __vector_dispatch_24
                0x00000001                ASSERT (((_vector_spacing == 0x0) || (SIZEOF (.vector_24) <= (_vector_spacing << 0x5))), function at exception vector 24 too large)

.vector_25      0x9fc01520        0x8
 *(.vector_25)
 .vector_25     0x9fc01520        0x8 c:/program files (x86)/microchip/xc32/v2.30/bin/bin/../../lib/gcc/pic32mx/4.8.3/../../../../pic32mx/lib\libpic32.a(vector25.o)
                0x9fc01520                __vector_dispatch_25
                0x00000001                ASSERT (((_vector_spacing == 0x0) || (SIZEOF (.vector_25) <= (_vector_spacing << 0x5))), function at exception vector 25 too large)

.vector_26      0x9fc01540        0x8
 *(.vector_26)
 .vector_26     0x9fc01540        0x8 c:/program files (x86)/microchip/xc32/v2.30/bin/bin/../../lib/gcc/pic32mx/4.8.3/../../../../pic32mx/lib\libpic32.a(vector26.o)
                0x9fc01540                __vector_dispatch_26
                0x00000001                ASSERT (((_vector_spacing == 0x0) || (SIZEOF (.vector_26) <= (_vector_spacing << 0x5))), function at exception vector 26 too large)

.vector_27      0x9fc01560        0x8
 *(.vector_27)
 .vector_27     0x9fc01560        0x8 c:/program files (x86)/microchip/xc32/v2.30/bin/bin/../../lib/gcc/pic32mx/4.8.3/../../../../pic32mx/lib\libpic32.a(vector27.o)
                0x9fc01560                __vector_dispatch_27
                0x00000001                ASSERT (((_vector_spacing == 0x0) || (SIZEOF (.vector_27) <= (_vector_spacing << 0x5))), function at exception vector 27 too large)

.vector_28      0x9fc01580        0x8
 *(.vector_28)
 .vector_28     0x9fc01580        0x8 c:/program files (x86)/microchip/xc32/v2.30/bin/bin/../../lib/gcc/pic32mx/4.8.3/../../../../pic32mx/lib\libpic32.a(vector28.o)
                0x9fc01580                __vector_dispatch_28
                0x00000001                ASSERT (((_vector_spacing == 0x0) || (SIZEOF (.vector_28) <= (_vector_spacing << 0x5))), function at exception vector 28 too large)

.vector_29      0x9fc015a0        0x8
 *(.vector_29)
 .vector_29     0x9fc015a0        0x8 c:/program files (x86)/microchip/xc32/v2.30/bin/bin/../../lib/gcc/pic32mx/4.8.3/../../../../pic32mx/lib\libpic32.a(vector29.o)
                0x9fc015a0                __vector_dispatch_29
                0x00000001                ASSERT (((_vector_spacing == 0x0) || (SIZEOF (.vector_29) <= (_vector_spacing << 0x5))), function at exception vector 29 too large)

.vector_30      0x9fc015c0        0x8
 *(.vector_30)
 .vector_30     0x9fc015c0        0x8 c:/program files (x86)/microchip/xc32/v2.30/bin/bin/../../lib/gcc/pic32mx/4.8.3/../../../../pic32mx/lib\libpic32.a(vector30.o)
                0x9fc015c0                __vector_dispatch_30
                0x00000001                ASSERT (((_vector_spacing == 0x0) || (SIZEOF (.vector_30) <= (_vector_spacing << 0x5))), function at exception vector 30 too large)

.vector_31      0x9fc015e0        0x8
 *(.vector_31)
 .vector_31     0x9fc015e0        0x8 c:/program files (x86)/microchip/xc32/v2.30/bin/bin/../../lib/gcc/pic32mx/4.8.3/../../../../pic32mx/lib\libpic32.a(vector31.o)
                0x9fc015e0                __vector_dispatch_31
                0x00000001                ASSERT (((_vector_spacing == 0x0) || (SIZEOF (.vector_31) <= (_vector_spacing << 0x5))), function at exception vector 31 too large)

.vector_32      0x9fc01600        0x8
 *(.vector_32)
 .vector_32     0x9fc01600        0x8 c:/program files (x86)/microchip/xc32/v2.30/bin/bin/../../lib/gcc/pic32mx/4.8.3/../../../../pic32mx/lib\libpic32.a(vector32.o)
                0x9fc01600                __vector_dispatch_32
                0x00000001                ASSERT (((_vector_spacing == 0x0) || (SIZEOF (.vector_32) <= (_vector_spacing << 0x5))), function at exception vector 32 too large)

.vector_33      0x9fc01620        0x8
 *(.vector_33)
 .vector_33     0x9fc01620        0x8 c:/program files (x86)/microchip/xc32/v2.30/bin/bin/../../lib/gcc/pic32mx/4.8.3/../../../../pic32mx/lib\libpic32.a(vector33.o)
                0x9fc01620                __vector_dispatch_33
                0x00000001                ASSERT (((_vector_spacing == 0x0) || (SIZEOF (.vector_33) <= (_vector_spacing << 0x5))), function at exception vector 33 too large)

.vector_34      0x9fc01640        0x8
 *(.vector_34)
 .vector_34     0x9fc01640        0x8 c:/program files (x86)/microchip/xc32/v2.30/bin/bin/../../lib/gcc/pic32mx/4.8.3/../../../../pic32mx/lib\libpic32.a(vector34.o)
                0x9fc01640                __vector_dispatch_34
                0x00000001                ASSERT (((_vector_spacing == 0x0) || (SIZEOF (.vector_34) <= (_vector_spacing << 0x5))), function at exception vector 34 too large)

.vector_35      0x9fc01660        0x8
 *(.vector_35)
 .vector_35     0x9fc01660        0x8 c:/program files (x86)/microchip/xc32/v2.30/bin/bin/../../lib/gcc/pic32mx/4.8.3/../../../../pic32mx/lib\libpic32.a(vector35.o)
                0x9fc01660                __vector_dispatch_35
                0x00000001                ASSERT (((_vector_spacing == 0x0) || (SIZEOF (.vector_35) <= (_vector_spacing << 0x5))), function at exception vector 35 too large)

.vector_36      0x9fc01680        0x8
 *(.vector_36)
 .vector_36     0x9fc01680        0x8 c:/program files (x86)/microchip/xc32/v2.30/bin/bin/../../lib/gcc/pic32mx/4.8.3/../../../../pic32mx/lib\libpic32.a(vector36.o)
                0x9fc01680                __vector_dispatch_36
                0x00000001                ASSERT (((_vector_spacing == 0x0) || (SIZEOF (.vector_36) <= (_vector_spacing << 0x5))), function at exception vector 36 too large)

.vector_37      0x9fc016a0        0x8
 *(.vector_37)
 .vector_37     0x9fc016a0        0x8 c:/program files (x86)/microchip/xc32/v2.30/bin/bin/../../lib/gcc/pic32mx/4.8.3/../../../../pic32mx/lib\libpic32.a(vector37.o)
                0x9fc016a0                __vector_dispatch_37
                0x00000001                ASSERT (((_vector_spacing == 0x0) || (SIZEOF (.vector_37) <= (_vector_spacing << 0x5))), function at exception vector 37 too large)

.vector_38      0x9fc016c0        0x8
 *(.vector_38)
 .vector_38     0x9fc016c0        0x8 c:/program files (x86)/microchip/xc32/v2.30/bin/bin/../../lib/gcc/pic32mx/4.8.3/../../../../pic32mx/lib\libpic32.a(vector38.o)
                0x9fc016c0                __vector_dispatch_38
                0x00000001                ASSERT (((_vector_spacing == 0x0) || (SIZEOF (.vector_38) <= (_vector_spacing << 0x5))), function at exception vector 38 too large)

.vector_39      0x9fc016e0        0x8
 *(.vector_39)
 .vector_39     0x9fc016e0        0x8 c:/program files (x86)/microchip/xc32/v2.30/bin/bin/../../lib/gcc/pic32mx/4.8.3/../../../../pic32mx/lib\libpic32.a(vector39.o)
                0x9fc016e0                __vector_dispatch_39
                0x00000001                ASSERT (((_vector_spacing == 0x0) || (SIZEOF (.vector_39) <= (_vector_spacing << 0x5))), function at exception vector 39 too large)

.vector_40      0x9fc01700        0x8
 *(.vector_40)
 .vector_40     0x9fc01700        0x8 c:/program files (x86)/microchip/xc32/v2.30/bin/bin/../../lib/gcc/pic32mx/4.8.3/../../../../pic32mx/lib\libpic32.a(vector40.o)
                0x9fc01700                __vector_dispatch_40
                0x00000001                ASSERT (((_vector_spacing == 0x0) || (SIZEOF (.vector_40) <= (_vector_spacing << 0x5))), function at exception vector 40 too large)

.vector_41      0x9fc01720        0x8
 *(.vector_41)
 .vector_41     0x9fc01720        0x8 c:/program files (x86)/microchip/xc32/v2.30/bin/bin/../../lib/gcc/pic32mx/4.8.3/../../../../pic32mx/lib\libpic32.a(vector41.o)
                0x9fc01720                __vector_dispatch_41
                0x00000001                ASSERT (((_vector_spacing == 0x0) || (SIZEOF (.vector_41) <= (_vector_spacing << 0x5))), function at exception vector 41 too large)

.vector_42      0x9fc01740        0x8
 *(.vector_42)
 .vector_42     0x9fc01740        0x8 c:/program files (x86)/microchip/xc32/v2.30/bin/bin/../../lib/gcc/pic32mx/4.8.3/../../../../pic32mx/lib\libpic32.a(vector42.o)
                0x9fc01740                __vector_dispatch_42
                0x00000001                ASSERT (((_vector_spacing == 0x0) || (SIZEOF (.vector_42) <= (_vector_spacing << 0x5))), function at exception vector 42 too large)

.vector_43      0x9fc01760        0x8
 *(.vector_43)
 .vector_43     0x9fc01760        0x8 c:/program files (x86)/microchip/xc32/v2.30/bin/bin/../../lib/gcc/pic32mx/4.8.3/../../../../pic32mx/lib\libpic32.a(vector43.o)
                0x9fc01760                __vector_dispatch_43
                0x00000001                ASSERT (((_vector_spacing == 0x0) || (SIZEOF (.vector_43) <= (_vector_spacing << 0x5))), function at exception vector 43 too large)

.vector_44      0x9fc01780        0x8
 *(.vector_44)
 .vector_44     0x9fc01780        0x8 c:/program files (x86)/microchip/xc32/v2.30/bin/bin/../../lib/gcc/pic32mx/4.8.3/../../../../pic32mx/lib\libpic32.a(vector44.o)
                0x9fc01780                __vector_dispatch_44
                0x00000001                ASSERT (((_vector_spacing == 0x0) || (SIZEOF (.vector_44) <= (_vector_spacing << 0x5))), function at exception vector 44 too large)

.vector_45      0x9fc017a0        0x8
 *(.vector_45)
 .vector_45     0x9fc017a0        0x8 c:/program files (x86)/microchip/xc32/v2.30/bin/bin/../../lib/gcc/pic32mx/4.8.3/../../../../pic32mx/lib\libpic32.a(vector45.o)
                0x9fc017a0                __vector_dispatch_45
                0x00000001                ASSERT (((_vector_spacing == 0x0) || (SIZEOF (.vector_45) <= (_vector_spacing << 0x5))), function at exception vector 45 too large)

.vector_46      0x9fc017c0        0x0
 *(.vector_46)
                0x00000001                ASSERT (((_vector_spacing == 0x0) || (SIZEOF (.vector_46) <= (_vector_spacing << 0x5))), function at exception vector 46 too large)

.vector_47      0x9fc017e0        0x0
 *(.vector_47)
                0x00000001                ASSERT (((_vector_spacing == 0x0) || (SIZEOF (.vector_47) <= (_vector_spacing << 0x5))), function at exception vector 47 too large)

.vector_48      0x9fc01800        0x0
 *(.vector_48)
                0x00000001                ASSERT (((_vector_spacing == 0x0) || (SIZEOF (.vector_48) <= (_vector_spacing << 0x5))), function at exception vector 48 too large)

.vector_49      0x9fc01820        0x0
 *(.vector_49)
                0x00000001                ASSERT (((_vector_spacing == 0x0) || (SIZEOF (.vector_49) <= (_vector_spacing << 0x5))), function at exception vector 49 too large)

.vector_50      0x9fc01840        0x0
 *(.vector_50)
                0x00000001                ASSERT (((_vector_spacing == 0x0) || (SIZEOF (.vector_50) <= (_vector_spacing << 0x5))), function at exception vector 50 too large)

.vector_51      0x9fc01860        0x0
 *(.vector_51)
                0x00000001                ASSERT (((_vector_spacing == 0x0) || (SIZEOF (.vector_51) <= (_vector_spacing << 0x5))), function at exception vector 51 too large)

.vector_52      0x9fc01880        0x0
 *(.vector_52)
                0x00000001                ASSERT (((_vector_spacing == 0x0) || (SIZEOF (.vector_52) <= (_vector_spacing << 0x5))), function at exception vector 52 too large)

.vector_53      0x9fc018a0        0x0
 *(.vector_53)
                0x00000001                ASSERT (((_vector_spacing == 0x0) || (SIZEOF (.vector_53) <= (_vector_spacing << 0x5))), function at exception vector 53 too large)

.vector_54      0x9fc018c0        0x0
 *(.vector_54)
                0x00000001                ASSERT (((_vector_spacing == 0x0) || (SIZEOF (.vector_54) <= (_vector_spacing << 0x5))), function at exception vector 54 too large)

.vector_55      0x9fc018e0        0x0
 *(.vector_55)
                0x00000001                ASSERT (((_vector_spacing == 0x0) || (SIZEOF (.vector_55) <= (_vector_spacing << 0x5))), function at exception vector 55 too large)

.vector_56      0x9fc01900        0x0
 *(.vector_56)
                0x00000001                ASSERT (((_vector_spacing == 0x0) || (SIZEOF (.vector_56) <= (_vector_spacing << 0x5))), function at exception vector 56 too large)

.vector_57      0x9fc01920        0x0
 *(.vector_57)
                0x00000001                ASSERT (((_vector_spacing == 0x0) || (SIZEOF (.vector_57) <= (_vector_spacing << 0x5))), function at exception vector 57 too large)

.vector_58      0x9fc01940        0x0
 *(.vector_58)
                0x00000001                ASSERT (((_vector_spacing == 0x0) || (SIZEOF (.vector_58) <= (_vector_spacing << 0x5))), function at exception vector 58 too large)

.vector_59      0x9fc01960        0x0
 *(.vector_59)
                0x00000001                ASSERT (((_vector_spacing == 0x0) || (SIZEOF (.vector_59) <= (_vector_spacing << 0x5))), function at exception vector 59 too large)

.vector_60      0x9fc01980        0x0
 *(.vector_60)
                0x00000001                ASSERT (((_vector_spacing == 0x0) || (SIZEOF (.vector_60) <= (_vector_spacing << 0x5))), function at exception vector 60 too large)

.vector_61      0x9fc019a0        0x0
 *(.vector_61)
                0x00000001                ASSERT (((_vector_spacing == 0x0) || (SIZEOF (.vector_61) <= (_vector_spacing << 0x5))), function at exception vector 61 too large)

.vector_62      0x9fc019c0        0x0
 *(.vector_62)
                0x00000001                ASSERT (((_vector_spacing == 0x0) || (SIZEOF (.vector_62) <= (_vector_spacing << 0x5))), function at exception vector 62 too large)

.vector_63      0x9fc019e0        0x0
 *(.vector_63)
                0x00000001                ASSERT (((_vector_spacing == 0x0) || (SIZEOF (.vector_63) <= (_vector_spacing << 0x5))), function at exception vector 63 too large)

.startup
 *(.startup)

.text           0x9d000000        0x0
 *(.stub .gnu.linkonce.t.*)
 *(.text.*personality*)
 *(.mips16.fn.*)
 *(.mips16.call.*)
 *(.gnu.warning)
                0x9d000000                . = ALIGN (0x4)

.init           0x9d000000        0x0
 *crti.o(.init)
 *crtbegin.o(.init)
 *(EXCLUDE_FILE(*crtn.o *crtend?.o *crtend.o) .init)
 *crtend.o(.init)
 *crtn.o(.init)
                0x9d000000                . = ALIGN (0x4)

.fini           0x9d000000        0x0
 *(.fini)
                0x9d000000                . = ALIGN (0x4)

.preinit_array  0x9d000000        0x0
                0x9d000000                PROVIDE (__preinit_array_start, .)
 *(.preinit_array)
                0x9d000000                PROVIDE (__preinit_array_end, .)
                0x9d000000                . = ALIGN (0x4)

.init_array     0x9d000000        0x0
                0x9d000000                PROVIDE (__init_array_start, .)
 *(SORT(.init_array.*))
 *(.init_array)
                0x9d000000                PROVIDE (__init_array_end, .)
                0x9d000000                . = ALIGN (0x4)

.fini_array     0x9d000000        0x0
                0x9d000000                PROVIDE (__fini_array_start, .)
 *(SORT(.fini_array.*))
 *(.fini_array)
                0x9d000000                PROVIDE (__fini_array_end, .)
                0x9d000000                . = ALIGN (0x4)

.ctors          0x9d000000        0x0
 *crtbegin.o(.ctors)
 *crtbegin?.o(.ctors)
 *(EXCLUDE_FILE(*crtend?.o *crtend.o) .ctors)
 *(SORT(.ctors.*))
 *(.ctors)
                0x9d000000                . = ALIGN (0x4)

.dtors          0x9d000000        0x0
 *crtbegin.o(.dtors)
 *crtbegin?.o(.dtors)
 *(EXCLUDE_FILE(*crtend?.o *crtend.o) .dtors)
 *(SORT(.dtors.*))
 *(.dtors)
                0x9d000000                . = ALIGN (0x4)

.rodata         0x9d000000        0x0
 *(.gnu.linkonce.r.*)
 *(.rodata1)
                0x9d000000                . = ALIGN (0x4)

.sdata2         0x9fc00490        0x0
 *(.sdata2 .sdata2.* .gnu.linkonce.s2.*)
                0x9fc00490                . = ALIGN (0x4)

.sbss2          0x9fc00490        0x0
 *(.sbss2 .sbss2.* .gnu.linkonce.sb2.*)
                0x9fc00490                . = ALIGN (0x4)

.eh_frame_hdr
 *(.eh_frame_hdr)
                0x9fc00490                . = ALIGN (0x4)

.eh_frame
 *(.eh_frame)
                0x9fc00490                . = ALIGN (0x4)

.gcc_except_table
 *(.gcc_except_table .gcc_except_table.*)
                0x9fc00490                . = ALIGN (0x4)

.dbg_data       0xa0001000        0x0
                0xa0001000                . = (. + DEFINED (_DEBUGGER)?0x200:0x0)

.jcr            0xa0001000        0x0
 *(.jcr)
                0xa0001000                . = ALIGN (0x4)

.eh_frame
 *(.eh_frame)
                0xa0001000                . = ALIGN (0x4)

.gcc_except_table
 *(.gcc_except_table .gcc_except_table.*)
                0xa0001000                . = ALIGN (0x4)

.persist        0xa0001000        0x8
                0xa0001000                _persist_begin = .
 *(.persist .persist.*)
 *(.pbss .pbss.*)
 .pbss          0xa0001000        0x2 output\udp.o
 *fill*         0xa0001002        0x2 
 .pbss          0xa0001004        0x4 output\dns_client.o
                0xa0001008                . = ALIGN (0x4)
                0xa0001008                _persist_end = .

.data           0xa0001008        0x0
 *(.gnu.linkonce.d.*)
 *(.data1)
                0xa0001008                . = ALIGN (0x4)
                0xa0001008                . = .
                0xa0009000                _gp = (ALIGN (0x10) + 0x7ff0)

.got            0xa0001008        0x0
 *(.got.plt)
 *(.got)
                0xa0001008                . = ALIGN (0x4)

.sdata          0xa0001008       0x20
                0xa0001008                _sdata_begin = .
 *(.sdata .sdata.* .gnu.linkonce.s.*)
 .sdata         0xa0001008        0x2 output\udp.o
 *fill*         0xa000100a        0x2 
 .sdata         0xa000100c        0x4 output\helpers.o
 .sdata         0xa0001010        0x8 output\Framework.o
 .sdata         0xa0001018        0x2 output\EthernetTasks.o
                0xa0001018                serverPort
 .sdata         0xa000101a        0x1 output\drv_wifi_connection_algorithm.o
 *fill*         0xa000101b        0x1 
 .sdata         0xa000101c        0x8 output\dns_client.o
 .sdata         0xa0001024        0x1 output\drv_wifi_power_save.o
                0xa0001028                . = ALIGN (0x4)
 *fill*         0xa0001025        0x3 
                0xa0001028                _sdata_end = .

.lit8
 *(.lit8)

.lit4
 *(.lit4)
                0xa0001028                . = ALIGN (0x4)
                0xa0001028                _data_end = .
                0xa0001028                _bss_begin = .

.sbss           0xa0001028       0xc4
                0xa0001028                _sbss_begin = .
 *(.dynsbss)
 *(.sbss .sbss.* .gnu.linkonce.sb.*)
 .sbss          0xa0001028        0x8 output\rtc.o
                0xa000102c                do_sec1s
 .sbss          0xa0001030        0x8 output\udp.o
 .sbss          0xa0001038       0x10 output\tick.o
 .sbss          0xa0001048       0x10 output\stack_task.o
                0xa000104c                g_DhcpRetryTimer
                0xa0001050                g_DhcpRenew
 .sbss          0xa0001058        0x8 output\nbns.o
 .sbss          0xa0001060        0x4 output\ip.o
 .sbss          0xa0001064       0x14 output\Framework.o
                0xa0001068                eraseErrorCounter
                0xa000106c                writeErrorCounter
 .sbss          0xa0001078        0x8 output\EthernetTasks.o
 .sbss          0xa0001080        0x1 output\drv_wifi_spi.o
 .sbss          0xa0001081        0x1 output\drv_wifi_init.o
                0xa0001081                gRFModuleVer1209orLater
 .sbss          0xa0001082        0x4 output\drv_wifi_mgmt_msg.o
                0xa0001083                g_WaitingForMgmtResponse
 .sbss          0xa0001086        0x1 output\dhcp_client.o
                0xa0001086                DHCPClientInitializedOnce
 .sbss          0xa0001087        0x1 output\drv_wifi_connection_manager.o
 .sbss          0xa0001088        0x2 output\drv_wifi_raw.o
                0xa0001088                gIntDisabled
                0xa0001089                g_HostRAWDataPacketReceived
 *fill*         0xa000108a        0x2 
 .sbss          0xa000108c       0x14 output\drv_wifi_mac.o
 .sbss          0xa00010a0       0x14 output\dns_client.o
 .sbss          0xa00010b4        0x4 output\arp.o
 .sbss          0xa00010b8        0x8 output\announce.o
 .sbss          0xa00010c0       0x14 output\drv_wifi_com.o
                0xa00010c0                g_dhcpInProgress
                0xa00010c1                g_WiFiConnection
                0xa00010c2                g_WiFiConnectionChanged
                0xa00010c3                g_DhcpSuccessful
 .sbss          0xa00010d4        0x3 output\drv_wifi_power_save.o
 *(.scommon)
 *fill*         0xa00010d7        0x1 
 .scommon       0xa00010d8        0x6 output\udp.o
                0xa00010d8                UDPTxCount
                0xa00010da                activeUDPSocket
                0xa00010dc                UDPRxCount
 .scommon       0xa00010de        0x2 output\EthernetTasks.o
                0xa00010de                udpSkt
                0xa00010df                ConnectionProfileID
 .scommon       0xa00010e0        0x6 output\drv_wifi_raw.o
                0xa00010e0                RawWindowState
                0xa00010e4                RawWindowReady
 .scommon       0xa00010e6        0x1 output\drv_wifi_mac.o
                0xa00010e6                g_rxIndexSetBeyondBuffer
 *fill*         0xa00010e7        0x1 
 .scommon       0xa00010e8        0x2 output\drv_wifi_com.o
                0xa00010e8                RawMoveState
 .scommon       0xa00010ea        0x1 output\drv_wifi_power_save.o
                0xa00010ea                g_rxDtim
                0xa00010eb                _sbss_end = .
                0xa00010ec                . = ALIGN (0x4)
 *fill*         0xa00010eb        0x1 

.bss            0xa00010ec      0x69c
 *(.dynbss)
 *(COMMON)
 COMMON         0xa00010ec       0xe0 output\udp.o
                0xa00010ec                UDPSocketInfo
 COMMON         0xa00011cc        0xa output\stack_task.o
                0xa00011cc                remoteNode
 *fill*         0xa00011d6        0x2 
 COMMON         0xa00011d8      0x5af output\EthernetTasks.o
                0xa00011d8                rxData
                0xa00015c0                txData
                0xa0001688                AppConfig
                0xa0001724                g_WpsPassphrase
                0xa0001788                . = ALIGN ((. != 0x0)?0x4:0x1)
 *fill*         0xa0001787        0x1 
                0xa0001788                . = ALIGN (0x4)
                0xa0001788                _end = .
                0xa0001788                _bss_end = .
                0x0001f000                _bmxdudba_address = 0x1f000
                0x0001f000                _bmxdupba_address = 0x1f000

/DISCARD/
 *(.pdr)
 *(.rel.dyn)
 *(.note.GNU-stack)
 *(.note.GNU-stack)
 *(.gnu_debuglink)
 *(.gnu.lto_*)
 *(.discard)

.gptab.sdata
 *(.gptab.data)
 *(.gptab.sdata)

.gptab.sbss
 *(.gptab.bss)
 *(.gptab.sbss)

.mdebug.abi32   0xa0000000        0x0
 *(.mdebug.abi32)
 .mdebug.abi32  0xa0000000        0x0 output\daylight.o
 .mdebug.abi32  0xa0000000        0x0 output\rtc.o
 .mdebug.abi32  0xa0000000        0x0 output\rtcconverter.o
 .mdebug.abi32  0xa0000000        0x0 output\udp.o
 .mdebug.abi32  0xa0000000        0x0 output\tick.o
 .mdebug.abi32  0xa0000000        0x0 output\stack_task.o
 .mdebug.abi32  0xa0000000        0x0 output\rsa.o
 .mdebug.abi32  0xa0000000        0x0 output\nbns.o
 .mdebug.abi32  0xa0000000        0x0 output\ip.o
 .mdebug.abi32  0xa0000000        0x0 output\icmp.o
 .mdebug.abi32  0xa0000000        0x0 output\helpers.o
 .mdebug.abi32  0xa0000000        0x0 output\hashes.o
 .mdebug.abi32  0xa0000000        0x0 output\Framework.o
 .mdebug.abi32  0xa0000000        0x0 output\EthernetTasks.o
 .mdebug.abi32  0xa0000000        0x0 output\drv_wifi_spi.o
 .mdebug.abi32  0xa0000000        0x0 output\drv_wifi_pbkdf2.o
 .mdebug.abi32  0xa0000000        0x0 output\drv_wifi_init.o
 .mdebug.abi32  0xa0000000        0x0 output\drv_wifi_event_handler.o
 .mdebug.abi32  0xa0000000        0x0 output\drv_wifi_param_msg.o
 .mdebug.abi32  0xa0000000        0x0 output\drv_wifi_eint.o
 .mdebug.abi32  0xa0000000        0x0 output\drv_wifi_mgmt_msg.o
 .mdebug.abi32  0xa0000000        0x0 output\drv_wifi_debug_strings.o
 .mdebug.abi32  0xa0000000        0x0 output\dhcp_client.o
 .mdebug.abi32  0xa0000000        0x0 output\drv_wifi_connection_manager.o
 .mdebug.abi32  0xa0000000        0x0 output\drv_wifi_raw.o
 .mdebug.abi32  0xa0000000        0x0 output\drv_wifi_connection_algorithm.o
 .mdebug.abi32  0xa0000000        0x0 output\drv_wifi_config.o
 .mdebug.abi32  0xa0000000        0x0 output\drv_wifi_connection_profile.o
 .mdebug.abi32  0xa0000000        0x0 output\drv_wifi_mac.o
 .mdebug.abi32  0xa0000000        0x0 output\BootLoader.o
 .mdebug.abi32  0xa0000000        0x0 output\dns_client.o
 .mdebug.abi32  0xa0000000        0x0 output\big_int.o
 .mdebug.abi32  0xa0000000        0x0 output\arp.o
 .mdebug.abi32  0xa0000000        0x0 output\announce.o
 .mdebug.abi32  0xa0000000        0x0 output\drv_wifi_com.o
 .mdebug.abi32  0xa0000000        0x0 output\arc4.o
 .mdebug.abi32  0xa0000000        0x0 output\drv_wifi_power_save.o
 .mdebug.abi32  0xa0000000        0x0 output\NVMem.o
 .mdebug.abi32  0xa0000000        0x0 output\Delay.o
 .mdebug.abi32  0xa0000000        0x0 c:/program files (x86)/microchip/xc32/v2.30/bin/bin/../../lib/gcc/pic32mx/4.8.3/../../../../pic32mx/lib\libmchp_peripheral.a(read_core_timer_lib.o)
 .mdebug.abi32  0xa0000000        0x0 c:/program files (x86)/microchip/xc32/v2.30/bin/bin/../../lib/gcc/pic32mx/4.8.3/../../../../pic32mx/lib\libmchp_peripheral.a(write_core_timer_lib.o)
 .mdebug.abi32  0xa0000000        0x0 c:/program files (x86)/microchip/xc32/v2.30/bin/bin/../../lib/gcc/pic32mx/4.8.3/../../../../pic32mx/lib\libmchp_peripheral_32MX470F512H.a(pcache.o)
 .mdebug.abi32  0xa0000000        0x0 c:/program files (x86)/microchip/xc32/v2.30/bin/bin/../../lib/gcc/pic32mx/4.8.3/../../../../pic32mx/lib\libmchp_peripheral_32MX470F512H.a(int_disable_interrupts_lib.o)
 .mdebug.abi32  0xa0000000        0x0 c:/program files (x86)/microchip/xc32/v2.30/bin/bin/../../lib/gcc/pic32mx/4.8.3/../../../../pic32mx/lib\libmchp_peripheral_32MX470F512H.a(int_restore_interrupts_lib.o)
 .mdebug.abi32  0xa0000000        0x0 c:/program files (x86)/microchip/xc32/v2.30/bin/bin/../../lib/gcc/pic32mx/4.8.3/../../../../pic32mx/lib\libmchp_peripheral_32MX470F512H.a(int_enable_mv_int_lib.o)
 .mdebug.abi32  0xa0000000        0x0 c:/program files (x86)/microchip/xc32/v2.30/bin/bin/../../lib/gcc/pic32mx/4.8.3/../../../../pic32mx/lib\libmchp_peripheral_32MX470F512H.a(int_enable_interrupts_lib.o)
 .mdebug.abi32  0xa0000000        0x0 c:/program files (x86)/microchip/xc32/v2.30/bin/bin/../../lib/gcc/pic32mx/4.8.3\libgcc.a(_udivdi3.o)
 .mdebug.abi32  0xa0000000        0x0 c:/program files (x86)/microchip/xc32/v2.30/bin/bin/../../lib/gcc/pic32mx/4.8.3\libgcc.a(_umoddi3.o)
 .mdebug.abi32  0xa0000000        0x0 c:/program files (x86)/microchip/xc32/v2.30/bin/bin/../../lib/gcc/pic32mx/4.8.3/../../../../pic32mx/lib\libpic32.a(default-bootstrap-exception-handler.o)
 .mdebug.abi32  0xa0000000        0x0 c:/program files (x86)/microchip/xc32/v2.30/bin/bin/../../lib/gcc/pic32mx/4.8.3/../../../../pic32mx/lib\libpic32.a(default-on-reset.o)
 .mdebug.abi32  0xa0000000        0x0 c:/program files (x86)/microchip/xc32/v2.30/bin/bin/../../lib/gcc/pic32mx/4.8.3/../../../../pic32mx/lib\libpic32.a(default-on-bootstrap.o)
 .mdebug.abi32  0xa0000000        0x0 c:/program files (x86)/microchip/xc32/v2.30/bin/bin/../../lib/gcc/pic32mx/4.8.3/../../../../pic32mx/lib\libpic32.a(default-general-exception-handler.o)
 .mdebug.abi32  0xa0000000        0x0 c:/program files (x86)/microchip/xc32/v2.30/bin/bin/../../lib/gcc/pic32mx/4.8.3/../../../../pic32mx/lib\libpic32.a(defaultinterrupt.o)
 .mdebug.abi32  0xa0000000        0x0 c:/program files (x86)/microchip/xc32/v2.30/bin/bin/../../lib/gcc/pic32mx/4.8.3/../../../../pic32mx/lib\liblega-c.a(strncpy.o)

.mdebug.abiN32
 *(.mdebug.abiN32)

.mdebug.abi64
 *(.mdebug.abi64)

.mdebug.abiO64
 *(.mdebug.abiO64)

.mdebug.eabi32
 *(.mdebug.eabi32)

.mdebug.eabi64
 *(.mdebug.eabi64)

.gcc_compiled_long32
 *(.gcc_compiled_long32)

.gcc_compiled_long64
 *(.gcc_compiled_long64)

.stab
 *(.stab)

.stabstr
 *(.stabstr)

.stab.excl
 *(.stab.excl)

.stab.exclstr
 *(.stab.exclstr)

.stab.index
 *(.stab.index)

.stab.indexstr
 *(.stab.indexstr)

.comment        0x00000000      0x111
 *(.comment)
 .comment       0x00000000       0x3c output\daylight.o
                                 0x3d (size before relaxing)
 .comment       0x00000000       0x3d output\rtc.o
 .comment       0x00000000       0x3d output\rtcconverter.o
 .comment       0x00000000       0x3d output\udp.o
 .comment       0x00000000       0x3d output\tick.o
 .comment       0x00000000       0x3d output\stack_task.o
 .comment       0x00000000       0x3d output\rsa.o
 .comment       0x00000000       0x3d output\nbns.o
 .comment       0x00000000       0x3d output\ip.o
 .comment       0x00000000       0x3d output\icmp.o
 .comment       0x00000000       0x3d output\helpers.o
 .comment       0x00000000       0x3d output\hashes.o
 .comment       0x00000000       0x3d output\Framework.o
 .comment       0x00000000       0x3d output\EthernetTasks.o
 .comment       0x00000000       0x3d output\drv_wifi_spi.o
 .comment       0x00000000       0x3d output\drv_wifi_pbkdf2.o
 .comment       0x00000000       0x3d output\drv_wifi_init.o
 .comment       0x00000000       0x3d output\drv_wifi_event_handler.o
 .comment       0x00000000       0x3d output\drv_wifi_param_msg.o
 .comment       0x00000000       0x3d output\drv_wifi_eint.o
 .comment       0x00000000       0x3d output\drv_wifi_mgmt_msg.o
 .comment       0x00000000       0x3d output\drv_wifi_debug_strings.o
 .comment       0x00000000       0x3d output\dhcp_client.o
 .comment       0x00000000       0x3d output\drv_wifi_connection_manager.o
 .comment       0x00000000       0x3d output\drv_wifi_raw.o
 .comment       0x00000000       0x3d output\drv_wifi_connection_algorithm.o
 .comment       0x00000000       0x3d output\drv_wifi_config.o
 .comment       0x00000000       0x3d output\drv_wifi_connection_profile.o
 .comment       0x00000000       0x3d output\drv_wifi_mac.o
 .comment       0x00000000       0x3d output\BootLoader.o
 .comment       0x00000000       0x3d output\dns_client.o
 .comment       0x00000000       0x3d output\big_int.o
 .comment       0x00000000       0x3d output\arp.o
 .comment       0x00000000       0x3d output\announce.o
 .comment       0x00000000       0x3d output\drv_wifi_com.o
 .comment       0x00000000       0x3d output\arc4.o
 .comment       0x00000000       0x3d output\drv_wifi_power_save.o
 .comment       0x00000000       0x3d output\NVMem.o
 .comment       0x00000000       0x3d output\Delay.o
 .comment       0x0000003c       0x3c c:/program files (x86)/microchip/xc32/v2.30/bin/bin/../../lib/gcc/pic32mx/4.8.3/../../../../pic32mx/lib\libmchp_peripheral.a(read_core_timer_lib.o)
                                 0x3d (size before relaxing)
 .comment       0x00000000       0x3d c:/program files (x86)/microchip/xc32/v2.30/bin/bin/../../lib/gcc/pic32mx/4.8.3/../../../../pic32mx/lib\libmchp_peripheral.a(write_core_timer_lib.o)
 .comment       0x00000000       0x3d c:/program files (x86)/microchip/xc32/v2.30/bin/bin/../../lib/gcc/pic32mx/4.8.3/../../../../pic32mx/lib\libmchp_peripheral_32MX470F512H.a(pcache.o)
 .comment       0x00000000       0x3d c:/program files (x86)/microchip/xc32/v2.30/bin/bin/../../lib/gcc/pic32mx/4.8.3/../../../../pic32mx/lib\libmchp_peripheral_32MX470F512H.a(int_disable_interrupts_lib.o)
 .comment       0x00000000       0x3d c:/program files (x86)/microchip/xc32/v2.30/bin/bin/../../lib/gcc/pic32mx/4.8.3/../../../../pic32mx/lib\libmchp_peripheral_32MX470F512H.a(int_restore_interrupts_lib.o)
 .comment       0x00000000       0x3d c:/program files (x86)/microchip/xc32/v2.30/bin/bin/../../lib/gcc/pic32mx/4.8.3/../../../../pic32mx/lib\libmchp_peripheral_32MX470F512H.a(int_enable_mv_int_lib.o)
 .comment       0x00000000       0x3d c:/program files (x86)/microchip/xc32/v2.30/bin/bin/../../lib/gcc/pic32mx/4.8.3/../../../../pic32mx/lib\libmchp_peripheral_32MX470F512H.a(int_enable_interrupts_lib.o)
 .comment       0x00000000       0x3d c:/program files (x86)/microchip/xc32/v2.30/bin/bin/../../lib/gcc/pic32mx/4.8.3\libgcc.a(_udivdi3.o)
 .comment       0x00000000       0x3d c:/program files (x86)/microchip/xc32/v2.30/bin/bin/../../lib/gcc/pic32mx/4.8.3\libgcc.a(_umoddi3.o)
 .comment       0x00000078       0x18 c:/program files (x86)/microchip/xc32/v2.30/bin/bin/../../lib/gcc/pic32mx/4.8.3/../../../../pic32mx/lib\libpic32.a(memcmp.o)
                                 0x19 (size before relaxing)
 .comment       0x00000090       0x18 c:/program files (x86)/microchip/xc32/v2.30/bin/bin/../../lib/gcc/pic32mx/4.8.3/../../../../pic32mx/lib\libpic32.a(memset.o)
                                 0x19 (size before relaxing)
 .comment       0x000000a8       0x19 c:/program files (x86)/microchip/xc32/v2.30/bin/bin/../../lib/gcc/pic32mx/4.8.3/../../../../pic32mx/lib\libpic32.a(strlen.o)
                                 0x1a (size before relaxing)
 .comment       0x00000000       0x3d c:/program files (x86)/microchip/xc32/v2.30/bin/bin/../../lib/gcc/pic32mx/4.8.3/../../../../pic32mx/lib\libpic32.a(default-bootstrap-exception-handler.o)
 .comment       0x00000000       0x3d c:/program files (x86)/microchip/xc32/v2.30/bin/bin/../../lib/gcc/pic32mx/4.8.3/../../../../pic32mx/lib\libpic32.a(default-on-reset.o)
 .comment       0x00000000       0x3d c:/program files (x86)/microchip/xc32/v2.30/bin/bin/../../lib/gcc/pic32mx/4.8.3/../../../../pic32mx/lib\libpic32.a(default-on-bootstrap.o)
 .comment       0x00000000       0x3d c:/program files (x86)/microchip/xc32/v2.30/bin/bin/../../lib/gcc/pic32mx/4.8.3/../../../../pic32mx/lib\libpic32.a(default-general-exception-handler.o)
 .comment       0x00000000       0x3d c:/program files (x86)/microchip/xc32/v2.30/bin/bin/../../lib/gcc/pic32mx/4.8.3/../../../../pic32mx/lib\libpic32.a(defaultinterrupt.o)
 .comment       0x000000c1       0x50 c:/program files (x86)/microchip/xc32/v2.30/bin/bin/../../lib/gcc/pic32mx/4.8.3/../../../../pic32mx/lib\liblega-c.a(strncpy.o)
                                 0x8d (size before relaxing)

.debug
 *(.debug)

.line
 *(.line)

.debug_srcinfo
 *(.debug_srcinfo)

.debug_sfnames
 *(.debug_sfnames)

.debug_aranges  0x00000000      0x688
 *(.debug_aranges)
 .debug_aranges
                0x00000000       0x20 output\daylight.o
 .debug_aranges
                0x00000020       0x20 output\rtc.o
 .debug_aranges
                0x00000040       0x20 output\rtcconverter.o
 .debug_aranges
                0x00000060       0x20 output\udp.o
 .debug_aranges
                0x00000080       0x20 output\tick.o
 .debug_aranges
                0x000000a0       0x20 output\stack_task.o
 .debug_aranges
                0x000000c0       0x18 output\rsa.o
 .debug_aranges
                0x000000d8       0x20 output\nbns.o
 .debug_aranges
                0x000000f8       0x20 output\ip.o
 .debug_aranges
                0x00000118       0x20 output\icmp.o
 .debug_aranges
                0x00000138       0x20 output\helpers.o
 .debug_aranges
                0x00000158       0x18 output\hashes.o
 .debug_aranges
                0x00000170       0x20 output\Framework.o
 .debug_aranges
                0x00000190       0x20 output\EthernetTasks.o
 .debug_aranges
                0x000001b0       0x20 output\drv_wifi_spi.o
 .debug_aranges
                0x000001d0       0x20 output\drv_wifi_pbkdf2.o
 .debug_aranges
                0x000001f0       0x20 output\drv_wifi_init.o
 .debug_aranges
                0x00000210       0x20 output\drv_wifi_event_handler.o
 .debug_aranges
                0x00000230       0x20 output\drv_wifi_param_msg.o
 .debug_aranges
                0x00000250       0x20 output\drv_wifi_eint.o
 .debug_aranges
                0x00000270       0x20 output\drv_wifi_mgmt_msg.o
 .debug_aranges
                0x00000290       0x20 output\drv_wifi_debug_strings.o
 .debug_aranges
                0x000002b0       0x20 output\dhcp_client.o
 .debug_aranges
                0x000002d0       0x20 output\drv_wifi_connection_manager.o
 .debug_aranges
                0x000002f0       0x20 output\drv_wifi_raw.o
 .debug_aranges
                0x00000310       0x20 output\drv_wifi_connection_algorithm.o
 .debug_aranges
                0x00000330       0x20 output\drv_wifi_config.o
 .debug_aranges
                0x00000350       0x20 output\drv_wifi_connection_profile.o
 .debug_aranges
                0x00000370       0x20 output\drv_wifi_mac.o
 .debug_aranges
                0x00000390       0x20 output\BootLoader.o
 .debug_aranges
                0x000003b0       0x20 output\dns_client.o
 .debug_aranges
                0x000003d0       0x18 output\big_int.o
 .debug_aranges
                0x000003e8       0x20 output\arp.o
 .debug_aranges
                0x00000408       0x20 output\announce.o
 .debug_aranges
                0x00000428       0x20 output\drv_wifi_com.o
 .debug_aranges
                0x00000448       0x18 output\arc4.o
 .debug_aranges
                0x00000460       0x20 output\drv_wifi_power_save.o
 .debug_aranges
                0x00000480       0x20 output\NVMem.o
 .debug_aranges
                0x000004a0       0x20 output\Delay.o
 .debug_aranges
                0x000004c0       0x20 c:/program files (x86)/microchip/xc32/v2.30/bin/bin/../../lib/gcc/pic32mx/4.8.3/../../../../pic32mx/lib\libmchp_peripheral.a(read_core_timer_lib.o)
 .debug_aranges
                0x000004e0       0x20 c:/program files (x86)/microchip/xc32/v2.30/bin/bin/../../lib/gcc/pic32mx/4.8.3/../../../../pic32mx/lib\libmchp_peripheral.a(write_core_timer_lib.o)
 .debug_aranges
                0x00000500       0x28 c:/program files (x86)/microchip/xc32/v2.30/bin/bin/../../lib/gcc/pic32mx/4.8.3/../../../../pic32mx/lib\libmchp_peripheral_32MX470F512H.a(pcache.o)
 .debug_aranges
                0x00000528       0x20 c:/program files (x86)/microchip/xc32/v2.30/bin/bin/../../lib/gcc/pic32mx/4.8.3/../../../../pic32mx/lib\libmchp_peripheral_32MX470F512H.a(int_disable_interrupts_lib.o)
 .debug_aranges
                0x00000548       0x20 c:/program files (x86)/microchip/xc32/v2.30/bin/bin/../../lib/gcc/pic32mx/4.8.3/../../../../pic32mx/lib\libmchp_peripheral_32MX470F512H.a(int_restore_interrupts_lib.o)
 .debug_aranges
                0x00000568       0x20 c:/program files (x86)/microchip/xc32/v2.30/bin/bin/../../lib/gcc/pic32mx/4.8.3/../../../../pic32mx/lib\libmchp_peripheral_32MX470F512H.a(int_enable_mv_int_lib.o)
 .debug_aranges
                0x00000588       0x20 c:/program files (x86)/microchip/xc32/v2.30/bin/bin/../../lib/gcc/pic32mx/4.8.3/../../../../pic32mx/lib\libmchp_peripheral_32MX470F512H.a(int_enable_interrupts_lib.o)
 .debug_aranges
                0x000005a8       0x20 c:/program files (x86)/microchip/xc32/v2.30/bin/bin/../../lib/gcc/pic32mx/4.8.3\libgcc.a(_udivdi3.o)
 .debug_aranges
                0x000005c8       0x20 c:/program files (x86)/microchip/xc32/v2.30/bin/bin/../../lib/gcc/pic32mx/4.8.3\libgcc.a(_umoddi3.o)
 .debug_aranges
                0x000005e8       0x20 c:/program files (x86)/microchip/xc32/v2.30/bin/bin/../../lib/gcc/pic32mx/4.8.3/../../../../pic32mx/lib\libpic32.a(default-bootstrap-exception-handler.o)
 .debug_aranges
                0x00000608       0x20 c:/program files (x86)/microchip/xc32/v2.30/bin/bin/../../lib/gcc/pic32mx/4.8.3/../../../../pic32mx/lib\libpic32.a(default-on-reset.o)
 .debug_aranges
                0x00000628       0x20 c:/program files (x86)/microchip/xc32/v2.30/bin/bin/../../lib/gcc/pic32mx/4.8.3/../../../../pic32mx/lib\libpic32.a(default-on-bootstrap.o)
 .debug_aranges
                0x00000648       0x20 c:/program files (x86)/microchip/xc32/v2.30/bin/bin/../../lib/gcc/pic32mx/4.8.3/../../../../pic32mx/lib\libpic32.a(default-general-exception-handler.o)
 .debug_aranges
                0x00000668       0x20 c:/program files (x86)/microchip/xc32/v2.30/bin/bin/../../lib/gcc/pic32mx/4.8.3/../../../../pic32mx/lib\libpic32.a(defaultinterrupt.o)

.debug_pubnames
 *(.debug_pubnames)

.debug_info     0x00000000    0x3ee4b
 *(.debug_info .gnu.linkonce.wi.*)
 .debug_info    0x00000000      0x2a7 output\daylight.o
 .debug_info    0x000002a7      0xb6d output\rtc.o
 .debug_info    0x00000e14      0x497 output\rtcconverter.o
 .debug_info    0x000012ab     0x2425 output\udp.o
 .debug_info    0x000036d0     0x16e4 output\tick.o
 .debug_info    0x00004db4     0x1b57 output\stack_task.o
 .debug_info    0x0000690b      0xdad output\rsa.o
 .debug_info    0x000076b8     0x1f4b output\nbns.o
 .debug_info    0x00009603     0x1a8c output\ip.o
 .debug_info    0x0000b08f     0x155a output\icmp.o
 .debug_info    0x0000c5e9     0x19d7 output\helpers.o
 .debug_info    0x0000dfc0      0xdb0 output\hashes.o
 .debug_info    0x0000ed70     0x1b4d output\Framework.o
 .debug_info    0x000108bd     0x2c00 output\EthernetTasks.o
 .debug_info    0x000134bd     0x17b8 output\drv_wifi_spi.o
 .debug_info    0x00014c75     0x1cd4 output\drv_wifi_pbkdf2.o
 .debug_info    0x00016949     0x1ae2 output\drv_wifi_init.o
 .debug_info    0x0001842b     0x14d3 output\drv_wifi_event_handler.o
 .debug_info    0x000198fe     0x2332 output\drv_wifi_param_msg.o
 .debug_info    0x0001bc30     0x18b5 output\drv_wifi_eint.o
 .debug_info    0x0001d4e5     0x1b0d output\drv_wifi_mgmt_msg.o
 .debug_info    0x0001eff2      0xe40 output\drv_wifi_debug_strings.o
 .debug_info    0x0001fe32     0x27a8 output\dhcp_client.o
 .debug_info    0x000225da     0x174c output\drv_wifi_connection_manager.o
 .debug_info    0x00023d26     0x1deb output\drv_wifi_raw.o
 .debug_info    0x00025b11     0x2850 output\drv_wifi_connection_algorithm.o
 .debug_info    0x00028361     0x12b4 output\drv_wifi_config.o
 .debug_info    0x00029615     0x25a9 output\drv_wifi_connection_profile.o
 .debug_info    0x0002bbbe     0x2b6c output\drv_wifi_mac.o
 .debug_info    0x0002e72a     0x137b output\BootLoader.o
 .debug_info    0x0002faa5     0x2341 output\dns_client.o
 .debug_info    0x00031de6      0xdb1 output\big_int.o
 .debug_info    0x00032b97     0x1acf output\arp.o
 .debug_info    0x00034666     0x1c2e output\announce.o
 .debug_info    0x00036294     0x2abe output\drv_wifi_com.o
 .debug_info    0x00038d52      0xdae output\arc4.o
 .debug_info    0x00039b00     0x1a81 output\drv_wifi_power_save.o
 .debug_info    0x0003b581     0x121b output\NVMem.o
 .debug_info    0x0003c79c      0xe8b output\Delay.o
 .debug_info    0x0003d627       0xa8 c:/program files (x86)/microchip/xc32/v2.30/bin/bin/../../lib/gcc/pic32mx/4.8.3/../../../../pic32mx/lib\libmchp_peripheral.a(read_core_timer_lib.o)
 .debug_info    0x0003d6cf       0xaa c:/program files (x86)/microchip/xc32/v2.30/bin/bin/../../lib/gcc/pic32mx/4.8.3/../../../../pic32mx/lib\libmchp_peripheral.a(write_core_timer_lib.o)
 .debug_info    0x0003d779       0xbe c:/program files (x86)/microchip/xc32/v2.30/bin/bin/../../lib/gcc/pic32mx/4.8.3/../../../../pic32mx/lib\libmchp_peripheral_32MX470F512H.a(pcache.o)
 .debug_info    0x0003d837       0xb4 c:/program files (x86)/microchip/xc32/v2.30/bin/bin/../../lib/gcc/pic32mx/4.8.3/../../../../pic32mx/lib\libmchp_peripheral_32MX470F512H.a(int_disable_interrupts_lib.o)
 .debug_info    0x0003d8eb       0xb4 c:/program files (x86)/microchip/xc32/v2.30/bin/bin/../../lib/gcc/pic32mx/4.8.3/../../../../pic32mx/lib\libmchp_peripheral_32MX470F512H.a(int_restore_interrupts_lib.o)
 .debug_info    0x0003d99f       0xba c:/program files (x86)/microchip/xc32/v2.30/bin/bin/../../lib/gcc/pic32mx/4.8.3/../../../../pic32mx/lib\libmchp_peripheral_32MX470F512H.a(int_enable_mv_int_lib.o)
 .debug_info    0x0003da59       0xb2 c:/program files (x86)/microchip/xc32/v2.30/bin/bin/../../lib/gcc/pic32mx/4.8.3/../../../../pic32mx/lib\libmchp_peripheral_32MX470F512H.a(int_enable_interrupts_lib.o)
 .debug_info    0x0003db0b      0x74b c:/program files (x86)/microchip/xc32/v2.30/bin/bin/../../lib/gcc/pic32mx/4.8.3\libgcc.a(_udivdi3.o)
 .debug_info    0x0003e256      0x788 c:/program files (x86)/microchip/xc32/v2.30/bin/bin/../../lib/gcc/pic32mx/4.8.3\libgcc.a(_umoddi3.o)
 .debug_info    0x0003e9de       0xf4 c:/program files (x86)/microchip/xc32/v2.30/bin/bin/../../lib/gcc/pic32mx/4.8.3/../../../../pic32mx/lib\libpic32.a(default-bootstrap-exception-handler.o)
 .debug_info    0x0003ead2       0xcd c:/program files (x86)/microchip/xc32/v2.30/bin/bin/../../lib/gcc/pic32mx/4.8.3/../../../../pic32mx/lib\libpic32.a(default-on-reset.o)
 .debug_info    0x0003eb9f       0xd5 c:/program files (x86)/microchip/xc32/v2.30/bin/bin/../../lib/gcc/pic32mx/4.8.3/../../../../pic32mx/lib\libpic32.a(default-on-bootstrap.o)
 .debug_info    0x0003ec74       0xf0 c:/program files (x86)/microchip/xc32/v2.30/bin/bin/../../lib/gcc/pic32mx/4.8.3/../../../../pic32mx/lib\libpic32.a(default-general-exception-handler.o)
 .debug_info    0x0003ed64       0xe7 c:/program files (x86)/microchip/xc32/v2.30/bin/bin/../../lib/gcc/pic32mx/4.8.3/../../../../pic32mx/lib\libpic32.a(defaultinterrupt.o)

.debug_abbrev   0x00000000     0x672c
 *(.debug_abbrev)
 .debug_abbrev  0x00000000       0xcb output\daylight.o
 .debug_abbrev  0x000000cb      0x291 output\rtc.o
 .debug_abbrev  0x0000035c      0x127 output\rtcconverter.o
 .debug_abbrev  0x00000483      0x3c6 output\udp.o
 .debug_abbrev  0x00000849      0x21c output\tick.o
 .debug_abbrev  0x00000a65      0x266 output\stack_task.o
 .debug_abbrev  0x00000ccb      0x118 output\rsa.o
 .debug_abbrev  0x00000de3      0x2d4 output\nbns.o
 .debug_abbrev  0x000010b7      0x26c output\ip.o
 .debug_abbrev  0x00001323      0x1f6 output\icmp.o
 .debug_abbrev  0x00001519      0x280 output\helpers.o
 .debug_abbrev  0x00001799      0x118 output\hashes.o
 .debug_abbrev  0x000018b1      0x2e4 output\Framework.o
 .debug_abbrev  0x00001b95      0x31f output\EthernetTasks.o
 .debug_abbrev  0x00001eb4      0x23f output\drv_wifi_spi.o
 .debug_abbrev  0x000020f3      0x32d output\drv_wifi_pbkdf2.o
 .debug_abbrev  0x00002420      0x249 output\drv_wifi_init.o
 .debug_abbrev  0x00002669      0x2b3 output\drv_wifi_event_handler.o
 .debug_abbrev  0x0000291c      0x28e output\drv_wifi_param_msg.o
 .debug_abbrev  0x00002baa      0x184 output\drv_wifi_eint.o
 .debug_abbrev  0x00002d2e      0x30f output\drv_wifi_mgmt_msg.o
 .debug_abbrev  0x0000303d      0x145 output\drv_wifi_debug_strings.o
 .debug_abbrev  0x00003182      0x32b output\dhcp_client.o
 .debug_abbrev  0x000034ad      0x312 output\drv_wifi_connection_manager.o
 .debug_abbrev  0x000037bf      0x3ec output\drv_wifi_raw.o
 .debug_abbrev  0x00003bab      0x39c output\drv_wifi_connection_algorithm.o
 .debug_abbrev  0x00003f47      0x1f3 output\drv_wifi_config.o
 .debug_abbrev  0x0000413a      0x341 output\drv_wifi_connection_profile.o
 .debug_abbrev  0x0000447b      0x43b output\drv_wifi_mac.o
 .debug_abbrev  0x000048b6      0x366 output\BootLoader.o
 .debug_abbrev  0x00004c1c      0x2dc output\dns_client.o
 .debug_abbrev  0x00004ef8      0x118 output\big_int.o
 .debug_abbrev  0x00005010      0x2fa output\arp.o
 .debug_abbrev  0x0000530a      0x287 output\announce.o
 .debug_abbrev  0x00005591      0x3b7 output\drv_wifi_com.o
 .debug_abbrev  0x00005948      0x118 output\arc4.o
 .debug_abbrev  0x00005a60      0x3d0 output\drv_wifi_power_save.o
 .debug_abbrev  0x00005e30      0x316 output\NVMem.o
 .debug_abbrev  0x00006146      0x187 output\Delay.o
 .debug_abbrev  0x000062cd       0x28 c:/program files (x86)/microchip/xc32/v2.30/bin/bin/../../lib/gcc/pic32mx/4.8.3/../../../../pic32mx/lib\libmchp_peripheral.a(read_core_timer_lib.o)
 .debug_abbrev  0x000062f5       0x28 c:/program files (x86)/microchip/xc32/v2.30/bin/bin/../../lib/gcc/pic32mx/4.8.3/../../../../pic32mx/lib\libmchp_peripheral.a(write_core_timer_lib.o)
 .debug_abbrev  0x0000631d       0x28 c:/program files (x86)/microchip/xc32/v2.30/bin/bin/../../lib/gcc/pic32mx/4.8.3/../../../../pic32mx/lib\libmchp_peripheral_32MX470F512H.a(pcache.o)
 .debug_abbrev  0x00006345       0x28 c:/program files (x86)/microchip/xc32/v2.30/bin/bin/../../lib/gcc/pic32mx/4.8.3/../../../../pic32mx/lib\libmchp_peripheral_32MX470F512H.a(int_disable_interrupts_lib.o)
 .debug_abbrev  0x0000636d       0x28 c:/program files (x86)/microchip/xc32/v2.30/bin/bin/../../lib/gcc/pic32mx/4.8.3/../../../../pic32mx/lib\libmchp_peripheral_32MX470F512H.a(int_restore_interrupts_lib.o)
 .debug_abbrev  0x00006395       0x28 c:/program files (x86)/microchip/xc32/v2.30/bin/bin/../../lib/gcc/pic32mx/4.8.3/../../../../pic32mx/lib\libmchp_peripheral_32MX470F512H.a(int_enable_mv_int_lib.o)
 .debug_abbrev  0x000063bd       0x28 c:/program files (x86)/microchip/xc32/v2.30/bin/bin/../../lib/gcc/pic32mx/4.8.3/../../../../pic32mx/lib\libmchp_peripheral_32MX470F512H.a(int_enable_interrupts_lib.o)
 .debug_abbrev  0x000063e5      0x138 c:/program files (x86)/microchip/xc32/v2.30/bin/bin/../../lib/gcc/pic32mx/4.8.3\libgcc.a(_udivdi3.o)
 .debug_abbrev  0x0000651d      0x147 c:/program files (x86)/microchip/xc32/v2.30/bin/bin/../../lib/gcc/pic32mx/4.8.3\libgcc.a(_umoddi3.o)
 .debug_abbrev  0x00006664       0x28 c:/program files (x86)/microchip/xc32/v2.30/bin/bin/../../lib/gcc/pic32mx/4.8.3/../../../../pic32mx/lib\libpic32.a(default-bootstrap-exception-handler.o)
 .debug_abbrev  0x0000668c       0x28 c:/program files (x86)/microchip/xc32/v2.30/bin/bin/../../lib/gcc/pic32mx/4.8.3/../../../../pic32mx/lib\libpic32.a(default-on-reset.o)
 .debug_abbrev  0x000066b4       0x28 c:/program files (x86)/microchip/xc32/v2.30/bin/bin/../../lib/gcc/pic32mx/4.8.3/../../../../pic32mx/lib\libpic32.a(default-on-bootstrap.o)
 .debug_abbrev  0x000066dc       0x28 c:/program files (x86)/microchip/xc32/v2.30/bin/bin/../../lib/gcc/pic32mx/4.8.3/../../../../pic32mx/lib\libpic32.a(default-general-exception-handler.o)
 .debug_abbrev  0x00006704       0x28 c:/program files (x86)/microchip/xc32/v2.30/bin/bin/../../lib/gcc/pic32mx/4.8.3/../../../../pic32mx/lib\libpic32.a(defaultinterrupt.o)

.debug_line     0x00000000     0x74e8
 *(.debug_line)
 .debug_line    0x00000000       0xff output\daylight.o
 .debug_line    0x000000ff      0x25b output\rtc.o
 .debug_line    0x0000035a      0x189 output\rtcconverter.o
 .debug_line    0x000004e3      0x3ce output\udp.o
 .debug_line    0x000008b1      0x28e output\tick.o
 .debug_line    0x00000b3f      0x34c output\stack_task.o
 .debug_line    0x00000e8b      0x17b output\rsa.o
 .debug_line    0x00001006      0x2ea output\nbns.o
 .debug_line    0x000012f0      0x2b4 output\ip.o
 .debug_line    0x000015a4      0x277 output\icmp.o
 .debug_line    0x0000181b      0x369 output\helpers.o
 .debug_line    0x00001b84      0x17b output\hashes.o
 .debug_line    0x00001cff      0x340 output\Framework.o
 .debug_line    0x0000203f      0x445 output\EthernetTasks.o
 .debug_line    0x00002484      0x28d output\drv_wifi_spi.o
 .debug_line    0x00002711      0x353 output\drv_wifi_pbkdf2.o
 .debug_line    0x00002a64      0x2dc output\drv_wifi_init.o
 .debug_line    0x00002d40      0x2dc output\drv_wifi_event_handler.o
 .debug_line    0x0000301c      0x2f8 output\drv_wifi_param_msg.o
 .debug_line    0x00003314      0x27b output\drv_wifi_eint.o
 .debug_line    0x0000358f      0x2f5 output\drv_wifi_mgmt_msg.o
 .debug_line    0x00003884      0x1f4 output\drv_wifi_debug_strings.o
 .debug_line    0x00003a78      0x3fb output\dhcp_client.o
 .debug_line    0x00003e73      0x2c9 output\drv_wifi_connection_manager.o
 .debug_line    0x0000413c      0x347 output\drv_wifi_raw.o
 .debug_line    0x00004483      0x380 output\drv_wifi_connection_algorithm.o
 .debug_line    0x00004803      0x279 output\drv_wifi_config.o
 .debug_line    0x00004a7c      0x352 output\drv_wifi_connection_profile.o
 .debug_line    0x00004dce      0x4c9 output\drv_wifi_mac.o
 .debug_line    0x00005297      0x2ca output\BootLoader.o
 .debug_line    0x00005561      0x38e output\dns_client.o
 .debug_line    0x000058ef      0x17b output\big_int.o
 .debug_line    0x00005a6a      0x2f0 output\arp.o
 .debug_line    0x00005d5a      0x2cd output\announce.o
 .debug_line    0x00006027      0x3af output\drv_wifi_com.o
 .debug_line    0x000063d6      0x17b output\arc4.o
 .debug_line    0x00006551      0x2e8 output\drv_wifi_power_save.o
 .debug_line    0x00006839      0x2b6 output\NVMem.o
 .debug_line    0x00006aef      0x1f0 output\Delay.o
 .debug_line    0x00006cdf       0x6b c:/program files (x86)/microchip/xc32/v2.30/bin/bin/../../lib/gcc/pic32mx/4.8.3/../../../../pic32mx/lib\libmchp_peripheral.a(read_core_timer_lib.o)
 .debug_line    0x00006d4a       0x6c c:/program files (x86)/microchip/xc32/v2.30/bin/bin/../../lib/gcc/pic32mx/4.8.3/../../../../pic32mx/lib\libmchp_peripheral.a(write_core_timer_lib.o)
 .debug_line    0x00006db6       0x5f c:/program files (x86)/microchip/xc32/v2.30/bin/bin/../../lib/gcc/pic32mx/4.8.3/../../../../pic32mx/lib\libmchp_peripheral_32MX470F512H.a(pcache.o)
 .debug_line    0x00006e15       0x70 c:/program files (x86)/microchip/xc32/v2.30/bin/bin/../../lib/gcc/pic32mx/4.8.3/../../../../pic32mx/lib\libmchp_peripheral_32MX470F512H.a(int_disable_interrupts_lib.o)
 .debug_line    0x00006e85       0x70 c:/program files (x86)/microchip/xc32/v2.30/bin/bin/../../lib/gcc/pic32mx/4.8.3/../../../../pic32mx/lib\libmchp_peripheral_32MX470F512H.a(int_restore_interrupts_lib.o)
 .debug_line    0x00006ef5       0x6b c:/program files (x86)/microchip/xc32/v2.30/bin/bin/../../lib/gcc/pic32mx/4.8.3/../../../../pic32mx/lib\libmchp_peripheral_32MX470F512H.a(int_enable_mv_int_lib.o)
 .debug_line    0x00006f60       0x6f c:/program files (x86)/microchip/xc32/v2.30/bin/bin/../../lib/gcc/pic32mx/4.8.3/../../../../pic32mx/lib\libmchp_peripheral_32MX470F512H.a(int_enable_interrupts_lib.o)
 .debug_line    0x00006fcf       0xf7 c:/program files (x86)/microchip/xc32/v2.30/bin/bin/../../lib/gcc/pic32mx/4.8.3\libgcc.a(_udivdi3.o)
 .debug_line    0x000070c6      0x109 c:/program files (x86)/microchip/xc32/v2.30/bin/bin/../../lib/gcc/pic32mx/4.8.3\libgcc.a(_umoddi3.o)
 .debug_line    0x000071cf       0xa6 c:/program files (x86)/microchip/xc32/v2.30/bin/bin/../../lib/gcc/pic32mx/4.8.3/../../../../pic32mx/lib\libpic32.a(default-bootstrap-exception-handler.o)
 .debug_line    0x00007275       0x93 c:/program files (x86)/microchip/xc32/v2.30/bin/bin/../../lib/gcc/pic32mx/4.8.3/../../../../pic32mx/lib\libpic32.a(default-on-reset.o)
 .debug_line    0x00007308       0x97 c:/program files (x86)/microchip/xc32/v2.30/bin/bin/../../lib/gcc/pic32mx/4.8.3/../../../../pic32mx/lib\libpic32.a(default-on-bootstrap.o)
 .debug_line    0x0000739f       0xa4 c:/program files (x86)/microchip/xc32/v2.30/bin/bin/../../lib/gcc/pic32mx/4.8.3/../../../../pic32mx/lib\libpic32.a(default-general-exception-handler.o)
 .debug_line    0x00007443       0xa5 c:/program files (x86)/microchip/xc32/v2.30/bin/bin/../../lib/gcc/pic32mx/4.8.3/../../../../pic32mx/lib\libpic32.a(defaultinterrupt.o)

.debug_frame    0x00000000     0x24d4
 *(.debug_frame)
 .debug_frame   0x00000000       0x4c output\daylight.o
 .debug_frame   0x0000004c      0x234 output\rtc.o
 .debug_frame   0x00000280       0x68 output\rtcconverter.o
 .debug_frame   0x000002e8      0x1f4 output\udp.o
 .debug_frame   0x000004dc       0xc8 output\tick.o
 .debug_frame   0x000005a4       0x84 output\stack_task.o
 .debug_frame   0x00000628       0x4c output\nbns.o
 .debug_frame   0x00000674       0x84 output\ip.o
 .debug_frame   0x000006f8       0x30 output\icmp.o
 .debug_frame   0x00000728      0x150 output\helpers.o
 .debug_frame   0x00000878       0xf8 output\Framework.o
 .debug_frame   0x00000970       0xc0 output\EthernetTasks.o
 .debug_frame   0x00000a30       0x64 output\drv_wifi_spi.o
 .debug_frame   0x00000a94      0x160 output\drv_wifi_pbkdf2.o
 .debug_frame   0x00000bf4       0x2c output\drv_wifi_init.o
 .debug_frame   0x00000c20       0x30 output\drv_wifi_event_handler.o
 .debug_frame   0x00000c50      0x1c8 output\drv_wifi_param_msg.o
 .debug_frame   0x00000e18       0xb8 output\drv_wifi_eint.o
 .debug_frame   0x00000ed0       0x98 output\drv_wifi_mgmt_msg.o
 .debug_frame   0x00000f68       0x20 output\drv_wifi_debug_strings.o
 .debug_frame   0x00000f88      0x114 output\dhcp_client.o
 .debug_frame   0x0000109c       0xc8 output\drv_wifi_connection_manager.o
 .debug_frame   0x00001164      0x214 output\drv_wifi_raw.o
 .debug_frame   0x00001378      0x360 output\drv_wifi_connection_algorithm.o
 .debug_frame   0x000016d8       0x30 output\drv_wifi_config.o
 .debug_frame   0x00001708      0x2a0 output\drv_wifi_connection_profile.o
 .debug_frame   0x000019a8      0x324 output\drv_wifi_mac.o
 .debug_frame   0x00001ccc       0x60 output\BootLoader.o
 .debug_frame   0x00001d2c       0xdc output\dns_client.o
 .debug_frame   0x00001e08       0xcc output\arp.o
 .debug_frame   0x00001ed4       0x68 output\announce.o
 .debug_frame   0x00001f3c      0x194 output\drv_wifi_com.o
 .debug_frame   0x000020d0      0x13c output\drv_wifi_power_save.o
 .debug_frame   0x0000220c       0x94 output\NVMem.o
 .debug_frame   0x000022a0       0x44 output\Delay.o
 .debug_frame   0x000022e4       0x20 c:/program files (x86)/microchip/xc32/v2.30/bin/bin/../../lib/gcc/pic32mx/4.8.3/../../../../pic32mx/lib\libmchp_peripheral.a(read_core_timer_lib.o)
 .debug_frame   0x00002304       0x20 c:/program files (x86)/microchip/xc32/v2.30/bin/bin/../../lib/gcc/pic32mx/4.8.3/../../../../pic32mx/lib\libmchp_peripheral.a(write_core_timer_lib.o)
 .debug_frame   0x00002324       0x30 c:/program files (x86)/microchip/xc32/v2.30/bin/bin/../../lib/gcc/pic32mx/4.8.3/../../../../pic32mx/lib\libmchp_peripheral_32MX470F512H.a(pcache.o)
 .debug_frame   0x00002354       0x20 c:/program files (x86)/microchip/xc32/v2.30/bin/bin/../../lib/gcc/pic32mx/4.8.3/../../../../pic32mx/lib\libmchp_peripheral_32MX470F512H.a(int_disable_interrupts_lib.o)
 .debug_frame   0x00002374       0x20 c:/program files (x86)/microchip/xc32/v2.30/bin/bin/../../lib/gcc/pic32mx/4.8.3/../../../../pic32mx/lib\libmchp_peripheral_32MX470F512H.a(int_restore_interrupts_lib.o)
 .debug_frame   0x00002394       0x28 c:/program files (x86)/microchip/xc32/v2.30/bin/bin/../../lib/gcc/pic32mx/4.8.3/../../../../pic32mx/lib\libmchp_peripheral_32MX470F512H.a(int_enable_mv_int_lib.o)
 .debug_frame   0x000023bc       0x20 c:/program files (x86)/microchip/xc32/v2.30/bin/bin/../../lib/gcc/pic32mx/4.8.3/../../../../pic32mx/lib\libmchp_peripheral_32MX470F512H.a(int_enable_interrupts_lib.o)
 .debug_frame   0x000023dc       0x20 c:/program files (x86)/microchip/xc32/v2.30/bin/bin/../../lib/gcc/pic32mx/4.8.3\libgcc.a(_udivdi3.o)
 .debug_frame   0x000023fc       0x20 c:/program files (x86)/microchip/xc32/v2.30/bin/bin/../../lib/gcc/pic32mx/4.8.3\libgcc.a(_umoddi3.o)
 .debug_frame   0x0000241c       0x2c c:/program files (x86)/microchip/xc32/v2.30/bin/bin/../../lib/gcc/pic32mx/4.8.3/../../../../pic32mx/lib\libpic32.a(default-bootstrap-exception-handler.o)
 .debug_frame   0x00002448       0x20 c:/program files (x86)/microchip/xc32/v2.30/bin/bin/../../lib/gcc/pic32mx/4.8.3/../../../../pic32mx/lib\libpic32.a(default-on-reset.o)
 .debug_frame   0x00002468       0x20 c:/program files (x86)/microchip/xc32/v2.30/bin/bin/../../lib/gcc/pic32mx/4.8.3/../../../../pic32mx/lib\libpic32.a(default-on-bootstrap.o)
 .debug_frame   0x00002488       0x2c c:/program files (x86)/microchip/xc32/v2.30/bin/bin/../../lib/gcc/pic32mx/4.8.3/../../../../pic32mx/lib\libpic32.a(default-general-exception-handler.o)
 .debug_frame   0x000024b4       0x20 c:/program files (x86)/microchip/xc32/v2.30/bin/bin/../../lib/gcc/pic32mx/4.8.3/../../../../pic32mx/lib\libpic32.a(defaultinterrupt.o)

.debug_str      0x00000000      0x39e
 *(.debug_str)
 .debug_str     0x00000000        0x7 output\daylight.o
 .debug_str     0x00000007       0x10 output\rtc.o
 .debug_str     0x00000017       0x29 output\rtcconverter.o
 .debug_str     0x00000040       0x34 output\udp.o
 .debug_str     0x00000074        0x0 output\tick.o
 .debug_str     0x00000074        0x0 output\stack_task.o
 .debug_str     0x00000074        0x0 output\rsa.o
 .debug_str     0x00000074        0xb output\nbns.o
 .debug_str     0x0000007f        0x9 output\ip.o
 .debug_str     0x00000088        0x0 output\icmp.o
 .debug_str     0x00000088        0x0 output\helpers.o
 .debug_str     0x00000088        0x0 output\hashes.o
 .debug_str     0x00000088        0x0 output\Framework.o
 .debug_str     0x00000088        0x0 output\EthernetTasks.o
 .debug_str     0x00000088        0x0 output\drv_wifi_spi.o
 .debug_str     0x00000088       0x52 output\drv_wifi_pbkdf2.o
 .debug_str     0x000000da        0x0 output\drv_wifi_init.o
 .debug_str     0x000000da        0xb output\drv_wifi_event_handler.o
 .debug_str     0x000000e5       0x49 output\drv_wifi_param_msg.o
 .debug_str     0x0000012e        0x0 output\drv_wifi_eint.o
 .debug_str     0x0000012e       0x10 output\drv_wifi_mgmt_msg.o
 .debug_str     0x0000013e        0x0 output\drv_wifi_debug_strings.o
 .debug_str     0x0000013e        0xb output\dhcp_client.o
 .debug_str     0x00000149       0x15 output\drv_wifi_connection_manager.o
 .debug_str     0x0000015e       0x5c output\drv_wifi_raw.o
 .debug_str     0x000001ba       0xe4 output\drv_wifi_connection_algorithm.o
 .debug_str     0x0000029e        0x0 output\drv_wifi_config.o
 .debug_str     0x0000029e       0xa6 output\drv_wifi_connection_profile.o
 .debug_str     0x00000344        0xa output\drv_wifi_mac.o
 .debug_str     0x0000034e       0x15 output\BootLoader.o
 .debug_str     0x00000363        0x0 output\dns_client.o
 .debug_str     0x00000363        0x0 output\big_int.o
 .debug_str     0x00000363        0xe output\arp.o
 .debug_str     0x00000371       0x14 output\announce.o
 .debug_str     0x00000385        0x6 output\drv_wifi_com.o
 .debug_str     0x0000038b        0x0 output\arc4.o
 .debug_str     0x0000038b        0xb output\drv_wifi_power_save.o
 .debug_str     0x00000396        0x8 output\NVMem.o
 .debug_str     0x0000039e        0x0 output\Delay.o
 .debug_str     0x0000039e        0x0 c:/program files (x86)/microchip/xc32/v2.30/bin/bin/../../lib/gcc/pic32mx/4.8.3/../../../../pic32mx/lib\libmchp_peripheral.a(read_core_timer_lib.o)
 .debug_str     0x0000039e        0x0 c:/program files (x86)/microchip/xc32/v2.30/bin/bin/../../lib/gcc/pic32mx/4.8.3/../../../../pic32mx/lib\libmchp_peripheral.a(write_core_timer_lib.o)
 .debug_str     0x0000039e        0x0 c:/program files (x86)/microchip/xc32/v2.30/bin/bin/../../lib/gcc/pic32mx/4.8.3/../../../../pic32mx/lib\libmchp_peripheral_32MX470F512H.a(pcache.o)
 .debug_str     0x0000039e        0x0 c:/program files (x86)/microchip/xc32/v2.30/bin/bin/../../lib/gcc/pic32mx/4.8.3/../../../../pic32mx/lib\libmchp_peripheral_32MX470F512H.a(int_disable_interrupts_lib.o)
 .debug_str     0x0000039e        0x0 c:/program files (x86)/microchip/xc32/v2.30/bin/bin/../../lib/gcc/pic32mx/4.8.3/../../../../pic32mx/lib\libmchp_peripheral_32MX470F512H.a(int_restore_interrupts_lib.o)
 .debug_str     0x0000039e        0x0 c:/program files (x86)/microchip/xc32/v2.30/bin/bin/../../lib/gcc/pic32mx/4.8.3/../../../../pic32mx/lib\libmchp_peripheral_32MX470F512H.a(int_enable_mv_int_lib.o)
 .debug_str     0x0000039e        0x0 c:/program files (x86)/microchip/xc32/v2.30/bin/bin/../../lib/gcc/pic32mx/4.8.3/../../../../pic32mx/lib\libmchp_peripheral_32MX470F512H.a(int_enable_interrupts_lib.o)
 .debug_str     0x0000039e        0x0 c:/program files (x86)/microchip/xc32/v2.30/bin/bin/../../lib/gcc/pic32mx/4.8.3\libgcc.a(_udivdi3.o)
 .debug_str     0x0000039e        0x0 c:/program files (x86)/microchip/xc32/v2.30/bin/bin/../../lib/gcc/pic32mx/4.8.3\libgcc.a(_umoddi3.o)
 .debug_str     0x0000039e        0x0 c:/program files (x86)/microchip/xc32/v2.30/bin/bin/../../lib/gcc/pic32mx/4.8.3/../../../../pic32mx/lib\libpic32.a(default-bootstrap-exception-handler.o)
 .debug_str     0x0000039e        0x0 c:/program files (x86)/microchip/xc32/v2.30/bin/bin/../../lib/gcc/pic32mx/4.8.3/../../../../pic32mx/lib\libpic32.a(default-on-reset.o)
 .debug_str     0x0000039e        0x0 c:/program files (x86)/microchip/xc32/v2.30/bin/bin/../../lib/gcc/pic32mx/4.8.3/../../../../pic32mx/lib\libpic32.a(default-on-bootstrap.o)
 .debug_str     0x0000039e        0x0 c:/program files (x86)/microchip/xc32/v2.30/bin/bin/../../lib/gcc/pic32mx/4.8.3/../../../../pic32mx/lib\libpic32.a(default-general-exception-handler.o)
 .debug_str     0x0000039e        0x0 c:/program files (x86)/microchip/xc32/v2.30/bin/bin/../../lib/gcc/pic32mx/4.8.3/../../../../pic32mx/lib\libpic32.a(defaultinterrupt.o)

.debug_loc      0x00000000     0x829c
 *(.debug_loc)
 .debug_loc     0x00000000      0x1ee output\daylight.o
 .debug_loc     0x000001ee      0x6f7 output\rtc.o
 .debug_loc     0x000008e5      0x2f4 output\rtcconverter.o
 .debug_loc     0x00000bd9      0x606 output\udp.o
 .debug_loc     0x000011df       0x3a output\tick.o
 .debug_loc     0x00001219       0x8c output\nbns.o
 .debug_loc     0x000012a5      0x1b7 output\ip.o
 .debug_loc     0x0000145c       0x4d output\icmp.o
 .debug_loc     0x000014a9      0x91e output\helpers.o
 .debug_loc     0x00001dc7      0x4cc output\Framework.o
 .debug_loc     0x00002293      0x101 output\EthernetTasks.o
 .debug_loc     0x00002394      0x11e output\drv_wifi_spi.o
 .debug_loc     0x000024b2     0x1435 output\drv_wifi_pbkdf2.o
 .debug_loc     0x000038e7      0x1b2 output\drv_wifi_event_handler.o
 .debug_loc     0x00003a99      0x48e output\drv_wifi_param_msg.o
 .debug_loc     0x00003f27      0x19f output\drv_wifi_mgmt_msg.o
 .debug_loc     0x000040c6      0x1ff output\dhcp_client.o
 .debug_loc     0x000042c5      0x1aa output\drv_wifi_connection_manager.o
 .debug_loc     0x0000446f      0x65e output\drv_wifi_raw.o
 .debug_loc     0x00004acd      0x794 output\drv_wifi_connection_algorithm.o
 .debug_loc     0x00005261       0x6e output\drv_wifi_config.o
 .debug_loc     0x000052cf      0x9d9 output\drv_wifi_connection_profile.o
 .debug_loc     0x00005ca8      0x844 output\drv_wifi_mac.o
 .debug_loc     0x000064ec       0x7c output\BootLoader.o
 .debug_loc     0x00006568      0x14b output\dns_client.o
 .debug_loc     0x000066b3      0x129 output\arp.o
 .debug_loc     0x000067dc       0x3d output\announce.o
 .debug_loc     0x00006819      0x282 output\drv_wifi_com.o
 .debug_loc     0x00006a9b       0xbd output\drv_wifi_power_save.o
 .debug_loc     0x00006b58      0x1b2 output\NVMem.o
 .debug_loc     0x00006d0a       0x93 output\Delay.o
 .debug_loc     0x00006d9d      0xa6a c:/program files (x86)/microchip/xc32/v2.30/bin/bin/../../lib/gcc/pic32mx/4.8.3\libgcc.a(_udivdi3.o)
 .debug_loc     0x00007807      0xa3d c:/program files (x86)/microchip/xc32/v2.30/bin/bin/../../lib/gcc/pic32mx/4.8.3\libgcc.a(_umoddi3.o)
 .debug_loc     0x00008244       0x2c c:/program files (x86)/microchip/xc32/v2.30/bin/bin/../../lib/gcc/pic32mx/4.8.3/../../../../pic32mx/lib\libpic32.a(default-bootstrap-exception-handler.o)
 .debug_loc     0x00008270       0x2c c:/program files (x86)/microchip/xc32/v2.30/bin/bin/../../lib/gcc/pic32mx/4.8.3/../../../../pic32mx/lib\libpic32.a(default-general-exception-handler.o)

.debug_macinfo
 *(.debug_macinfo)

.debug_weaknames
 *(.debug_weaknames)

.debug_funcnames
 *(.debug_funcnames)

.debug_typenames
 *(.debug_typenames)

.debug_varnames
 *(.debug_varnames)

.debug_pubtypes
 *(.debug_pubtypes)

.debug_ranges   0x00000000      0x420
 *(.debug_ranges)
 .debug_ranges  0x00000000       0x90 output\rtc.o
 .debug_ranges  0x00000090       0x50 output\rtcconverter.o
 .debug_ranges  0x000000e0       0x18 output\udp.o
 .debug_ranges  0x000000f8       0x18 output\nbns.o
 .debug_ranges  0x00000110       0x58 output\drv_wifi_pbkdf2.o
 .debug_ranges  0x00000168       0x18 output\drv_wifi_init.o
 .debug_ranges  0x00000180       0x18 output\drv_wifi_event_handler.o
 .debug_ranges  0x00000198       0x18 output\drv_wifi_raw.o
 .debug_ranges  0x000001b0       0x20 output\drv_wifi_com.o
 .debug_ranges  0x000001d0       0x18 output\NVMem.o
 .debug_ranges  0x000001e8       0x10 c:/program files (x86)/microchip/xc32/v2.30/bin/bin/../../lib/gcc/pic32mx/4.8.3/../../../../pic32mx/lib\libmchp_peripheral.a(read_core_timer_lib.o)
 .debug_ranges  0x000001f8       0x10 c:/program files (x86)/microchip/xc32/v2.30/bin/bin/../../lib/gcc/pic32mx/4.8.3/../../../../pic32mx/lib\libmchp_peripheral.a(write_core_timer_lib.o)
 .debug_ranges  0x00000208       0x18 c:/program files (x86)/microchip/xc32/v2.30/bin/bin/../../lib/gcc/pic32mx/4.8.3/../../../../pic32mx/lib\libmchp_peripheral_32MX470F512H.a(pcache.o)
 .debug_ranges  0x00000220       0x10 c:/program files (x86)/microchip/xc32/v2.30/bin/bin/../../lib/gcc/pic32mx/4.8.3/../../../../pic32mx/lib\libmchp_peripheral_32MX470F512H.a(int_disable_interrupts_lib.o)
 .debug_ranges  0x00000230       0x10 c:/program files (x86)/microchip/xc32/v2.30/bin/bin/../../lib/gcc/pic32mx/4.8.3/../../../../pic32mx/lib\libmchp_peripheral_32MX470F512H.a(int_restore_interrupts_lib.o)
 .debug_ranges  0x00000240       0x10 c:/program files (x86)/microchip/xc32/v2.30/bin/bin/../../lib/gcc/pic32mx/4.8.3/../../../../pic32mx/lib\libmchp_peripheral_32MX470F512H.a(int_enable_mv_int_lib.o)
 .debug_ranges  0x00000250       0x10 c:/program files (x86)/microchip/xc32/v2.30/bin/bin/../../lib/gcc/pic32mx/4.8.3/../../../../pic32mx/lib\libmchp_peripheral_32MX470F512H.a(int_enable_interrupts_lib.o)
 .debug_ranges  0x00000260       0x98 c:/program files (x86)/microchip/xc32/v2.30/bin/bin/../../lib/gcc/pic32mx/4.8.3\libgcc.a(_udivdi3.o)
 .debug_ranges  0x000002f8       0xd8 c:/program files (x86)/microchip/xc32/v2.30/bin/bin/../../lib/gcc/pic32mx/4.8.3\libgcc.a(_umoddi3.o)
 .debug_ranges  0x000003d0       0x10 c:/program files (x86)/microchip/xc32/v2.30/bin/bin/../../lib/gcc/pic32mx/4.8.3/../../../../pic32mx/lib\libpic32.a(default-bootstrap-exception-handler.o)
 .debug_ranges  0x000003e0       0x10 c:/program files (x86)/microchip/xc32/v2.30/bin/bin/../../lib/gcc/pic32mx/4.8.3/../../../../pic32mx/lib\libpic32.a(default-on-reset.o)
 .debug_ranges  0x000003f0       0x10 c:/program files (x86)/microchip/xc32/v2.30/bin/bin/../../lib/gcc/pic32mx/4.8.3/../../../../pic32mx/lib\libpic32.a(default-on-bootstrap.o)
 .debug_ranges  0x00000400       0x10 c:/program files (x86)/microchip/xc32/v2.30/bin/bin/../../lib/gcc/pic32mx/4.8.3/../../../../pic32mx/lib\libpic32.a(default-general-exception-handler.o)
 .debug_ranges  0x00000410       0x10 c:/program files (x86)/microchip/xc32/v2.30/bin/bin/../../lib/gcc/pic32mx/4.8.3/../../../../pic32mx/lib\libpic32.a(defaultinterrupt.o)

.gnu.attributes
                0x00000000       0x10
 *(.gnu.attributes)
 .gnu.attributes
                0x00000000       0x10 output\daylight.o
 .gnu.attributes
                0x00000010       0x10 output\rtc.o
 .gnu.attributes
                0x00000020       0x10 output\rtcconverter.o
 .gnu.attributes
                0x00000030       0x10 output\udp.o
 .gnu.attributes
                0x00000040       0x10 output\tick.o
 .gnu.attributes
                0x00000050       0x10 output\stack_task.o
 .gnu.attributes
                0x00000060       0x10 output\rsa.o
 .gnu.attributes
                0x00000070       0x10 output\nbns.o
 .gnu.attributes
                0x00000080       0x10 output\ip.o
 .gnu.attributes
                0x00000090       0x10 output\icmp.o
 .gnu.attributes
                0x000000a0       0x10 output\helpers.o
 .gnu.attributes
                0x000000b0       0x10 output\hashes.o
 .gnu.attributes
                0x000000c0       0x10 output\Framework.o
 .gnu.attributes
                0x000000d0       0x10 output\EthernetTasks.o
 .gnu.attributes
                0x000000e0       0x10 output\drv_wifi_spi.o
 .gnu.attributes
                0x000000f0       0x10 output\drv_wifi_pbkdf2.o
 .gnu.attributes
                0x00000100       0x10 output\drv_wifi_init.o
 .gnu.attributes
                0x00000110       0x10 output\drv_wifi_event_handler.o
 .gnu.attributes
                0x00000120       0x10 output\drv_wifi_param_msg.o
 .gnu.attributes
                0x00000130       0x10 output\drv_wifi_eint.o
 .gnu.attributes
                0x00000140       0x10 output\drv_wifi_mgmt_msg.o
 .gnu.attributes
                0x00000150       0x10 output\drv_wifi_debug_strings.o
 .gnu.attributes
                0x00000160       0x10 output\dhcp_client.o
 .gnu.attributes
                0x00000170       0x10 output\drv_wifi_connection_manager.o
 .gnu.attributes
                0x00000180       0x10 output\drv_wifi_raw.o
 .gnu.attributes
                0x00000190       0x10 output\drv_wifi_connection_algorithm.o
 .gnu.attributes
                0x000001a0       0x10 output\drv_wifi_config.o
 .gnu.attributes
                0x000001b0       0x10 output\drv_wifi_connection_profile.o
 .gnu.attributes
                0x000001c0       0x10 output\drv_wifi_mac.o
 .gnu.attributes
                0x000001d0       0x10 output\BootLoader.o
 .gnu.attributes
                0x000001e0       0x10 output\dns_client.o
 .gnu.attributes
                0x000001f0       0x10 output\big_int.o
 .gnu.attributes
                0x00000200       0x10 output\arp.o
 .gnu.attributes
                0x00000210       0x10 output\announce.o
 .gnu.attributes
                0x00000220       0x10 output\drv_wifi_com.o
 .gnu.attributes
                0x00000230       0x10 output\arc4.o
 .gnu.attributes
                0x00000240       0x10 output\drv_wifi_power_save.o
 .gnu.attributes
                0x00000250       0x10 output\NVMem.o
 .gnu.attributes
                0x00000260       0x10 output\Delay.o
 .gnu.attributes
                0x00000270       0x10 c:/program files (x86)/microchip/xc32/v2.30/bin/bin/../../lib/gcc/pic32mx/4.8.3/../../../../pic32mx/lib\libmchp_peripheral.a(read_core_timer_lib.o)
 .gnu.attributes
                0x00000280       0x10 c:/program files (x86)/microchip/xc32/v2.30/bin/bin/../../lib/gcc/pic32mx/4.8.3/../../../../pic32mx/lib\libmchp_peripheral.a(write_core_timer_lib.o)
 .gnu.attributes
                0x00000290       0x10 c:/program files (x86)/microchip/xc32/v2.30/bin/bin/../../lib/gcc/pic32mx/4.8.3/../../../../pic32mx/lib\libmchp_peripheral_32MX470F512H.a(pcache.o)
 .gnu.attributes
                0x000002a0       0x10 c:/program files (x86)/microchip/xc32/v2.30/bin/bin/../../lib/gcc/pic32mx/4.8.3/../../../../pic32mx/lib\libmchp_peripheral_32MX470F512H.a(int_disable_interrupts_lib.o)
 .gnu.attributes
                0x000002b0       0x10 c:/program files (x86)/microchip/xc32/v2.30/bin/bin/../../lib/gcc/pic32mx/4.8.3/../../../../pic32mx/lib\libmchp_peripheral_32MX470F512H.a(int_restore_interrupts_lib.o)
 .gnu.attributes
                0x000002c0       0x10 c:/program files (x86)/microchip/xc32/v2.30/bin/bin/../../lib/gcc/pic32mx/4.8.3/../../../../pic32mx/lib\libmchp_peripheral_32MX470F512H.a(int_enable_mv_int_lib.o)
 .gnu.attributes
                0x000002d0       0x10 c:/program files (x86)/microchip/xc32/v2.30/bin/bin/../../lib/gcc/pic32mx/4.8.3/../../../../pic32mx/lib\libmchp_peripheral_32MX470F512H.a(int_enable_interrupts_lib.o)
 .gnu.attributes
                0x000002e0       0x10 c:/program files (x86)/microchip/xc32/v2.30/bin/bin/../../lib/gcc/pic32mx/4.8.3\libgcc.a(_udivdi3.o)
 .gnu.attributes
                0x000002f0       0x10 c:/program files (x86)/microchip/xc32/v2.30/bin/bin/../../lib/gcc/pic32mx/4.8.3\libgcc.a(_umoddi3.o)
 .gnu.attributes
                0x00000300       0x10 c:/program files (x86)/microchip/xc32/v2.30/bin/bin/../../lib/gcc/pic32mx/4.8.3/../../../../pic32mx/lib\libpic32.a(default-bootstrap-exception-handler.o)
 .gnu.attributes
                0x00000310       0x10 c:/program files (x86)/microchip/xc32/v2.30/bin/bin/../../lib/gcc/pic32mx/4.8.3/../../../../pic32mx/lib\libpic32.a(default-on-reset.o)
 .gnu.attributes
                0x00000320       0x10 c:/program files (x86)/microchip/xc32/v2.30/bin/bin/../../lib/gcc/pic32mx/4.8.3/../../../../pic32mx/lib\libpic32.a(default-on-bootstrap.o)
 .gnu.attributes
                0x00000330       0x10 c:/program files (x86)/microchip/xc32/v2.30/bin/bin/../../lib/gcc/pic32mx/4.8.3/../../../../pic32mx/lib\libpic32.a(default-general-exception-handler.o)
 .gnu.attributes
                0x00000340       0x10 c:/program files (x86)/microchip/xc32/v2.30/bin/bin/../../lib/gcc/pic32mx/4.8.3/../../../../pic32mx/lib\libpic32.a(defaultinterrupt.o)
 .gnu.attributes
                0x00000350       0x10 c:/program files (x86)/microchip/xc32/v2.30/bin/bin/../../lib/gcc/pic32mx/4.8.3/../../../../pic32mx/lib\liblega-c.a(strncpy.o)
                0x00000001                __MPLAB_BUILD = 0x1
LOAD C:\Users\kyrk\AppData\Local\Temp\ccW1427g.o
LOAD C:\Users\kyrk\AppData\Local\Temp\cciVeuej.o
LOAD C:\Users\kyrk\AppData\Local\Temp\ccOP0Tfq.o
LOAD c:/program files (x86)/microchip/xc32/v2.30/bin/bin/../../lib/gcc/pic32mx/4.8.3/../../../../pic32mx/lib/./proc/32MX470F512H\default_isr_vectors.o
LOAD c:/program files (x86)/microchip/xc32/v2.30/bin/bin/../../lib/gcc/pic32mx/4.8.3/../../../../pic32mx/lib\pic32_software_reset.o
LOAD c:/program files (x86)/microchip/xc32/v2.30/bin/bin/../../lib/gcc/pic32mx/4.8.3\libgcc.a
START GROUP
LOAD c:/program files (x86)/microchip/xc32/v2.30/bin/bin/../../lib/gcc/pic32mx/4.8.3/../../../../pic32mx/lib\libpic32.a